******************************************************************************
             TMS320C2000 Linker PC v22.6.1                     
******************************************************************************
>> Linked Mon Jun  8 21:16:46 2026

OUTPUT FILE NAME:   <inversor_vectorial_rev6.out>
ENTRY POINT SYMBOL: "_c_int00"  address: 0000a93e


MEMORY CONFIGURATION

         name            origin    length      used     unused   attr    fill
----------------------  --------  ---------  --------  --------  ----  --------
PAGE 0:
  BEGIN_M0              00000000   00000002  00000002  00000000  RWIX
  L0123SARAM            00008000   00004000  00002eae  00001152  RWIX
  RESET                 003fffc0   00000002  00000000  00000002  RWIX

PAGE 1:
  M0SARAM               00000002   000003fe  00000000  000003fe  RWIX
  M1SARAM               00000400   00000400  00000300  00000100  RWIX
  DEV_EMU               00000880   00000180  000000d0  000000b0  RWIX
  FLASH_REGS            00000a80   00000060  00000008  00000058  RWIX
  CSM                   00000ae0   00000010  00000010  00000000  RWIX
  ADC_MIRROR            00000b00   00000010  00000010  00000000  RWIX
  XINTF                 00000b20   00000020  0000001e  00000002  RWIX
  CPU_TIMER0            00000c00   00000008  00000008  00000000  RWIX
  CPU_TIMER1            00000c08   00000008  00000008  00000000  RWIX
  CPU_TIMER2            00000c10   00000008  00000008  00000000  RWIX
  PIE_CTRL              00000ce0   00000020  0000001a  00000006  RWIX
  PIE_VECT              00000d00   00000100  00000100  00000000  RWIX
  DMA                   00001000   00000200  000000e0  00000120  RWIX
  MCBSPA                00005000   00000040  00000025  0000001b  RWIX
  MCBSPB                00005040   00000040  00000025  0000001b  RWIX
  ECANA                 00006000   00000040  00000034  0000000c  RWIX
  ECANA_LAM             00006040   00000040  00000040  00000000  RWIX
  ECANA_MOTS            00006080   00000040  00000040  00000000  RWIX
  ECANA_MOTO            000060c0   00000040  00000040  00000000  RWIX
  ECANA_MBOX            00006100   00000100  00000100  00000000  RWIX
  ECANB                 00006200   00000040  00000034  0000000c  RWIX
  ECANB_LAM             00006240   00000040  00000040  00000000  RWIX
  ECANB_MOTS            00006280   00000040  00000040  00000000  RWIX
  ECANB_MOTO            000062c0   00000040  00000040  00000000  RWIX
  ECANB_MBOX            00006300   00000100  00000100  00000000  RWIX
  EPWM1                 00006800   00000022  00000022  00000000  RWIX
  EPWM2                 00006840   00000022  00000022  00000000  RWIX
  EPWM3                 00006880   00000022  00000022  00000000  RWIX
  EPWM4                 000068c0   00000022  00000022  00000000  RWIX
  EPWM5                 00006900   00000022  00000022  00000000  RWIX
  EPWM6                 00006940   00000022  00000022  00000000  RWIX
  ECAP1                 00006a00   00000020  00000020  00000000  RWIX
  ECAP2                 00006a20   00000020  00000020  00000000  RWIX
  ECAP3                 00006a40   00000020  00000020  00000000  RWIX
  ECAP4                 00006a60   00000020  00000020  00000000  RWIX
  ECAP5                 00006a80   00000020  00000020  00000000  RWIX
  ECAP6                 00006aa0   00000020  00000020  00000000  RWIX
  EQEP1                 00006b00   00000040  00000040  00000000  RWIX
  EQEP2                 00006b40   00000040  00000040  00000000  RWIX
  GPIOCTRL              00006f80   00000040  0000002e  00000012  RWIX
  GPIODAT               00006fc0   00000020  00000020  00000000  RWIX
  GPIOINT               00006fe0   00000020  0000000a  00000016  RWIX
  SYSTEM                00007010   00000020  00000020  00000000  RWIX
  SPIA                  00007040   00000010  00000010  00000000  RWIX
  SCIA                  00007050   00000010  00000010  00000000  RWIX
  XINTRUPT              00007070   00000010  00000010  00000000  RWIX
  ADC                   00007100   00000020  0000001e  00000002  RWIX
  SCIB                  00007750   00000010  00000010  00000000  RWIX
  SCIC                  00007770   00000010  00000010  00000000  RWIX
  I2CA                  00007900   00000040  00000022  0000001e  RWIX
  L4SARAM               0000c000   00001000  00000610  000009f0  RWIX
  L5SARAM               0000d000   00001000  00000000  00001000  RWIX
  L6SARAM               0000e000   00001000  00000000  00001000  RWIX
  L7SARAM               0000f000   00001000  00000000  00001000  RWIX
  CSM_PWL               0033fff8   00000008  00000008  00000000  RWIX
  PARTID                00380090   00000001  00000001  00000000  RWIX


SECTION ALLOCATION MAP

 output                                  attributes/
section   page    origin      length       input sections
--------  ----  ----------  ----------   ----------------
.text      0    00008000    00002c22     
                  00008000    00000d3a     pll.obj (.text)
                  00008d3a    00000a92     project_interrupts.obj (.text)
                  000097cc    00000444     Interrupciones.obj (.text:retain)
                  00009c10    00000376     modulacion_vectorial.obj (.text)
                  00009f86    00000223     PWM_config.obj (.text)
                  0000a1a9    00000124     Gpio.obj (.text)
                  0000a2cd    00000117     ADC_config.obj (.text)
                  0000a3e4    000000d2     rts2800_fpu32.lib : e_atan2f.c.obj (.text)
                  0000a4b6    000000cf                       : e_fmodf.c.obj (.text)
                  0000a585    000000ca                       : s_atanf.c.obj (.text)
                  0000a64f    00000088                       : fs_div28.asm.obj (.text)
                  0000a6d7    00000072     SysCtrl.obj (.text)
                  0000a749    0000006d     SEQ_CORE.obj (.text)
                  0000a7b6    00000067     main.obj (.text)
                  0000a81d    00000066     rts2800_fpu32.lib : s_sinf.c.obj (.text)
                  0000a883    00000063                       : s_cosf.c.obj (.text)
                  0000a8e6    00000058                       : s_ceilf.c.obj (.text)
                  0000a93e    00000056                       : boot28.asm.obj (.text)
                  0000a994    0000002d     Pie_config.obj (.text)
                  0000a9c1    00000029     GRID_VALUES.obj (.text)
                  0000a9ea    00000029     inversor.obj (.text)
                  0000aa13    00000029     rts2800_fpu32.lib : exit.c.obj (.text)
                  0000aa3c    00000027                       : e_sqrtf.c.obj (.text)
                  0000aa63    00000025     PI_CONTROLLER.obj (.text)
                  0000aa88    00000024     rts2800_fpu32.lib : cpy_tbl.c.obj (.text)
                  0000aaac    00000020     FE.obj (.text)
                  0000aacc    0000001f     SYM_COS.obj (.text)
                  0000aaeb    0000001f     SYM_SIN.obj (.text)
                  0000ab0a    0000001e     RATE_LIMITER.obj (.text)
                  0000ab28    0000001d     rts2800_fpu32.lib : memcpy.c.obj (.text)
                  0000ab45    0000001c     PARK.obj (.text)
                  0000ab61    0000001a     CLARKE.obj (.text)
                  0000ab7b    00000019     VCO.obj (.text)
                  0000ab94    00000017     SIGNAL_3Ph.obj (.text)
                  0000abab    00000014     LIMITS.obj (.text)
                  0000abbf    00000012     INTEGRATOR.obj (.text)
                  0000abd1    00000012     rts2800_fpu32.lib : args_main.c.obj (.text)
                  0000abe3    00000010     DelayUs.obj (.text)
                  0000abf3    0000000f     Watchdog.obj (.text)
                  0000ac02    0000000d     ANG_DIFF.obj (.text)
                  0000ac0f    00000009     rts2800_fpu32.lib : _lock.c.obj (.text)
                  0000ac18    00000007     CodeStartBranch.obj (.text)
                  0000ac1f    00000002     rts2800_fpu32.lib : pre_init.c.obj (.text)
                  0000ac21    00000001                       : startup.c.obj (.text)

.cinit     0    0000ac22    00000158     
                  0000ac22    00000083     pll.obj (.cinit)
                  0000aca5    00000072     project_interrupts.obj (.cinit)
                  0000ad17    00000024     main.obj (.cinit)
                  0000ad3b    00000010     PWM_config.obj (.cinit)
                  0000ad4b    0000000e     rts2800_fpu32.lib : exit.c.obj (.cinit)
                  0000ad59    00000009     pll.obj (.cinit:_VPLL)
                  0000ad62    00000008     inversor.obj (.cinit)
                  0000ad6a    00000005     rts2800_fpu32.lib : _lock.c.obj (.cinit:__lock)
                  0000ad6f    00000005                       : _lock.c.obj (.cinit:__unlock)
                  0000ad74    00000004                       : errno.c.obj (.cinit)
                  0000ad78    00000002     --HOLE-- [fill = 0]

.econst    0    0000ad7a    00000134     
                  0000ad7a    00000100     PieVect.obj (.econst:_PieVectTableInit)
                  0000ae7a    0000000c     rts2800_fpu32.lib : e_atan2f.c.obj (.econst)
                  0000ae86    0000000a                       : s_atanf.c.obj (.econst:_aT)
                  0000ae90    00000008                       : s_atanf.c.obj (.econst:_atanhi)
                  0000ae98    00000008                       : s_atanf.c.obj (.econst:_atanlo)
                  0000aea0    00000004                       : e_fmodf.c.obj (.econst:_Zero)
                  0000aea4    00000004                       : s_atanf.c.obj (.econst)
                  0000aea8    00000002     project_interrupts.obj (.econst)
                  0000aeaa    00000002     rts2800_fpu32.lib : e_fmodf.c.obj (.econst)
                  0000aeac    00000002                       : s_ceilf.c.obj (.econst)

.pinit     0    00008000    00000000     UNINITIALIZED

.reset     0    003fffc0    00000002     DSECT
                  003fffc0    00000002     rts2800_fpu32.lib : boot28.asm.obj (.reset)

DevEmuRegsFile 
*          1    00000880    000000d0     UNINITIALIZED
                  00000880    000000d0     DSP2833x_GlobalVariableDefs.obj (DevEmuRegsFile)

FlashRegsFile 
*          1    00000a80    00000008     UNINITIALIZED
                  00000a80    00000008     DSP2833x_GlobalVariableDefs.obj (FlashRegsFile)

CsmRegsFile 
*          1    00000ae0    00000010     UNINITIALIZED
                  00000ae0    00000010     DSP2833x_GlobalVariableDefs.obj (CsmRegsFile)

AdcMirrorFile 
*          1    00000b00    00000010     UNINITIALIZED
                  00000b00    00000010     DSP2833x_GlobalVariableDefs.obj (AdcMirrorFile)

XintfRegsFile 
*          1    00000b20    0000001e     UNINITIALIZED
                  00000b20    0000001e     DSP2833x_GlobalVariableDefs.obj (XintfRegsFile)

CpuTimer0RegsFile 
*          1    00000c00    00000008     UNINITIALIZED
                  00000c00    00000008     DSP2833x_GlobalVariableDefs.obj (CpuTimer0RegsFile)

CpuTimer1RegsFile 
*          1    00000c08    00000008     UNINITIALIZED
                  00000c08    00000008     DSP2833x_GlobalVariableDefs.obj (CpuTimer1RegsFile)

CpuTimer2RegsFile 
*          1    00000c10    00000008     UNINITIALIZED
                  00000c10    00000008     DSP2833x_GlobalVariableDefs.obj (CpuTimer2RegsFile)

PieCtrlRegsFile 
*          1    00000ce0    0000001a     UNINITIALIZED
                  00000ce0    0000001a     DSP2833x_GlobalVariableDefs.obj (PieCtrlRegsFile)

ECanaMOTSRegsFile 
*          1    00006080    00000040     UNINITIALIZED
                  00006080    00000040     DSP2833x_GlobalVariableDefs.obj (ECanaMOTSRegsFile)

ECanaMOTORegsFile 
*          1    000060c0    00000040     UNINITIALIZED
                  000060c0    00000040     DSP2833x_GlobalVariableDefs.obj (ECanaMOTORegsFile)

ECanbMOTSRegsFile 
*          1    00006280    00000040     UNINITIALIZED
                  00006280    00000040     DSP2833x_GlobalVariableDefs.obj (ECanbMOTSRegsFile)

ECanbMOTORegsFile 
*          1    000062c0    00000040     UNINITIALIZED
                  000062c0    00000040     DSP2833x_GlobalVariableDefs.obj (ECanbMOTORegsFile)

.bss       1    0000c000    00000000     UNINITIALIZED

.ebss      1    0000c000    00000610     UNINITIALIZED
                  0000c000    0000050e     pll.obj (.ebss)
                  0000c50e    00000009     main.obj (.ebss)
                  0000c517    00000001     protections.obj (.ebss)
                  0000c518    00000006     pll.obj (.ebss:_VPLL)
                  0000c51e    00000006     rts2800_fpu32.lib : exit.c.obj (.ebss)
                  0000c524    00000004     PWM_config.obj (.ebss)
                  0000c528    00000002     rts2800_fpu32.lib : _lock.c.obj (.ebss:__lock)
                  0000c52a    00000002                       : _lock.c.obj (.ebss:__unlock)
                  0000c52c    00000002     inversor.obj (.ebss)
                  0000c52e    00000001     rts2800_fpu32.lib : errno.c.obj (.ebss)
                  0000c52f    00000011     --HOLE--
                  0000c540    000000d0     project_interrupts.obj (.ebss)

.stack     1    00000400    00000300     UNINITIALIZED
                  00000400    00000300     --HOLE--

codestart 
*          0    00000000    00000002     
                  00000000    00000002     CodeStartBranch.obj (codestart)

PieVectTableFile 
*          1    00000d00    00000100     UNINITIALIZED
                  00000d00    00000100     DSP2833x_GlobalVariableDefs.obj (PieVectTableFile)

DmaRegsFile 
*          1    00001000    000000e0     UNINITIALIZED
                  00001000    000000e0     DSP2833x_GlobalVariableDefs.obj (DmaRegsFile)

McbspaRegsFile 
*          1    00005000    00000025     UNINITIALIZED
                  00005000    00000025     DSP2833x_GlobalVariableDefs.obj (McbspaRegsFile)

McbspbRegsFile 
*          1    00005040    00000025     UNINITIALIZED
                  00005040    00000025     DSP2833x_GlobalVariableDefs.obj (McbspbRegsFile)

ECanaRegsFile 
*          1    00006000    00000034     UNINITIALIZED
                  00006000    00000034     DSP2833x_GlobalVariableDefs.obj (ECanaRegsFile)

ECanaLAMRegsFile 
*          1    00006040    00000040     UNINITIALIZED
                  00006040    00000040     DSP2833x_GlobalVariableDefs.obj (ECanaLAMRegsFile)

ECanaMboxesFile 
*          1    00006100    00000100     UNINITIALIZED
                  00006100    00000100     DSP2833x_GlobalVariableDefs.obj (ECanaMboxesFile)

ECanbRegsFile 
*          1    00006200    00000034     UNINITIALIZED
                  00006200    00000034     DSP2833x_GlobalVariableDefs.obj (ECanbRegsFile)

ECanbLAMRegsFile 
*          1    00006240    00000040     UNINITIALIZED
                  00006240    00000040     DSP2833x_GlobalVariableDefs.obj (ECanbLAMRegsFile)

ECanbMboxesFile 
*          1    00006300    00000100     UNINITIALIZED
                  00006300    00000100     DSP2833x_GlobalVariableDefs.obj (ECanbMboxesFile)

EPwm1RegsFile 
*          1    00006800    00000022     UNINITIALIZED
                  00006800    00000022     DSP2833x_GlobalVariableDefs.obj (EPwm1RegsFile)

EPwm2RegsFile 
*          1    00006840    00000022     UNINITIALIZED
                  00006840    00000022     DSP2833x_GlobalVariableDefs.obj (EPwm2RegsFile)

EPwm3RegsFile 
*          1    00006880    00000022     UNINITIALIZED
                  00006880    00000022     DSP2833x_GlobalVariableDefs.obj (EPwm3RegsFile)

EPwm4RegsFile 
*          1    000068c0    00000022     UNINITIALIZED
                  000068c0    00000022     DSP2833x_GlobalVariableDefs.obj (EPwm4RegsFile)

EPwm5RegsFile 
*          1    00006900    00000022     UNINITIALIZED
                  00006900    00000022     DSP2833x_GlobalVariableDefs.obj (EPwm5RegsFile)

EPwm6RegsFile 
*          1    00006940    00000022     UNINITIALIZED
                  00006940    00000022     DSP2833x_GlobalVariableDefs.obj (EPwm6RegsFile)

ECap1RegsFile 
*          1    00006a00    00000020     UNINITIALIZED
                  00006a00    00000020     DSP2833x_GlobalVariableDefs.obj (ECap1RegsFile)

ECap2RegsFile 
*          1    00006a20    00000020     UNINITIALIZED
                  00006a20    00000020     DSP2833x_GlobalVariableDefs.obj (ECap2RegsFile)

ECap3RegsFile 
*          1    00006a40    00000020     UNINITIALIZED
                  00006a40    00000020     DSP2833x_GlobalVariableDefs.obj (ECap3RegsFile)

ECap4RegsFile 
*          1    00006a60    00000020     UNINITIALIZED
                  00006a60    00000020     DSP2833x_GlobalVariableDefs.obj (ECap4RegsFile)

ECap5RegsFile 
*          1    00006a80    00000020     UNINITIALIZED
                  00006a80    00000020     DSP2833x_GlobalVariableDefs.obj (ECap5RegsFile)

ECap6RegsFile 
*          1    00006aa0    00000020     UNINITIALIZED
                  00006aa0    00000020     DSP2833x_GlobalVariableDefs.obj (ECap6RegsFile)

EQep1RegsFile 
*          1    00006b00    00000040     UNINITIALIZED
                  00006b00    00000040     DSP2833x_GlobalVariableDefs.obj (EQep1RegsFile)

EQep2RegsFile 
*          1    00006b40    00000040     UNINITIALIZED
                  00006b40    00000040     DSP2833x_GlobalVariableDefs.obj (EQep2RegsFile)

GpioCtrlRegsFile 
*          1    00006f80    0000002e     UNINITIALIZED
                  00006f80    0000002e     DSP2833x_GlobalVariableDefs.obj (GpioCtrlRegsFile)

GpioDataRegsFile 
*          1    00006fc0    00000020     UNINITIALIZED
                  00006fc0    00000020     DSP2833x_GlobalVariableDefs.obj (GpioDataRegsFile)

GpioIntRegsFile 
*          1    00006fe0    0000000a     UNINITIALIZED
                  00006fe0    0000000a     DSP2833x_GlobalVariableDefs.obj (GpioIntRegsFile)

SysCtrlRegsFile 
*          1    00007010    00000020     UNINITIALIZED
                  00007010    00000020     DSP2833x_GlobalVariableDefs.obj (SysCtrlRegsFile)

SpiaRegsFile 
*          1    00007040    00000010     UNINITIALIZED
                  00007040    00000010     DSP2833x_GlobalVariableDefs.obj (SpiaRegsFile)

SciaRegsFile 
*          1    00007050    00000010     UNINITIALIZED
                  00007050    00000010     DSP2833x_GlobalVariableDefs.obj (SciaRegsFile)

XIntruptRegsFile 
*          1    00007070    00000010     UNINITIALIZED
                  00007070    00000010     DSP2833x_GlobalVariableDefs.obj (XIntruptRegsFile)

AdcRegsFile 
*          1    00007100    0000001e     UNINITIALIZED
                  00007100    0000001e     DSP2833x_GlobalVariableDefs.obj (AdcRegsFile)

ScibRegsFile 
*          1    00007750    00000010     UNINITIALIZED
                  00007750    00000010     DSP2833x_GlobalVariableDefs.obj (ScibRegsFile)

ScicRegsFile 
*          1    00007770    00000010     UNINITIALIZED
                  00007770    00000010     DSP2833x_GlobalVariableDefs.obj (ScicRegsFile)

I2caRegsFile 
*          1    00007900    00000022     UNINITIALIZED
                  00007900    00000022     DSP2833x_GlobalVariableDefs.obj (I2caRegsFile)

CsmPwlFile 
*          1    0033fff8    00000008     UNINITIALIZED
                  0033fff8    00000008     DSP2833x_GlobalVariableDefs.obj (CsmPwlFile)

PartIdRegsFile 
*          1    00380090    00000001     UNINITIALIZED
                  00380090    00000001     DSP2833x_GlobalVariableDefs.obj (PartIdRegsFile)

MODULE SUMMARY

       Module                            code    initialized data   uninitialized data
       ------                            ----    ----------------   ------------------
    .\
       pll.obj                           3386    140                1300              
       project_interrupts.obj            2706    116                208               
       DSP2833x_GlobalVariableDefs.obj   0       0                  2679              
       Interrupciones.obj                1092    0                  0                 
       modulacion_vectorial.obj          886     0                  0                 
       PWM_config.obj                    547     16                 4                 
       Gpio.obj                          292     0                  0                 
       ADC_config.obj                    279     0                  0                 
       PieVect.obj                       0       256                0                 
       main.obj                          103     36                 9                 
       SysCtrl.obj                       114     0                  0                 
       SEQ_CORE.obj                      109     0                  0                 
       inversor.obj                      41      8                  2                 
       Pie_config.obj                    45      0                  0                 
       GRID_VALUES.obj                   41      0                  0                 
       PI_CONTROLLER.obj                 37      0                  0                 
       FE.obj                            32      0                  0                 
       SYM_COS.obj                       31      0                  0                 
       SYM_SIN.obj                       31      0                  0                 
       RATE_LIMITER.obj                  30      0                  0                 
       PARK.obj                          28      0                  0                 
       CLARKE.obj                        26      0                  0                 
       VCO.obj                           25      0                  0                 
       SIGNAL_3Ph.obj                    23      0                  0                 
       LIMITS.obj                        20      0                  0                 
       INTEGRATOR.obj                    18      0                  0                 
       DelayUs.obj                       16      0                  0                 
       Watchdog.obj                      15      0                  0                 
       ANG_DIFF.obj                      13      0                  0                 
       CodeStartBranch.obj               9       0                  0                 
       protections.obj                   0       0                  1                 
    +--+---------------------------------+-------+------------------+--------------------+
       Total:                            9995    572                4203              
                                                                                      
    C:\ti\ccs1260\ccs\tools\compiler\ti-cgt-c2000_22.6.1.LTS\lib\rts2800_fpu32.lib
       s_atanf.c.obj                     202     30                 0                 
       e_atan2f.c.obj                    210     12                 0                 
       e_fmodf.c.obj                     207     6                  0                 
       fs_div28.asm.obj                  136     0                  0                 
       s_sinf.c.obj                      102     0                  0                 
       s_cosf.c.obj                      99      0                  0                 
       s_ceilf.c.obj                     88      2                  0                 
       boot28.asm.obj                    86      0                  0                 
       exit.c.obj                        41      14                 6                 
       e_sqrtf.c.obj                     39      0                  0                 
       cpy_tbl.c.obj                     36      0                  0                 
       memcpy.c.obj                      29      0                  0                 
       _lock.c.obj                       9       10                 4                 
       args_main.c.obj                   18      0                  0                 
       errno.c.obj                       0       4                  1                 
       pre_init.c.obj                    2       0                  0                 
       startup.c.obj                     1       0                  0                 
    +--+---------------------------------+-------+------------------+--------------------+
       Total:                            1305    78                 11                
                                                                                      
       Stack:                            0       0                  768               
    +--+---------------------------------+-------+------------------+--------------------+
       Grand Total:                      11300   650                4982              


GLOBAL DATA SYMBOLS: SORTED BY DATA PAGE

address     data page           name
--------    ----------------    ----
00000400      10 (00000400)     __stack

00000880      22 (00000880)     _DevEmuRegs

00000a80      2a (00000a80)     _FlashRegs

00000ae0      2b (00000ac0)     _CsmRegs

00000b00      2c (00000b00)     _AdcMirror
00000b20      2c (00000b00)     _XintfRegs

00000c00      30 (00000c00)     _CpuTimer0Regs
00000c08      30 (00000c00)     _CpuTimer1Regs
00000c10      30 (00000c00)     _CpuTimer2Regs

00000ce0      33 (00000cc0)     _PieCtrlRegs

00000d00      34 (00000d00)     _PieVectTable

00001000      40 (00001000)     _DmaRegs

00005000     140 (00005000)     _McbspaRegs

00005040     141 (00005040)     _McbspbRegs

00006000     180 (00006000)     _ECanaRegs

00006040     181 (00006040)     _ECanaLAMRegs

00006080     182 (00006080)     _ECanaMOTSRegs

000060c0     183 (000060c0)     _ECanaMOTORegs

00006100     184 (00006100)     _ECanaMboxes

00006200     188 (00006200)     _ECanbRegs

00006240     189 (00006240)     _ECanbLAMRegs

00006280     18a (00006280)     _ECanbMOTSRegs

000062c0     18b (000062c0)     _ECanbMOTORegs

00006300     18c (00006300)     _ECanbMboxes

00006800     1a0 (00006800)     _EPwm1Regs

00006840     1a1 (00006840)     _EPwm2Regs

00006880     1a2 (00006880)     _EPwm3Regs

000068c0     1a3 (000068c0)     _EPwm4Regs

00006900     1a4 (00006900)     _EPwm5Regs

00006940     1a5 (00006940)     _EPwm6Regs

00006a00     1a8 (00006a00)     _ECap1Regs
00006a20     1a8 (00006a00)     _ECap2Regs

00006a40     1a9 (00006a40)     _ECap3Regs
00006a60     1a9 (00006a40)     _ECap4Regs

00006a80     1aa (00006a80)     _ECap5Regs
00006aa0     1aa (00006a80)     _ECap6Regs

00006b00     1ac (00006b00)     _EQep1Regs

00006b40     1ad (00006b40)     _EQep2Regs

00006f80     1be (00006f80)     _GpioCtrlRegs

00006fc0     1bf (00006fc0)     _GpioDataRegs
00006fe0     1bf (00006fc0)     _GpioIntRegs

00007010     1c0 (00007000)     _SysCtrlRegs

00007040     1c1 (00007040)     _SpiaRegs
00007050     1c1 (00007040)     _SciaRegs
00007070     1c1 (00007040)     _XIntruptRegs

00007100     1c4 (00007100)     _AdcRegs

00007750     1dd (00007740)     _ScibRegs
00007770     1dd (00007740)     _ScicRegs

00007900     1e4 (00007900)     _I2caRegs

0000ad7a     2b5 (0000ad40)     _PieVectTableInit

0000aea8     2ba (0000ae80)     _L

0000c000     300 (0000c000)     _show_phase
0000c001     300 (0000c000)     _show_freq
0000c002     300 (0000c000)     _show_phase_a
0000c004     300 (0000c000)     _amplitud_i
0000c006     300 (0000c000)     _dtheta_di
0000c008     300 (0000c000)     _time_step
0000c00a     300 (0000c000)     _offet_Va
0000c00c     300 (0000c000)     _factor_tercero
0000c00e     300 (0000c000)     _factor_quinto
0000c010     300 (0000c000)     _factor_septimo
0000c012     300 (0000c000)     _factor_NS
0000c014     300 (0000c000)     _U1N_COMP_ENABLE
0000c016     300 (0000c000)     _U5_COMP_ENABLE
0000c018     300 (0000c000)     _U7_COMP_ENABLE
0000c01a     300 (0000c000)     _EPLL_u0
0000c01c     300 (0000c000)     _EPLL_u1
0000c01e     300 (0000c000)     _EPLL_u2
0000c020     300 (0000c000)     _EPLL_u3
0000c022     300 (0000c000)     _pendiente_chilena
0000c024     300 (0000c000)     _uuun
0000c026     300 (0000c000)     _uuu3
0000c028     300 (0000c000)     _uun3
0000c02a     300 (0000c000)     _uuu5
0000c02c     300 (0000c000)     _uun5
0000c02e     300 (0000c000)     _uuu7
0000c030     300 (0000c000)     _uun7
0000c032     300 (0000c000)     _INT_CC_A

0000c040     301 (0000c040)     _INT_CC_B
0000c048     301 (0000c040)     _INT_CC_C
0000c050     301 (0000c040)     _SGN_3Ph_V
0000c05a     301 (0000c040)     _SGN_3Ph_I
0000c064     301 (0000c040)     _AUX_VCO
0000c06e     301 (0000c040)     _FIFTH_VCO

0000c080     302 (0000c080)     _SEVENTH_VCO
0000c08a     302 (0000c080)     _ELEVENTH_VCO
0000c094     302 (0000c080)     _SGN_NSC_V
0000c09e     302 (0000c080)     _SGN_3th_V
0000c0a8     302 (0000c080)     _SGN_5th_V
0000c0b2     302 (0000c080)     _SGN_7th_V

0000c0c0     303 (0000c0c0)     _SGN_11th_V
0000c0d4     303 (0000c0c0)     _Conv
0000c0e0     303 (0000c0c0)     _FE_U1
0000c0f0     303 (0000c0c0)     _rampa

0000c100     304 (0000c100)     _Grid

0000c140     305 (0000c140)     _PSC_U1

0000c1c0     307 (0000c1c0)     _NSC_U1

0000c240     309 (0000c240)     _NSC_U3

0000c2c0     30b (0000c2c0)     _PSC_U3

0000c340     30d (0000c340)     _PSC_U5

0000c3c0     30f (0000c3c0)     _NSC_U5

0000c440     311 (0000c440)     _PSC_U7

0000c4c0     313 (0000c4c0)     _NSC_U7

0000c50e     314 (0000c500)     _habilitar_cdc
0000c50f     314 (0000c500)     _habilitar_cac
0000c510     314 (0000c500)     _habilitar_ipm
0000c511     314 (0000c500)     _habilitar_precarga
0000c512     314 (0000c500)     _encender_convertidor
0000c513     314 (0000c500)     _cac_state
0000c514     314 (0000c500)     _cdc_state
0000c515     314 (0000c500)     _qac_state
0000c516     314 (0000c500)     _qdc_state
0000c517     314 (0000c500)     _PROTECTION_FLAGS
0000c518     314 (0000c500)     _VPLL
0000c51e     314 (0000c500)     ___TI_enable_exit_profile_output
0000c520     314 (0000c500)     ___TI_cleanup_ptr
0000c522     314 (0000c500)     ___TI_dtors_ptr
0000c528     314 (0000c500)     __lock
0000c52a     314 (0000c500)     __unlock
0000c52d     314 (0000c500)     _activo
0000c52e     314 (0000c500)     _errno

0000c540     315 (0000c540)     _trip_events
0000c542     315 (0000c540)     _idsp
0000c544     315 (0000c540)     _iqsp
0000c546     315 (0000c540)     _w
0000c548     315 (0000c540)     _kadj
0000c54a     315 (0000c540)     _Ri
0000c54c     315 (0000c540)     _Si
0000c54e     315 (0000c540)     _Ti
0000c550     315 (0000c540)     _Rv
0000c552     315 (0000c540)     _Sv
0000c554     315 (0000c540)     _Tv
0000c556     315 (0000c540)     _Yv
0000c558     315 (0000c540)     _sRv
0000c55a     315 (0000c540)     _sSv
0000c55c     315 (0000c540)     _sTv
0000c55e     315 (0000c540)     _modmod
0000c560     315 (0000c540)     _PI_ENABLED
0000c562     315 (0000c540)     _I_FF_ENABLED
0000c564     315 (0000c540)     _kp_control_i
0000c566     315 (0000c540)     _ki_control_i
0000c568     315 (0000c540)     _k_nsc
0000c56a     315 (0000c540)     _k_5th
0000c56c     315 (0000c540)     _k_7th
0000c56e     315 (0000c540)     _k_11th
0000c570     315 (0000c540)     _amplitud_v
0000c572     315 (0000c540)     _amp_aux
0000c574     315 (0000c540)     _dw_aux
0000c576     315 (0000c540)     _dtheta_aux
0000c578     315 (0000c540)     _theta_out
0000c57a     315 (0000c540)     _modulo_out

0000c582     316 (0000c580)     _theta_error
0000c592     316 (0000c580)     _tension_simulada

0033fff8    cfff (0033ffc0)     _CsmPwl

00380090    e002 (00380080)     _PartIdRegs


GLOBAL SYMBOLS: SORTED ALPHABETICALLY BY Name 

page  address   name                                 
----  -------   ----                                 
1     0000c000  .bss                                 
0     00008000  .text                                
0     0000aa13  C$$EXIT                              
0     0000a64f  FS$$DIV                              
0     000098c2  _ADCINT_ISR                          
0     0000ac02  _ANG_DIFF_init                       
1     0000c064  _AUX_VCO                             
1     00000b00  _AdcMirror                           
1     00007100  _AdcRegs                             
0     0000ab61  _CLARKE_init                         
1     0000c0d4  _Conv                                
1     00000c00  _CpuTimer0Regs                       
1     00000c08  _CpuTimer1Regs                       
1     00000c10  _CpuTimer2Regs                       
1     0033fff8  _CsmPwl                              
1     00000ae0  _CsmRegs                             
0     000097e0  _DATALOG_ISR                         
0     00009aa8  _DINTCH1_ISR                         
0     00009ab6  _DINTCH2_ISR                         
0     00009ac4  _DINTCH3_ISR                         
0     00009ad2  _DINTCH4_ISR                         
0     00009ae0  _DINTCH5_ISR                         
0     00009aee  _DINTCH6_ISR                         
0     0000abe3  _DelayUs                             
1     00000880  _DevEmuRegs                          
1     00001000  _DmaRegs                             
0     00009b6c  _ECAN0INTA_ISR                       
0     00009b88  _ECAN0INTB_ISR                       
0     00009b7a  _ECAN1INTA_ISR                       
0     00009b96  _ECAN1INTB_ISR                       
0     000099e4  _ECAP1_INT_ISR                       
0     000099f2  _ECAP2_INT_ISR                       
0     00009a00  _ECAP3_INT_ISR                       
0     00009a0e  _ECAP4_INT_ISR                       
0     00009a1c  _ECAP5_INT_ISR                       
0     00009a2a  _ECAP6_INT_ISR                       
1     00006040  _ECanaLAMRegs                        
1     000060c0  _ECanaMOTORegs                       
1     00006080  _ECanaMOTSRegs                       
1     00006100  _ECanaMboxes                         
1     00006000  _ECanaRegs                           
1     00006240  _ECanbLAMRegs                        
1     000062c0  _ECanbMOTORegs                       
1     00006280  _ECanbMOTSRegs                       
1     00006300  _ECanbMboxes                         
1     00006200  _ECanbRegs                           
1     00006a00  _ECap1Regs                           
1     00006a20  _ECap2Regs                           
1     00006a40  _ECap3Regs                           
1     00006a60  _ECap4Regs                           
1     00006a80  _ECap5Regs                           
1     00006aa0  _ECap6Regs                           
1     0000c08a  _ELEVENTH_VCO                        
0     000097f4  _EMUINT_ISR                          
1     0000c01a  _EPLL_u0                             
1     0000c01c  _EPLL_u1                             
1     0000c01e  _EPLL_u2                             
1     0000c020  _EPLL_u3                             
0     00009962  _EPWM1_INT_ISR                       
0     000098f9  _EPWM1_TZINT_ISR                     
0     00009997  _EPWM2_INT_ISR                       
0     0000991c  _EPWM2_TZINT_ISR                     
0     000099a5  _EPWM3_INT_ISR                       
0     0000992a  _EPWM3_TZINT_ISR                     
0     000099b3  _EPWM4_INT_ISR                       
0     00009938  _EPWM4_TZINT_ISR                     
0     000099c8  _EPWM5_INT_ISR                       
0     00009946  _EPWM5_TZINT_ISR                     
0     000099d6  _EPWM6_INT_ISR                       
0     00009954  _EPWM6_TZINT_ISR                     
1     00006800  _EPwm1Regs                           
1     00006840  _EPwm2Regs                           
1     00006880  _EPwm3Regs                           
1     000068c0  _EPwm4Regs                           
1     00006900  _EPwm5Regs                           
1     00006940  _EPwm6Regs                           
0     00009a38  _EQEP1_INT_ISR                       
0     00009a46  _EQEP2_INT_ISR                       
1     00006b00  _EQep1Regs                           
1     00006b40  _EQep2Regs                           
1     0000c0e0  _FE_U1                               
0     0000aaac  _FE_init                             
1     0000c06e  _FIFTH_VCO                           
1     00000a80  _FlashRegs                           
0     0000a9c1  _GRID_VALUES_init                    
1     00006f80  _GpioCtrlRegs                        
1     00006fc0  _GpioDataRegs                        
1     00006fe0  _GpioIntRegs                         
1     0000c100  _Grid                                
0     00009afc  _I2CINT1A_ISR                        
0     00009b0a  _I2CINT2A_ISR                        
1     00007900  _I2caRegs                            
0     00009808  _ILLEGAL_ISR                         
0     000097cc  _INT13_ISR                           
0     000097d6  _INT14_ISR                           
0     0000abbf  _INTEGRATOR_init                     
1     0000c032  _INT_CC_A                            
1     0000c040  _INT_CC_B                            
1     0000c048  _INT_CC_C                            
1     0000c562  _I_FF_ENABLED                        
0     0000a2cd  _InitAdc                             
0     00009f96  _InitEPwm123_withInterrupt           
0     0000a0b3  _InitEPwm123_withInterrupt_pwm4_debug
0     0000a1a9  _InitGpio                            
0     0000a9ea  _InitInversor                        
0     0000a994  _InitPieCtrl                         
0     0000a6d7  _InitSysCtrl                         
0     0000abf3  _InitWatchdog                        
0     0000aa0f  _IsInversorOn                        
0     0000aea8  _L                                   
0     0000abab  _LIMITS_init                         
0     00009bf8  _LUF_ISR                             
0     00009bea  _LVF_ISR                             
0     00009a8c  _MRINTA_ISR                          
0     00009a70  _MRINTB_ISR                          
0     00009a9a  _MXINTA_ISR                          
0     00009a7e  _MXINTB_ISR                          
1     00005000  _McbspaRegs                          
1     00005040  _McbspbRegs                          
0     000097fe  _NMI_ISR                             
1     0000c1c0  _NSC_U1                              
1     0000c240  _NSC_U3                              
1     0000c3c0  _NSC_U5                              
1     0000c4c0  _NSC_U7                              
0     0000ab45  _PARK_init                           
0     0000aa63  _PI_CONTROLLER_init                  
1     0000c560  _PI_ENABLED                          
1     0000c517  _PROTECTION_FLAGS                    
1     0000c140  _PSC_U1                              
1     0000c2c0  _PSC_U3                              
1     0000c340  _PSC_U5                              
1     0000c440  _PSC_U7                              
1     00380090  _PartIdRegs                          
1     00000ce0  _PieCtrlRegs                         
1     00000d00  _PieVectTable                        
0     0000ad7a  _PieVectTableInit                    
0     0000ab0a  _RATE_LIMITER_init                   
0     000097ea  _RTOSINT_ISR                         
1     0000c54a  _Ri                                  
1     0000c550  _Rv                                  
0     00009b34  _SCIRXINTA_ISR                       
0     00009b50  _SCIRXINTB_ISR                       
0     00009b18  _SCIRXINTC_ISR                       
0     00009b42  _SCITXINTA_ISR                       
0     00009b5e  _SCITXINTB_ISR                       
0     00009b26  _SCITXINTC_ISR                       
0     0000988a  _SEQ1INT_ISR                         
0     00009898  _SEQ2INT_ISR                         
0     0000a749  _SEQ_CORE_init                       
1     0000c080  _SEVENTH_VCO                         
1     0000c0c0  _SGN_11th_V                          
1     0000c05a  _SGN_3Ph_I                           
1     0000c050  _SGN_3Ph_V                           
1     0000c09e  _SGN_3th_V                           
1     0000c0a8  _SGN_5th_V                           
1     0000c0b2  _SGN_7th_V                           
1     0000c094  _SGN_NSC_V                           
0     0000ab94  _SIGNAL_3Ph_init                     
0     00009a54  _SPIRXINTA_ISR                       
0     00009a62  _SPITXINTA_ISR                       
0     0000aacc  _SYM_COS_init                        
0     0000aaeb  _SYM_SIN_init                        
1     00007050  _SciaRegs                            
1     00007750  _ScibRegs                            
1     00007770  _ScicRegs                            
1     0000c54c  _Si                                  
1     00007040  _SpiaRegs                            
0     0000a9fa  _StartInversor                       
0     0000a9ff  _StopInversor                        
1     0000c552  _Sv                                  
1     00007010  _SysCtrlRegs                         
0     000098dd  _TINT0_ISR                           
1     0000c54e  _Ti                                  
1     0000c554  _Tv                                  
1     0000c014  _U1N_COMP_ENABLE                     
1     0000c016  _U5_COMP_ENABLE                      
1     0000c018  _U7_COMP_ENABLE                      
0     0000986c  _USER10_ISR                          
0     00009876  _USER11_ISR                          
0     00009880  _USER12_ISR                          
0     00009812  _USER1_ISR                           
0     0000981c  _USER2_ISR                           
0     00009826  _USER3_ISR                           
0     00009830  _USER4_ISR                           
0     0000983a  _USER5_ISR                           
0     00009844  _USER6_ISR                           
0     0000984e  _USER7_ISR                           
0     00009858  _USER8_ISR                           
0     00009862  _USER9_ISR                           
0     0000ab7b  _VCO_init                            
1     0000c518  _VPLL                                
0     000098eb  _WAKEINT_ISR                         
0     000098a6  _XINT1_ISR                           
0     000098b4  _XINT2_ISR                           
0     00009ba4  _XINT3_ISR                           
0     00009bb2  _XINT4_ISR                           
0     00009bc0  _XINT5_ISR                           
0     00009bce  _XINT6_ISR                           
0     00009bdc  _XINT7_ISR                           
1     00007070  _XIntruptRegs                        
1     00000b20  _XintfRegs                           
1     0000c556  _Yv                                  
1     00000700  __STACK_END                          
abs   00000300  __STACK_SIZE                         
1     0000c520  ___TI_cleanup_ptr                    
1     0000c522  ___TI_dtors_ptr                      
1     0000c51e  ___TI_enable_exit_profile_output     
abs   ffffffff  ___TI_pprof_out_hndl                 
abs   ffffffff  ___TI_prof_data_size                 
abs   ffffffff  ___TI_prof_data_start                
abs   ffffffff  ___binit__                           
1     0000c000  ___bss__                             
abs   ffffffff  ___c_args__                          
0     0000ac22  ___cinit__                           
1     0000c000  ___end__                             
0     0000ac22  ___etext__                           
abs   ffffffff  ___pinit__                           
0     00008000  ___text__                            
0     0000abd1  __args_main                          
1     0000c528  __lock                               
0     0000ac17  __nop                                
0     0000ac13  __register_lock                      
0     0000ac0f  __register_unlock                    
1     00000400  __stack                              
0     0000ac21  __system_post_cinit                  
0     0000ac1f  __system_pre_init                    
1     0000c52a  __unlock                             
0     0000aa13  _abort                               
1     0000c52d  _activo                              
0     0000a2f2  _adc1                                
0     0000a316  _adc2                                
0     0000a33f  _adc4                                
0     0000a368  _adc5                                
0     0000a3a0  _adc6                                
1     0000c572  _amp_aux                             
1     0000c004  _amplitud_i                          
1     0000c570  _amplitud_v                          
0     0000a585  _atan                                
0     0000a3e4  _atan2                               
0     0000a3e4  _atan2f                              
0     0000a585  _atanf                               
0     0000a93e  _c_int00                             
1     0000c513  _cac_state                           
1     0000c514  _cdc_state                           
0     0000a8e6  _ceil                                
0     0000a8e6  _ceilf                               
0     0000aa88  _copy_in                             
0     0000a883  _cos                                 
0     0000a883  _cosf                                
0     00009f8e  _disableEPWMClock                    
1     0000c576  _dtheta_aux                          
1     0000c006  _dtheta_di                           
1     0000c574  _dw_aux                              
0     00009f86  _enableEPWMClock                     
1     0000c512  _encender_convertidor                
1     0000c52e  _errno                               
0     0000aa15  _exit                                
1     0000c012  _factor_NS                           
1     0000c00e  _factor_quinto                       
1     0000c010  _factor_septimo                      
1     0000c00c  _factor_tercero                      
0     0000a4b6  _fmod                                
0     0000a4b6  _fmodf                               
1     0000c50f  _habilitar_cac                       
1     0000c50e  _habilitar_cdc                       
1     0000c510  _habilitar_ipm                       
1     0000c511  _habilitar_precarga                  
1     0000c542  _idsp                                
0     00009c10  _imprimir_vector                     
0     00009dcb  _imprimir_vector_vbus                
0     00009794  _init_interrupts_macros              
1     0000c544  _iqsp                                
1     0000c56e  _k_11th                              
1     0000c56a  _k_5th                               
1     0000c56c  _k_7th                               
1     0000c568  _k_nsc                               
1     0000c548  _kadj                                
1     0000c566  _ki_control_i                        
1     0000c564  _kp_control_i                        
0     0000a7b6  _main                                
0     0000ab28  _memcpy                              
1     0000c55e  _modmod                              
1     0000c57a  _modulo_out                          
1     0000c00a  _offet_Va                            
1     0000c022  _pendiente_chilena                   
0     0000a180  _pwm4_init                           
1     0000c515  _qac_state                           
1     0000c516  _qdc_state                           
1     0000c0f0  _rampa                               
0     00009c06  _rsvd_ISR                            
0     000092f7  _run_interrupt                       
0     00008000  _run_pll                             
1     0000c558  _sRv                                 
1     0000c55a  _sSv                                 
1     0000c55c  _sTv                                 
1     0000c001  _show_freq                           
1     0000c000  _show_phase                          
1     0000c002  _show_phase_a                        
0     00008dab  _sim_get                             
0     00008d3a  _sim_init                            
0     0000a81d  _sin                                 
0     0000a81d  _sinf                                
0     0000aa3c  _sqrt                                
0     0000aa3c  _sqrtf                               
1     0000c592  _tension_simulada                    
1     0000c582  _theta_error                         
1     0000c578  _theta_out                           
1     0000c008  _time_step                           
1     0000c540  _trip_events                         
1     0000c028  _uun3                                
1     0000c02c  _uun5                                
1     0000c030  _uun7                                
1     0000c026  _uuu3                                
1     0000c02a  _uuu5                                
1     0000c02e  _uuu7                                
1     0000c024  _uuun                                
1     0000c546  _w                                   
abs   ffffffff  binit                                
0     0000ac22  cinit                                
1     0000c000  end                                  
0     0000ac22  etext                                
abs   ffffffff  pinit                                


GLOBAL SYMBOLS: SORTED BY Symbol Address 

page  address   name                                 
----  -------   ----                                 
0     00008000  .text                                
0     00008000  ___text__                            
0     00008000  _run_pll                             
0     00008d3a  _sim_init                            
0     00008dab  _sim_get                             
0     000092f7  _run_interrupt                       
0     00009794  _init_interrupts_macros              
0     000097cc  _INT13_ISR                           
0     000097d6  _INT14_ISR                           
0     000097e0  _DATALOG_ISR                         
0     000097ea  _RTOSINT_ISR                         
0     000097f4  _EMUINT_ISR                          
0     000097fe  _NMI_ISR                             
0     00009808  _ILLEGAL_ISR                         
0     00009812  _USER1_ISR                           
0     0000981c  _USER2_ISR                           
0     00009826  _USER3_ISR                           
0     00009830  _USER4_ISR                           
0     0000983a  _USER5_ISR                           
0     00009844  _USER6_ISR                           
0     0000984e  _USER7_ISR                           
0     00009858  _USER8_ISR                           
0     00009862  _USER9_ISR                           
0     0000986c  _USER10_ISR                          
0     00009876  _USER11_ISR                          
0     00009880  _USER12_ISR                          
0     0000988a  _SEQ1INT_ISR                         
0     00009898  _SEQ2INT_ISR                         
0     000098a6  _XINT1_ISR                           
0     000098b4  _XINT2_ISR                           
0     000098c2  _ADCINT_ISR                          
0     000098dd  _TINT0_ISR                           
0     000098eb  _WAKEINT_ISR                         
0     000098f9  _EPWM1_TZINT_ISR                     
0     0000991c  _EPWM2_TZINT_ISR                     
0     0000992a  _EPWM3_TZINT_ISR                     
0     00009938  _EPWM4_TZINT_ISR                     
0     00009946  _EPWM5_TZINT_ISR                     
0     00009954  _EPWM6_TZINT_ISR                     
0     00009962  _EPWM1_INT_ISR                       
0     00009997  _EPWM2_INT_ISR                       
0     000099a5  _EPWM3_INT_ISR                       
0     000099b3  _EPWM4_INT_ISR                       
0     000099c8  _EPWM5_INT_ISR                       
0     000099d6  _EPWM6_INT_ISR                       
0     000099e4  _ECAP1_INT_ISR                       
0     000099f2  _ECAP2_INT_ISR                       
0     00009a00  _ECAP3_INT_ISR                       
0     00009a0e  _ECAP4_INT_ISR                       
0     00009a1c  _ECAP5_INT_ISR                       
0     00009a2a  _ECAP6_INT_ISR                       
0     00009a38  _EQEP1_INT_ISR                       
0     00009a46  _EQEP2_INT_ISR                       
0     00009a54  _SPIRXINTA_ISR                       
0     00009a62  _SPITXINTA_ISR                       
0     00009a70  _MRINTB_ISR                          
0     00009a7e  _MXINTB_ISR                          
0     00009a8c  _MRINTA_ISR                          
0     00009a9a  _MXINTA_ISR                          
0     00009aa8  _DINTCH1_ISR                         
0     00009ab6  _DINTCH2_ISR                         
0     00009ac4  _DINTCH3_ISR                         
0     00009ad2  _DINTCH4_ISR                         
0     00009ae0  _DINTCH5_ISR                         
0     00009aee  _DINTCH6_ISR                         
0     00009afc  _I2CINT1A_ISR                        
0     00009b0a  _I2CINT2A_ISR                        
0     00009b18  _SCIRXINTC_ISR                       
0     00009b26  _SCITXINTC_ISR                       
0     00009b34  _SCIRXINTA_ISR                       
0     00009b42  _SCITXINTA_ISR                       
0     00009b50  _SCIRXINTB_ISR                       
0     00009b5e  _SCITXINTB_ISR                       
0     00009b6c  _ECAN0INTA_ISR                       
0     00009b7a  _ECAN1INTA_ISR                       
0     00009b88  _ECAN0INTB_ISR                       
0     00009b96  _ECAN1INTB_ISR                       
0     00009ba4  _XINT3_ISR                           
0     00009bb2  _XINT4_ISR                           
0     00009bc0  _XINT5_ISR                           
0     00009bce  _XINT6_ISR                           
0     00009bdc  _XINT7_ISR                           
0     00009bea  _LVF_ISR                             
0     00009bf8  _LUF_ISR                             
0     00009c06  _rsvd_ISR                            
0     00009c10  _imprimir_vector                     
0     00009dcb  _imprimir_vector_vbus                
0     00009f86  _enableEPWMClock                     
0     00009f8e  _disableEPWMClock                    
0     00009f96  _InitEPwm123_withInterrupt           
0     0000a0b3  _InitEPwm123_withInterrupt_pwm4_debug
0     0000a180  _pwm4_init                           
0     0000a1a9  _InitGpio                            
0     0000a2cd  _InitAdc                             
0     0000a2f2  _adc1                                
0     0000a316  _adc2                                
0     0000a33f  _adc4                                
0     0000a368  _adc5                                
0     0000a3a0  _adc6                                
0     0000a3e4  _atan2                               
0     0000a3e4  _atan2f                              
0     0000a4b6  _fmod                                
0     0000a4b6  _fmodf                               
0     0000a585  _atan                                
0     0000a585  _atanf                               
0     0000a64f  FS$$DIV                              
0     0000a6d7  _InitSysCtrl                         
0     0000a749  _SEQ_CORE_init                       
0     0000a7b6  _main                                
0     0000a81d  _sin                                 
0     0000a81d  _sinf                                
0     0000a883  _cos                                 
0     0000a883  _cosf                                
0     0000a8e6  _ceil                                
0     0000a8e6  _ceilf                               
0     0000a93e  _c_int00                             
0     0000a994  _InitPieCtrl                         
0     0000a9c1  _GRID_VALUES_init                    
0     0000a9ea  _InitInversor                        
0     0000a9fa  _StartInversor                       
0     0000a9ff  _StopInversor                        
0     0000aa0f  _IsInversorOn                        
0     0000aa13  C$$EXIT                              
0     0000aa13  _abort                               
0     0000aa15  _exit                                
0     0000aa3c  _sqrt                                
0     0000aa3c  _sqrtf                               
0     0000aa63  _PI_CONTROLLER_init                  
0     0000aa88  _copy_in                             
0     0000aaac  _FE_init                             
0     0000aacc  _SYM_COS_init                        
0     0000aaeb  _SYM_SIN_init                        
0     0000ab0a  _RATE_LIMITER_init                   
0     0000ab28  _memcpy                              
0     0000ab45  _PARK_init                           
0     0000ab61  _CLARKE_init                         
0     0000ab7b  _VCO_init                            
0     0000ab94  _SIGNAL_3Ph_init                     
0     0000abab  _LIMITS_init                         
0     0000abbf  _INTEGRATOR_init                     
0     0000abd1  __args_main                          
0     0000abe3  _DelayUs                             
0     0000abf3  _InitWatchdog                        
0     0000ac02  _ANG_DIFF_init                       
0     0000ac0f  __register_unlock                    
0     0000ac13  __register_lock                      
0     0000ac17  __nop                                
0     0000ac1f  __system_pre_init                    
0     0000ac21  __system_post_cinit                  
0     0000ac22  ___cinit__                           
0     0000ac22  ___etext__                           
0     0000ac22  cinit                                
0     0000ac22  etext                                
0     0000ad7a  _PieVectTableInit                    
0     0000aea8  _L                                   
1     00000400  __stack                              
1     00000700  __STACK_END                          
1     00000880  _DevEmuRegs                          
1     00000a80  _FlashRegs                           
1     00000ae0  _CsmRegs                             
1     00000b00  _AdcMirror                           
1     00000b20  _XintfRegs                           
1     00000c00  _CpuTimer0Regs                       
1     00000c08  _CpuTimer1Regs                       
1     00000c10  _CpuTimer2Regs                       
1     00000ce0  _PieCtrlRegs                         
1     00000d00  _PieVectTable                        
1     00001000  _DmaRegs                             
1     00005000  _McbspaRegs                          
1     00005040  _McbspbRegs                          
1     00006000  _ECanaRegs                           
1     00006040  _ECanaLAMRegs                        
1     00006080  _ECanaMOTSRegs                       
1     000060c0  _ECanaMOTORegs                       
1     00006100  _ECanaMboxes                         
1     00006200  _ECanbRegs                           
1     00006240  _ECanbLAMRegs                        
1     00006280  _ECanbMOTSRegs                       
1     000062c0  _ECanbMOTORegs                       
1     00006300  _ECanbMboxes                         
1     00006800  _EPwm1Regs                           
1     00006840  _EPwm2Regs                           
1     00006880  _EPwm3Regs                           
1     000068c0  _EPwm4Regs                           
1     00006900  _EPwm5Regs                           
1     00006940  _EPwm6Regs                           
1     00006a00  _ECap1Regs                           
1     00006a20  _ECap2Regs                           
1     00006a40  _ECap3Regs                           
1     00006a60  _ECap4Regs                           
1     00006a80  _ECap5Regs                           
1     00006aa0  _ECap6Regs                           
1     00006b00  _EQep1Regs                           
1     00006b40  _EQep2Regs                           
1     00006f80  _GpioCtrlRegs                        
1     00006fc0  _GpioDataRegs                        
1     00006fe0  _GpioIntRegs                         
1     00007010  _SysCtrlRegs                         
1     00007040  _SpiaRegs                            
1     00007050  _SciaRegs                            
1     00007070  _XIntruptRegs                        
1     00007100  _AdcRegs                             
1     00007750  _ScibRegs                            
1     00007770  _ScicRegs                            
1     00007900  _I2caRegs                            
1     0000c000  .bss                                 
1     0000c000  ___bss__                             
1     0000c000  ___end__                             
1     0000c000  _show_phase                          
1     0000c000  end                                  
1     0000c001  _show_freq                           
1     0000c002  _show_phase_a                        
1     0000c004  _amplitud_i                          
1     0000c006  _dtheta_di                           
1     0000c008  _time_step                           
1     0000c00a  _offet_Va                            
1     0000c00c  _factor_tercero                      
1     0000c00e  _factor_quinto                       
1     0000c010  _factor_septimo                      
1     0000c012  _factor_NS                           
1     0000c014  _U1N_COMP_ENABLE                     
1     0000c016  _U5_COMP_ENABLE                      
1     0000c018  _U7_COMP_ENABLE                      
1     0000c01a  _EPLL_u0                             
1     0000c01c  _EPLL_u1                             
1     0000c01e  _EPLL_u2                             
1     0000c020  _EPLL_u3                             
1     0000c022  _pendiente_chilena                   
1     0000c024  _uuun                                
1     0000c026  _uuu3                                
1     0000c028  _uun3                                
1     0000c02a  _uuu5                                
1     0000c02c  _uun5                                
1     0000c02e  _uuu7                                
1     0000c030  _uun7                                
1     0000c032  _INT_CC_A                            
1     0000c040  _INT_CC_B                            
1     0000c048  _INT_CC_C                            
1     0000c050  _SGN_3Ph_V                           
1     0000c05a  _SGN_3Ph_I                           
1     0000c064  _AUX_VCO                             
1     0000c06e  _FIFTH_VCO                           
1     0000c080  _SEVENTH_VCO                         
1     0000c08a  _ELEVENTH_VCO                        
1     0000c094  _SGN_NSC_V                           
1     0000c09e  _SGN_3th_V                           
1     0000c0a8  _SGN_5th_V                           
1     0000c0b2  _SGN_7th_V                           
1     0000c0c0  _SGN_11th_V                          
1     0000c0d4  _Conv                                
1     0000c0e0  _FE_U1                               
1     0000c0f0  _rampa                               
1     0000c100  _Grid                                
1     0000c140  _PSC_U1                              
1     0000c1c0  _NSC_U1                              
1     0000c240  _NSC_U3                              
1     0000c2c0  _PSC_U3                              
1     0000c340  _PSC_U5                              
1     0000c3c0  _NSC_U5                              
1     0000c440  _PSC_U7                              
1     0000c4c0  _NSC_U7                              
1     0000c50e  _habilitar_cdc                       
1     0000c50f  _habilitar_cac                       
1     0000c510  _habilitar_ipm                       
1     0000c511  _habilitar_precarga                  
1     0000c512  _encender_convertidor                
1     0000c513  _cac_state                           
1     0000c514  _cdc_state                           
1     0000c515  _qac_state                           
1     0000c516  _qdc_state                           
1     0000c517  _PROTECTION_FLAGS                    
1     0000c518  _VPLL                                
1     0000c51e  ___TI_enable_exit_profile_output     
1     0000c520  ___TI_cleanup_ptr                    
1     0000c522  ___TI_dtors_ptr                      
1     0000c528  __lock                               
1     0000c52a  __unlock                             
1     0000c52d  _activo                              
1     0000c52e  _errno                               
1     0000c540  _trip_events                         
1     0000c542  _idsp                                
1     0000c544  _iqsp                                
1     0000c546  _w                                   
1     0000c548  _kadj                                
1     0000c54a  _Ri                                  
1     0000c54c  _Si                                  
1     0000c54e  _Ti                                  
1     0000c550  _Rv                                  
1     0000c552  _Sv                                  
1     0000c554  _Tv                                  
1     0000c556  _Yv                                  
1     0000c558  _sRv                                 
1     0000c55a  _sSv                                 
1     0000c55c  _sTv                                 
1     0000c55e  _modmod                              
1     0000c560  _PI_ENABLED                          
1     0000c562  _I_FF_ENABLED                        
1     0000c564  _kp_control_i                        
1     0000c566  _ki_control_i                        
1     0000c568  _k_nsc                               
1     0000c56a  _k_5th                               
1     0000c56c  _k_7th                               
1     0000c56e  _k_11th                              
1     0000c570  _amplitud_v                          
1     0000c572  _amp_aux                             
1     0000c574  _dw_aux                              
1     0000c576  _dtheta_aux                          
1     0000c578  _theta_out                           
1     0000c57a  _modulo_out                          
1     0000c582  _theta_error                         
1     0000c592  _tension_simulada                    
1     0033fff8  _CsmPwl                              
1     00380090  _PartIdRegs                          
abs   00000300  __STACK_SIZE                         
abs   ffffffff  ___TI_pprof_out_hndl                 
abs   ffffffff  ___TI_prof_data_size                 
abs   ffffffff  ___TI_prof_data_start                
abs   ffffffff  ___binit__                           
abs   ffffffff  ___c_args__                          
abs   ffffffff  ___pinit__                           
abs   ffffffff  binit                                
abs   ffffffff  pinit                                

[322 symbols]
