******************************************************************************
             TMS320C2000 Linker PC v22.6.1                     
******************************************************************************
>> Linked Wed Jun 17 17:54:05 2026

OUTPUT FILE NAME:   <inversor_vectorial_rev7.out>
ENTRY POINT SYMBOL: "_c_int00"  address: 0000a96a


MEMORY CONFIGURATION

         name            origin    length      used     unused   attr    fill
----------------------  --------  ---------  --------  --------  ----  --------
PAGE 0:
  BEGIN_M0              00000000   00000002  00000002  00000000  RWIX
  L0123SARAM            00008000   00004000  00002f26  000010da  RWIX
  RESET                 003fffc0   00000002  00000000  00000002  RWIX

PAGE 1:
  M0SARAM               00000002   000003fe  00000000  000003fe  RWIX
  M1SARAM               00000400   00000400  00000300  00000100  RWIX
  DEV_EMU               00000880   00000180  000000d0  000000b0  RWIX
  FLASH_REGS            00000a80   00000060  00000008  00000058  RWIX
  CSM                   00000ae0   00000010  00000010  00000000  RWIX
  ADC_MIRROR            00000b00   00000010  00000010  00000000  RWIX
  XINTF                 00000b20   00000020  0000001e  00000002  RWIX
  CPU_TIMER0            00000c00   00000008  00000008  00000000  RWIX
  CPU_TIMER1            00000c08   00000008  00000008  00000000  RWIX
  CPU_TIMER2            00000c10   00000008  00000008  00000000  RWIX
  PIE_CTRL              00000ce0   00000020  0000001a  00000006  RWIX
  PIE_VECT              00000d00   00000100  00000100  00000000  RWIX
  DMA                   00001000   00000200  000000e0  00000120  RWIX
  MCBSPA                00005000   00000040  00000025  0000001b  RWIX
  MCBSPB                00005040   00000040  00000025  0000001b  RWIX
  ECANA                 00006000   00000040  00000034  0000000c  RWIX
  ECANA_LAM             00006040   00000040  00000040  00000000  RWIX
  ECANA_MOTS            00006080   00000040  00000040  00000000  RWIX
  ECANA_MOTO            000060c0   00000040  00000040  00000000  RWIX
  ECANA_MBOX            00006100   00000100  00000100  00000000  RWIX
  ECANB                 00006200   00000040  00000034  0000000c  RWIX
  ECANB_LAM             00006240   00000040  00000040  00000000  RWIX
  ECANB_MOTS            00006280   00000040  00000040  00000000  RWIX
  ECANB_MOTO            000062c0   00000040  00000040  00000000  RWIX
  ECANB_MBOX            00006300   00000100  00000100  00000000  RWIX
  EPWM1                 00006800   00000022  00000022  00000000  RWIX
  EPWM2                 00006840   00000022  00000022  00000000  RWIX
  EPWM3                 00006880   00000022  00000022  00000000  RWIX
  EPWM4                 000068c0   00000022  00000022  00000000  RWIX
  EPWM5                 00006900   00000022  00000022  00000000  RWIX
  EPWM6                 00006940   00000022  00000022  00000000  RWIX
  ECAP1                 00006a00   00000020  00000020  00000000  RWIX
  ECAP2                 00006a20   00000020  00000020  00000000  RWIX
  ECAP3                 00006a40   00000020  00000020  00000000  RWIX
  ECAP4                 00006a60   00000020  00000020  00000000  RWIX
  ECAP5                 00006a80   00000020  00000020  00000000  RWIX
  ECAP6                 00006aa0   00000020  00000020  00000000  RWIX
  EQEP1                 00006b00   00000040  00000040  00000000  RWIX
  EQEP2                 00006b40   00000040  00000040  00000000  RWIX
  GPIOCTRL              00006f80   00000040  0000002e  00000012  RWIX
  GPIODAT               00006fc0   00000020  00000020  00000000  RWIX
  GPIOINT               00006fe0   00000020  0000000a  00000016  RWIX
  SYSTEM                00007010   00000020  00000020  00000000  RWIX
  SPIA                  00007040   00000010  00000010  00000000  RWIX
  SCIA                  00007050   00000010  00000010  00000000  RWIX
  XINTRUPT              00007070   00000010  00000010  00000000  RWIX
  ADC                   00007100   00000020  0000001e  00000002  RWIX
  SCIB                  00007750   00000010  00000010  00000000  RWIX
  SCIC                  00007770   00000010  00000010  00000000  RWIX
  I2CA                  00007900   00000040  00000022  0000001e  RWIX
  L4SARAM               0000c000   00001000  00000620  000009e0  RWIX
  L5SARAM               0000d000   00001000  00000000  00001000  RWIX
  L6SARAM               0000e000   00001000  00000000  00001000  RWIX
  L7SARAM               0000f000   00001000  00000000  00001000  RWIX
  CSM_PWL               0033fff8   00000008  00000008  00000000  RWIX
  PARTID                00380090   00000001  00000001  00000000  RWIX


SECTION ALLOCATION MAP

 output                                  attributes/
section   page    origin      length       input sections
--------  ----  ----------  ----------   ----------------
.text      0    00008000    00002c86     
                  00008000    00000d40     pll.obj (.text)
                  00008d40    00000b1b     project_interrupts.obj (.text)
                  0000985b    00000446     Interrupciones.obj (.text:retain)
                  00009ca1    00000376     modulacion_vectorial.obj (.text)
                  0000a017    00000223     PWM_config.obj (.text)
                  0000a23a    00000126     Gpio.obj (.text)
                  0000a360    00000117     ADC_config.obj (.text)
                  0000a477    000000d2     rts2800_fpu32.lib : e_atan2f.c.obj (.text)
                  0000a549    000000cf                       : e_fmodf.c.obj (.text)
                  0000a618    000000ca                       : s_atanf.c.obj (.text)
                  0000a6e2    00000088                       : fs_div28.asm.obj (.text)
                  0000a76a    00000072     SysCtrl.obj (.text)
                  0000a7dc    0000006d     SEQ_CORE.obj (.text)
                  0000a849    00000066     rts2800_fpu32.lib : s_sinf.c.obj (.text)
                  0000a8af    00000063                       : s_cosf.c.obj (.text)
                  0000a912    00000058                       : s_ceilf.c.obj (.text)
                  0000a96a    00000056                       : boot28.asm.obj (.text)
                  0000a9c0    00000038     main.obj (.text)
                  0000a9f8    0000002d     Pie_config.obj (.text)
                  0000aa25    00000029     GRID_VALUES.obj (.text)
                  0000aa4e    00000029     inversor.obj (.text)
                  0000aa77    00000029     rts2800_fpu32.lib : exit.c.obj (.text)
                  0000aaa0    00000027                       : e_sqrtf.c.obj (.text)
                  0000aac7    00000025     PI_CONTROLLER.obj (.text)
                  0000aaec    00000024     rts2800_fpu32.lib : cpy_tbl.c.obj (.text)
                  0000ab10    00000020     FE.obj (.text)
                  0000ab30    0000001f     SYM_COS.obj (.text)
                  0000ab4f    0000001f     SYM_SIN.obj (.text)
                  0000ab6e    0000001e     RATE_LIMITER.obj (.text)
                  0000ab8c    0000001d     rts2800_fpu32.lib : memcpy.c.obj (.text)
                  0000aba9    0000001c     PARK.obj (.text)
                  0000abc5    0000001a     CLARKE.obj (.text)
                  0000abdf    00000019     VCO.obj (.text)
                  0000abf8    00000017     SIGNAL_3Ph.obj (.text)
                  0000ac0f    00000014     LIMITS.obj (.text)
                  0000ac23    00000012     INTEGRATOR.obj (.text)
                  0000ac35    00000012     rts2800_fpu32.lib : args_main.c.obj (.text)
                  0000ac47    00000010     DelayUs.obj (.text)
                  0000ac57    0000000f     Watchdog.obj (.text)
                  0000ac66    0000000d     ANG_DIFF.obj (.text)
                  0000ac73    00000009     rts2800_fpu32.lib : _lock.c.obj (.text)
                  0000ac7c    00000007     CodeStartBranch.obj (.text)
                  0000ac83    00000002     rts2800_fpu32.lib : pre_init.c.obj (.text)
                  0000ac85    00000001                       : startup.c.obj (.text)

.cinit     0    0000ac86    0000016c     
                  0000ac86    00000083     pll.obj (.cinit)
                  0000ad09    0000007e     project_interrupts.obj (.cinit)
                  0000ad87    0000002c     main.obj (.cinit)
                  0000adb3    00000010     PWM_config.obj (.cinit)
                  0000adc3    0000000e     rts2800_fpu32.lib : exit.c.obj (.cinit)
                  0000add1    00000009     pll.obj (.cinit:_VPLL)
                  0000adda    00000008     inversor.obj (.cinit)
                  0000ade2    00000005     rts2800_fpu32.lib : _lock.c.obj (.cinit:__lock)
                  0000ade7    00000005                       : _lock.c.obj (.cinit:__unlock)
                  0000adec    00000004                       : errno.c.obj (.cinit)
                  0000adf0    00000002     --HOLE-- [fill = 0]

.econst    0    0000adf2    00000134     
                  0000adf2    00000100     PieVect.obj (.econst:_PieVectTableInit)
                  0000aef2    0000000c     rts2800_fpu32.lib : e_atan2f.c.obj (.econst)
                  0000aefe    0000000a                       : s_atanf.c.obj (.econst:_aT)
                  0000af08    00000008                       : s_atanf.c.obj (.econst:_atanhi)
                  0000af10    00000008                       : s_atanf.c.obj (.econst:_atanlo)
                  0000af18    00000004                       : e_fmodf.c.obj (.econst:_Zero)
                  0000af1c    00000004                       : s_atanf.c.obj (.econst)
                  0000af20    00000002     project_interrupts.obj (.econst)
                  0000af22    00000002     rts2800_fpu32.lib : e_fmodf.c.obj (.econst)
                  0000af24    00000002                       : s_ceilf.c.obj (.econst)

.pinit     0    00008000    00000000     UNINITIALIZED

.reset     0    003fffc0    00000002     DSECT
                  003fffc0    00000002     rts2800_fpu32.lib : boot28.asm.obj (.reset)

DevEmuRegsFile 
*          1    00000880    000000d0     UNINITIALIZED
                  00000880    000000d0     DSP2833x_GlobalVariableDefs.obj (DevEmuRegsFile)

FlashRegsFile 
*          1    00000a80    00000008     UNINITIALIZED
                  00000a80    00000008     DSP2833x_GlobalVariableDefs.obj (FlashRegsFile)

CsmRegsFile 
*          1    00000ae0    00000010     UNINITIALIZED
                  00000ae0    00000010     DSP2833x_GlobalVariableDefs.obj (CsmRegsFile)

AdcMirrorFile 
*          1    00000b00    00000010     UNINITIALIZED
                  00000b00    00000010     DSP2833x_GlobalVariableDefs.obj (AdcMirrorFile)

XintfRegsFile 
*          1    00000b20    0000001e     UNINITIALIZED
                  00000b20    0000001e     DSP2833x_GlobalVariableDefs.obj (XintfRegsFile)

CpuTimer0RegsFile 
*          1    00000c00    00000008     UNINITIALIZED
                  00000c00    00000008     DSP2833x_GlobalVariableDefs.obj (CpuTimer0RegsFile)

CpuTimer1RegsFile 
*          1    00000c08    00000008     UNINITIALIZED
                  00000c08    00000008     DSP2833x_GlobalVariableDefs.obj (CpuTimer1RegsFile)

CpuTimer2RegsFile 
*          1    00000c10    00000008     UNINITIALIZED
                  00000c10    00000008     DSP2833x_GlobalVariableDefs.obj (CpuTimer2RegsFile)

PieCtrlRegsFile 
*          1    00000ce0    0000001a     UNINITIALIZED
                  00000ce0    0000001a     DSP2833x_GlobalVariableDefs.obj (PieCtrlRegsFile)

ECanaMOTSRegsFile 
*          1    00006080    00000040     UNINITIALIZED
                  00006080    00000040     DSP2833x_GlobalVariableDefs.obj (ECanaMOTSRegsFile)

ECanaMOTORegsFile 
*          1    000060c0    00000040     UNINITIALIZED
                  000060c0    00000040     DSP2833x_GlobalVariableDefs.obj (ECanaMOTORegsFile)

ECanbMOTSRegsFile 
*          1    00006280    00000040     UNINITIALIZED
                  00006280    00000040     DSP2833x_GlobalVariableDefs.obj (ECanbMOTSRegsFile)

ECanbMOTORegsFile 
*          1    000062c0    00000040     UNINITIALIZED
                  000062c0    00000040     DSP2833x_GlobalVariableDefs.obj (ECanbMOTORegsFile)

.bss       1    0000c000    00000000     UNINITIALIZED

.ebss      1    0000c000    00000620     UNINITIALIZED
                  0000c000    0000050e     pll.obj (.ebss)
                  0000c50e    0000000b     main.obj (.ebss)
                  0000c519    00000001     protections.obj (.ebss)
                  0000c51a    00000006     pll.obj (.ebss:_VPLL)
                  0000c520    00000006     rts2800_fpu32.lib : exit.c.obj (.ebss)
                  0000c526    00000004     PWM_config.obj (.ebss)
                  0000c52a    00000002     rts2800_fpu32.lib : _lock.c.obj (.ebss:__lock)
                  0000c52c    00000002                       : _lock.c.obj (.ebss:__unlock)
                  0000c52e    00000002     inversor.obj (.ebss)
                  0000c530    00000001     rts2800_fpu32.lib : errno.c.obj (.ebss)
                  0000c531    0000000f     --HOLE--
                  0000c540    000000e0     project_interrupts.obj (.ebss)

.stack     1    00000400    00000300     UNINITIALIZED
                  00000400    00000300     --HOLE--

codestart 
*          0    00000000    00000002     
                  00000000    00000002     CodeStartBranch.obj (codestart)

PieVectTableFile 
*          1    00000d00    00000100     UNINITIALIZED
                  00000d00    00000100     DSP2833x_GlobalVariableDefs.obj (PieVectTableFile)

DmaRegsFile 
*          1    00001000    000000e0     UNINITIALIZED
                  00001000    000000e0     DSP2833x_GlobalVariableDefs.obj (DmaRegsFile)

McbspaRegsFile 
*          1    00005000    00000025     UNINITIALIZED
                  00005000    00000025     DSP2833x_GlobalVariableDefs.obj (McbspaRegsFile)

McbspbRegsFile 
*          1    00005040    00000025     UNINITIALIZED
                  00005040    00000025     DSP2833x_GlobalVariableDefs.obj (McbspbRegsFile)

ECanaRegsFile 
*          1    00006000    00000034     UNINITIALIZED
                  00006000    00000034     DSP2833x_GlobalVariableDefs.obj (ECanaRegsFile)

ECanaLAMRegsFile 
*          1    00006040    00000040     UNINITIALIZED
                  00006040    00000040     DSP2833x_GlobalVariableDefs.obj (ECanaLAMRegsFile)

ECanaMboxesFile 
*          1    00006100    00000100     UNINITIALIZED
                  00006100    00000100     DSP2833x_GlobalVariableDefs.obj (ECanaMboxesFile)

ECanbRegsFile 
*          1    00006200    00000034     UNINITIALIZED
                  00006200    00000034     DSP2833x_GlobalVariableDefs.obj (ECanbRegsFile)

ECanbLAMRegsFile 
*          1    00006240    00000040     UNINITIALIZED
                  00006240    00000040     DSP2833x_GlobalVariableDefs.obj (ECanbLAMRegsFile)

ECanbMboxesFile 
*          1    00006300    00000100     UNINITIALIZED
                  00006300    00000100     DSP2833x_GlobalVariableDefs.obj (ECanbMboxesFile)

EPwm1RegsFile 
*          1    00006800    00000022     UNINITIALIZED
                  00006800    00000022     DSP2833x_GlobalVariableDefs.obj (EPwm1RegsFile)

EPwm2RegsFile 
*          1    00006840    00000022     UNINITIALIZED
                  00006840    00000022     DSP2833x_GlobalVariableDefs.obj (EPwm2RegsFile)

EPwm3RegsFile 
*          1    00006880    00000022     UNINITIALIZED
                  00006880    00000022     DSP2833x_GlobalVariableDefs.obj (EPwm3RegsFile)

EPwm4RegsFile 
*          1    000068c0    00000022     UNINITIALIZED
                  000068c0    00000022     DSP2833x_GlobalVariableDefs.obj (EPwm4RegsFile)

EPwm5RegsFile 
*          1    00006900    00000022     UNINITIALIZED
                  00006900    00000022     DSP2833x_GlobalVariableDefs.obj (EPwm5RegsFile)

EPwm6RegsFile 
*          1    00006940    00000022     UNINITIALIZED
                  00006940    00000022     DSP2833x_GlobalVariableDefs.obj (EPwm6RegsFile)

ECap1RegsFile 
*          1    00006a00    00000020     UNINITIALIZED
                  00006a00    00000020     DSP2833x_GlobalVariableDefs.obj (ECap1RegsFile)

ECap2RegsFile 
*          1    00006a20    00000020     UNINITIALIZED
                  00006a20    00000020     DSP2833x_GlobalVariableDefs.obj (ECap2RegsFile)

ECap3RegsFile 
*          1    00006a40    00000020     UNINITIALIZED
                  00006a40    00000020     DSP2833x_GlobalVariableDefs.obj (ECap3RegsFile)

ECap4RegsFile 
*          1    00006a60    00000020     UNINITIALIZED
                  00006a60    00000020     DSP2833x_GlobalVariableDefs.obj (ECap4RegsFile)

ECap5RegsFile 
*          1    00006a80    00000020     UNINITIALIZED
                  00006a80    00000020     DSP2833x_GlobalVariableDefs.obj (ECap5RegsFile)

ECap6RegsFile 
*          1    00006aa0    00000020     UNINITIALIZED
                  00006aa0    00000020     DSP2833x_GlobalVariableDefs.obj (ECap6RegsFile)

EQep1RegsFile 
*          1    00006b00    00000040     UNINITIALIZED
                  00006b00    00000040     DSP2833x_GlobalVariableDefs.obj (EQep1RegsFile)

EQep2RegsFile 
*          1    00006b40    00000040     UNINITIALIZED
                  00006b40    00000040     DSP2833x_GlobalVariableDefs.obj (EQep2RegsFile)

GpioCtrlRegsFile 
*          1    00006f80    0000002e     UNINITIALIZED
                  00006f80    0000002e     DSP2833x_GlobalVariableDefs.obj (GpioCtrlRegsFile)

GpioDataRegsFile 
*          1    00006fc0    00000020     UNINITIALIZED
                  00006fc0    00000020     DSP2833x_GlobalVariableDefs.obj (GpioDataRegsFile)

GpioIntRegsFile 
*          1    00006fe0    0000000a     UNINITIALIZED
                  00006fe0    0000000a     DSP2833x_GlobalVariableDefs.obj (GpioIntRegsFile)

SysCtrlRegsFile 
*          1    00007010    00000020     UNINITIALIZED
                  00007010    00000020     DSP2833x_GlobalVariableDefs.obj (SysCtrlRegsFile)

SpiaRegsFile 
*          1    00007040    00000010     UNINITIALIZED
                  00007040    00000010     DSP2833x_GlobalVariableDefs.obj (SpiaRegsFile)

SciaRegsFile 
*          1    00007050    00000010     UNINITIALIZED
                  00007050    00000010     DSP2833x_GlobalVariableDefs.obj (SciaRegsFile)

XIntruptRegsFile 
*          1    00007070    00000010     UNINITIALIZED
                  00007070    00000010     DSP2833x_GlobalVariableDefs.obj (XIntruptRegsFile)

AdcRegsFile 
*          1    00007100    0000001e     UNINITIALIZED
                  00007100    0000001e     DSP2833x_GlobalVariableDefs.obj (AdcRegsFile)

ScibRegsFile 
*          1    00007750    00000010     UNINITIALIZED
                  00007750    00000010     DSP2833x_GlobalVariableDefs.obj (ScibRegsFile)

ScicRegsFile 
*          1    00007770    00000010     UNINITIALIZED
                  00007770    00000010     DSP2833x_GlobalVariableDefs.obj (ScicRegsFile)

I2caRegsFile 
*          1    00007900    00000022     UNINITIALIZED
                  00007900    00000022     DSP2833x_GlobalVariableDefs.obj (I2caRegsFile)

CsmPwlFile 
*          1    0033fff8    00000008     UNINITIALIZED
                  0033fff8    00000008     DSP2833x_GlobalVariableDefs.obj (CsmPwlFile)

PartIdRegsFile 
*          1    00380090    00000001     UNINITIALIZED
                  00380090    00000001     DSP2833x_GlobalVariableDefs.obj (PartIdRegsFile)

MODULE SUMMARY

       Module                            code    initialized data   uninitialized data
       ------                            ----    ----------------   ------------------
    .\
       pll.obj                           3392    140                1300              
       project_interrupts.obj            2843    128                224               
       DSP2833x_GlobalVariableDefs.obj   0       0                  2679              
       Interrupciones.obj                1094    0                  0                 
       modulacion_vectorial.obj          886     0                  0                 
       PWM_config.obj                    547     16                 4                 
       Gpio.obj                          294     0                  0                 
       ADC_config.obj                    279     0                  0                 
       PieVect.obj                       0       256                0                 
       SysCtrl.obj                       114     0                  0                 
       main.obj                          56      44                 11                
       SEQ_CORE.obj                      109     0                  0                 
       inversor.obj                      41      8                  2                 
       Pie_config.obj                    45      0                  0                 
       GRID_VALUES.obj                   41      0                  0                 
       PI_CONTROLLER.obj                 37      0                  0                 
       FE.obj                            32      0                  0                 
       SYM_COS.obj                       31      0                  0                 
       SYM_SIN.obj                       31      0                  0                 
       RATE_LIMITER.obj                  30      0                  0                 
       PARK.obj                          28      0                  0                 
       CLARKE.obj                        26      0                  0                 
       VCO.obj                           25      0                  0                 
       SIGNAL_3Ph.obj                    23      0                  0                 
       LIMITS.obj                        20      0                  0                 
       INTEGRATOR.obj                    18      0                  0                 
       DelayUs.obj                       16      0                  0                 
       Watchdog.obj                      15      0                  0                 
       ANG_DIFF.obj                      13      0                  0                 
       CodeStartBranch.obj               9       0                  0                 
       protections.obj                   0       0                  1                 
    +--+---------------------------------+-------+------------------+--------------------+
       Total:                            10095   592                4221              
                                                                                      
    C:\ti\ccs1260\ccs\tools\compiler\ti-cgt-c2000_22.6.1.LTS\lib\rts2800_fpu32.lib
       s_atanf.c.obj                     202     30                 0                 
       e_atan2f.c.obj                    210     12                 0                 
       e_fmodf.c.obj                     207     6                  0                 
       fs_div28.asm.obj                  136     0                  0                 
       s_sinf.c.obj                      102     0                  0                 
       s_cosf.c.obj                      99      0                  0                 
       s_ceilf.c.obj                     88      2                  0                 
       boot28.asm.obj                    86      0                  0                 
       exit.c.obj                        41      14                 6                 
       e_sqrtf.c.obj                     39      0                  0                 
       cpy_tbl.c.obj                     36      0                  0                 
       memcpy.c.obj                      29      0                  0                 
       _lock.c.obj                       9       10                 4                 
       args_main.c.obj                   18      0                  0                 
       errno.c.obj                       0       4                  1                 
       pre_init.c.obj                    2       0                  0                 
       startup.c.obj                     1       0                  0                 
    +--+---------------------------------+-------+------------------+--------------------+
       Total:                            1305    78                 11                
                                                                                      
       Stack:                            0       0                  768               
    +--+---------------------------------+-------+------------------+--------------------+
       Grand Total:                      11400   670                5000              


GLOBAL DATA SYMBOLS: SORTED BY DATA PAGE

address     data page           name
--------    ----------------    ----
00000400      10 (00000400)     __stack

00000880      22 (00000880)     _DevEmuRegs

00000a80      2a (00000a80)     _FlashRegs

00000ae0      2b (00000ac0)     _CsmRegs

00000b00      2c (00000b00)     _AdcMirror
00000b20      2c (00000b00)     _XintfRegs

00000c00      30 (00000c00)     _CpuTimer0Regs
00000c08      30 (00000c00)     _CpuTimer1Regs
00000c10      30 (00000c00)     _CpuTimer2Regs

00000ce0      33 (00000cc0)     _PieCtrlRegs

00000d00      34 (00000d00)     _PieVectTable

00001000      40 (00001000)     _DmaRegs

00005000     140 (00005000)     _McbspaRegs

00005040     141 (00005040)     _McbspbRegs

00006000     180 (00006000)     _ECanaRegs

00006040     181 (00006040)     _ECanaLAMRegs

00006080     182 (00006080)     _ECanaMOTSRegs

000060c0     183 (000060c0)     _ECanaMOTORegs

00006100     184 (00006100)     _ECanaMboxes

00006200     188 (00006200)     _ECanbRegs

00006240     189 (00006240)     _ECanbLAMRegs

00006280     18a (00006280)     _ECanbMOTSRegs

000062c0     18b (000062c0)     _ECanbMOTORegs

00006300     18c (00006300)     _ECanbMboxes

00006800     1a0 (00006800)     _EPwm1Regs

00006840     1a1 (00006840)     _EPwm2Regs

00006880     1a2 (00006880)     _EPwm3Regs

000068c0     1a3 (000068c0)     _EPwm4Regs

00006900     1a4 (00006900)     _EPwm5Regs

00006940     1a5 (00006940)     _EPwm6Regs

00006a00     1a8 (00006a00)     _ECap1Regs
00006a20     1a8 (00006a00)     _ECap2Regs

00006a40     1a9 (00006a40)     _ECap3Regs
00006a60     1a9 (00006a40)     _ECap4Regs

00006a80     1aa (00006a80)     _ECap5Regs
00006aa0     1aa (00006a80)     _ECap6Regs

00006b00     1ac (00006b00)     _EQep1Regs

00006b40     1ad (00006b40)     _EQep2Regs

00006f80     1be (00006f80)     _GpioCtrlRegs

00006fc0     1bf (00006fc0)     _GpioDataRegs
00006fe0     1bf (00006fc0)     _GpioIntRegs

00007010     1c0 (00007000)     _SysCtrlRegs

00007040     1c1 (00007040)     _SpiaRegs
00007050     1c1 (00007040)     _SciaRegs
00007070     1c1 (00007040)     _XIntruptRegs

00007100     1c4 (00007100)     _AdcRegs

00007750     1dd (00007740)     _ScibRegs
00007770     1dd (00007740)     _ScicRegs

00007900     1e4 (00007900)     _I2caRegs

0000adf2     2b7 (0000adc0)     _PieVectTableInit

0000af20     2bc (0000af00)     _L

0000c000     300 (0000c000)     _show_phase
0000c001     300 (0000c000)     _show_freq
0000c002     300 (0000c000)     _show_phase_a
0000c004     300 (0000c000)     _amplitud_i
0000c006     300 (0000c000)     _dtheta_di
0000c008     300 (0000c000)     _time_step
0000c00a     300 (0000c000)     _offet_Va
0000c00c     300 (0000c000)     _factor_tercero
0000c00e     300 (0000c000)     _factor_quinto
0000c010     300 (0000c000)     _factor_septimo
0000c012     300 (0000c000)     _factor_NS
0000c014     300 (0000c000)     _U1N_COMP_ENABLE
0000c016     300 (0000c000)     _U5_COMP_ENABLE
0000c018     300 (0000c000)     _U7_COMP_ENABLE
0000c01a     300 (0000c000)     _EPLL_u0
0000c01c     300 (0000c000)     _EPLL_u1
0000c01e     300 (0000c000)     _EPLL_u2
0000c020     300 (0000c000)     _EPLL_u3
0000c022     300 (0000c000)     _pendiente_chilena
0000c024     300 (0000c000)     _uuun
0000c026     300 (0000c000)     _uuu3
0000c028     300 (0000c000)     _uun3
0000c02a     300 (0000c000)     _uuu5
0000c02c     300 (0000c000)     _uun5
0000c02e     300 (0000c000)     _uuu7
0000c030     300 (0000c000)     _uun7
0000c032     300 (0000c000)     _INT_CC_A

0000c040     301 (0000c040)     _INT_CC_B
0000c048     301 (0000c040)     _INT_CC_C
0000c050     301 (0000c040)     _SGN_3Ph_V
0000c05a     301 (0000c040)     _SGN_3Ph_I
0000c064     301 (0000c040)     _AUX_VCO
0000c06e     301 (0000c040)     _FIFTH_VCO

0000c080     302 (0000c080)     _SEVENTH_VCO
0000c08a     302 (0000c080)     _ELEVENTH_VCO
0000c094     302 (0000c080)     _SGN_NSC_V
0000c09e     302 (0000c080)     _SGN_3th_V
0000c0a8     302 (0000c080)     _SGN_5th_V
0000c0b2     302 (0000c080)     _SGN_7th_V

0000c0c0     303 (0000c0c0)     _SGN_11th_V
0000c0ca     303 (0000c0c0)     _Conv
0000c0e2     303 (0000c0c0)     _FE_U1

0000c100     304 (0000c100)     _rampa
0000c110     304 (0000c100)     _Grid

0000c140     305 (0000c140)     _PSC_U1

0000c1c0     307 (0000c1c0)     _NSC_U1

0000c240     309 (0000c240)     _NSC_U3

0000c2c0     30b (0000c2c0)     _PSC_U3

0000c340     30d (0000c340)     _PSC_U5

0000c3c0     30f (0000c3c0)     _NSC_U5

0000c440     311 (0000c440)     _PSC_U7

0000c4c0     313 (0000c4c0)     _NSC_U7

0000c50e     314 (0000c500)     _habilitar_cdc
0000c50f     314 (0000c500)     _habilitar_cac
0000c510     314 (0000c500)     _habilitar_ipm
0000c511     314 (0000c500)     _habilitar_precarga
0000c512     314 (0000c500)     _encender_convertidor
0000c513     314 (0000c500)     _encender_sistema
0000c514     314 (0000c500)     _cac_state
0000c515     314 (0000c500)     _cdc_state
0000c516     314 (0000c500)     _qac_state
0000c517     314 (0000c500)     _qdc_state
0000c518     314 (0000c500)     _relay_state
0000c519     314 (0000c500)     _PROTECTION_FLAGS
0000c51a     314 (0000c500)     _VPLL
0000c520     314 (0000c500)     ___TI_enable_exit_profile_output
0000c522     314 (0000c500)     ___TI_cleanup_ptr
0000c524     314 (0000c500)     ___TI_dtors_ptr
0000c52a     314 (0000c500)     __lock
0000c52c     314 (0000c500)     __unlock
0000c52f     314 (0000c500)     _activo
0000c530     314 (0000c500)     _errno

0000c540     315 (0000c540)     _trip_events
0000c544     315 (0000c540)     _idsp
0000c546     315 (0000c540)     _iqsp
0000c548     315 (0000c540)     _w
0000c54a     315 (0000c540)     _kadj
0000c54c     315 (0000c540)     _Ri
0000c54e     315 (0000c540)     _Si
0000c550     315 (0000c540)     _Ti
0000c552     315 (0000c540)     _Rv
0000c554     315 (0000c540)     _Sv
0000c556     315 (0000c540)     _Tv
0000c558     315 (0000c540)     _Yv
0000c55a     315 (0000c540)     _sRv
0000c55c     315 (0000c540)     _sSv
0000c55e     315 (0000c540)     _sTv
0000c560     315 (0000c540)     _modmod
0000c562     315 (0000c540)     _PI_ENABLED
0000c564     315 (0000c540)     _I_FF_ENABLED
0000c566     315 (0000c540)     _kp_control_i
0000c568     315 (0000c540)     _ki_control_i
0000c56a     315 (0000c540)     _k_nsc
0000c56c     315 (0000c540)     _k_5th
0000c56e     315 (0000c540)     _k_7th
0000c570     315 (0000c540)     _k_11th
0000c572     315 (0000c540)     _amplitud_v
0000c574     315 (0000c540)     _amp_aux
0000c576     315 (0000c540)     _dw_aux
0000c578     315 (0000c540)     _dtheta_aux
0000c57a     315 (0000c540)     _theta_out
0000c57c     315 (0000c540)     _modulo_out

0000c584     316 (0000c580)     _theta_error

0000c5c0     317 (0000c5c0)     _tension_simulada

0033fff8    cfff (0033ffc0)     _CsmPwl

00380090    e002 (00380080)     _PartIdRegs


GLOBAL SYMBOLS: SORTED ALPHABETICALLY BY Name 

page  address   name                                 
----  -------   ----                                 
1     0000c000  .bss                                 
0     00008000  .text                                
0     0000aa77  C$$EXIT                              
0     0000a6e2  FS$$DIV                              
0     00009951  _ADCINT_ISR                          
0     0000ac66  _ANG_DIFF_init                       
1     0000c064  _AUX_VCO                             
1     00000b00  _AdcMirror                           
1     00007100  _AdcRegs                             
0     0000abc5  _CLARKE_init                         
1     0000c0ca  _Conv                                
1     00000c00  _CpuTimer0Regs                       
1     00000c08  _CpuTimer1Regs                       
1     00000c10  _CpuTimer2Regs                       
1     0033fff8  _CsmPwl                              
1     00000ae0  _CsmRegs                             
0     0000986f  _DATALOG_ISR                         
0     00009b39  _DINTCH1_ISR                         
0     00009b47  _DINTCH2_ISR                         
0     00009b55  _DINTCH3_ISR                         
0     00009b63  _DINTCH4_ISR                         
0     00009b71  _DINTCH5_ISR                         
0     00009b7f  _DINTCH6_ISR                         
0     0000ac47  _DelayUs                             
1     00000880  _DevEmuRegs                          
1     00001000  _DmaRegs                             
0     00009bfd  _ECAN0INTA_ISR                       
0     00009c19  _ECAN0INTB_ISR                       
0     00009c0b  _ECAN1INTA_ISR                       
0     00009c27  _ECAN1INTB_ISR                       
0     00009a75  _ECAP1_INT_ISR                       
0     00009a83  _ECAP2_INT_ISR                       
0     00009a91  _ECAP3_INT_ISR                       
0     00009a9f  _ECAP4_INT_ISR                       
0     00009aad  _ECAP5_INT_ISR                       
0     00009abb  _ECAP6_INT_ISR                       
1     00006040  _ECanaLAMRegs                        
1     000060c0  _ECanaMOTORegs                       
1     00006080  _ECanaMOTSRegs                       
1     00006100  _ECanaMboxes                         
1     00006000  _ECanaRegs                           
1     00006240  _ECanbLAMRegs                        
1     000062c0  _ECanbMOTORegs                       
1     00006280  _ECanbMOTSRegs                       
1     00006300  _ECanbMboxes                         
1     00006200  _ECanbRegs                           
1     00006a00  _ECap1Regs                           
1     00006a20  _ECap2Regs                           
1     00006a40  _ECap3Regs                           
1     00006a60  _ECap4Regs                           
1     00006a80  _ECap5Regs                           
1     00006aa0  _ECap6Regs                           
1     0000c08a  _ELEVENTH_VCO                        
0     00009883  _EMUINT_ISR                          
1     0000c01a  _EPLL_u0                             
1     0000c01c  _EPLL_u1                             
1     0000c01e  _EPLL_u2                             
1     0000c020  _EPLL_u3                             
0     000099f3  _EPWM1_INT_ISR                       
0     00009988  _EPWM1_TZINT_ISR                     
0     00009a28  _EPWM2_INT_ISR                       
0     000099ad  _EPWM2_TZINT_ISR                     
0     00009a36  _EPWM3_INT_ISR                       
0     000099bb  _EPWM3_TZINT_ISR                     
0     00009a44  _EPWM4_INT_ISR                       
0     000099c9  _EPWM4_TZINT_ISR                     
0     00009a59  _EPWM5_INT_ISR                       
0     000099d7  _EPWM5_TZINT_ISR                     
0     00009a67  _EPWM6_INT_ISR                       
0     000099e5  _EPWM6_TZINT_ISR                     
1     00006800  _EPwm1Regs                           
1     00006840  _EPwm2Regs                           
1     00006880  _EPwm3Regs                           
1     000068c0  _EPwm4Regs                           
1     00006900  _EPwm5Regs                           
1     00006940  _EPwm6Regs                           
0     00009ac9  _EQEP1_INT_ISR                       
0     00009ad7  _EQEP2_INT_ISR                       
1     00006b00  _EQep1Regs                           
1     00006b40  _EQep2Regs                           
1     0000c0e2  _FE_U1                               
0     0000ab10  _FE_init                             
1     0000c06e  _FIFTH_VCO                           
1     00000a80  _FlashRegs                           
0     0000aa25  _GRID_VALUES_init                    
1     00006f80  _GpioCtrlRegs                        
1     00006fc0  _GpioDataRegs                        
1     00006fe0  _GpioIntRegs                         
1     0000c110  _Grid                                
0     00009b8d  _I2CINT1A_ISR                        
0     00009b9b  _I2CINT2A_ISR                        
1     00007900  _I2caRegs                            
0     00009897  _ILLEGAL_ISR                         
0     0000985b  _INT13_ISR                           
0     00009865  _INT14_ISR                           
0     0000ac23  _INTEGRATOR_init                     
1     0000c032  _INT_CC_A                            
1     0000c040  _INT_CC_B                            
1     0000c048  _INT_CC_C                            
1     0000c564  _I_FF_ENABLED                        
0     0000a360  _InitAdc                             
0     0000a027  _InitEPwm123_withInterrupt           
0     0000a144  _InitEPwm123_withInterrupt_pwm4_debug
0     0000a23a  _InitGpio                            
0     0000aa4e  _InitInversor                        
0     0000a9f8  _InitPieCtrl                         
0     0000a76a  _InitSysCtrl                         
0     0000ac57  _InitWatchdog                        
0     0000aa73  _IsInversorOn                        
0     0000af20  _L                                   
0     0000ac0f  _LIMITS_init                         
0     00009c89  _LUF_ISR                             
0     00009c7b  _LVF_ISR                             
0     00009b1d  _MRINTA_ISR                          
0     00009b01  _MRINTB_ISR                          
0     00009b2b  _MXINTA_ISR                          
0     00009b0f  _MXINTB_ISR                          
1     00005000  _McbspaRegs                          
1     00005040  _McbspbRegs                          
0     0000988d  _NMI_ISR                             
1     0000c1c0  _NSC_U1                              
1     0000c240  _NSC_U3                              
1     0000c3c0  _NSC_U5                              
1     0000c4c0  _NSC_U7                              
0     0000aba9  _PARK_init                           
0     0000aac7  _PI_CONTROLLER_init                  
1     0000c562  _PI_ENABLED                          
1     0000c519  _PROTECTION_FLAGS                    
1     0000c140  _PSC_U1                              
1     0000c2c0  _PSC_U3                              
1     0000c340  _PSC_U5                              
1     0000c440  _PSC_U7                              
1     00380090  _PartIdRegs                          
1     00000ce0  _PieCtrlRegs                         
1     00000d00  _PieVectTable                        
0     0000adf2  _PieVectTableInit                    
0     0000ab6e  _RATE_LIMITER_init                   
0     00009879  _RTOSINT_ISR                         
1     0000c54c  _Ri                                  
1     0000c552  _Rv                                  
0     00009bc5  _SCIRXINTA_ISR                       
0     00009be1  _SCIRXINTB_ISR                       
0     00009ba9  _SCIRXINTC_ISR                       
0     00009bd3  _SCITXINTA_ISR                       
0     00009bef  _SCITXINTB_ISR                       
0     00009bb7  _SCITXINTC_ISR                       
0     00009919  _SEQ1INT_ISR                         
0     00009927  _SEQ2INT_ISR                         
0     0000a7dc  _SEQ_CORE_init                       
1     0000c080  _SEVENTH_VCO                         
1     0000c0c0  _SGN_11th_V                          
1     0000c05a  _SGN_3Ph_I                           
1     0000c050  _SGN_3Ph_V                           
1     0000c09e  _SGN_3th_V                           
1     0000c0a8  _SGN_5th_V                           
1     0000c0b2  _SGN_7th_V                           
1     0000c094  _SGN_NSC_V                           
0     0000abf8  _SIGNAL_3Ph_init                     
0     00009ae5  _SPIRXINTA_ISR                       
0     00009af3  _SPITXINTA_ISR                       
0     0000ab30  _SYM_COS_init                        
0     0000ab4f  _SYM_SIN_init                        
1     00007050  _SciaRegs                            
1     00007750  _ScibRegs                            
1     00007770  _ScicRegs                            
1     0000c54e  _Si                                  
1     00007040  _SpiaRegs                            
0     0000aa5e  _StartInversor                       
0     0000aa63  _StopInversor                        
1     0000c554  _Sv                                  
1     00007010  _SysCtrlRegs                         
0     0000996c  _TINT0_ISR                           
1     0000c550  _Ti                                  
1     0000c556  _Tv                                  
1     0000c014  _U1N_COMP_ENABLE                     
1     0000c016  _U5_COMP_ENABLE                      
1     0000c018  _U7_COMP_ENABLE                      
0     000098fb  _USER10_ISR                          
0     00009905  _USER11_ISR                          
0     0000990f  _USER12_ISR                          
0     000098a1  _USER1_ISR                           
0     000098ab  _USER2_ISR                           
0     000098b5  _USER3_ISR                           
0     000098bf  _USER4_ISR                           
0     000098c9  _USER5_ISR                           
0     000098d3  _USER6_ISR                           
0     000098dd  _USER7_ISR                           
0     000098e7  _USER8_ISR                           
0     000098f1  _USER9_ISR                           
0     0000abdf  _VCO_init                            
1     0000c51a  _VPLL                                
0     0000997a  _WAKEINT_ISR                         
0     00009935  _XINT1_ISR                           
0     00009943  _XINT2_ISR                           
0     00009c35  _XINT3_ISR                           
0     00009c43  _XINT4_ISR                           
0     00009c51  _XINT5_ISR                           
0     00009c5f  _XINT6_ISR                           
0     00009c6d  _XINT7_ISR                           
1     00007070  _XIntruptRegs                        
1     00000b20  _XintfRegs                           
1     0000c558  _Yv                                  
1     00000700  __STACK_END                          
abs   00000300  __STACK_SIZE                         
1     0000c522  ___TI_cleanup_ptr                    
1     0000c524  ___TI_dtors_ptr                      
1     0000c520  ___TI_enable_exit_profile_output     
abs   ffffffff  ___TI_pprof_out_hndl                 
abs   ffffffff  ___TI_prof_data_size                 
abs   ffffffff  ___TI_prof_data_start                
abs   ffffffff  ___binit__                           
1     0000c000  ___bss__                             
abs   ffffffff  ___c_args__                          
0     0000ac86  ___cinit__                           
1     0000c000  ___end__                             
0     0000ac86  ___etext__                           
abs   ffffffff  ___pinit__                           
0     00008000  ___text__                            
0     0000ac35  __args_main                          
1     0000c52a  __lock                               
0     0000ac7b  __nop                                
0     0000ac77  __register_lock                      
0     0000ac73  __register_unlock                    
1     00000400  __stack                              
0     0000ac85  __system_post_cinit                  
0     0000ac83  __system_pre_init                    
1     0000c52c  __unlock                             
0     0000aa77  _abort                               
1     0000c52f  _activo                              
0     0000a385  _adc1                                
0     0000a3a9  _adc2                                
0     0000a3d2  _adc4                                
0     0000a3fb  _adc5                                
0     0000a433  _adc6                                
1     0000c574  _amp_aux                             
1     0000c004  _amplitud_i                          
1     0000c572  _amplitud_v                          
0     0000a618  _atan                                
0     0000a477  _atan2                               
0     0000a477  _atan2f                              
0     0000a618  _atanf                               
0     0000a96a  _c_int00                             
1     0000c514  _cac_state                           
1     0000c515  _cdc_state                           
0     0000a912  _ceil                                
0     0000a912  _ceilf                               
0     0000aaec  _copy_in                             
0     0000a8af  _cos                                 
0     0000a8af  _cosf                                
0     0000a01f  _disableEPWMClock                    
1     0000c578  _dtheta_aux                          
1     0000c006  _dtheta_di                           
1     0000c576  _dw_aux                              
0     0000a017  _enableEPWMClock                     
1     0000c512  _encender_convertidor                
1     0000c513  _encender_sistema                    
1     0000c530  _errno                               
0     0000aa79  _exit                                
1     0000c012  _factor_NS                           
1     0000c00e  _factor_quinto                       
1     0000c010  _factor_septimo                      
1     0000c00c  _factor_tercero                      
0     0000a549  _fmod                                
0     0000a549  _fmodf                               
1     0000c50f  _habilitar_cac                       
1     0000c50e  _habilitar_cdc                       
1     0000c510  _habilitar_ipm                       
1     0000c511  _habilitar_precarga                  
1     0000c544  _idsp                                
0     00009ca1  _imprimir_vector                     
0     00009e5c  _imprimir_vector_vbus                
0     000097c6  _init_interrupts_macros              
1     0000c546  _iqsp                                
1     0000c570  _k_11th                              
1     0000c56c  _k_5th                               
1     0000c56e  _k_7th                               
1     0000c56a  _k_nsc                               
1     0000c54a  _kadj                                
1     0000c568  _ki_control_i                        
1     0000c566  _kp_control_i                        
0     0000a9c0  _main                                
0     0000ab8c  _memcpy                              
1     0000c560  _modmod                              
1     0000c57c  _modulo_out                          
1     0000c00a  _offet_Va                            
1     0000c022  _pendiente_chilena                   
0     0000a211  _pwm4_init                           
1     0000c516  _qac_state                           
1     0000c517  _qdc_state                           
1     0000c100  _rampa                               
1     0000c518  _relay_state                         
0     00009c97  _rsvd_ISR                            
0     000097fe  _run_converter_mef                   
0     00009308  _run_interrupt                       
0     00008000  _run_pll                             
1     0000c55a  _sRv                                 
1     0000c55c  _sSv                                 
1     0000c55e  _sTv                                 
1     0000c001  _show_freq                           
1     0000c000  _show_phase                          
1     0000c002  _show_phase_a                        
0     00008db1  _sim_get                             
0     00008d40  _sim_init                            
0     0000a849  _sin                                 
0     0000a849  _sinf                                
0     0000aaa0  _sqrt                                
0     0000aaa0  _sqrtf                               
1     0000c5c0  _tension_simulada                    
1     0000c584  _theta_error                         
1     0000c57a  _theta_out                           
1     0000c008  _time_step                           
1     0000c540  _trip_events                         
1     0000c028  _uun3                                
1     0000c02c  _uun5                                
1     0000c030  _uun7                                
1     0000c026  _uuu3                                
1     0000c02a  _uuu5                                
1     0000c02e  _uuu7                                
1     0000c024  _uuun                                
1     0000c548  _w                                   
abs   ffffffff  binit                                
0     0000ac86  cinit                                
1     0000c000  end                                  
0     0000ac86  etext                                
abs   ffffffff  pinit                                


GLOBAL SYMBOLS: SORTED BY Symbol Address 

page  address   name                                 
----  -------   ----                                 
0     00008000  .text                                
0     00008000  ___text__                            
0     00008000  _run_pll                             
0     00008d40  _sim_init                            
0     00008db1  _sim_get                             
0     00009308  _run_interrupt                       
0     000097c6  _init_interrupts_macros              
0     000097fe  _run_converter_mef                   
0     0000985b  _INT13_ISR                           
0     00009865  _INT14_ISR                           
0     0000986f  _DATALOG_ISR                         
0     00009879  _RTOSINT_ISR                         
0     00009883  _EMUINT_ISR                          
0     0000988d  _NMI_ISR                             
0     00009897  _ILLEGAL_ISR                         
0     000098a1  _USER1_ISR                           
0     000098ab  _USER2_ISR                           
0     000098b5  _USER3_ISR                           
0     000098bf  _USER4_ISR                           
0     000098c9  _USER5_ISR                           
0     000098d3  _USER6_ISR                           
0     000098dd  _USER7_ISR                           
0     000098e7  _USER8_ISR                           
0     000098f1  _USER9_ISR                           
0     000098fb  _USER10_ISR                          
0     00009905  _USER11_ISR                          
0     0000990f  _USER12_ISR                          
0     00009919  _SEQ1INT_ISR                         
0     00009927  _SEQ2INT_ISR                         
0     00009935  _XINT1_ISR                           
0     00009943  _XINT2_ISR                           
0     00009951  _ADCINT_ISR                          
0     0000996c  _TINT0_ISR                           
0     0000997a  _WAKEINT_ISR                         
0     00009988  _EPWM1_TZINT_ISR                     
0     000099ad  _EPWM2_TZINT_ISR                     
0     000099bb  _EPWM3_TZINT_ISR                     
0     000099c9  _EPWM4_TZINT_ISR                     
0     000099d7  _EPWM5_TZINT_ISR                     
0     000099e5  _EPWM6_TZINT_ISR                     
0     000099f3  _EPWM1_INT_ISR                       
0     00009a28  _EPWM2_INT_ISR                       
0     00009a36  _EPWM3_INT_ISR                       
0     00009a44  _EPWM4_INT_ISR                       
0     00009a59  _EPWM5_INT_ISR                       
0     00009a67  _EPWM6_INT_ISR                       
0     00009a75  _ECAP1_INT_ISR                       
0     00009a83  _ECAP2_INT_ISR                       
0     00009a91  _ECAP3_INT_ISR                       
0     00009a9f  _ECAP4_INT_ISR                       
0     00009aad  _ECAP5_INT_ISR                       
0     00009abb  _ECAP6_INT_ISR                       
0     00009ac9  _EQEP1_INT_ISR                       
0     00009ad7  _EQEP2_INT_ISR                       
0     00009ae5  _SPIRXINTA_ISR                       
0     00009af3  _SPITXINTA_ISR                       
0     00009b01  _MRINTB_ISR                          
0     00009b0f  _MXINTB_ISR                          
0     00009b1d  _MRINTA_ISR                          
0     00009b2b  _MXINTA_ISR                          
0     00009b39  _DINTCH1_ISR                         
0     00009b47  _DINTCH2_ISR                         
0     00009b55  _DINTCH3_ISR                         
0     00009b63  _DINTCH4_ISR                         
0     00009b71  _DINTCH5_ISR                         
0     00009b7f  _DINTCH6_ISR                         
0     00009b8d  _I2CINT1A_ISR                        
0     00009b9b  _I2CINT2A_ISR                        
0     00009ba9  _SCIRXINTC_ISR                       
0     00009bb7  _SCITXINTC_ISR                       
0     00009bc5  _SCIRXINTA_ISR                       
0     00009bd3  _SCITXINTA_ISR                       
0     00009be1  _SCIRXINTB_ISR                       
0     00009bef  _SCITXINTB_ISR                       
0     00009bfd  _ECAN0INTA_ISR                       
0     00009c0b  _ECAN1INTA_ISR                       
0     00009c19  _ECAN0INTB_ISR                       
0     00009c27  _ECAN1INTB_ISR                       
0     00009c35  _XINT3_ISR                           
0     00009c43  _XINT4_ISR                           
0     00009c51  _XINT5_ISR                           
0     00009c5f  _XINT6_ISR                           
0     00009c6d  _XINT7_ISR                           
0     00009c7b  _LVF_ISR                             
0     00009c89  _LUF_ISR                             
0     00009c97  _rsvd_ISR                            
0     00009ca1  _imprimir_vector                     
0     00009e5c  _imprimir_vector_vbus                
0     0000a017  _enableEPWMClock                     
0     0000a01f  _disableEPWMClock                    
0     0000a027  _InitEPwm123_withInterrupt           
0     0000a144  _InitEPwm123_withInterrupt_pwm4_debug
0     0000a211  _pwm4_init                           
0     0000a23a  _InitGpio                            
0     0000a360  _InitAdc                             
0     0000a385  _adc1                                
0     0000a3a9  _adc2                                
0     0000a3d2  _adc4                                
0     0000a3fb  _adc5                                
0     0000a433  _adc6                                
0     0000a477  _atan2                               
0     0000a477  _atan2f                              
0     0000a549  _fmod                                
0     0000a549  _fmodf                               
0     0000a618  _atan                                
0     0000a618  _atanf                               
0     0000a6e2  FS$$DIV                              
0     0000a76a  _InitSysCtrl                         
0     0000a7dc  _SEQ_CORE_init                       
0     0000a849  _sin                                 
0     0000a849  _sinf                                
0     0000a8af  _cos                                 
0     0000a8af  _cosf                                
0     0000a912  _ceil                                
0     0000a912  _ceilf                               
0     0000a96a  _c_int00                             
0     0000a9c0  _main                                
0     0000a9f8  _InitPieCtrl                         
0     0000aa25  _GRID_VALUES_init                    
0     0000aa4e  _InitInversor                        
0     0000aa5e  _StartInversor                       
0     0000aa63  _StopInversor                        
0     0000aa73  _IsInversorOn                        
0     0000aa77  C$$EXIT                              
0     0000aa77  _abort                               
0     0000aa79  _exit                                
0     0000aaa0  _sqrt                                
0     0000aaa0  _sqrtf                               
0     0000aac7  _PI_CONTROLLER_init                  
0     0000aaec  _copy_in                             
0     0000ab10  _FE_init                             
0     0000ab30  _SYM_COS_init                        
0     0000ab4f  _SYM_SIN_init                        
0     0000ab6e  _RATE_LIMITER_init                   
0     0000ab8c  _memcpy                              
0     0000aba9  _PARK_init                           
0     0000abc5  _CLARKE_init                         
0     0000abdf  _VCO_init                            
0     0000abf8  _SIGNAL_3Ph_init                     
0     0000ac0f  _LIMITS_init                         
0     0000ac23  _INTEGRATOR_init                     
0     0000ac35  __args_main                          
0     0000ac47  _DelayUs                             
0     0000ac57  _InitWatchdog                        
0     0000ac66  _ANG_DIFF_init                       
0     0000ac73  __register_unlock                    
0     0000ac77  __register_lock                      
0     0000ac7b  __nop                                
0     0000ac83  __system_pre_init                    
0     0000ac85  __system_post_cinit                  
0     0000ac86  ___cinit__                           
0     0000ac86  ___etext__                           
0     0000ac86  cinit                                
0     0000ac86  etext                                
0     0000adf2  _PieVectTableInit                    
0     0000af20  _L                                   
1     00000400  __stack                              
1     00000700  __STACK_END                          
1     00000880  _DevEmuRegs                          
1     00000a80  _FlashRegs                           
1     00000ae0  _CsmRegs                             
1     00000b00  _AdcMirror                           
1     00000b20  _XintfRegs                           
1     00000c00  _CpuTimer0Regs                       
1     00000c08  _CpuTimer1Regs                       
1     00000c10  _CpuTimer2Regs                       
1     00000ce0  _PieCtrlRegs                         
1     00000d00  _PieVectTable                        
1     00001000  _DmaRegs                             
1     00005000  _McbspaRegs                          
1     00005040  _McbspbRegs                          
1     00006000  _ECanaRegs                           
1     00006040  _ECanaLAMRegs                        
1     00006080  _ECanaMOTSRegs                       
1     000060c0  _ECanaMOTORegs                       
1     00006100  _ECanaMboxes                         
1     00006200  _ECanbRegs                           
1     00006240  _ECanbLAMRegs                        
1     00006280  _ECanbMOTSRegs                       
1     000062c0  _ECanbMOTORegs                       
1     00006300  _ECanbMboxes                         
1     00006800  _EPwm1Regs                           
1     00006840  _EPwm2Regs                           
1     00006880  _EPwm3Regs                           
1     000068c0  _EPwm4Regs                           
1     00006900  _EPwm5Regs                           
1     00006940  _EPwm6Regs                           
1     00006a00  _ECap1Regs                           
1     00006a20  _ECap2Regs                           
1     00006a40  _ECap3Regs                           
1     00006a60  _ECap4Regs                           
1     00006a80  _ECap5Regs                           
1     00006aa0  _ECap6Regs                           
1     00006b00  _EQep1Regs                           
1     00006b40  _EQep2Regs                           
1     00006f80  _GpioCtrlRegs                        
1     00006fc0  _GpioDataRegs                        
1     00006fe0  _GpioIntRegs                         
1     00007010  _SysCtrlRegs                         
1     00007040  _SpiaRegs                            
1     00007050  _SciaRegs                            
1     00007070  _XIntruptRegs                        
1     00007100  _AdcRegs                             
1     00007750  _ScibRegs                            
1     00007770  _ScicRegs                            
1     00007900  _I2caRegs                            
1     0000c000  .bss                                 
1     0000c000  ___bss__                             
1     0000c000  ___end__                             
1     0000c000  _show_phase                          
1     0000c000  end                                  
1     0000c001  _show_freq                           
1     0000c002  _show_phase_a                        
1     0000c004  _amplitud_i                          
1     0000c006  _dtheta_di                           
1     0000c008  _time_step                           
1     0000c00a  _offet_Va                            
1     0000c00c  _factor_tercero                      
1     0000c00e  _factor_quinto                       
1     0000c010  _factor_septimo                      
1     0000c012  _factor_NS                           
1     0000c014  _U1N_COMP_ENABLE                     
1     0000c016  _U5_COMP_ENABLE                      
1     0000c018  _U7_COMP_ENABLE                      
1     0000c01a  _EPLL_u0                             
1     0000c01c  _EPLL_u1                             
1     0000c01e  _EPLL_u2                             
1     0000c020  _EPLL_u3                             
1     0000c022  _pendiente_chilena                   
1     0000c024  _uuun                                
1     0000c026  _uuu3                                
1     0000c028  _uun3                                
1     0000c02a  _uuu5                                
1     0000c02c  _uun5                                
1     0000c02e  _uuu7                                
1     0000c030  _uun7                                
1     0000c032  _INT_CC_A                            
1     0000c040  _INT_CC_B                            
1     0000c048  _INT_CC_C                            
1     0000c050  _SGN_3Ph_V                           
1     0000c05a  _SGN_3Ph_I                           
1     0000c064  _AUX_VCO                             
1     0000c06e  _FIFTH_VCO                           
1     0000c080  _SEVENTH_VCO                         
1     0000c08a  _ELEVENTH_VCO                        
1     0000c094  _SGN_NSC_V                           
1     0000c09e  _SGN_3th_V                           
1     0000c0a8  _SGN_5th_V                           
1     0000c0b2  _SGN_7th_V                           
1     0000c0c0  _SGN_11th_V                          
1     0000c0ca  _Conv                                
1     0000c0e2  _FE_U1                               
1     0000c100  _rampa                               
1     0000c110  _Grid                                
1     0000c140  _PSC_U1                              
1     0000c1c0  _NSC_U1                              
1     0000c240  _NSC_U3                              
1     0000c2c0  _PSC_U3                              
1     0000c340  _PSC_U5                              
1     0000c3c0  _NSC_U5                              
1     0000c440  _PSC_U7                              
1     0000c4c0  _NSC_U7                              
1     0000c50e  _habilitar_cdc                       
1     0000c50f  _habilitar_cac                       
1     0000c510  _habilitar_ipm                       
1     0000c511  _habilitar_precarga                  
1     0000c512  _encender_convertidor                
1     0000c513  _encender_sistema                    
1     0000c514  _cac_state                           
1     0000c515  _cdc_state                           
1     0000c516  _qac_state                           
1     0000c517  _qdc_state                           
1     0000c518  _relay_state                         
1     0000c519  _PROTECTION_FLAGS                    
1     0000c51a  _VPLL                                
1     0000c520  ___TI_enable_exit_profile_output     
1     0000c522  ___TI_cleanup_ptr                    
1     0000c524  ___TI_dtors_ptr                      
1     0000c52a  __lock                               
1     0000c52c  __unlock                             
1     0000c52f  _activo                              
1     0000c530  _errno                               
1     0000c540  _trip_events                         
1     0000c544  _idsp                                
1     0000c546  _iqsp                                
1     0000c548  _w                                   
1     0000c54a  _kadj                                
1     0000c54c  _Ri                                  
1     0000c54e  _Si                                  
1     0000c550  _Ti                                  
1     0000c552  _Rv                                  
1     0000c554  _Sv                                  
1     0000c556  _Tv                                  
1     0000c558  _Yv                                  
1     0000c55a  _sRv                                 
1     0000c55c  _sSv                                 
1     0000c55e  _sTv                                 
1     0000c560  _modmod                              
1     0000c562  _PI_ENABLED                          
1     0000c564  _I_FF_ENABLED                        
1     0000c566  _kp_control_i                        
1     0000c568  _ki_control_i                        
1     0000c56a  _k_nsc                               
1     0000c56c  _k_5th                               
1     0000c56e  _k_7th                               
1     0000c570  _k_11th                              
1     0000c572  _amplitud_v                          
1     0000c574  _amp_aux                             
1     0000c576  _dw_aux                              
1     0000c578  _dtheta_aux                          
1     0000c57a  _theta_out                           
1     0000c57c  _modulo_out                          
1     0000c584  _theta_error                         
1     0000c5c0  _tension_simulada                    
1     0033fff8  _CsmPwl                              
1     00380090  _PartIdRegs                          
abs   00000300  __STACK_SIZE                         
abs   ffffffff  ___TI_pprof_out_hndl                 
abs   ffffffff  ___TI_prof_data_size                 
abs   ffffffff  ___TI_prof_data_start                
abs   ffffffff  ___binit__                           
abs   ffffffff  ___c_args__                          
abs   ffffffff  ___pinit__                           
abs   ffffffff  binit                                
abs   ffffffff  pinit                                

[325 symbols]
