******************************************************************************
             TMS320C2000 Linker PC v22.6.1                     
******************************************************************************
>> Linked Thu Oct 30 20:29:34 2025

OUTPUT FILE NAME:   <ensayo_IO.out>
ENTRY POINT SYMBOL: "_c_int00"  address: 0000a874


MEMORY CONFIGURATION

         name            origin    length      used     unused   attr    fill
----------------------  --------  ---------  --------  --------  ----  --------
PAGE 0:
  BEGIN_M0              00000000   00000002  00000002  00000000  RWIX
  L0123SARAM            00008000   00004000  00002d47  000012b9  RWIX
  RESET                 003fffc0   00000002  00000000  00000002  RWIX

PAGE 1:
  M0SARAM               00000002   000003fe  00000000  000003fe  RWIX
  M1SARAM               00000400   00000400  00000300  00000100  RWIX
  DEV_EMU               00000880   00000180  000000d0  000000b0  RWIX
  FLASH_REGS            00000a80   00000060  00000008  00000058  RWIX
  CSM                   00000ae0   00000010  00000010  00000000  RWIX
  ADC_MIRROR            00000b00   00000010  00000010  00000000  RWIX
  XINTF                 00000b20   00000020  0000001e  00000002  RWIX
  CPU_TIMER0            00000c00   00000008  00000008  00000000  RWIX
  CPU_TIMER1            00000c08   00000008  00000008  00000000  RWIX
  CPU_TIMER2            00000c10   00000008  00000008  00000000  RWIX
  PIE_CTRL              00000ce0   00000020  0000001a  00000006  RWIX
  PIE_VECT              00000d00   00000100  00000100  00000000  RWIX
  DMA                   00001000   00000200  000000e0  00000120  RWIX
  MCBSPA                00005000   00000040  00000025  0000001b  RWIX
  MCBSPB                00005040   00000040  00000025  0000001b  RWIX
  ECANA                 00006000   00000040  00000034  0000000c  RWIX
  ECANA_LAM             00006040   00000040  00000040  00000000  RWIX
  ECANA_MOTS            00006080   00000040  00000040  00000000  RWIX
  ECANA_MOTO            000060c0   00000040  00000040  00000000  RWIX
  ECANA_MBOX            00006100   00000100  00000100  00000000  RWIX
  ECANB                 00006200   00000040  00000034  0000000c  RWIX
  ECANB_LAM             00006240   00000040  00000040  00000000  RWIX
  ECANB_MOTS            00006280   00000040  00000040  00000000  RWIX
  ECANB_MOTO            000062c0   00000040  00000040  00000000  RWIX
  ECANB_MBOX            00006300   00000100  00000100  00000000  RWIX
  EPWM1                 00006800   00000022  00000022  00000000  RWIX
  EPWM2                 00006840   00000022  00000022  00000000  RWIX
  EPWM3                 00006880   00000022  00000022  00000000  RWIX
  EPWM4                 000068c0   00000022  00000022  00000000  RWIX
  EPWM5                 00006900   00000022  00000022  00000000  RWIX
  EPWM6                 00006940   00000022  00000022  00000000  RWIX
  ECAP1                 00006a00   00000020  00000020  00000000  RWIX
  ECAP2                 00006a20   00000020  00000020  00000000  RWIX
  ECAP3                 00006a40   00000020  00000020  00000000  RWIX
  ECAP4                 00006a60   00000020  00000020  00000000  RWIX
  ECAP5                 00006a80   00000020  00000020  00000000  RWIX
  ECAP6                 00006aa0   00000020  00000020  00000000  RWIX
  EQEP1                 00006b00   00000040  00000040  00000000  RWIX
  EQEP2                 00006b40   00000040  00000040  00000000  RWIX
  GPIOCTRL              00006f80   00000040  0000002e  00000012  RWIX
  GPIODAT               00006fc0   00000020  00000020  00000000  RWIX
  GPIOINT               00006fe0   00000020  0000000a  00000016  RWIX
  SYSTEM                00007010   00000020  00000020  00000000  RWIX
  SPIA                  00007040   00000010  00000010  00000000  RWIX
  SCIA                  00007050   00000010  00000010  00000000  RWIX
  XINTRUPT              00007070   00000010  00000010  00000000  RWIX
  ADC                   00007100   00000020  0000001e  00000002  RWIX
  SCIB                  00007750   00000010  00000010  00000000  RWIX
  SCIC                  00007770   00000010  00000010  00000000  RWIX
  I2CA                  00007900   00000040  00000022  0000001e  RWIX
  L4SARAM               0000c000   00001000  00000339  00000cc7  RWIX
  L5SARAM               0000d000   00001000  00000000  00001000  RWIX
  L6SARAM               0000e000   00001000  00000000  00001000  RWIX
  L7SARAM               0000f000   00001000  00000000  00001000  RWIX
  CSM_PWL               0033fff8   00000008  00000008  00000000  RWIX
  PARTID                00380090   00000001  00000001  00000000  RWIX


SECTION ALLOCATION MAP

 output                                  attributes/
section   page    origin      length       input sections
--------  ----  ----------  ----------   ----------------
.text      0    00008000    00002b2e     
                  00008000    00000d5f     pll.obj (.text:retain)
                  00008d5f    00000ace     modulacion_vectorial.obj (.text)
                  0000982d    00000567     PWM_config.obj (.text)
                  00009d94    000004d3     Interrupciones.obj (.text:retain)
                  0000a267    0000012a     Gpio.obj (.text)
                  0000a391    00000117     ADC_config.obj (.text)
                  0000a4a8    000000cf     rts2800_fpu32.lib : e_fmodf.c.obj (.text)
                  0000a577    00000088                       : fs_div28.asm.obj (.text)
                  0000a5ff    00000075     pll.obj (.text)
                  0000a674    00000072     SysCtrl.obj (.text)
                  0000a6e6    0000006d     SEQ_CORE.obj (.text)
                  0000a753    00000066     rts2800_fpu32.lib : s_sinf.c.obj (.text)
                  0000a7b9    00000063                       : s_cosf.c.obj (.text)
                  0000a81c    00000058                       : s_ceilf.c.obj (.text)
                  0000a874    00000056                       : boot28.asm.obj (.text)
                  0000a8ca    0000004f     pruebas.obj (.text)
                  0000a919    0000002d     Pie_config.obj (.text)
                  0000a946    00000029     GRID_VALUES.obj (.text)
                  0000a96f    00000029     rts2800_fpu32.lib : exit.c.obj (.text)
                  0000a998    00000027                       : e_sqrtf.c.obj (.text)
                  0000a9bf    00000024                       : cpy_tbl.c.obj (.text)
                  0000a9e3    00000020     FE.obj (.text)
                  0000aa03    0000001f     SYM_COS.obj (.text)
                  0000aa22    0000001f     SYM_SIN.obj (.text)
                  0000aa41    0000001e     RATE_LIMITER.obj (.text)
                  0000aa5f    0000001d     rts2800_fpu32.lib : memcpy.c.obj (.text)
                  0000aa7c    00000019     VCO.obj (.text)
                  0000aa95    00000017     SIGNAL_3Ph.obj (.text)
                  0000aaac    00000014     LIMITS.obj (.text)
                  0000aac0    00000012     INTEGRATOR.obj (.text)
                  0000aad2    00000012     rts2800_fpu32.lib : args_main.c.obj (.text)
                  0000aae4    00000010     DelayUs.obj (.text)
                  0000aaf4    0000000f     Watchdog.obj (.text)
                  0000ab03    0000000d     ANG_DIFF.obj (.text)
                  0000ab10    0000000b     main.obj (.text)
                  0000ab1b    00000009     rts2800_fpu32.lib : _lock.c.obj (.text)
                  0000ab24    00000007     CodeStartBranch.obj (.text)
                  0000ab2b    00000002     rts2800_fpu32.lib : pre_init.c.obj (.text)
                  0000ab2d    00000001                       : startup.c.obj (.text)

.cinit     0    0000ab2e    00000111     
                  0000ab2e    0000009b     pll.obj (.cinit)
                  0000abc9    00000028     PWM_config.obj (.cinit)
                  0000abf1    00000027     modulacion_vectorial.obj (.cinit)
                  0000ac18    0000000e     rts2800_fpu32.lib : exit.c.obj (.cinit)
                  0000ac26    00000009     pll.obj (.cinit:_VPLL)
                  0000ac2f    00000005     rts2800_fpu32.lib : _lock.c.obj (.cinit:__lock)
                  0000ac34    00000005                       : _lock.c.obj (.cinit:__unlock)
                  0000ac39    00000004                       : errno.c.obj (.cinit)
                  0000ac3d    00000002     --HOLE-- [fill = 0]

.econst    0    0000ac40    00000108     
                  0000ac40    00000100     PieVect_5_6_7_8_9_10.obj (.econst:_PieVectTableInit)
                  0000ad40    00000004     rts2800_fpu32.lib : e_fmodf.c.obj (.econst:_Zero)
                  0000ad44    00000002                       : e_fmodf.c.obj (.econst)
                  0000ad46    00000002                       : s_ceilf.c.obj (.econst)

.pinit     0    00008000    00000000     UNINITIALIZED

.reset     0    003fffc0    00000002     DSECT
                  003fffc0    00000002     rts2800_fpu32.lib : boot28.asm.obj (.reset)

DevEmuRegsFile 
*          1    00000880    000000d0     UNINITIALIZED
                  00000880    000000d0     DSP2833x_GlobalVariableDefs.obj (DevEmuRegsFile)

FlashRegsFile 
*          1    00000a80    00000008     UNINITIALIZED
                  00000a80    00000008     DSP2833x_GlobalVariableDefs.obj (FlashRegsFile)

CsmRegsFile 
*          1    00000ae0    00000010     UNINITIALIZED
                  00000ae0    00000010     DSP2833x_GlobalVariableDefs.obj (CsmRegsFile)

AdcMirrorFile 
*          1    00000b00    00000010     UNINITIALIZED
                  00000b00    00000010     DSP2833x_GlobalVariableDefs.obj (AdcMirrorFile)

XintfRegsFile 
*          1    00000b20    0000001e     UNINITIALIZED
                  00000b20    0000001e     DSP2833x_GlobalVariableDefs.obj (XintfRegsFile)

CpuTimer0RegsFile 
*          1    00000c00    00000008     UNINITIALIZED
                  00000c00    00000008     DSP2833x_GlobalVariableDefs.obj (CpuTimer0RegsFile)

CpuTimer1RegsFile 
*          1    00000c08    00000008     UNINITIALIZED
                  00000c08    00000008     DSP2833x_GlobalVariableDefs.obj (CpuTimer1RegsFile)

CpuTimer2RegsFile 
*          1    00000c10    00000008     UNINITIALIZED
                  00000c10    00000008     DSP2833x_GlobalVariableDefs.obj (CpuTimer2RegsFile)

PieCtrlRegsFile 
*          1    00000ce0    0000001a     UNINITIALIZED
                  00000ce0    0000001a     DSP2833x_GlobalVariableDefs.obj (PieCtrlRegsFile)

ECanaMOTSRegsFile 
*          1    00006080    00000040     UNINITIALIZED
                  00006080    00000040     DSP2833x_GlobalVariableDefs.obj (ECanaMOTSRegsFile)

ECanaMOTORegsFile 
*          1    000060c0    00000040     UNINITIALIZED
                  000060c0    00000040     DSP2833x_GlobalVariableDefs.obj (ECanaMOTORegsFile)

ECanbMOTSRegsFile 
*          1    00006280    00000040     UNINITIALIZED
                  00006280    00000040     DSP2833x_GlobalVariableDefs.obj (ECanbMOTSRegsFile)

ECanbMOTORegsFile 
*          1    000062c0    00000040     UNINITIALIZED
                  000062c0    00000040     DSP2833x_GlobalVariableDefs.obj (ECanbMOTORegsFile)

.bss       1    0000c000    00000000     UNINITIALIZED

.ebss      1    0000c000    00000339     UNINITIALIZED
                  0000c000    0000030e     pll.obj (.ebss)
                  0000c30e    00000010     modulacion_vectorial.obj (.ebss)
                  0000c31e    0000000a     PWM_config.obj (.ebss)
                  0000c328    00000006     pll.obj (.ebss:_VPLL)
                  0000c32e    00000006     rts2800_fpu32.lib : exit.c.obj (.ebss)
                  0000c334    00000002                       : _lock.c.obj (.ebss:__lock)
                  0000c336    00000002                       : _lock.c.obj (.ebss:__unlock)
                  0000c338    00000001                       : errno.c.obj (.ebss)

.stack     1    00000400    00000300     UNINITIALIZED
                  00000400    00000300     --HOLE--

codestart 
*          0    00000000    00000002     
                  00000000    00000002     CodeStartBranch.obj (codestart)

PieVectTableFile 
*          1    00000d00    00000100     UNINITIALIZED
                  00000d00    00000100     DSP2833x_GlobalVariableDefs.obj (PieVectTableFile)

DmaRegsFile 
*          1    00001000    000000e0     UNINITIALIZED
                  00001000    000000e0     DSP2833x_GlobalVariableDefs.obj (DmaRegsFile)

McbspaRegsFile 
*          1    00005000    00000025     UNINITIALIZED
                  00005000    00000025     DSP2833x_GlobalVariableDefs.obj (McbspaRegsFile)

McbspbRegsFile 
*          1    00005040    00000025     UNINITIALIZED
                  00005040    00000025     DSP2833x_GlobalVariableDefs.obj (McbspbRegsFile)

ECanaRegsFile 
*          1    00006000    00000034     UNINITIALIZED
                  00006000    00000034     DSP2833x_GlobalVariableDefs.obj (ECanaRegsFile)

ECanaLAMRegsFile 
*          1    00006040    00000040     UNINITIALIZED
                  00006040    00000040     DSP2833x_GlobalVariableDefs.obj (ECanaLAMRegsFile)

ECanaMboxesFile 
*          1    00006100    00000100     UNINITIALIZED
                  00006100    00000100     DSP2833x_GlobalVariableDefs.obj (ECanaMboxesFile)

ECanbRegsFile 
*          1    00006200    00000034     UNINITIALIZED
                  00006200    00000034     DSP2833x_GlobalVariableDefs.obj (ECanbRegsFile)

ECanbLAMRegsFile 
*          1    00006240    00000040     UNINITIALIZED
                  00006240    00000040     DSP2833x_GlobalVariableDefs.obj (ECanbLAMRegsFile)

ECanbMboxesFile 
*          1    00006300    00000100     UNINITIALIZED
                  00006300    00000100     DSP2833x_GlobalVariableDefs.obj (ECanbMboxesFile)

EPwm1RegsFile 
*          1    00006800    00000022     UNINITIALIZED
                  00006800    00000022     DSP2833x_GlobalVariableDefs.obj (EPwm1RegsFile)

EPwm2RegsFile 
*          1    00006840    00000022     UNINITIALIZED
                  00006840    00000022     DSP2833x_GlobalVariableDefs.obj (EPwm2RegsFile)

EPwm3RegsFile 
*          1    00006880    00000022     UNINITIALIZED
                  00006880    00000022     DSP2833x_GlobalVariableDefs.obj (EPwm3RegsFile)

EPwm4RegsFile 
*          1    000068c0    00000022     UNINITIALIZED
                  000068c0    00000022     DSP2833x_GlobalVariableDefs.obj (EPwm4RegsFile)

EPwm5RegsFile 
*          1    00006900    00000022     UNINITIALIZED
                  00006900    00000022     DSP2833x_GlobalVariableDefs.obj (EPwm5RegsFile)

EPwm6RegsFile 
*          1    00006940    00000022     UNINITIALIZED
                  00006940    00000022     DSP2833x_GlobalVariableDefs.obj (EPwm6RegsFile)

ECap1RegsFile 
*          1    00006a00    00000020     UNINITIALIZED
                  00006a00    00000020     DSP2833x_GlobalVariableDefs.obj (ECap1RegsFile)

ECap2RegsFile 
*          1    00006a20    00000020     UNINITIALIZED
                  00006a20    00000020     DSP2833x_GlobalVariableDefs.obj (ECap2RegsFile)

ECap3RegsFile 
*          1    00006a40    00000020     UNINITIALIZED
                  00006a40    00000020     DSP2833x_GlobalVariableDefs.obj (ECap3RegsFile)

ECap4RegsFile 
*          1    00006a60    00000020     UNINITIALIZED
                  00006a60    00000020     DSP2833x_GlobalVariableDefs.obj (ECap4RegsFile)

ECap5RegsFile 
*          1    00006a80    00000020     UNINITIALIZED
                  00006a80    00000020     DSP2833x_GlobalVariableDefs.obj (ECap5RegsFile)

ECap6RegsFile 
*          1    00006aa0    00000020     UNINITIALIZED
                  00006aa0    00000020     DSP2833x_GlobalVariableDefs.obj (ECap6RegsFile)

EQep1RegsFile 
*          1    00006b00    00000040     UNINITIALIZED
                  00006b00    00000040     DSP2833x_GlobalVariableDefs.obj (EQep1RegsFile)

EQep2RegsFile 
*          1    00006b40    00000040     UNINITIALIZED
                  00006b40    00000040     DSP2833x_GlobalVariableDefs.obj (EQep2RegsFile)

GpioCtrlRegsFile 
*          1    00006f80    0000002e     UNINITIALIZED
                  00006f80    0000002e     DSP2833x_GlobalVariableDefs.obj (GpioCtrlRegsFile)

GpioDataRegsFile 
*          1    00006fc0    00000020     UNINITIALIZED
                  00006fc0    00000020     DSP2833x_GlobalVariableDefs.obj (GpioDataRegsFile)

GpioIntRegsFile 
*          1    00006fe0    0000000a     UNINITIALIZED
                  00006fe0    0000000a     DSP2833x_GlobalVariableDefs.obj (GpioIntRegsFile)

SysCtrlRegsFile 
*          1    00007010    00000020     UNINITIALIZED
                  00007010    00000020     DSP2833x_GlobalVariableDefs.obj (SysCtrlRegsFile)

SpiaRegsFile 
*          1    00007040    00000010     UNINITIALIZED
                  00007040    00000010     DSP2833x_GlobalVariableDefs.obj (SpiaRegsFile)

SciaRegsFile 
*          1    00007050    00000010     UNINITIALIZED
                  00007050    00000010     DSP2833x_GlobalVariableDefs.obj (SciaRegsFile)

XIntruptRegsFile 
*          1    00007070    00000010     UNINITIALIZED
                  00007070    00000010     DSP2833x_GlobalVariableDefs.obj (XIntruptRegsFile)

AdcRegsFile 
*          1    00007100    0000001e     UNINITIALIZED
                  00007100    0000001e     DSP2833x_GlobalVariableDefs.obj (AdcRegsFile)

ScibRegsFile 
*          1    00007750    00000010     UNINITIALIZED
                  00007750    00000010     DSP2833x_GlobalVariableDefs.obj (ScibRegsFile)

ScicRegsFile 
*          1    00007770    00000010     UNINITIALIZED
                  00007770    00000010     DSP2833x_GlobalVariableDefs.obj (ScicRegsFile)

I2caRegsFile 
*          1    00007900    00000022     UNINITIALIZED
                  00007900    00000022     DSP2833x_GlobalVariableDefs.obj (I2caRegsFile)

CsmPwlFile 
*          1    0033fff8    00000008     UNINITIALIZED
                  0033fff8    00000008     DSP2833x_GlobalVariableDefs.obj (CsmPwlFile)

PartIdRegsFile 
*          1    00380090    00000001     UNINITIALIZED
                  00380090    00000001     DSP2833x_GlobalVariableDefs.obj (PartIdRegsFile)

MODULE SUMMARY

       Module                            code    initialized data   uninitialized data
       ------                            ----    ----------------   ------------------
    .\
       pll.obj                           3540    164                788               
       modulacion_vectorial.obj          2766    39                 16                
       DSP2833x_GlobalVariableDefs.obj   0       0                  2679              
       PWM_config.obj                    1383    40                 10                
       Interrupciones.obj                1235    0                  0                 
       Gpio.obj                          298     0                  0                 
       ADC_config.obj                    279     0                  0                 
       PieVect_5_6_7_8_9_10.obj          0       256                0                 
       SysCtrl.obj                       114     0                  0                 
       SEQ_CORE.obj                      109     0                  0                 
       pruebas.obj                       79      0                  0                 
       Pie_config.obj                    45      0                  0                 
       GRID_VALUES.obj                   41      0                  0                 
       FE.obj                            32      0                  0                 
       SYM_COS.obj                       31      0                  0                 
       SYM_SIN.obj                       31      0                  0                 
       RATE_LIMITER.obj                  30      0                  0                 
       VCO.obj                           25      0                  0                 
       SIGNAL_3Ph.obj                    23      0                  0                 
       LIMITS.obj                        20      0                  0                 
       INTEGRATOR.obj                    18      0                  0                 
       DelayUs.obj                       16      0                  0                 
       Watchdog.obj                      15      0                  0                 
       ANG_DIFF.obj                      13      0                  0                 
       main.obj                          11      0                  0                 
       CodeStartBranch.obj               9       0                  0                 
    +--+---------------------------------+-------+------------------+--------------------+
       Total:                            10163   499                3493              
                                                                                      
    C:\ti\ccs1260\ccs\tools\compiler\ti-cgt-c2000_22.6.1.LTS\lib\rts2800_fpu32.lib
       e_fmodf.c.obj                     207     6                  0                 
       fs_div28.asm.obj                  136     0                  0                 
       s_sinf.c.obj                      102     0                  0                 
       s_cosf.c.obj                      99      0                  0                 
       s_ceilf.c.obj                     88      2                  0                 
       boot28.asm.obj                    86      0                  0                 
       exit.c.obj                        41      14                 6                 
       e_sqrtf.c.obj                     39      0                  0                 
       cpy_tbl.c.obj                     36      0                  0                 
       memcpy.c.obj                      29      0                  0                 
       _lock.c.obj                       9       10                 4                 
       args_main.c.obj                   18      0                  0                 
       errno.c.obj                       0       4                  1                 
       pre_init.c.obj                    2       0                  0                 
       startup.c.obj                     1       0                  0                 
    +--+---------------------------------+-------+------------------+--------------------+
       Total:                            893     36                 11                
                                                                                      
       Stack:                            0       0                  768               
    +--+---------------------------------+-------+------------------+--------------------+
       Grand Total:                      11056   535                4272              


GLOBAL DATA SYMBOLS: SORTED BY DATA PAGE

address     data page           name
--------    ----------------    ----
00000400      10 (00000400)     __stack

00000880      22 (00000880)     _DevEmuRegs

00000a80      2a (00000a80)     _FlashRegs

00000ae0      2b (00000ac0)     _CsmRegs

00000b00      2c (00000b00)     _AdcMirror
00000b20      2c (00000b00)     _XintfRegs

00000c00      30 (00000c00)     _CpuTimer0Regs
00000c08      30 (00000c00)     _CpuTimer1Regs
00000c10      30 (00000c00)     _CpuTimer2Regs

00000ce0      33 (00000cc0)     _PieCtrlRegs

00000d00      34 (00000d00)     _PieVectTable

00001000      40 (00001000)     _DmaRegs

00005000     140 (00005000)     _McbspaRegs

00005040     141 (00005040)     _McbspbRegs

00006000     180 (00006000)     _ECanaRegs

00006040     181 (00006040)     _ECanaLAMRegs

00006080     182 (00006080)     _ECanaMOTSRegs

000060c0     183 (000060c0)     _ECanaMOTORegs

00006100     184 (00006100)     _ECanaMboxes

00006200     188 (00006200)     _ECanbRegs

00006240     189 (00006240)     _ECanbLAMRegs

00006280     18a (00006280)     _ECanbMOTSRegs

000062c0     18b (000062c0)     _ECanbMOTORegs

00006300     18c (00006300)     _ECanbMboxes

00006800     1a0 (00006800)     _EPwm1Regs

00006840     1a1 (00006840)     _EPwm2Regs

00006880     1a2 (00006880)     _EPwm3Regs

000068c0     1a3 (000068c0)     _EPwm4Regs

00006900     1a4 (00006900)     _EPwm5Regs

00006940     1a5 (00006940)     _EPwm6Regs

00006a00     1a8 (00006a00)     _ECap1Regs
00006a20     1a8 (00006a00)     _ECap2Regs

00006a40     1a9 (00006a40)     _ECap3Regs
00006a60     1a9 (00006a40)     _ECap4Regs

00006a80     1aa (00006a80)     _ECap5Regs
00006aa0     1aa (00006a80)     _ECap6Regs

00006b00     1ac (00006b00)     _EQep1Regs

00006b40     1ad (00006b40)     _EQep2Regs

00006f80     1be (00006f80)     _GpioCtrlRegs

00006fc0     1bf (00006fc0)     _GpioDataRegs
00006fe0     1bf (00006fc0)     _GpioIntRegs

00007010     1c0 (00007000)     _SysCtrlRegs

00007040     1c1 (00007040)     _SpiaRegs
00007050     1c1 (00007040)     _SciaRegs
00007070     1c1 (00007040)     _XIntruptRegs

00007100     1c4 (00007100)     _AdcRegs

00007750     1dd (00007740)     _ScibRegs
00007770     1dd (00007740)     _ScicRegs

00007900     1e4 (00007900)     _I2caRegs

0000ac40     2b1 (0000ac40)     _PieVectTableInit

0000c000     300 (0000c000)     _show_phase_error
0000c001     300 (0000c000)     _show_phase
0000c002     300 (0000c000)     _show_freq
0000c003     300 (0000c000)     _show_phase_a
0000c006     300 (0000c000)     _amplitud_v
0000c008     300 (0000c000)     _amplitud_i
0000c00a     300 (0000c000)     _amp_aux
0000c00c     300 (0000c000)     _dw_aux
0000c00e     300 (0000c000)     _dtheta_aux
0000c010     300 (0000c000)     _dtheta_di
0000c012     300 (0000c000)     _time_step
0000c014     300 (0000c000)     _offet_Va
0000c016     300 (0000c000)     _factor_tercero
0000c018     300 (0000c000)     _factor_quinto
0000c01a     300 (0000c000)     _factor_septimo
0000c01c     300 (0000c000)     _factor_NS
0000c01e     300 (0000c000)     _k_nsc
0000c020     300 (0000c000)     _k_5th
0000c022     300 (0000c000)     _k_7th
0000c024     300 (0000c000)     _k_11th
0000c026     300 (0000c000)     _U1N_COMP_ENABLE
0000c028     300 (0000c000)     _U5_COMP_ENABLE
0000c02a     300 (0000c000)     _U7_COMP_ENABLE
0000c02c     300 (0000c000)     _EPLL_u0
0000c02e     300 (0000c000)     _EPLL_u1
0000c030     300 (0000c000)     _EPLL_u2
0000c032     300 (0000c000)     _EPLL_u3
0000c034     300 (0000c000)     _pendiente_chilena

0000c040     301 (0000c040)     _theta_error
0000c046     301 (0000c040)     _INT_CC_A
0000c04e     301 (0000c040)     _INT_CC_B
0000c056     301 (0000c040)     _INT_CC_C
0000c05e     301 (0000c040)     _SGN_3Ph_V
0000c068     301 (0000c040)     _SGN_3Ph_I
0000c072     301 (0000c040)     _AUX_VCO

0000c080     302 (0000c080)     _FIFTH_VCO
0000c08a     302 (0000c080)     _SEVENTH_VCO
0000c094     302 (0000c080)     _ELEVENTH_VCO
0000c09e     302 (0000c080)     _SGN_NSC_V
0000c0a8     302 (0000c080)     _SGN_5th_V
0000c0b2     302 (0000c080)     _SGN_7th_V

0000c0c0     303 (0000c0c0)     _SGN_11th_V
0000c0ca     303 (0000c0c0)     _Conv
0000c0d6     303 (0000c0c0)     _FE_U1
0000c0e6     303 (0000c0c0)     _rampa

0000c100     304 (0000c100)     _Grid

0000c140     305 (0000c140)     _PSC_U1

0000c1c0     307 (0000c1c0)     _NSC_U1

0000c240     309 (0000c240)     _SC_U5

0000c2c0     30b (0000c2c0)     _SC_U7

0000c30e     30c (0000c300)     _sec
0000c310     30c (0000c300)     _frecuencia
0000c312     30c (0000c300)     _V_ref
0000c314     30c (0000c300)     _t0_min
0000c328     30c (0000c300)     _VPLL
0000c32e     30c (0000c300)     ___TI_enable_exit_profile_output
0000c330     30c (0000c300)     ___TI_cleanup_ptr
0000c332     30c (0000c300)     ___TI_dtors_ptr
0000c334     30c (0000c300)     __lock
0000c336     30c (0000c300)     __unlock
0000c338     30c (0000c300)     _errno

0033fff8    cfff (0033ffc0)     _CsmPwl

00380090    e002 (00380080)     _PartIdRegs


GLOBAL SYMBOLS: SORTED ALPHABETICALLY BY Name 

page  address   name                            
----  -------   ----                            
1     0000c000  .bss                            
0     00008000  .text                           
0     0000a96f  C$$EXIT                         
0     0000a577  FS$$DIV                         
0     00009e8a  _ADCINT_ISR                     
0     0000ab03  _ANG_DIFF_init                  
1     0000c072  _AUX_VCO                        
1     00000b00  _AdcMirror                      
1     00007100  _AdcRegs                        
1     0000c0ca  _Conv                           
1     00000c00  _CpuTimer0Regs                  
1     00000c08  _CpuTimer1Regs                  
1     00000c10  _CpuTimer2Regs                  
1     0033fff8  _CsmPwl                         
1     00000ae0  _CsmRegs                        
0     00009da8  _DATALOG_ISR                    
0     0000a0ff  _DINTCH1_ISR                    
0     0000a10d  _DINTCH2_ISR                    
0     0000a11b  _DINTCH3_ISR                    
0     0000a129  _DINTCH4_ISR                    
0     0000a137  _DINTCH5_ISR                    
0     0000a145  _DINTCH6_ISR                    
0     0000aae4  _DelayUs                        
1     00000880  _DevEmuRegs                     
1     00001000  _DmaRegs                        
0     0000a1c3  _ECAN0INTA_ISR                  
0     0000a1df  _ECAN0INTB_ISR                  
0     0000a1d1  _ECAN1INTA_ISR                  
0     0000a1ed  _ECAN1INTB_ISR                  
0     0000a03b  _ECAP1_INT_ISR                  
0     0000a049  _ECAP2_INT_ISR                  
0     0000a057  _ECAP3_INT_ISR                  
0     0000a065  _ECAP4_INT_ISR                  
0     0000a073  _ECAP5_INT_ISR                  
0     0000a081  _ECAP6_INT_ISR                  
1     00006040  _ECanaLAMRegs                   
1     000060c0  _ECanaMOTORegs                  
1     00006080  _ECanaMOTSRegs                  
1     00006100  _ECanaMboxes                    
1     00006000  _ECanaRegs                      
1     00006240  _ECanbLAMRegs                   
1     000062c0  _ECanbMOTORegs                  
1     00006280  _ECanbMOTSRegs                  
1     00006300  _ECanbMboxes                    
1     00006200  _ECanbRegs                      
1     00006a00  _ECap1Regs                      
1     00006a20  _ECap2Regs                      
1     00006a40  _ECap3Regs                      
1     00006a60  _ECap4Regs                      
1     00006a80  _ECap5Regs                      
1     00006aa0  _ECap6Regs                      
1     0000c094  _ELEVENTH_VCO                   
0     00009dbc  _EMUINT_ISR                     
1     0000c02c  _EPLL_u0                        
1     0000c02e  _EPLL_u1                        
1     0000c030  _EPLL_u2                        
1     0000c032  _EPLL_u3                        
0     00009fee  _EPWM1_INT_ISR                  
0     00009f9a  _EPWM1_TZINT_ISR                
0     0000a003  _EPWM2_INT_ISR                  
0     00009fa8  _EPWM2_TZINT_ISR                
0     0000a011  _EPWM3_INT_ISR                  
0     00009fb6  _EPWM3_TZINT_ISR                
0     00008000  _EPWM4_INT_ISR                  
0     00009fc4  _EPWM4_TZINT_ISR                
0     0000a01f  _EPWM5_INT_ISR                  
0     00009fd2  _EPWM5_TZINT_ISR                
0     0000a02d  _EPWM6_INT_ISR                  
0     00009fe0  _EPWM6_TZINT_ISR                
1     00006800  _EPwm1Regs                      
1     00006840  _EPwm2Regs                      
1     00006880  _EPwm3Regs                      
1     000068c0  _EPwm4Regs                      
1     00006900  _EPwm5Regs                      
1     00006940  _EPwm6Regs                      
0     0000a08f  _EQEP1_INT_ISR                  
0     0000a09d  _EQEP2_INT_ISR                  
1     00006b00  _EQep1Regs                      
1     00006b40  _EQep2Regs                      
1     0000c0d6  _FE_U1                          
0     0000a9e3  _FE_init                        
1     0000c080  _FIFTH_VCO                      
1     00000a80  _FlashRegs                      
0     0000a946  _GRID_VALUES_init               
1     00006f80  _GpioCtrlRegs                   
1     00006fc0  _GpioDataRegs                   
1     00006fe0  _GpioIntRegs                    
1     0000c100  _Grid                           
0     0000a153  _I2CINT1A_ISR                   
0     0000a161  _I2CINT2A_ISR                   
1     00007900  _I2caRegs                       
0     00009dd0  _ILLEGAL_ISR                    
0     00009d94  _INT13_ISR                      
0     00009d9e  _INT14_ISR                      
0     0000aac0  _INTEGRATOR_init                
1     0000c046  _INT_CC_A                       
1     0000c04e  _INT_CC_B                       
1     0000c056  _INT_CC_C                       
0     0000a391  _InitAdc                        
0     0000982d  _InitEPwm                       
0     00009859  _InitEPwm_1                     
0     00009896  _InitEPwm_2                     
0     00009935  _InitEPwm_3                     
0     000099d9  _InitEPwm_4                     
0     00009a92  _InitEPwm_5                     
0     00009bec  _InitEPwm_6                     
0     00009cb1  _InitEPwm_7                     
0     0000a267  _InitGpio                       
0     0000a919  _InitPieCtrl                    
0     0000a674  _InitSysCtrl                    
0     0000aaf4  _InitWatchdog                   
0     0000aaac  _LIMITS_init                    
0     0000a24f  _LUF_ISR                        
0     0000a241  _LVF_ISR                        
0     0000a0e3  _MRINTA_ISR                     
0     0000a0c7  _MRINTB_ISR                     
0     0000a0f1  _MXINTA_ISR                     
0     0000a0d5  _MXINTB_ISR                     
1     00005000  _McbspaRegs                     
1     00005040  _McbspbRegs                     
0     00009dc6  _NMI_ISR                        
1     0000c1c0  _NSC_U1                         
1     0000c140  _PSC_U1                         
1     00380090  _PartIdRegs                     
1     00000ce0  _PieCtrlRegs                    
1     00000d00  _PieVectTable                   
0     0000ac40  _PieVectTableInit               
0     0000aa41  _RATE_LIMITER_init              
0     00009db2  _RTOSINT_ISR                    
0     0000a18b  _SCIRXINTA_ISR                  
0     0000a1a7  _SCIRXINTB_ISR                  
0     0000a16f  _SCIRXINTC_ISR                  
0     0000a199  _SCITXINTA_ISR                  
0     0000a1b5  _SCITXINTB_ISR                  
0     0000a17d  _SCITXINTC_ISR                  
1     0000c240  _SC_U5                          
1     0000c2c0  _SC_U7                          
0     00009e52  _SEQ1INT_ISR                    
0     00009e60  _SEQ2INT_ISR                    
0     0000a6e6  _SEQ_CORE_init                  
1     0000c08a  _SEVENTH_VCO                    
1     0000c0c0  _SGN_11th_V                     
1     0000c068  _SGN_3Ph_I                      
1     0000c05e  _SGN_3Ph_V                      
1     0000c0a8  _SGN_5th_V                      
1     0000c0b2  _SGN_7th_V                      
1     0000c09e  _SGN_NSC_V                      
0     0000aa95  _SIGNAL_3Ph_init                
0     0000a0ab  _SPIRXINTA_ISR                  
0     0000a0b9  _SPITXINTA_ISR                  
0     0000aa03  _SYM_COS_init                   
0     0000aa22  _SYM_SIN_init                   
1     00007050  _SciaRegs                       
1     00007750  _ScibRegs                       
1     00007770  _ScicRegs                       
1     00007040  _SpiaRegs                       
1     00007010  _SysCtrlRegs                    
0     00009f7e  _TINT0_ISR                      
1     0000c026  _U1N_COMP_ENABLE                
1     0000c028  _U5_COMP_ENABLE                 
1     0000c02a  _U7_COMP_ENABLE                 
0     00009e34  _USER10_ISR                     
0     00009e3e  _USER11_ISR                     
0     00009e48  _USER12_ISR                     
0     00009dda  _USER1_ISR                      
0     00009de4  _USER2_ISR                      
0     00009dee  _USER3_ISR                      
0     00009df8  _USER4_ISR                      
0     00009e02  _USER5_ISR                      
0     00009e0c  _USER6_ISR                      
0     00009e16  _USER7_ISR                      
0     00009e20  _USER8_ISR                      
0     00009e2a  _USER9_ISR                      
0     0000aa7c  _VCO_init                       
1     0000c328  _VPLL                           
1     0000c312  _V_ref                          
0     00009f8c  _WAKEINT_ISR                    
0     00009e6e  _XINT1_ISR                      
0     00009e7c  _XINT2_ISR                      
0     0000a1fb  _XINT3_ISR                      
0     0000a209  _XINT4_ISR                      
0     0000a217  _XINT5_ISR                      
0     0000a225  _XINT6_ISR                      
0     0000a233  _XINT7_ISR                      
1     00007070  _XIntruptRegs                   
1     00000b20  _XintfRegs                      
1     00000700  __STACK_END                     
abs   00000300  __STACK_SIZE                    
1     0000c330  ___TI_cleanup_ptr               
1     0000c332  ___TI_dtors_ptr                 
1     0000c32e  ___TI_enable_exit_profile_output
abs   ffffffff  ___TI_pprof_out_hndl            
abs   ffffffff  ___TI_prof_data_size            
abs   ffffffff  ___TI_prof_data_start           
abs   ffffffff  ___binit__                      
1     0000c000  ___bss__                        
abs   ffffffff  ___c_args__                     
0     0000ab2e  ___cinit__                      
1     0000c000  ___end__                        
0     0000ab2e  ___etext__                      
abs   ffffffff  ___pinit__                      
0     00008000  ___text__                       
0     0000aad2  __args_main                     
1     0000c334  __lock                          
0     0000ab23  __nop                           
0     0000ab1f  __register_lock                 
0     0000ab1b  __register_unlock               
1     00000400  __stack                         
0     0000ab2d  __system_post_cinit             
0     0000ab2b  __system_pre_init               
1     0000c336  __unlock                        
0     0000a96f  _abort                          
0     00008d5f  _actualizar_pwm_vector_rotante  
0     0000a3b6  _adc1                           
0     0000a3da  _adc2                           
0     0000a403  _adc4                           
0     0000a42c  _adc5                           
0     0000a464  _adc6                           
0     0000a8ca  _adc_interrupt_test             
0     0000a8d1  _adc_interrupt_test_2           
0     0000a8d8  _adc_interrupt_test_3           
0     0000a8df  _adc_interrupt_test_4           
0     0000a8e6  _adc_interrupt_test_5           
0     0000a8ed  _adc_interrupt_test_6           
0     0000a902  _adc_test                       
1     0000c00a  _amp_aux                        
1     0000c008  _amplitud_i                     
1     0000c006  _amplitud_v                     
0     0000a874  _c_int00                        
0     0000a81c  _ceil                           
0     0000a81c  _ceilf                          
0     0000a9bf  _copy_in                        
0     0000a7b9  _cos                            
0     0000a7b9  _cosf                           
0     00009be4  _disableEPWMClock               
1     0000c00e  _dtheta_aux                     
1     0000c010  _dtheta_di                      
1     0000c00c  _dw_aux                         
0     00009bdc  _enableEPWMClock                
1     0000c338  _errno                          
0     0000a971  _exit                           
1     0000c01c  _factor_NS                      
1     0000c018  _factor_quinto                  
1     0000c01a  _factor_septimo                 
1     0000c016  _factor_tercero                 
0     0000a4a8  _fmod                           
0     0000a4a8  _fmodf                          
1     0000c310  _frecuencia                     
0     000091a5  _imprimir_vector                
0     0000981b  _interrupcion                   
1     0000c024  _k_11th                         
1     0000c020  _k_5th                          
1     0000c022  _k_7th                          
1     0000c01e  _k_nsc                          
0     0000ab10  _main                           
0     0000aa5f  _memcpy                         
0     00009a97  _modVect_init                   
0     00009395  _modulacion_senoidal            
0     000095d8  _modulacion_senoidal_2          
1     0000c014  _offet_Va                       
1     0000c034  _pendiente_chilena              
0     0000a8fb  _pll_test                       
0     00009b6b  _pwm1_config_interrupt          
0     00009b42  _pwm1_init                      
0     0000a915  _pwm1_interrupt_test            
0     00009b91  _pwm2_init                      
0     00009bbc  _pwm2_init_no_ADC               
0     00009b7e  _pwm4_config_interrupt          
0     00009b21  _pwm4_init                      
0     0000a8f4  _pwm4_interrupt_test            
0     0000a914  _pwm_1_2_3_sim_vectorial_test   
0     0000a910  _pwm_1_2_3_static_test          
0     0000a909  _pwm_test                       
1     0000c0e6  _rampa                          
0     0000a25d  _rsvd_ISR                       
1     0000c30e  _sec                            
0     00008d9e  _secuencia_comun                
0     00008f98  _secuencia_optima               
1     0000c002  _show_freq                      
1     0000c001  _show_phase                     
1     0000c003  _show_phase_a                   
1     0000c000  _show_phase_error               
0     0000a5ff  _sim_init                       
0     0000a753  _sin                            
0     0000a753  _sinf                           
0     0000a998  _sqrt                           
0     0000a998  _sqrtf                          
1     0000c314  _t0_min                         
1     0000c040  _theta_error                    
1     0000c012  _time_step                      
abs   ffffffff  binit                           
0     0000ab2e  cinit                           
1     0000c000  end                             
0     0000ab2e  etext                           
abs   ffffffff  pinit                           


GLOBAL SYMBOLS: SORTED BY Symbol Address 

page  address   name                            
----  -------   ----                            
0     00008000  .text                           
0     00008000  _EPWM4_INT_ISR                  
0     00008000  ___text__                       
0     00008d5f  _actualizar_pwm_vector_rotante  
0     00008d9e  _secuencia_comun                
0     00008f98  _secuencia_optima               
0     000091a5  _imprimir_vector                
0     00009395  _modulacion_senoidal            
0     000095d8  _modulacion_senoidal_2          
0     0000981b  _interrupcion                   
0     0000982d  _InitEPwm                       
0     00009859  _InitEPwm_1                     
0     00009896  _InitEPwm_2                     
0     00009935  _InitEPwm_3                     
0     000099d9  _InitEPwm_4                     
0     00009a92  _InitEPwm_5                     
0     00009a97  _modVect_init                   
0     00009b21  _pwm4_init                      
0     00009b42  _pwm1_init                      
0     00009b6b  _pwm1_config_interrupt          
0     00009b7e  _pwm4_config_interrupt          
0     00009b91  _pwm2_init                      
0     00009bbc  _pwm2_init_no_ADC               
0     00009bdc  _enableEPWMClock                
0     00009be4  _disableEPWMClock               
0     00009bec  _InitEPwm_6                     
0     00009cb1  _InitEPwm_7                     
0     00009d94  _INT13_ISR                      
0     00009d9e  _INT14_ISR                      
0     00009da8  _DATALOG_ISR                    
0     00009db2  _RTOSINT_ISR                    
0     00009dbc  _EMUINT_ISR                     
0     00009dc6  _NMI_ISR                        
0     00009dd0  _ILLEGAL_ISR                    
0     00009dda  _USER1_ISR                      
0     00009de4  _USER2_ISR                      
0     00009dee  _USER3_ISR                      
0     00009df8  _USER4_ISR                      
0     00009e02  _USER5_ISR                      
0     00009e0c  _USER6_ISR                      
0     00009e16  _USER7_ISR                      
0     00009e20  _USER8_ISR                      
0     00009e2a  _USER9_ISR                      
0     00009e34  _USER10_ISR                     
0     00009e3e  _USER11_ISR                     
0     00009e48  _USER12_ISR                     
0     00009e52  _SEQ1INT_ISR                    
0     00009e60  _SEQ2INT_ISR                    
0     00009e6e  _XINT1_ISR                      
0     00009e7c  _XINT2_ISR                      
0     00009e8a  _ADCINT_ISR                     
0     00009f7e  _TINT0_ISR                      
0     00009f8c  _WAKEINT_ISR                    
0     00009f9a  _EPWM1_TZINT_ISR                
0     00009fa8  _EPWM2_TZINT_ISR                
0     00009fb6  _EPWM3_TZINT_ISR                
0     00009fc4  _EPWM4_TZINT_ISR                
0     00009fd2  _EPWM5_TZINT_ISR                
0     00009fe0  _EPWM6_TZINT_ISR                
0     00009fee  _EPWM1_INT_ISR                  
0     0000a003  _EPWM2_INT_ISR                  
0     0000a011  _EPWM3_INT_ISR                  
0     0000a01f  _EPWM5_INT_ISR                  
0     0000a02d  _EPWM6_INT_ISR                  
0     0000a03b  _ECAP1_INT_ISR                  
0     0000a049  _ECAP2_INT_ISR                  
0     0000a057  _ECAP3_INT_ISR                  
0     0000a065  _ECAP4_INT_ISR                  
0     0000a073  _ECAP5_INT_ISR                  
0     0000a081  _ECAP6_INT_ISR                  
0     0000a08f  _EQEP1_INT_ISR                  
0     0000a09d  _EQEP2_INT_ISR                  
0     0000a0ab  _SPIRXINTA_ISR                  
0     0000a0b9  _SPITXINTA_ISR                  
0     0000a0c7  _MRINTB_ISR                     
0     0000a0d5  _MXINTB_ISR                     
0     0000a0e3  _MRINTA_ISR                     
0     0000a0f1  _MXINTA_ISR                     
0     0000a0ff  _DINTCH1_ISR                    
0     0000a10d  _DINTCH2_ISR                    
0     0000a11b  _DINTCH3_ISR                    
0     0000a129  _DINTCH4_ISR                    
0     0000a137  _DINTCH5_ISR                    
0     0000a145  _DINTCH6_ISR                    
0     0000a153  _I2CINT1A_ISR                   
0     0000a161  _I2CINT2A_ISR                   
0     0000a16f  _SCIRXINTC_ISR                  
0     0000a17d  _SCITXINTC_ISR                  
0     0000a18b  _SCIRXINTA_ISR                  
0     0000a199  _SCITXINTA_ISR                  
0     0000a1a7  _SCIRXINTB_ISR                  
0     0000a1b5  _SCITXINTB_ISR                  
0     0000a1c3  _ECAN0INTA_ISR                  
0     0000a1d1  _ECAN1INTA_ISR                  
0     0000a1df  _ECAN0INTB_ISR                  
0     0000a1ed  _ECAN1INTB_ISR                  
0     0000a1fb  _XINT3_ISR                      
0     0000a209  _XINT4_ISR                      
0     0000a217  _XINT5_ISR                      
0     0000a225  _XINT6_ISR                      
0     0000a233  _XINT7_ISR                      
0     0000a241  _LVF_ISR                        
0     0000a24f  _LUF_ISR                        
0     0000a25d  _rsvd_ISR                       
0     0000a267  _InitGpio                       
0     0000a391  _InitAdc                        
0     0000a3b6  _adc1                           
0     0000a3da  _adc2                           
0     0000a403  _adc4                           
0     0000a42c  _adc5                           
0     0000a464  _adc6                           
0     0000a4a8  _fmod                           
0     0000a4a8  _fmodf                          
0     0000a577  FS$$DIV                         
0     0000a5ff  _sim_init                       
0     0000a674  _InitSysCtrl                    
0     0000a6e6  _SEQ_CORE_init                  
0     0000a753  _sin                            
0     0000a753  _sinf                           
0     0000a7b9  _cos                            
0     0000a7b9  _cosf                           
0     0000a81c  _ceil                           
0     0000a81c  _ceilf                          
0     0000a874  _c_int00                        
0     0000a8ca  _adc_interrupt_test             
0     0000a8d1  _adc_interrupt_test_2           
0     0000a8d8  _adc_interrupt_test_3           
0     0000a8df  _adc_interrupt_test_4           
0     0000a8e6  _adc_interrupt_test_5           
0     0000a8ed  _adc_interrupt_test_6           
0     0000a8f4  _pwm4_interrupt_test            
0     0000a8fb  _pll_test                       
0     0000a902  _adc_test                       
0     0000a909  _pwm_test                       
0     0000a910  _pwm_1_2_3_static_test          
0     0000a914  _pwm_1_2_3_sim_vectorial_test   
0     0000a915  _pwm1_interrupt_test            
0     0000a919  _InitPieCtrl                    
0     0000a946  _GRID_VALUES_init               
0     0000a96f  C$$EXIT                         
0     0000a96f  _abort                          
0     0000a971  _exit                           
0     0000a998  _sqrt                           
0     0000a998  _sqrtf                          
0     0000a9bf  _copy_in                        
0     0000a9e3  _FE_init                        
0     0000aa03  _SYM_COS_init                   
0     0000aa22  _SYM_SIN_init                   
0     0000aa41  _RATE_LIMITER_init              
0     0000aa5f  _memcpy                         
0     0000aa7c  _VCO_init                       
0     0000aa95  _SIGNAL_3Ph_init                
0     0000aaac  _LIMITS_init                    
0     0000aac0  _INTEGRATOR_init                
0     0000aad2  __args_main                     
0     0000aae4  _DelayUs                        
0     0000aaf4  _InitWatchdog                   
0     0000ab03  _ANG_DIFF_init                  
0     0000ab10  _main                           
0     0000ab1b  __register_unlock               
0     0000ab1f  __register_lock                 
0     0000ab23  __nop                           
0     0000ab2b  __system_pre_init               
0     0000ab2d  __system_post_cinit             
0     0000ab2e  ___cinit__                      
0     0000ab2e  ___etext__                      
0     0000ab2e  cinit                           
0     0000ab2e  etext                           
0     0000ac40  _PieVectTableInit               
1     00000400  __stack                         
1     00000700  __STACK_END                     
1     00000880  _DevEmuRegs                     
1     00000a80  _FlashRegs                      
1     00000ae0  _CsmRegs                        
1     00000b00  _AdcMirror                      
1     00000b20  _XintfRegs                      
1     00000c00  _CpuTimer0Regs                  
1     00000c08  _CpuTimer1Regs                  
1     00000c10  _CpuTimer2Regs                  
1     00000ce0  _PieCtrlRegs                    
1     00000d00  _PieVectTable                   
1     00001000  _DmaRegs                        
1     00005000  _McbspaRegs                     
1     00005040  _McbspbRegs                     
1     00006000  _ECanaRegs                      
1     00006040  _ECanaLAMRegs                   
1     00006080  _ECanaMOTSRegs                  
1     000060c0  _ECanaMOTORegs                  
1     00006100  _ECanaMboxes                    
1     00006200  _ECanbRegs                      
1     00006240  _ECanbLAMRegs                   
1     00006280  _ECanbMOTSRegs                  
1     000062c0  _ECanbMOTORegs                  
1     00006300  _ECanbMboxes                    
1     00006800  _EPwm1Regs                      
1     00006840  _EPwm2Regs                      
1     00006880  _EPwm3Regs                      
1     000068c0  _EPwm4Regs                      
1     00006900  _EPwm5Regs                      
1     00006940  _EPwm6Regs                      
1     00006a00  _ECap1Regs                      
1     00006a20  _ECap2Regs                      
1     00006a40  _ECap3Regs                      
1     00006a60  _ECap4Regs                      
1     00006a80  _ECap5Regs                      
1     00006aa0  _ECap6Regs                      
1     00006b00  _EQep1Regs                      
1     00006b40  _EQep2Regs                      
1     00006f80  _GpioCtrlRegs                   
1     00006fc0  _GpioDataRegs                   
1     00006fe0  _GpioIntRegs                    
1     00007010  _SysCtrlRegs                    
1     00007040  _SpiaRegs                       
1     00007050  _SciaRegs                       
1     00007070  _XIntruptRegs                   
1     00007100  _AdcRegs                        
1     00007750  _ScibRegs                       
1     00007770  _ScicRegs                       
1     00007900  _I2caRegs                       
1     0000c000  .bss                            
1     0000c000  ___bss__                        
1     0000c000  ___end__                        
1     0000c000  _show_phase_error               
1     0000c000  end                             
1     0000c001  _show_phase                     
1     0000c002  _show_freq                      
1     0000c003  _show_phase_a                   
1     0000c006  _amplitud_v                     
1     0000c008  _amplitud_i                     
1     0000c00a  _amp_aux                        
1     0000c00c  _dw_aux                         
1     0000c00e  _dtheta_aux                     
1     0000c010  _dtheta_di                      
1     0000c012  _time_step                      
1     0000c014  _offet_Va                       
1     0000c016  _factor_tercero                 
1     0000c018  _factor_quinto                  
1     0000c01a  _factor_septimo                 
1     0000c01c  _factor_NS                      
1     0000c01e  _k_nsc                          
1     0000c020  _k_5th                          
1     0000c022  _k_7th                          
1     0000c024  _k_11th                         
1     0000c026  _U1N_COMP_ENABLE                
1     0000c028  _U5_COMP_ENABLE                 
1     0000c02a  _U7_COMP_ENABLE                 
1     0000c02c  _EPLL_u0                        
1     0000c02e  _EPLL_u1                        
1     0000c030  _EPLL_u2                        
1     0000c032  _EPLL_u3                        
1     0000c034  _pendiente_chilena              
1     0000c040  _theta_error                    
1     0000c046  _INT_CC_A                       
1     0000c04e  _INT_CC_B                       
1     0000c056  _INT_CC_C                       
1     0000c05e  _SGN_3Ph_V                      
1     0000c068  _SGN_3Ph_I                      
1     0000c072  _AUX_VCO                        
1     0000c080  _FIFTH_VCO                      
1     0000c08a  _SEVENTH_VCO                    
1     0000c094  _ELEVENTH_VCO                   
1     0000c09e  _SGN_NSC_V                      
1     0000c0a8  _SGN_5th_V                      
1     0000c0b2  _SGN_7th_V                      
1     0000c0c0  _SGN_11th_V                     
1     0000c0ca  _Conv                           
1     0000c0d6  _FE_U1                          
1     0000c0e6  _rampa                          
1     0000c100  _Grid                           
1     0000c140  _PSC_U1                         
1     0000c1c0  _NSC_U1                         
1     0000c240  _SC_U5                          
1     0000c2c0  _SC_U7                          
1     0000c30e  _sec                            
1     0000c310  _frecuencia                     
1     0000c312  _V_ref                          
1     0000c314  _t0_min                         
1     0000c328  _VPLL                           
1     0000c32e  ___TI_enable_exit_profile_output
1     0000c330  ___TI_cleanup_ptr               
1     0000c332  ___TI_dtors_ptr                 
1     0000c334  __lock                          
1     0000c336  __unlock                        
1     0000c338  _errno                          
1     0033fff8  _CsmPwl                         
1     00380090  _PartIdRegs                     
abs   00000300  __STACK_SIZE                    
abs   ffffffff  ___TI_pprof_out_hndl            
abs   ffffffff  ___TI_prof_data_size            
abs   ffffffff  ___TI_prof_data_start           
abs   ffffffff  ___binit__                      
abs   ffffffff  ___c_args__                     
abs   ffffffff  ___pinit__                      
abs   ffffffff  binit                           
abs   ffffffff  pinit                           

[295 symbols]
