******************************************************************************
             TMS320C2000 Linker PC v22.6.1                     
******************************************************************************
>> Linked Mon May 11 20:18:37 2026

OUTPUT FILE NAME:   <inversor_vectorial_rev2.out>
ENTRY POINT SYMBOL: "_c_int00"  address: 00009a01


MEMORY CONFIGURATION

         name            origin    length      used     unused   attr    fill
----------------------  --------  ---------  --------  --------  ----  --------
PAGE 0:
  BEGIN_M0              00000000   00000002  00000002  00000000  RWIX
  L0123SARAM            00008000   00004000  00001f2b  000020d5  RWIX
  RESET                 003fffc0   00000002  00000000  00000002  RWIX

PAGE 1:
  M0SARAM               00000002   000003fe  00000000  000003fe  RWIX
  M1SARAM               00000400   00000400  00000300  00000100  RWIX
  DEV_EMU               00000880   00000180  000000d0  000000b0  RWIX
  FLASH_REGS            00000a80   00000060  00000008  00000058  RWIX
  CSM                   00000ae0   00000010  00000010  00000000  RWIX
  ADC_MIRROR            00000b00   00000010  00000010  00000000  RWIX
  XINTF                 00000b20   00000020  0000001e  00000002  RWIX
  CPU_TIMER0            00000c00   00000008  00000008  00000000  RWIX
  CPU_TIMER1            00000c08   00000008  00000008  00000000  RWIX
  CPU_TIMER2            00000c10   00000008  00000008  00000000  RWIX
  PIE_CTRL              00000ce0   00000020  0000001a  00000006  RWIX
  PIE_VECT              00000d00   00000100  00000100  00000000  RWIX
  DMA                   00001000   00000200  000000e0  00000120  RWIX
  MCBSPA                00005000   00000040  00000025  0000001b  RWIX
  MCBSPB                00005040   00000040  00000025  0000001b  RWIX
  ECANA                 00006000   00000040  00000034  0000000c  RWIX
  ECANA_LAM             00006040   00000040  00000040  00000000  RWIX
  ECANA_MOTS            00006080   00000040  00000040  00000000  RWIX
  ECANA_MOTO            000060c0   00000040  00000040  00000000  RWIX
  ECANA_MBOX            00006100   00000100  00000100  00000000  RWIX
  ECANB                 00006200   00000040  00000034  0000000c  RWIX
  ECANB_LAM             00006240   00000040  00000040  00000000  RWIX
  ECANB_MOTS            00006280   00000040  00000040  00000000  RWIX
  ECANB_MOTO            000062c0   00000040  00000040  00000000  RWIX
  ECANB_MBOX            00006300   00000100  00000100  00000000  RWIX
  EPWM1                 00006800   00000022  00000022  00000000  RWIX
  EPWM2                 00006840   00000022  00000022  00000000  RWIX
  EPWM3                 00006880   00000022  00000022  00000000  RWIX
  EPWM4                 000068c0   00000022  00000022  00000000  RWIX
  EPWM5                 00006900   00000022  00000022  00000000  RWIX
  EPWM6                 00006940   00000022  00000022  00000000  RWIX
  ECAP1                 00006a00   00000020  00000020  00000000  RWIX
  ECAP2                 00006a20   00000020  00000020  00000000  RWIX
  ECAP3                 00006a40   00000020  00000020  00000000  RWIX
  ECAP4                 00006a60   00000020  00000020  00000000  RWIX
  ECAP5                 00006a80   00000020  00000020  00000000  RWIX
  ECAP6                 00006aa0   00000020  00000020  00000000  RWIX
  EQEP1                 00006b00   00000040  00000040  00000000  RWIX
  EQEP2                 00006b40   00000040  00000040  00000000  RWIX
  GPIOCTRL              00006f80   00000040  0000002e  00000012  RWIX
  GPIODAT               00006fc0   00000020  00000020  00000000  RWIX
  GPIOINT               00006fe0   00000020  0000000a  00000016  RWIX
  SYSTEM                00007010   00000020  00000020  00000000  RWIX
  SPIA                  00007040   00000010  00000010  00000000  RWIX
  SCIA                  00007050   00000010  00000010  00000000  RWIX
  XINTRUPT              00007070   00000010  00000010  00000000  RWIX
  ADC                   00007100   00000020  0000001e  00000002  RWIX
  SCIB                  00007750   00000010  00000010  00000000  RWIX
  SCIC                  00007770   00000010  00000010  00000000  RWIX
  I2CA                  00007900   00000040  00000022  0000001e  RWIX
  L4SARAM               0000c000   00001000  00000490  00000b70  RWIX
  L5SARAM               0000d000   00001000  00000000  00001000  RWIX
  L6SARAM               0000e000   00001000  00000000  00001000  RWIX
  L7SARAM               0000f000   00001000  00000000  00001000  RWIX
  CSM_PWL               0033fff8   00000008  00000008  00000000  RWIX
  PARTID                00380090   00000001  00000001  00000000  RWIX


SECTION ALLOCATION MAP

 output                                  attributes/
section   page    origin      length       input sections
--------  ----  ----------  ----------   ----------------
.text      0    00008000    00001cdf     
                  00008000    00000764     pll.obj (.text)
                  00008764    000006bc     project_interrupts.obj (.text)
                  00008e20    00000461     Interrupciones.obj (.text:retain)
                  00009281    00000314     PWM_config.obj (.text)
                  00009595    00000125     Gpio.obj (.text)
                  000096ba    00000117     ADC_config.obj (.text)
                  000097d1    00000088     rts2800_fpu32.lib : fs_div28.asm.obj (.text)
                  00009859    00000072     SysCtrl.obj (.text)
                  000098cb    0000006d     SEQ_CORE.obj (.text)
                  00009938    00000066     rts2800_fpu32.lib : s_sinf.c.obj (.text)
                  0000999e    00000063                       : s_cosf.c.obj (.text)
                  00009a01    00000056                       : boot28.asm.obj (.text)
                  00009a57    0000002d     Pie_config.obj (.text)
                  00009a84    00000029     GRID_VALUES.obj (.text)
                  00009aad    00000029     inversor.obj (.text)
                  00009ad6    00000029     rts2800_fpu32.lib : exit.c.obj (.text)
                  00009aff    00000025     PI_CONTROLLER.obj (.text)
                  00009b24    00000024     rts2800_fpu32.lib : cpy_tbl.c.obj (.text)
                  00009b48    00000021     main.obj (.text)
                  00009b69    00000020     FE.obj (.text)
                  00009b89    0000001f     SYM_COS.obj (.text)
                  00009ba8    0000001f     SYM_SIN.obj (.text)
                  00009bc7    0000001e     RATE_LIMITER.obj (.text)
                  00009be5    0000001d     rts2800_fpu32.lib : memcpy.c.obj (.text)
                  00009c02    0000001c     PARK.obj (.text)
                  00009c1e    0000001a     CLARKE.obj (.text)
                  00009c38    00000019     VCO.obj (.text)
                  00009c51    00000017     SIGNAL_3Ph.obj (.text)
                  00009c68    00000014     LIMITS.obj (.text)
                  00009c7c    00000012     INTEGRATOR.obj (.text)
                  00009c8e    00000012     rts2800_fpu32.lib : args_main.c.obj (.text)
                  00009ca0    00000010     DelayUs.obj (.text)
                  00009cb0    0000000f     Watchdog.obj (.text)
                  00009cbf    0000000d     ANG_DIFF.obj (.text)
                  00009ccc    00000009     rts2800_fpu32.lib : _lock.c.obj (.text)
                  00009cd5    00000007     CodeStartBranch.obj (.text)
                  00009cdc    00000002     rts2800_fpu32.lib : pre_init.c.obj (.text)
                  00009cde    00000001                       : startup.c.obj (.text)

.cinit     0    00009cdf    00000146     
                  00009cdf    00000074     pll.obj (.cinit)
                  00009d53    0000006e     project_interrupts.obj (.cinit)
                  00009dc1    00000019     modulacion_vectorial.obj (.cinit)
                  00009dda    00000018     PWM_config.obj (.cinit)
                  00009df2    0000000e     rts2800_fpu32.lib : exit.c.obj (.cinit)
                  00009e00    00000009     pll.obj (.cinit:_VPLL)
                  00009e09    00000008     inversor.obj (.cinit)
                  00009e11    00000005     rts2800_fpu32.lib : _lock.c.obj (.cinit:__lock)
                  00009e16    00000005                       : _lock.c.obj (.cinit:__unlock)
                  00009e1b    00000004     main.obj (.cinit)
                  00009e1f    00000004     rts2800_fpu32.lib : errno.c.obj (.cinit)
                  00009e23    00000002     --HOLE-- [fill = 0]

.econst    0    00009e26    00000106     
                  00009e26    00000100     PieVect.obj (.econst:_PieVectTableInit)
                  00009f26    00000002     project_interrupts.obj (.econst)
                  00009f28    00000002     rts2800_fpu32.lib : e_fmodf.c.obj (.econst)
                  00009f2a    00000002                       : s_ceilf.c.obj (.econst)

.pinit     0    00008000    00000000     UNINITIALIZED

.reset     0    003fffc0    00000002     DSECT
                  003fffc0    00000002     rts2800_fpu32.lib : boot28.asm.obj (.reset)

DevEmuRegsFile 
*          1    00000880    000000d0     UNINITIALIZED
                  00000880    000000d0     DSP2833x_GlobalVariableDefs.obj (DevEmuRegsFile)

FlashRegsFile 
*          1    00000a80    00000008     UNINITIALIZED
                  00000a80    00000008     DSP2833x_GlobalVariableDefs.obj (FlashRegsFile)

CsmRegsFile 
*          1    00000ae0    00000010     UNINITIALIZED
                  00000ae0    00000010     DSP2833x_GlobalVariableDefs.obj (CsmRegsFile)

AdcMirrorFile 
*          1    00000b00    00000010     UNINITIALIZED
                  00000b00    00000010     DSP2833x_GlobalVariableDefs.obj (AdcMirrorFile)

XintfRegsFile 
*          1    00000b20    0000001e     UNINITIALIZED
                  00000b20    0000001e     DSP2833x_GlobalVariableDefs.obj (XintfRegsFile)

CpuTimer0RegsFile 
*          1    00000c00    00000008     UNINITIALIZED
                  00000c00    00000008     DSP2833x_GlobalVariableDefs.obj (CpuTimer0RegsFile)

CpuTimer1RegsFile 
*          1    00000c08    00000008     UNINITIALIZED
                  00000c08    00000008     DSP2833x_GlobalVariableDefs.obj (CpuTimer1RegsFile)

CpuTimer2RegsFile 
*          1    00000c10    00000008     UNINITIALIZED
                  00000c10    00000008     DSP2833x_GlobalVariableDefs.obj (CpuTimer2RegsFile)

PieCtrlRegsFile 
*          1    00000ce0    0000001a     UNINITIALIZED
                  00000ce0    0000001a     DSP2833x_GlobalVariableDefs.obj (PieCtrlRegsFile)

ECanaMOTSRegsFile 
*          1    00006080    00000040     UNINITIALIZED
                  00006080    00000040     DSP2833x_GlobalVariableDefs.obj (ECanaMOTSRegsFile)

ECanaMOTORegsFile 
*          1    000060c0    00000040     UNINITIALIZED
                  000060c0    00000040     DSP2833x_GlobalVariableDefs.obj (ECanaMOTORegsFile)

ECanbMOTSRegsFile 
*          1    00006280    00000040     UNINITIALIZED
                  00006280    00000040     DSP2833x_GlobalVariableDefs.obj (ECanbMOTSRegsFile)

ECanbMOTORegsFile 
*          1    000062c0    00000040     UNINITIALIZED
                  000062c0    00000040     DSP2833x_GlobalVariableDefs.obj (ECanbMOTORegsFile)

.bss       1    0000c000    00000000     UNINITIALIZED

.ebss      1    0000c000    00000490     UNINITIALIZED
                  0000c000    0000038e     pll.obj (.ebss)
                  0000c38e    0000000a     modulacion_vectorial.obj (.ebss)
                  0000c398    00000006     PWM_config.obj (.ebss)
                  0000c39e    00000006     pll.obj (.ebss:_VPLL)
                  0000c3a4    00000006     rts2800_fpu32.lib : exit.c.obj (.ebss)
                  0000c3aa    00000002                       : _lock.c.obj (.ebss:__lock)
                  0000c3ac    00000002                       : _lock.c.obj (.ebss:__unlock)
                  0000c3ae    00000002     inversor.obj (.ebss)
                  0000c3b0    00000001     main.obj (.ebss)
                  0000c3b1    00000001     rts2800_fpu32.lib : errno.c.obj (.ebss)
                  0000c3b2    0000000e     --HOLE--
                  0000c3c0    000000d0     project_interrupts.obj (.ebss)

.stack     1    00000400    00000300     UNINITIALIZED
                  00000400    00000300     --HOLE--

codestart 
*          0    00000000    00000002     
                  00000000    00000002     CodeStartBranch.obj (codestart)

PieVectTableFile 
*          1    00000d00    00000100     UNINITIALIZED
                  00000d00    00000100     DSP2833x_GlobalVariableDefs.obj (PieVectTableFile)

DmaRegsFile 
*          1    00001000    000000e0     UNINITIALIZED
                  00001000    000000e0     DSP2833x_GlobalVariableDefs.obj (DmaRegsFile)

McbspaRegsFile 
*          1    00005000    00000025     UNINITIALIZED
                  00005000    00000025     DSP2833x_GlobalVariableDefs.obj (McbspaRegsFile)

McbspbRegsFile 
*          1    00005040    00000025     UNINITIALIZED
                  00005040    00000025     DSP2833x_GlobalVariableDefs.obj (McbspbRegsFile)

ECanaRegsFile 
*          1    00006000    00000034     UNINITIALIZED
                  00006000    00000034     DSP2833x_GlobalVariableDefs.obj (ECanaRegsFile)

ECanaLAMRegsFile 
*          1    00006040    00000040     UNINITIALIZED
                  00006040    00000040     DSP2833x_GlobalVariableDefs.obj (ECanaLAMRegsFile)

ECanaMboxesFile 
*          1    00006100    00000100     UNINITIALIZED
                  00006100    00000100     DSP2833x_GlobalVariableDefs.obj (ECanaMboxesFile)

ECanbRegsFile 
*          1    00006200    00000034     UNINITIALIZED
                  00006200    00000034     DSP2833x_GlobalVariableDefs.obj (ECanbRegsFile)

ECanbLAMRegsFile 
*          1    00006240    00000040     UNINITIALIZED
                  00006240    00000040     DSP2833x_GlobalVariableDefs.obj (ECanbLAMRegsFile)

ECanbMboxesFile 
*          1    00006300    00000100     UNINITIALIZED
                  00006300    00000100     DSP2833x_GlobalVariableDefs.obj (ECanbMboxesFile)

EPwm1RegsFile 
*          1    00006800    00000022     UNINITIALIZED
                  00006800    00000022     DSP2833x_GlobalVariableDefs.obj (EPwm1RegsFile)

EPwm2RegsFile 
*          1    00006840    00000022     UNINITIALIZED
                  00006840    00000022     DSP2833x_GlobalVariableDefs.obj (EPwm2RegsFile)

EPwm3RegsFile 
*          1    00006880    00000022     UNINITIALIZED
                  00006880    00000022     DSP2833x_GlobalVariableDefs.obj (EPwm3RegsFile)

EPwm4RegsFile 
*          1    000068c0    00000022     UNINITIALIZED
                  000068c0    00000022     DSP2833x_GlobalVariableDefs.obj (EPwm4RegsFile)

EPwm5RegsFile 
*          1    00006900    00000022     UNINITIALIZED
                  00006900    00000022     DSP2833x_GlobalVariableDefs.obj (EPwm5RegsFile)

EPwm6RegsFile 
*          1    00006940    00000022     UNINITIALIZED
                  00006940    00000022     DSP2833x_GlobalVariableDefs.obj (EPwm6RegsFile)

ECap1RegsFile 
*          1    00006a00    00000020     UNINITIALIZED
                  00006a00    00000020     DSP2833x_GlobalVariableDefs.obj (ECap1RegsFile)

ECap2RegsFile 
*          1    00006a20    00000020     UNINITIALIZED
                  00006a20    00000020     DSP2833x_GlobalVariableDefs.obj (ECap2RegsFile)

ECap3RegsFile 
*          1    00006a40    00000020     UNINITIALIZED
                  00006a40    00000020     DSP2833x_GlobalVariableDefs.obj (ECap3RegsFile)

ECap4RegsFile 
*          1    00006a60    00000020     UNINITIALIZED
                  00006a60    00000020     DSP2833x_GlobalVariableDefs.obj (ECap4RegsFile)

ECap5RegsFile 
*          1    00006a80    00000020     UNINITIALIZED
                  00006a80    00000020     DSP2833x_GlobalVariableDefs.obj (ECap5RegsFile)

ECap6RegsFile 
*          1    00006aa0    00000020     UNINITIALIZED
                  00006aa0    00000020     DSP2833x_GlobalVariableDefs.obj (ECap6RegsFile)

EQep1RegsFile 
*          1    00006b00    00000040     UNINITIALIZED
                  00006b00    00000040     DSP2833x_GlobalVariableDefs.obj (EQep1RegsFile)

EQep2RegsFile 
*          1    00006b40    00000040     UNINITIALIZED
                  00006b40    00000040     DSP2833x_GlobalVariableDefs.obj (EQep2RegsFile)

GpioCtrlRegsFile 
*          1    00006f80    0000002e     UNINITIALIZED
                  00006f80    0000002e     DSP2833x_GlobalVariableDefs.obj (GpioCtrlRegsFile)

GpioDataRegsFile 
*          1    00006fc0    00000020     UNINITIALIZED
                  00006fc0    00000020     DSP2833x_GlobalVariableDefs.obj (GpioDataRegsFile)

GpioIntRegsFile 
*          1    00006fe0    0000000a     UNINITIALIZED
                  00006fe0    0000000a     DSP2833x_GlobalVariableDefs.obj (GpioIntRegsFile)

SysCtrlRegsFile 
*          1    00007010    00000020     UNINITIALIZED
                  00007010    00000020     DSP2833x_GlobalVariableDefs.obj (SysCtrlRegsFile)

SpiaRegsFile 
*          1    00007040    00000010     UNINITIALIZED
                  00007040    00000010     DSP2833x_GlobalVariableDefs.obj (SpiaRegsFile)

SciaRegsFile 
*          1    00007050    00000010     UNINITIALIZED
                  00007050    00000010     DSP2833x_GlobalVariableDefs.obj (SciaRegsFile)

XIntruptRegsFile 
*          1    00007070    00000010     UNINITIALIZED
                  00007070    00000010     DSP2833x_GlobalVariableDefs.obj (XIntruptRegsFile)

AdcRegsFile 
*          1    00007100    0000001e     UNINITIALIZED
                  00007100    0000001e     DSP2833x_GlobalVariableDefs.obj (AdcRegsFile)

ScibRegsFile 
*          1    00007750    00000010     UNINITIALIZED
                  00007750    00000010     DSP2833x_GlobalVariableDefs.obj (ScibRegsFile)

ScicRegsFile 
*          1    00007770    00000010     UNINITIALIZED
                  00007770    00000010     DSP2833x_GlobalVariableDefs.obj (ScicRegsFile)

I2caRegsFile 
*          1    00007900    00000022     UNINITIALIZED
                  00007900    00000022     DSP2833x_GlobalVariableDefs.obj (I2caRegsFile)

CsmPwlFile 
*          1    0033fff8    00000008     UNINITIALIZED
                  0033fff8    00000008     DSP2833x_GlobalVariableDefs.obj (CsmPwlFile)

PartIdRegsFile 
*          1    00380090    00000001     UNINITIALIZED
                  00380090    00000001     DSP2833x_GlobalVariableDefs.obj (PartIdRegsFile)

MODULE SUMMARY

       Module                            code   initialized data   uninitialized data
       ------                            ----   ----------------   ------------------
    .\
       pll.obj                           1892   125                916               
       DSP2833x_GlobalVariableDefs.obj   0      0                  2679              
       project_interrupts.obj            1724   112                208               
       Interrupciones.obj                1121   0                  0                 
       PWM_config.obj                    788    24                 6                 
       Gpio.obj                          293    0                  0                 
       ADC_config.obj                    279    0                  0                 
       PieVect.obj                       0      256                0                 
       SysCtrl.obj                       114    0                  0                 
       SEQ_CORE.obj                      109    0                  0                 
       inversor.obj                      41     8                  2                 
       Pie_config.obj                    45     0                  0                 
       GRID_VALUES.obj                   41     0                  0                 
       main.obj                          33     4                  1                 
       PI_CONTROLLER.obj                 37     0                  0                 
       modulacion_vectorial.obj          0      25                 10                
       FE.obj                            32     0                  0                 
       SYM_COS.obj                       31     0                  0                 
       SYM_SIN.obj                       31     0                  0                 
       RATE_LIMITER.obj                  30     0                  0                 
       PARK.obj                          28     0                  0                 
       CLARKE.obj                        26     0                  0                 
       VCO.obj                           25     0                  0                 
       SIGNAL_3Ph.obj                    23     0                  0                 
       LIMITS.obj                        20     0                  0                 
       INTEGRATOR.obj                    18     0                  0                 
       DelayUs.obj                       16     0                  0                 
       Watchdog.obj                      15     0                  0                 
       ANG_DIFF.obj                      13     0                  0                 
       CodeStartBranch.obj               9      0                  0                 
    +--+---------------------------------+------+------------------+--------------------+
       Total:                            6834   554                3822              
                                                                                     
    C:\ti\ccs1260\ccs\tools\compiler\ti-cgt-c2000_22.6.1.LTS\lib\rts2800_fpu32.lib
       fs_div28.asm.obj                  136    0                  0                 
       s_sinf.c.obj                      102    0                  0                 
       s_cosf.c.obj                      99     0                  0                 
       boot28.asm.obj                    86     0                  0                 
       exit.c.obj                        41     14                 6                 
       cpy_tbl.c.obj                     36     0                  0                 
       memcpy.c.obj                      29     0                  0                 
       _lock.c.obj                       9      10                 4                 
       args_main.c.obj                   18     0                  0                 
       errno.c.obj                       0      4                  1                 
       e_fmodf.c.obj                     0      2                  0                 
       pre_init.c.obj                    2      0                  0                 
       s_ceilf.c.obj                     0      2                  0                 
       startup.c.obj                     1      0                  0                 
    +--+---------------------------------+------+------------------+--------------------+
       Total:                            559    32                 11                
                                                                                     
       Stack:                            0      0                  768               
    +--+---------------------------------+------+------------------+--------------------+
       Grand Total:                      7393   586                4601              


GLOBAL DATA SYMBOLS: SORTED BY DATA PAGE

address     data page           name
--------    ----------------    ----
00000400      10 (00000400)     __stack

00000880      22 (00000880)     _DevEmuRegs

00000a80      2a (00000a80)     _FlashRegs

00000ae0      2b (00000ac0)     _CsmRegs

00000b00      2c (00000b00)     _AdcMirror
00000b20      2c (00000b00)     _XintfRegs

00000c00      30 (00000c00)     _CpuTimer0Regs
00000c08      30 (00000c00)     _CpuTimer1Regs
00000c10      30 (00000c00)     _CpuTimer2Regs

00000ce0      33 (00000cc0)     _PieCtrlRegs

00000d00      34 (00000d00)     _PieVectTable

00001000      40 (00001000)     _DmaRegs

00005000     140 (00005000)     _McbspaRegs

00005040     141 (00005040)     _McbspbRegs

00006000     180 (00006000)     _ECanaRegs

00006040     181 (00006040)     _ECanaLAMRegs

00006080     182 (00006080)     _ECanaMOTSRegs

000060c0     183 (000060c0)     _ECanaMOTORegs

00006100     184 (00006100)     _ECanaMboxes

00006200     188 (00006200)     _ECanbRegs

00006240     189 (00006240)     _ECanbLAMRegs

00006280     18a (00006280)     _ECanbMOTSRegs

000062c0     18b (000062c0)     _ECanbMOTORegs

00006300     18c (00006300)     _ECanbMboxes

00006800     1a0 (00006800)     _EPwm1Regs

00006840     1a1 (00006840)     _EPwm2Regs

00006880     1a2 (00006880)     _EPwm3Regs

000068c0     1a3 (000068c0)     _EPwm4Regs

00006900     1a4 (00006900)     _EPwm5Regs

00006940     1a5 (00006940)     _EPwm6Regs

00006a00     1a8 (00006a00)     _ECap1Regs
00006a20     1a8 (00006a00)     _ECap2Regs

00006a40     1a9 (00006a40)     _ECap3Regs
00006a60     1a9 (00006a40)     _ECap4Regs

00006a80     1aa (00006a80)     _ECap5Regs
00006aa0     1aa (00006a80)     _ECap6Regs

00006b00     1ac (00006b00)     _EQep1Regs

00006b40     1ad (00006b40)     _EQep2Regs

00006f80     1be (00006f80)     _GpioCtrlRegs

00006fc0     1bf (00006fc0)     _GpioDataRegs
00006fe0     1bf (00006fc0)     _GpioIntRegs

00007010     1c0 (00007000)     _SysCtrlRegs

00007040     1c1 (00007040)     _SpiaRegs
00007050     1c1 (00007040)     _SciaRegs
00007070     1c1 (00007040)     _XIntruptRegs

00007100     1c4 (00007100)     _AdcRegs

00007750     1dd (00007740)     _ScibRegs
00007770     1dd (00007740)     _ScicRegs

00007900     1e4 (00007900)     _I2caRegs

00009e26     278 (00009e00)     _PieVectTableInit

00009f26     27c (00009f00)     _L

0000c000     300 (0000c000)     _show_phase
0000c001     300 (0000c000)     _show_freq
0000c002     300 (0000c000)     _show_phase_a
0000c004     300 (0000c000)     _amplitud_i
0000c006     300 (0000c000)     _dtheta_di
0000c008     300 (0000c000)     _time_step
0000c00a     300 (0000c000)     _offet_Va
0000c00c     300 (0000c000)     _factor_tercero
0000c00e     300 (0000c000)     _factor_quinto
0000c010     300 (0000c000)     _factor_septimo
0000c012     300 (0000c000)     _factor_NS
0000c014     300 (0000c000)     _U1N_COMP_ENABLE
0000c016     300 (0000c000)     _U5_COMP_ENABLE
0000c018     300 (0000c000)     _U7_COMP_ENABLE
0000c01a     300 (0000c000)     _EPLL_u0
0000c01c     300 (0000c000)     _EPLL_u1
0000c01e     300 (0000c000)     _EPLL_u2
0000c020     300 (0000c000)     _EPLL_u3
0000c022     300 (0000c000)     _pendiente_chilena
0000c024     300 (0000c000)     _uuun
0000c026     300 (0000c000)     _uuu3
0000c028     300 (0000c000)     _uuu5
0000c02a     300 (0000c000)     _uuu7
0000c02c     300 (0000c000)     _INT_CC_A
0000c034     300 (0000c000)     _INT_CC_B

0000c040     301 (0000c040)     _INT_CC_C
0000c048     301 (0000c040)     _SGN_3Ph_V
0000c052     301 (0000c040)     _SGN_3Ph_I
0000c05c     301 (0000c040)     _AUX_VCO
0000c066     301 (0000c040)     _FIFTH_VCO
0000c070     301 (0000c040)     _SEVENTH_VCO

0000c080     302 (0000c080)     _ELEVENTH_VCO
0000c08a     302 (0000c080)     _SGN_NSC_V
0000c094     302 (0000c080)     _SGN_3th_V
0000c09e     302 (0000c080)     _SGN_5th_V
0000c0a8     302 (0000c080)     _SGN_7th_V
0000c0b2     302 (0000c080)     _SGN_11th_V

0000c0ca     303 (0000c0c0)     _Conv
0000c0d6     303 (0000c0c0)     _FE_U1
0000c0e6     303 (0000c0c0)     _rampa

0000c100     304 (0000c100)     _Grid

0000c140     305 (0000c140)     _PSC_U1

0000c1c0     307 (0000c1c0)     _NSC_U1

0000c240     309 (0000c240)     _SC_U3

0000c2c0     30b (0000c2c0)     _SC_U5

0000c340     30d (0000c340)     _SC_U7

0000c38e     30e (0000c380)     _frecuencia
0000c390     30e (0000c380)     _V_ref
0000c392     30e (0000c380)     _t0_min
0000c39e     30e (0000c380)     _VPLL
0000c3a4     30e (0000c380)     ___TI_enable_exit_profile_output
0000c3a6     30e (0000c380)     ___TI_cleanup_ptr
0000c3a8     30e (0000c380)     ___TI_dtors_ptr
0000c3aa     30e (0000c380)     __lock
0000c3ac     30e (0000c380)     __unlock
0000c3af     30e (0000c380)     _activo
0000c3b0     30e (0000c380)     _a
0000c3b1     30e (0000c380)     _errno

0000c3c0     30f (0000c3c0)     _idsp
0000c3c2     30f (0000c3c0)     _iqsp
0000c3c4     30f (0000c3c0)     _w
0000c3c6     30f (0000c3c0)     _kadj
0000c3c8     30f (0000c3c0)     _Ri
0000c3ca     30f (0000c3c0)     _Si
0000c3cc     30f (0000c3c0)     _Ti
0000c3ce     30f (0000c3c0)     _Rv
0000c3d0     30f (0000c3c0)     _Sv
0000c3d2     30f (0000c3c0)     _Tv
0000c3d4     30f (0000c3c0)     _Yv
0000c3d6     30f (0000c3c0)     _sRv
0000c3d8     30f (0000c3c0)     _sSv
0000c3da     30f (0000c3c0)     _sTv
0000c3dc     30f (0000c3c0)     _modmod
0000c3de     30f (0000c3c0)     _PI_ENABLED
0000c3e0     30f (0000c3c0)     _I_FF_ENABLED
0000c3e2     30f (0000c3c0)     _kp_control_i
0000c3e4     30f (0000c3c0)     _ki_control_i
0000c3e6     30f (0000c3c0)     _k_nsc
0000c3e8     30f (0000c3c0)     _k_5th
0000c3ea     30f (0000c3c0)     _k_7th
0000c3ec     30f (0000c3c0)     _k_11th
0000c3ee     30f (0000c3c0)     _amplitud_v
0000c3f0     30f (0000c3c0)     _amp_aux
0000c3f2     30f (0000c3c0)     _dw_aux
0000c3f4     30f (0000c3c0)     _dtheta_aux
0000c3f6     30f (0000c3c0)     _theta_out
0000c3f8     30f (0000c3c0)     _modulo_out

0000c400     310 (0000c400)     _theta_error
0000c410     310 (0000c400)     _tension_simulada

0033fff8    cfff (0033ffc0)     _CsmPwl

00380090    e002 (00380080)     _PartIdRegs


GLOBAL SYMBOLS: SORTED ALPHABETICALLY BY Name 

page  address   name                                 
----  -------   ----                                 
1     0000c000  .bss                                 
0     00008000  .text                                
0     00009ad6  C$$EXIT                              
0     000097d1  FS$$DIV                              
0     00008f16  _ADCINT_ISR                          
0     00009cbf  _ANG_DIFF_init                       
1     0000c05c  _AUX_VCO                             
1     00000b00  _AdcMirror                           
1     00007100  _AdcRegs                             
0     00009c1e  _CLARKE_init                         
1     0000c0ca  _Conv                                
1     00000c00  _CpuTimer0Regs                       
1     00000c08  _CpuTimer1Regs                       
1     00000c10  _CpuTimer2Regs                       
1     0033fff8  _CsmPwl                              
1     00000ae0  _CsmRegs                             
0     00008e34  _DATALOG_ISR                         
0     00009119  _DINTCH1_ISR                         
0     00009127  _DINTCH2_ISR                         
0     00009135  _DINTCH3_ISR                         
0     00009143  _DINTCH4_ISR                         
0     00009151  _DINTCH5_ISR                         
0     0000915f  _DINTCH6_ISR                         
0     00009ca0  _DelayUs                             
1     00000880  _DevEmuRegs                          
1     00001000  _DmaRegs                             
0     000091dd  _ECAN0INTA_ISR                       
0     000091f9  _ECAN0INTB_ISR                       
0     000091eb  _ECAN1INTA_ISR                       
0     00009207  _ECAN1INTB_ISR                       
0     00009055  _ECAP1_INT_ISR                       
0     00009063  _ECAP2_INT_ISR                       
0     00009071  _ECAP3_INT_ISR                       
0     0000907f  _ECAP4_INT_ISR                       
0     0000908d  _ECAP5_INT_ISR                       
0     0000909b  _ECAP6_INT_ISR                       
1     00006040  _ECanaLAMRegs                        
1     000060c0  _ECanaMOTORegs                       
1     00006080  _ECanaMOTSRegs                       
1     00006100  _ECanaMboxes                         
1     00006000  _ECanaRegs                           
1     00006240  _ECanbLAMRegs                        
1     000062c0  _ECanbMOTORegs                       
1     00006280  _ECanbMOTSRegs                       
1     00006300  _ECanbMboxes                         
1     00006200  _ECanbRegs                           
1     00006a00  _ECap1Regs                           
1     00006a20  _ECap2Regs                           
1     00006a40  _ECap3Regs                           
1     00006a60  _ECap4Regs                           
1     00006a80  _ECap5Regs                           
1     00006aa0  _ECap6Regs                           
1     0000c080  _ELEVENTH_VCO                        
0     00008e48  _EMUINT_ISR                          
1     0000c01a  _EPLL_u0                             
1     0000c01c  _EPLL_u1                             
1     0000c01e  _EPLL_u2                             
1     0000c020  _EPLL_u3                             
0     00008fd3  _EPWM1_INT_ISR                       
0     00008f4d  _EPWM1_TZINT_ISR                     
0     00009008  _EPWM2_INT_ISR                       
0     00008f8d  _EPWM2_TZINT_ISR                     
0     00009016  _EPWM3_INT_ISR                       
0     00008f9b  _EPWM3_TZINT_ISR                     
0     00009024  _EPWM4_INT_ISR                       
0     00008fa9  _EPWM4_TZINT_ISR                     
0     00009039  _EPWM5_INT_ISR                       
0     00008fb7  _EPWM5_TZINT_ISR                     
0     00009047  _EPWM6_INT_ISR                       
0     00008fc5  _EPWM6_TZINT_ISR                     
1     00006800  _EPwm1Regs                           
1     00006840  _EPwm2Regs                           
1     00006880  _EPwm3Regs                           
1     000068c0  _EPwm4Regs                           
1     00006900  _EPwm5Regs                           
1     00006940  _EPwm6Regs                           
0     000090a9  _EQEP1_INT_ISR                       
0     000090b7  _EQEP2_INT_ISR                       
1     00006b00  _EQep1Regs                           
1     00006b40  _EQep2Regs                           
1     0000c0d6  _FE_U1                               
0     00009b69  _FE_init                             
1     0000c066  _FIFTH_VCO                           
1     00000a80  _FlashRegs                           
0     00009a84  _GRID_VALUES_init                    
1     00006f80  _GpioCtrlRegs                        
1     00006fc0  _GpioDataRegs                        
1     00006fe0  _GpioIntRegs                         
1     0000c100  _Grid                                
0     0000916d  _I2CINT1A_ISR                        
0     0000917b  _I2CINT2A_ISR                        
1     00007900  _I2caRegs                            
0     00008e5c  _ILLEGAL_ISR                         
0     00008e20  _INT13_ISR                           
0     00008e2a  _INT14_ISR                           
0     00009c7c  _INTEGRATOR_init                     
1     0000c02c  _INT_CC_A                            
1     0000c034  _INT_CC_B                            
1     0000c040  _INT_CC_C                            
1     0000c3e0  _I_FF_ENABLED                        
0     000096ba  _InitAdc                             
0     000092b7  _InitEPwm123_static                  
0     0000937c  _InitEPwm123_withInterrupt           
0     0000949f  _InitEPwm123_withInterrupt_pwm4_debug
0     00009595  _InitGpio                            
0     00009aad  _InitInversor                        
0     00009a57  _InitPieCtrl                         
0     00009859  _InitSysCtrl                         
0     00009cb0  _InitWatchdog                        
0     00009ad2  _IsInversorOn                        
0     00009f26  _L                                   
0     00009c68  _LIMITS_init                         
0     00009269  _LUF_ISR                             
0     0000925b  _LVF_ISR                             
0     000090fd  _MRINTA_ISR                          
0     000090e1  _MRINTB_ISR                          
0     0000910b  _MXINTA_ISR                          
0     000090ef  _MXINTB_ISR                          
1     00005000  _McbspaRegs                          
1     00005040  _McbspbRegs                          
0     00008e52  _NMI_ISR                             
1     0000c1c0  _NSC_U1                              
0     00009c02  _PARK_init                           
0     00009aff  _PI_CONTROLLER_init                  
1     0000c3de  _PI_ENABLED                          
1     0000c140  _PSC_U1                              
1     00380090  _PartIdRegs                          
1     00000ce0  _PieCtrlRegs                         
1     00000d00  _PieVectTable                        
0     00009e26  _PieVectTableInit                    
0     00009bc7  _RATE_LIMITER_init                   
0     00008e3e  _RTOSINT_ISR                         
1     0000c3c8  _Ri                                  
1     0000c3ce  _Rv                                  
0     000091a5  _SCIRXINTA_ISR                       
0     000091c1  _SCIRXINTB_ISR                       
0     00009189  _SCIRXINTC_ISR                       
0     000091b3  _SCITXINTA_ISR                       
0     000091cf  _SCITXINTB_ISR                       
0     00009197  _SCITXINTC_ISR                       
1     0000c240  _SC_U3                               
1     0000c2c0  _SC_U5                               
1     0000c340  _SC_U7                               
0     00008ede  _SEQ1INT_ISR                         
0     00008eec  _SEQ2INT_ISR                         
0     000098cb  _SEQ_CORE_init                       
1     0000c070  _SEVENTH_VCO                         
1     0000c0b2  _SGN_11th_V                          
1     0000c052  _SGN_3Ph_I                           
1     0000c048  _SGN_3Ph_V                           
1     0000c094  _SGN_3th_V                           
1     0000c09e  _SGN_5th_V                           
1     0000c0a8  _SGN_7th_V                           
1     0000c08a  _SGN_NSC_V                           
0     00009c51  _SIGNAL_3Ph_init                     
0     000090c5  _SPIRXINTA_ISR                       
0     000090d3  _SPITXINTA_ISR                       
0     00009b89  _SYM_COS_init                        
0     00009ba8  _SYM_SIN_init                        
1     00007050  _SciaRegs                            
1     00007750  _ScibRegs                            
1     00007770  _ScicRegs                            
1     0000c3ca  _Si                                  
1     00007040  _SpiaRegs                            
0     00009abd  _StartInversor                       
0     00009ac2  _StopInversor                        
1     0000c3d0  _Sv                                  
1     00007010  _SysCtrlRegs                         
0     00008f31  _TINT0_ISR                           
1     0000c3cc  _Ti                                  
1     0000c3d2  _Tv                                  
1     0000c014  _U1N_COMP_ENABLE                     
1     0000c016  _U5_COMP_ENABLE                      
1     0000c018  _U7_COMP_ENABLE                      
0     00008ec0  _USER10_ISR                          
0     00008eca  _USER11_ISR                          
0     00008ed4  _USER12_ISR                          
0     00008e66  _USER1_ISR                           
0     00008e70  _USER2_ISR                           
0     00008e7a  _USER3_ISR                           
0     00008e84  _USER4_ISR                           
0     00008e8e  _USER5_ISR                           
0     00008e98  _USER6_ISR                           
0     00008ea2  _USER7_ISR                           
0     00008eac  _USER8_ISR                           
0     00008eb6  _USER9_ISR                           
0     00009c38  _VCO_init                            
1     0000c39e  _VPLL                                
1     0000c390  _V_ref                               
0     00008f3f  _WAKEINT_ISR                         
0     00008efa  _XINT1_ISR                           
0     00008f08  _XINT2_ISR                           
0     00009215  _XINT3_ISR                           
0     00009223  _XINT4_ISR                           
0     00009231  _XINT5_ISR                           
0     0000923f  _XINT6_ISR                           
0     0000924d  _XINT7_ISR                           
1     00007070  _XIntruptRegs                        
1     00000b20  _XintfRegs                           
1     0000c3d4  _Yv                                  
1     00000700  __STACK_END                          
abs   00000300  __STACK_SIZE                         
1     0000c3a6  ___TI_cleanup_ptr                    
1     0000c3a8  ___TI_dtors_ptr                      
1     0000c3a4  ___TI_enable_exit_profile_output     
abs   ffffffff  ___TI_pprof_out_hndl                 
abs   ffffffff  ___TI_prof_data_size                 
abs   ffffffff  ___TI_prof_data_start                
abs   ffffffff  ___binit__                           
1     0000c000  ___bss__                             
abs   ffffffff  ___c_args__                          
0     00009cdf  ___cinit__                           
1     0000c000  ___end__                             
0     00009cdf  ___etext__                           
abs   ffffffff  ___pinit__                           
0     00008000  ___text__                            
0     00009c8e  __args_main                          
1     0000c3aa  __lock                               
0     00009cd4  __nop                                
0     00009cd0  __register_lock                      
0     00009ccc  __register_unlock                    
1     00000400  __stack                              
0     00009cde  __system_post_cinit                  
0     00009cdc  __system_pre_init                    
1     0000c3ac  __unlock                             
1     0000c3b0  _a                                   
0     00009ad6  _abort                               
1     0000c3af  _activo                              
0     000096df  _adc1                                
0     00009703  _adc2                                
0     0000972c  _adc4                                
0     00009755  _adc5                                
0     0000978d  _adc6                                
1     0000c3f0  _amp_aux                             
1     0000c004  _amplitud_i                          
1     0000c3ee  _amplitud_v                          
0     00009a01  _c_int00                             
0     00009b24  _copy_in                             
0     0000999e  _cos                                 
0     0000999e  _cosf                                
0     00009289  _disableEPWMClock                    
1     0000c3f4  _dtheta_aux                          
1     0000c006  _dtheta_di                           
1     0000c3f2  _dw_aux                              
0     00009281  _enableEPWMClock                     
1     0000c3b1  _errno                               
0     00009ad8  _exit                                
1     0000c012  _factor_NS                           
1     0000c00e  _factor_quinto                       
1     0000c010  _factor_septimo                      
1     0000c00c  _factor_tercero                      
0     00008e1f  _failure_interrupt                   
1     0000c38e  _frecuencia                          
1     0000c3c0  _idsp                                
0     00008de8  _init_interrupts_macros              
1     0000c3c2  _iqsp                                
1     0000c3ec  _k_11th                              
1     0000c3e8  _k_5th                               
1     0000c3ea  _k_7th                               
1     0000c3e6  _k_nsc                               
1     0000c3c6  _kadj                                
1     0000c3e4  _ki_control_i                        
1     0000c3e2  _kp_control_i                        
0     00009b48  _main                                
0     00009be5  _memcpy                              
1     0000c3dc  _modmod                              
1     0000c3f8  _modulo_out                          
1     0000c00a  _offet_Va                            
1     0000c022  _pendiente_chilena                   
0     00009291  _pwm1_configure_interrupt            
0     000092a2  _pwm1_enable_interrupt               
0     0000956c  _pwm4_init                           
1     0000c0e6  _rampa                               
0     00009277  _rsvd_ISR                            
0     00008d1a  _run_interrupt                       
0     00008000  _run_pll                             
1     0000c3d6  _sRv                                 
1     0000c3d8  _sSv                                 
1     0000c3da  _sTv                                 
1     0000c001  _show_freq                           
1     0000c000  _show_phase                          
1     0000c002  _show_phase_a                        
0     000087d5  _sim_get                             
0     00008764  _sim_init                            
0     00009938  _sin                                 
0     00009938  _sinf                                
1     0000c392  _t0_min                              
1     0000c410  _tension_simulada                    
1     0000c400  _theta_error                         
1     0000c3f6  _theta_out                           
1     0000c008  _time_step                           
1     0000c026  _uuu3                                
1     0000c028  _uuu5                                
1     0000c02a  _uuu7                                
1     0000c024  _uuun                                
1     0000c3c4  _w                                   
abs   ffffffff  binit                                
0     00009cdf  cinit                                
1     0000c000  end                                  
0     00009cdf  etext                                
abs   ffffffff  pinit                                


GLOBAL SYMBOLS: SORTED BY Symbol Address 

page  address   name                                 
----  -------   ----                                 
0     00008000  .text                                
0     00008000  ___text__                            
0     00008000  _run_pll                             
0     00008764  _sim_init                            
0     000087d5  _sim_get                             
0     00008d1a  _run_interrupt                       
0     00008de8  _init_interrupts_macros              
0     00008e1f  _failure_interrupt                   
0     00008e20  _INT13_ISR                           
0     00008e2a  _INT14_ISR                           
0     00008e34  _DATALOG_ISR                         
0     00008e3e  _RTOSINT_ISR                         
0     00008e48  _EMUINT_ISR                          
0     00008e52  _NMI_ISR                             
0     00008e5c  _ILLEGAL_ISR                         
0     00008e66  _USER1_ISR                           
0     00008e70  _USER2_ISR                           
0     00008e7a  _USER3_ISR                           
0     00008e84  _USER4_ISR                           
0     00008e8e  _USER5_ISR                           
0     00008e98  _USER6_ISR                           
0     00008ea2  _USER7_ISR                           
0     00008eac  _USER8_ISR                           
0     00008eb6  _USER9_ISR                           
0     00008ec0  _USER10_ISR                          
0     00008eca  _USER11_ISR                          
0     00008ed4  _USER12_ISR                          
0     00008ede  _SEQ1INT_ISR                         
0     00008eec  _SEQ2INT_ISR                         
0     00008efa  _XINT1_ISR                           
0     00008f08  _XINT2_ISR                           
0     00008f16  _ADCINT_ISR                          
0     00008f31  _TINT0_ISR                           
0     00008f3f  _WAKEINT_ISR                         
0     00008f4d  _EPWM1_TZINT_ISR                     
0     00008f8d  _EPWM2_TZINT_ISR                     
0     00008f9b  _EPWM3_TZINT_ISR                     
0     00008fa9  _EPWM4_TZINT_ISR                     
0     00008fb7  _EPWM5_TZINT_ISR                     
0     00008fc5  _EPWM6_TZINT_ISR                     
0     00008fd3  _EPWM1_INT_ISR                       
0     00009008  _EPWM2_INT_ISR                       
0     00009016  _EPWM3_INT_ISR                       
0     00009024  _EPWM4_INT_ISR                       
0     00009039  _EPWM5_INT_ISR                       
0     00009047  _EPWM6_INT_ISR                       
0     00009055  _ECAP1_INT_ISR                       
0     00009063  _ECAP2_INT_ISR                       
0     00009071  _ECAP3_INT_ISR                       
0     0000907f  _ECAP4_INT_ISR                       
0     0000908d  _ECAP5_INT_ISR                       
0     0000909b  _ECAP6_INT_ISR                       
0     000090a9  _EQEP1_INT_ISR                       
0     000090b7  _EQEP2_INT_ISR                       
0     000090c5  _SPIRXINTA_ISR                       
0     000090d3  _SPITXINTA_ISR                       
0     000090e1  _MRINTB_ISR                          
0     000090ef  _MXINTB_ISR                          
0     000090fd  _MRINTA_ISR                          
0     0000910b  _MXINTA_ISR                          
0     00009119  _DINTCH1_ISR                         
0     00009127  _DINTCH2_ISR                         
0     00009135  _DINTCH3_ISR                         
0     00009143  _DINTCH4_ISR                         
0     00009151  _DINTCH5_ISR                         
0     0000915f  _DINTCH6_ISR                         
0     0000916d  _I2CINT1A_ISR                        
0     0000917b  _I2CINT2A_ISR                        
0     00009189  _SCIRXINTC_ISR                       
0     00009197  _SCITXINTC_ISR                       
0     000091a5  _SCIRXINTA_ISR                       
0     000091b3  _SCITXINTA_ISR                       
0     000091c1  _SCIRXINTB_ISR                       
0     000091cf  _SCITXINTB_ISR                       
0     000091dd  _ECAN0INTA_ISR                       
0     000091eb  _ECAN1INTA_ISR                       
0     000091f9  _ECAN0INTB_ISR                       
0     00009207  _ECAN1INTB_ISR                       
0     00009215  _XINT3_ISR                           
0     00009223  _XINT4_ISR                           
0     00009231  _XINT5_ISR                           
0     0000923f  _XINT6_ISR                           
0     0000924d  _XINT7_ISR                           
0     0000925b  _LVF_ISR                             
0     00009269  _LUF_ISR                             
0     00009277  _rsvd_ISR                            
0     00009281  _enableEPWMClock                     
0     00009289  _disableEPWMClock                    
0     00009291  _pwm1_configure_interrupt            
0     000092a2  _pwm1_enable_interrupt               
0     000092b7  _InitEPwm123_static                  
0     0000937c  _InitEPwm123_withInterrupt           
0     0000949f  _InitEPwm123_withInterrupt_pwm4_debug
0     0000956c  _pwm4_init                           
0     00009595  _InitGpio                            
0     000096ba  _InitAdc                             
0     000096df  _adc1                                
0     00009703  _adc2                                
0     0000972c  _adc4                                
0     00009755  _adc5                                
0     0000978d  _adc6                                
0     000097d1  FS$$DIV                              
0     00009859  _InitSysCtrl                         
0     000098cb  _SEQ_CORE_init                       
0     00009938  _sin                                 
0     00009938  _sinf                                
0     0000999e  _cos                                 
0     0000999e  _cosf                                
0     00009a01  _c_int00                             
0     00009a57  _InitPieCtrl                         
0     00009a84  _GRID_VALUES_init                    
0     00009aad  _InitInversor                        
0     00009abd  _StartInversor                       
0     00009ac2  _StopInversor                        
0     00009ad2  _IsInversorOn                        
0     00009ad6  C$$EXIT                              
0     00009ad6  _abort                               
0     00009ad8  _exit                                
0     00009aff  _PI_CONTROLLER_init                  
0     00009b24  _copy_in                             
0     00009b48  _main                                
0     00009b69  _FE_init                             
0     00009b89  _SYM_COS_init                        
0     00009ba8  _SYM_SIN_init                        
0     00009bc7  _RATE_LIMITER_init                   
0     00009be5  _memcpy                              
0     00009c02  _PARK_init                           
0     00009c1e  _CLARKE_init                         
0     00009c38  _VCO_init                            
0     00009c51  _SIGNAL_3Ph_init                     
0     00009c68  _LIMITS_init                         
0     00009c7c  _INTEGRATOR_init                     
0     00009c8e  __args_main                          
0     00009ca0  _DelayUs                             
0     00009cb0  _InitWatchdog                        
0     00009cbf  _ANG_DIFF_init                       
0     00009ccc  __register_unlock                    
0     00009cd0  __register_lock                      
0     00009cd4  __nop                                
0     00009cdc  __system_pre_init                    
0     00009cde  __system_post_cinit                  
0     00009cdf  ___cinit__                           
0     00009cdf  ___etext__                           
0     00009cdf  cinit                                
0     00009cdf  etext                                
0     00009e26  _PieVectTableInit                    
0     00009f26  _L                                   
1     00000400  __stack                              
1     00000700  __STACK_END                          
1     00000880  _DevEmuRegs                          
1     00000a80  _FlashRegs                           
1     00000ae0  _CsmRegs                             
1     00000b00  _AdcMirror                           
1     00000b20  _XintfRegs                           
1     00000c00  _CpuTimer0Regs                       
1     00000c08  _CpuTimer1Regs                       
1     00000c10  _CpuTimer2Regs                       
1     00000ce0  _PieCtrlRegs                         
1     00000d00  _PieVectTable                        
1     00001000  _DmaRegs                             
1     00005000  _McbspaRegs                          
1     00005040  _McbspbRegs                          
1     00006000  _ECanaRegs                           
1     00006040  _ECanaLAMRegs                        
1     00006080  _ECanaMOTSRegs                       
1     000060c0  _ECanaMOTORegs                       
1     00006100  _ECanaMboxes                         
1     00006200  _ECanbRegs                           
1     00006240  _ECanbLAMRegs                        
1     00006280  _ECanbMOTSRegs                       
1     000062c0  _ECanbMOTORegs                       
1     00006300  _ECanbMboxes                         
1     00006800  _EPwm1Regs                           
1     00006840  _EPwm2Regs                           
1     00006880  _EPwm3Regs                           
1     000068c0  _EPwm4Regs                           
1     00006900  _EPwm5Regs                           
1     00006940  _EPwm6Regs                           
1     00006a00  _ECap1Regs                           
1     00006a20  _ECap2Regs                           
1     00006a40  _ECap3Regs                           
1     00006a60  _ECap4Regs                           
1     00006a80  _ECap5Regs                           
1     00006aa0  _ECap6Regs                           
1     00006b00  _EQep1Regs                           
1     00006b40  _EQep2Regs                           
1     00006f80  _GpioCtrlRegs                        
1     00006fc0  _GpioDataRegs                        
1     00006fe0  _GpioIntRegs                         
1     00007010  _SysCtrlRegs                         
1     00007040  _SpiaRegs                            
1     00007050  _SciaRegs                            
1     00007070  _XIntruptRegs                        
1     00007100  _AdcRegs                             
1     00007750  _ScibRegs                            
1     00007770  _ScicRegs                            
1     00007900  _I2caRegs                            
1     0000c000  .bss                                 
1     0000c000  ___bss__                             
1     0000c000  ___end__                             
1     0000c000  _show_phase                          
1     0000c000  end                                  
1     0000c001  _show_freq                           
1     0000c002  _show_phase_a                        
1     0000c004  _amplitud_i                          
1     0000c006  _dtheta_di                           
1     0000c008  _time_step                           
1     0000c00a  _offet_Va                            
1     0000c00c  _factor_tercero                      
1     0000c00e  _factor_quinto                       
1     0000c010  _factor_septimo                      
1     0000c012  _factor_NS                           
1     0000c014  _U1N_COMP_ENABLE                     
1     0000c016  _U5_COMP_ENABLE                      
1     0000c018  _U7_COMP_ENABLE                      
1     0000c01a  _EPLL_u0                             
1     0000c01c  _EPLL_u1                             
1     0000c01e  _EPLL_u2                             
1     0000c020  _EPLL_u3                             
1     0000c022  _pendiente_chilena                   
1     0000c024  _uuun                                
1     0000c026  _uuu3                                
1     0000c028  _uuu5                                
1     0000c02a  _uuu7                                
1     0000c02c  _INT_CC_A                            
1     0000c034  _INT_CC_B                            
1     0000c040  _INT_CC_C                            
1     0000c048  _SGN_3Ph_V                           
1     0000c052  _SGN_3Ph_I                           
1     0000c05c  _AUX_VCO                             
1     0000c066  _FIFTH_VCO                           
1     0000c070  _SEVENTH_VCO                         
1     0000c080  _ELEVENTH_VCO                        
1     0000c08a  _SGN_NSC_V                           
1     0000c094  _SGN_3th_V                           
1     0000c09e  _SGN_5th_V                           
1     0000c0a8  _SGN_7th_V                           
1     0000c0b2  _SGN_11th_V                          
1     0000c0ca  _Conv                                
1     0000c0d6  _FE_U1                               
1     0000c0e6  _rampa                               
1     0000c100  _Grid                                
1     0000c140  _PSC_U1                              
1     0000c1c0  _NSC_U1                              
1     0000c240  _SC_U3                               
1     0000c2c0  _SC_U5                               
1     0000c340  _SC_U7                               
1     0000c38e  _frecuencia                          
1     0000c390  _V_ref                               
1     0000c392  _t0_min                              
1     0000c39e  _VPLL                                
1     0000c3a4  ___TI_enable_exit_profile_output     
1     0000c3a6  ___TI_cleanup_ptr                    
1     0000c3a8  ___TI_dtors_ptr                      
1     0000c3aa  __lock                               
1     0000c3ac  __unlock                             
1     0000c3af  _activo                              
1     0000c3b0  _a                                   
1     0000c3b1  _errno                               
1     0000c3c0  _idsp                                
1     0000c3c2  _iqsp                                
1     0000c3c4  _w                                   
1     0000c3c6  _kadj                                
1     0000c3c8  _Ri                                  
1     0000c3ca  _Si                                  
1     0000c3cc  _Ti                                  
1     0000c3ce  _Rv                                  
1     0000c3d0  _Sv                                  
1     0000c3d2  _Tv                                  
1     0000c3d4  _Yv                                  
1     0000c3d6  _sRv                                 
1     0000c3d8  _sSv                                 
1     0000c3da  _sTv                                 
1     0000c3dc  _modmod                              
1     0000c3de  _PI_ENABLED                          
1     0000c3e0  _I_FF_ENABLED                        
1     0000c3e2  _kp_control_i                        
1     0000c3e4  _ki_control_i                        
1     0000c3e6  _k_nsc                               
1     0000c3e8  _k_5th                               
1     0000c3ea  _k_7th                               
1     0000c3ec  _k_11th                              
1     0000c3ee  _amplitud_v                          
1     0000c3f0  _amp_aux                             
1     0000c3f2  _dw_aux                              
1     0000c3f4  _dtheta_aux                          
1     0000c3f6  _theta_out                           
1     0000c3f8  _modulo_out                          
1     0000c400  _theta_error                         
1     0000c410  _tension_simulada                    
1     0033fff8  _CsmPwl                              
1     00380090  _PartIdRegs                          
abs   00000300  __STACK_SIZE                         
abs   ffffffff  ___TI_pprof_out_hndl                 
abs   ffffffff  ___TI_prof_data_size                 
abs   ffffffff  ___TI_prof_data_start                
abs   ffffffff  ___binit__                           
abs   ffffffff  ___c_args__                          
abs   ffffffff  ___pinit__                           
abs   ffffffff  binit                                
abs   ffffffff  pinit                                

[301 symbols]
