<?xml version="1.0" encoding="ISO-8859-1" ?>
<link_info>
   <banner>TMS320C2000 Linker PC v22.6.1.LTS</banner>
   <copyright>Copyright (c) 1996-2018 Texas Instruments Incorporated</copyright>
   <link_time>0x69fbda1c</link_time>
   <link_errors>0x0</link_errors>
   <output_file>inversor_vectorial_rev2.out</output_file>
   <entry_point>
      <name>_c_int00</name>
      <address>0x9e35</address>
   </entry_point>
   <input_file_list>
      <input_file id="fl-2">
         <path>.\</path>
         <kind>object</kind>
         <file>ADC_config.obj</file>
         <name>ADC_config.obj</name>
      </input_file>
      <input_file id="fl-3">
         <path>.\</path>
         <kind>object</kind>
         <file>ANG_DIFF.obj</file>
         <name>ANG_DIFF.obj</name>
      </input_file>
      <input_file id="fl-4">
         <path>.\</path>
         <kind>object</kind>
         <file>ANG_LIM.obj</file>
         <name>ANG_LIM.obj</name>
      </input_file>
      <input_file id="fl-5">
         <path>.\</path>
         <kind>object</kind>
         <file>CLARKE.obj</file>
         <name>CLARKE.obj</name>
      </input_file>
      <input_file id="fl-6">
         <path>.\</path>
         <kind>object</kind>
         <file>CodeStartBranch.obj</file>
         <name>CodeStartBranch.obj</name>
      </input_file>
      <input_file id="fl-7">
         <path>.\</path>
         <kind>object</kind>
         <file>DC.obj</file>
         <name>DC.obj</name>
      </input_file>
      <input_file id="fl-8">
         <path>.\</path>
         <kind>object</kind>
         <file>DSP2833x_GlobalVariableDefs.obj</file>
         <name>DSP2833x_GlobalVariableDefs.obj</name>
      </input_file>
      <input_file id="fl-9">
         <path>.\</path>
         <kind>object</kind>
         <file>DelayUs.obj</file>
         <name>DelayUs.obj</name>
      </input_file>
      <input_file id="fl-a">
         <path>.\</path>
         <kind>object</kind>
         <file>ECap_7_8_9_10_12.obj</file>
         <name>ECap_7_8_9_10_12.obj</name>
      </input_file>
      <input_file id="fl-b">
         <path>.\</path>
         <kind>object</kind>
         <file>FE.obj</file>
         <name>FE.obj</name>
      </input_file>
      <input_file id="fl-c">
         <path>.\</path>
         <kind>object</kind>
         <file>GRID_VALUES.obj</file>
         <name>GRID_VALUES.obj</name>
      </input_file>
      <input_file id="fl-d">
         <path>.\</path>
         <kind>object</kind>
         <file>Gpio.obj</file>
         <name>Gpio.obj</name>
      </input_file>
      <input_file id="fl-e">
         <path>.\</path>
         <kind>object</kind>
         <file>INTEGRATOR.obj</file>
         <name>INTEGRATOR.obj</name>
      </input_file>
      <input_file id="fl-f">
         <path>.\</path>
         <kind>object</kind>
         <file>IPQ_MEAS.obj</file>
         <name>IPQ_MEAS.obj</name>
      </input_file>
      <input_file id="fl-10">
         <path>.\</path>
         <kind>object</kind>
         <file>Interrupciones.obj</file>
         <name>Interrupciones.obj</name>
      </input_file>
      <input_file id="fl-11">
         <path>.\</path>
         <kind>object</kind>
         <file>LIMITS.obj</file>
         <name>LIMITS.obj</name>
      </input_file>
      <input_file id="fl-12">
         <path>.\</path>
         <kind>object</kind>
         <file>NOTCH.obj</file>
         <name>NOTCH.obj</name>
      </input_file>
      <input_file id="fl-13">
         <path>.\</path>
         <kind>object</kind>
         <file>OVER_PROT.obj</file>
         <name>OVER_PROT.obj</name>
      </input_file>
      <input_file id="fl-14">
         <path>.\</path>
         <kind>object</kind>
         <file>PARK.obj</file>
         <name>PARK.obj</name>
      </input_file>
      <input_file id="fl-15">
         <path>.\</path>
         <kind>object</kind>
         <file>PF2Q.obj</file>
         <name>PF2Q.obj</name>
      </input_file>
      <input_file id="fl-16">
         <path>.\</path>
         <kind>object</kind>
         <file>PIAW_CONTROLLER.obj</file>
         <name>PIAW_CONTROLLER.obj</name>
      </input_file>
      <input_file id="fl-17">
         <path>.\</path>
         <kind>object</kind>
         <file>PI_CONTROLLER.obj</file>
         <name>PI_CONTROLLER.obj</name>
      </input_file>
      <input_file id="fl-18">
         <path>.\</path>
         <kind>object</kind>
         <file>PO.obj</file>
         <name>PO.obj</name>
      </input_file>
      <input_file id="fl-19">
         <path>.\</path>
         <kind>object</kind>
         <file>PT1.obj</file>
         <name>PT1.obj</name>
      </input_file>
      <input_file id="fl-1a">
         <path>.\</path>
         <kind>object</kind>
         <file>PWM_DAC.obj</file>
         <name>PWM_DAC.obj</name>
      </input_file>
      <input_file id="fl-1b">
         <path>.\</path>
         <kind>object</kind>
         <file>PWM_config.obj</file>
         <name>PWM_config.obj</name>
      </input_file>
      <input_file id="fl-1c">
         <path>.\</path>
         <kind>object</kind>
         <file>P_CONTROLLER.obj</file>
         <name>P_CONTROLLER.obj</name>
      </input_file>
      <input_file id="fl-1d">
         <path>.\</path>
         <kind>object</kind>
         <file>PieVect.obj</file>
         <name>PieVect.obj</name>
      </input_file>
      <input_file id="fl-1e">
         <path>.\</path>
         <kind>object</kind>
         <file>Pie_config.obj</file>
         <name>Pie_config.obj</name>
      </input_file>
      <input_file id="fl-1f">
         <path>.\</path>
         <kind>object</kind>
         <file>RATE_LIMITER.obj</file>
         <name>RATE_LIMITER.obj</name>
      </input_file>
      <input_file id="fl-20">
         <path>.\</path>
         <kind>object</kind>
         <file>SEQ_CORE.obj</file>
         <name>SEQ_CORE.obj</name>
      </input_file>
      <input_file id="fl-21">
         <path>.\</path>
         <kind>object</kind>
         <file>SIGNAL_1Ph.obj</file>
         <name>SIGNAL_1Ph.obj</name>
      </input_file>
      <input_file id="fl-22">
         <path>.\</path>
         <kind>object</kind>
         <file>SIGNAL_3Ph.obj</file>
         <name>SIGNAL_3Ph.obj</name>
      </input_file>
      <input_file id="fl-23">
         <path>.\</path>
         <kind>object</kind>
         <file>SOGI.obj</file>
         <name>SOGI.obj</name>
      </input_file>
      <input_file id="fl-24">
         <path>.\</path>
         <kind>object</kind>
         <file>SVPWM.obj</file>
         <name>SVPWM.obj</name>
      </input_file>
      <input_file id="fl-25">
         <path>.\</path>
         <kind>object</kind>
         <file>SWITCH_2IN.obj</file>
         <name>SWITCH_2IN.obj</name>
      </input_file>
      <input_file id="fl-26">
         <path>.\</path>
         <kind>object</kind>
         <file>SWITCH_2IN_3Ph.obj</file>
         <name>SWITCH_2IN_3Ph.obj</name>
      </input_file>
      <input_file id="fl-27">
         <path>.\</path>
         <kind>object</kind>
         <file>SYM_COS.obj</file>
         <name>SYM_COS.obj</name>
      </input_file>
      <input_file id="fl-28">
         <path>.\</path>
         <kind>object</kind>
         <file>SYM_SIN.obj</file>
         <name>SYM_SIN.obj</name>
      </input_file>
      <input_file id="fl-29">
         <path>.\</path>
         <kind>object</kind>
         <file>SysCtrl.obj</file>
         <name>SysCtrl.obj</name>
      </input_file>
      <input_file id="fl-2a">
         <path>.\</path>
         <kind>object</kind>
         <file>VCO.obj</file>
         <name>VCO.obj</name>
      </input_file>
      <input_file id="fl-2b">
         <path>.\</path>
         <kind>object</kind>
         <file>Watchdog.obj</file>
         <name>Watchdog.obj</name>
      </input_file>
      <input_file id="fl-2c">
         <path>.\</path>
         <kind>object</kind>
         <file>inversor.obj</file>
         <name>inversor.obj</name>
      </input_file>
      <input_file id="fl-2d">
         <path>.\</path>
         <kind>object</kind>
         <file>main.obj</file>
         <name>main.obj</name>
      </input_file>
      <input_file id="fl-2e">
         <path>.\</path>
         <kind>object</kind>
         <file>modulacion_vectorial.obj</file>
         <name>modulacion_vectorial.obj</name>
      </input_file>
      <input_file id="fl-2f">
         <path>.\</path>
         <kind>object</kind>
         <file>pll.obj</file>
         <name>pll.obj</name>
      </input_file>
      <input_file id="fl-30">
         <path>.\</path>
         <kind>object</kind>
         <file>project_interrupts.obj</file>
         <name>project_interrupts.obj</name>
      </input_file>
      <input_file id="fl-31">
         <path>.\</path>
         <kind>object</kind>
         <file>pruebas.obj</file>
         <name>pruebas.obj</name>
      </input_file>
      <input_file id="fl-32">
         <path>.\</path>
         <kind>object</kind>
         <file>tripzone.obj</file>
         <name>tripzone.obj</name>
      </input_file>
      <input_file id="fl-33">
         <path>.\</path>
         <kind>object</kind>
         <file>utils.obj</file>
         <name>utils.obj</name>
      </input_file>
      <input_file id="fl-38">
         <kind>object</kind>
         <file>&lt;internal&gt;</file>
         <name>&lt;internal&gt;</name>
      </input_file>
      <input_file id="fl-44">
         <path>C:\ti\ccs1260\ccs\tools\compiler\ti-cgt-c2000_22.6.1.LTS\lib\</path>
         <kind>archive</kind>
         <file>rts2800_fpu32.lib</file>
         <name>e_atan2f.c.obj</name>
      </input_file>
      <input_file id="fl-45">
         <path>C:\ti\ccs1260\ccs\tools\compiler\ti-cgt-c2000_22.6.1.LTS\lib\</path>
         <kind>archive</kind>
         <file>rts2800_fpu32.lib</file>
         <name>e_fmodf.c.obj</name>
      </input_file>
      <input_file id="fl-46">
         <path>C:\ti\ccs1260\ccs\tools\compiler\ti-cgt-c2000_22.6.1.LTS\lib\</path>
         <kind>archive</kind>
         <file>rts2800_fpu32.lib</file>
         <name>e_sqrtf.c.obj</name>
      </input_file>
      <input_file id="fl-47">
         <path>C:\ti\ccs1260\ccs\tools\compiler\ti-cgt-c2000_22.6.1.LTS\lib\</path>
         <kind>archive</kind>
         <file>rts2800_fpu32.lib</file>
         <name>s_atanf.c.obj</name>
      </input_file>
      <input_file id="fl-48">
         <path>C:\ti\ccs1260\ccs\tools\compiler\ti-cgt-c2000_22.6.1.LTS\lib\</path>
         <kind>archive</kind>
         <file>rts2800_fpu32.lib</file>
         <name>s_ceilf.c.obj</name>
      </input_file>
      <input_file id="fl-49">
         <path>C:\ti\ccs1260\ccs\tools\compiler\ti-cgt-c2000_22.6.1.LTS\lib\</path>
         <kind>archive</kind>
         <file>rts2800_fpu32.lib</file>
         <name>s_cosf.c.obj</name>
      </input_file>
      <input_file id="fl-4a">
         <path>C:\ti\ccs1260\ccs\tools\compiler\ti-cgt-c2000_22.6.1.LTS\lib\</path>
         <kind>archive</kind>
         <file>rts2800_fpu32.lib</file>
         <name>s_sinf.c.obj</name>
      </input_file>
      <input_file id="fl-4b">
         <path>C:\ti\ccs1260\ccs\tools\compiler\ti-cgt-c2000_22.6.1.LTS\lib\</path>
         <kind>archive</kind>
         <file>rts2800_fpu32.lib</file>
         <name>boot28.asm.obj</name>
      </input_file>
      <input_file id="fl-4c">
         <path>C:\ti\ccs1260\ccs\tools\compiler\ti-cgt-c2000_22.6.1.LTS\lib\</path>
         <kind>archive</kind>
         <file>rts2800_fpu32.lib</file>
         <name>fs_div28.asm.obj</name>
      </input_file>
      <input_file id="fl-4d">
         <path>C:\ti\ccs1260\ccs\tools\compiler\ti-cgt-c2000_22.6.1.LTS\lib\</path>
         <kind>archive</kind>
         <file>rts2800_fpu32.lib</file>
         <name>cpy_tbl.c.obj</name>
      </input_file>
      <input_file id="fl-4e">
         <path>C:\ti\ccs1260\ccs\tools\compiler\ti-cgt-c2000_22.6.1.LTS\lib\</path>
         <kind>archive</kind>
         <file>rts2800_fpu32.lib</file>
         <name>memcpy.c.obj</name>
      </input_file>
      <input_file id="fl-4f">
         <path>C:\ti\ccs1260\ccs\tools\compiler\ti-cgt-c2000_22.6.1.LTS\lib\</path>
         <kind>archive</kind>
         <file>rts2800_fpu32.lib</file>
         <name>pre_init.c.obj</name>
      </input_file>
      <input_file id="fl-50">
         <path>C:\ti\ccs1260\ccs\tools\compiler\ti-cgt-c2000_22.6.1.LTS\lib\</path>
         <kind>archive</kind>
         <file>rts2800_fpu32.lib</file>
         <name>startup.c.obj</name>
      </input_file>
      <input_file id="fl-51">
         <path>C:\ti\ccs1260\ccs\tools\compiler\ti-cgt-c2000_22.6.1.LTS\lib\</path>
         <kind>archive</kind>
         <file>rts2800_fpu32.lib</file>
         <name>exit.c.obj</name>
      </input_file>
      <input_file id="fl-52">
         <path>C:\ti\ccs1260\ccs\tools\compiler\ti-cgt-c2000_22.6.1.LTS\lib\</path>
         <kind>archive</kind>
         <file>rts2800_fpu32.lib</file>
         <name>_lock.c.obj</name>
      </input_file>
      <input_file id="fl-53">
         <path>C:\ti\ccs1260\ccs\tools\compiler\ti-cgt-c2000_22.6.1.LTS\lib\</path>
         <kind>archive</kind>
         <file>rts2800_fpu32.lib</file>
         <name>args_main.c.obj</name>
      </input_file>
      <input_file id="fl-54">
         <path>C:\ti\ccs1260\ccs\tools\compiler\ti-cgt-c2000_22.6.1.LTS\lib\</path>
         <kind>archive</kind>
         <file>rts2800_fpu32.lib</file>
         <name>errno.c.obj</name>
      </input_file>
   </input_file_list>
   <object_component_list>
      <object_component id="oc-1d4">
         <name>.text</name>
         <load_address>0x8000</load_address>
         <run_address>0x8000</run_address>
         <size>0x954</size>
         <input_file_ref idref="fl-30"/>
      </object_component>
      <object_component id="oc-1de">
         <name>.text</name>
         <load_address>0x8954</load_address>
         <run_address>0x8954</run_address>
         <size>0x764</size>
         <input_file_ref idref="fl-2f"/>
      </object_component>
      <object_component id="oc-bb">
         <name>.text:retain</name>
         <load_address>0x90b8</load_address>
         <run_address>0x90b8</run_address>
         <size>0x461</size>
         <input_file_ref idref="fl-10"/>
      </object_component>
      <object_component id="oc-1e8">
         <name>.text</name>
         <load_address>0x9519</load_address>
         <run_address>0x9519</run_address>
         <size>0x314</size>
         <input_file_ref idref="fl-1b"/>
      </object_component>
      <object_component id="oc-1e5">
         <name>.text</name>
         <load_address>0x982d</load_address>
         <run_address>0x982d</run_address>
         <size>0x125</size>
         <input_file_ref idref="fl-d"/>
      </object_component>
      <object_component id="oc-1f5">
         <name>.text</name>
         <load_address>0x9952</load_address>
         <run_address>0x9952</run_address>
         <size>0x117</size>
         <input_file_ref idref="fl-2"/>
      </object_component>
      <object_component id="oc-1e1">
         <name>.text</name>
         <load_address>0x9a69</load_address>
         <run_address>0x9a69</run_address>
         <size>0xd2</size>
         <input_file_ref idref="fl-44"/>
      </object_component>
      <object_component id="oc-1f3">
         <name>.text</name>
         <load_address>0x9b3b</load_address>
         <run_address>0x9b3b</run_address>
         <size>0xca</size>
         <input_file_ref idref="fl-47"/>
      </object_component>
      <object_component id="oc-1a1">
         <name>.text</name>
         <load_address>0x9c05</load_address>
         <run_address>0x9c05</run_address>
         <size>0x88</size>
         <input_file_ref idref="fl-4c"/>
      </object_component>
      <object_component id="oc-1e4">
         <name>.text</name>
         <load_address>0x9c8d</load_address>
         <run_address>0x9c8d</run_address>
         <size>0x72</size>
         <input_file_ref idref="fl-29"/>
      </object_component>
      <object_component id="oc-1ec">
         <name>.text</name>
         <load_address>0x9cff</load_address>
         <run_address>0x9cff</run_address>
         <size>0x6d</size>
         <input_file_ref idref="fl-20"/>
      </object_component>
      <object_component id="oc-1df">
         <name>.text</name>
         <load_address>0x9d6c</load_address>
         <run_address>0x9d6c</run_address>
         <size>0x66</size>
         <input_file_ref idref="fl-4a"/>
      </object_component>
      <object_component id="oc-1dc">
         <name>.text</name>
         <load_address>0x9dd2</load_address>
         <run_address>0x9dd2</run_address>
         <size>0x63</size>
         <input_file_ref idref="fl-49"/>
      </object_component>
      <object_component id="oc-43">
         <name>.text</name>
         <load_address>0x9e35</load_address>
         <run_address>0x9e35</run_address>
         <size>0x56</size>
         <input_file_ref idref="fl-4b"/>
      </object_component>
      <object_component id="oc-1e6">
         <name>.text</name>
         <load_address>0x9e8b</load_address>
         <run_address>0x9e8b</run_address>
         <size>0x2d</size>
         <input_file_ref idref="fl-1e"/>
      </object_component>
      <object_component id="oc-1ef">
         <name>.text</name>
         <load_address>0x9eb8</load_address>
         <run_address>0x9eb8</run_address>
         <size>0x29</size>
         <input_file_ref idref="fl-c"/>
      </object_component>
      <object_component id="oc-1e9">
         <name>.text</name>
         <load_address>0x9ee1</load_address>
         <run_address>0x9ee1</run_address>
         <size>0x29</size>
         <input_file_ref idref="fl-2c"/>
      </object_component>
      <object_component id="oc-1d3">
         <name>.text</name>
         <load_address>0x9f0a</load_address>
         <run_address>0x9f0a</run_address>
         <size>0x29</size>
         <input_file_ref idref="fl-51"/>
      </object_component>
      <object_component id="oc-1d1">
         <name>.text</name>
         <load_address>0x9f33</load_address>
         <run_address>0x9f33</run_address>
         <size>0x1</size>
         <input_file_ref idref="fl-50"/>
      </object_component>
      <object_component id="oc-1e0">
         <name>.text</name>
         <load_address>0x9f34</load_address>
         <run_address>0x9f34</run_address>
         <size>0x27</size>
         <input_file_ref idref="fl-46"/>
      </object_component>
      <object_component id="oc-1dd">
         <name>.text</name>
         <load_address>0x9f5b</load_address>
         <run_address>0x9f5b</run_address>
         <size>0x25</size>
         <input_file_ref idref="fl-17"/>
      </object_component>
      <object_component id="oc-1d0">
         <name>.text</name>
         <load_address>0x9f80</load_address>
         <run_address>0x9f80</run_address>
         <size>0x24</size>
         <input_file_ref idref="fl-4d"/>
      </object_component>
      <object_component id="oc-1ee">
         <name>.text</name>
         <load_address>0x9fa4</load_address>
         <run_address>0x9fa4</run_address>
         <size>0x20</size>
         <input_file_ref idref="fl-b"/>
      </object_component>
      <object_component id="oc-1f7">
         <name>.text</name>
         <load_address>0x9fc4</load_address>
         <run_address>0x9fc4</run_address>
         <size>0x1f</size>
         <input_file_ref idref="fl-27"/>
      </object_component>
      <object_component id="oc-1f8">
         <name>.text</name>
         <load_address>0x9fe3</load_address>
         <run_address>0x9fe3</run_address>
         <size>0x1f</size>
         <input_file_ref idref="fl-28"/>
      </object_component>
      <object_component id="oc-1f0">
         <name>.text</name>
         <load_address>0xa002</load_address>
         <run_address>0xa002</run_address>
         <size>0x1e</size>
         <input_file_ref idref="fl-1f"/>
      </object_component>
      <object_component id="oc-1d5">
         <name>.text</name>
         <load_address>0xa020</load_address>
         <run_address>0xa020</run_address>
         <size>0x1d</size>
         <input_file_ref idref="fl-4e"/>
      </object_component>
      <object_component id="oc-1e3">
         <name>.text</name>
         <load_address>0xa03d</load_address>
         <run_address>0xa03d</run_address>
         <size>0x1c</size>
         <input_file_ref idref="fl-14"/>
      </object_component>
      <object_component id="oc-1e2">
         <name>.text</name>
         <load_address>0xa059</load_address>
         <run_address>0xa059</run_address>
         <size>0x1a</size>
         <input_file_ref idref="fl-5"/>
      </object_component>
      <object_component id="oc-1da">
         <name>.text</name>
         <load_address>0xa073</load_address>
         <run_address>0xa073</run_address>
         <size>0x19</size>
         <input_file_ref idref="fl-2a"/>
      </object_component>
      <object_component id="oc-1d9">
         <name>.text</name>
         <load_address>0xa08c</load_address>
         <run_address>0xa08c</run_address>
         <size>0x17</size>
         <input_file_ref idref="fl-22"/>
      </object_component>
      <object_component id="oc-1f9">
         <name>.text</name>
         <load_address>0xa0a3</load_address>
         <run_address>0xa0a3</run_address>
         <size>0x14</size>
         <input_file_ref idref="fl-11"/>
      </object_component>
      <object_component id="oc-1ed">
         <name>.text</name>
         <load_address>0xa0b7</load_address>
         <run_address>0xa0b7</run_address>
         <size>0x12</size>
         <input_file_ref idref="fl-e"/>
      </object_component>
      <object_component id="oc-1d2">
         <name>.text</name>
         <load_address>0xa0c9</load_address>
         <run_address>0xa0c9</run_address>
         <size>0x12</size>
         <input_file_ref idref="fl-53"/>
      </object_component>
      <object_component id="oc-97">
         <name>.text</name>
         <load_address>0xa0db</load_address>
         <run_address>0xa0db</run_address>
         <size>0x10</size>
         <input_file_ref idref="fl-9"/>
      </object_component>
      <object_component id="oc-1e7">
         <name>.text</name>
         <load_address>0xa0eb</load_address>
         <run_address>0xa0eb</run_address>
         <size>0xf</size>
         <input_file_ref idref="fl-2b"/>
      </object_component>
      <object_component id="oc-1d6">
         <name>.text</name>
         <load_address>0xa0fa</load_address>
         <run_address>0xa0fa</run_address>
         <size>0xf</size>
         <input_file_ref idref="fl-2d"/>
      </object_component>
      <object_component id="oc-1db">
         <name>.text</name>
         <load_address>0xa109</load_address>
         <run_address>0xa109</run_address>
         <size>0xd</size>
         <input_file_ref idref="fl-3"/>
      </object_component>
      <object_component id="oc-1ea">
         <name>.text</name>
         <load_address>0xa116</load_address>
         <run_address>0xa116</run_address>
         <size>0x9</size>
         <input_file_ref idref="fl-52"/>
      </object_component>
      <object_component id="oc-58">
         <name>.text</name>
         <load_address>0xa11f</load_address>
         <run_address>0xa11f</run_address>
         <size>0x7</size>
         <input_file_ref idref="fl-6"/>
      </object_component>
      <object_component id="oc-1cf">
         <name>.text</name>
         <load_address>0xa126</load_address>
         <run_address>0xa126</run_address>
         <size>0x2</size>
         <input_file_ref idref="fl-4f"/>
      </object_component>
      <object_component id="oc-157">
         <name>.cinit</name>
         <load_address>0xa128</load_address>
         <run_address>0xa128</run_address>
         <size>0x74</size>
         <input_file_ref idref="fl-2f"/>
      </object_component>
      <object_component id="oc-15e">
         <name>.cinit</name>
         <load_address>0xa19c</load_address>
         <run_address>0xa19c</run_address>
         <size>0x72</size>
         <input_file_ref idref="fl-30"/>
      </object_component>
      <object_component id="oc-150">
         <name>.cinit</name>
         <load_address>0xa20e</load_address>
         <run_address>0xa20e</run_address>
         <size>0x19</size>
         <input_file_ref idref="fl-2e"/>
      </object_component>
      <object_component id="oc-f0">
         <name>.cinit</name>
         <load_address>0xa227</load_address>
         <run_address>0xa227</run_address>
         <size>0x18</size>
         <input_file_ref idref="fl-1b"/>
      </object_component>
      <object_component id="oc-1bb">
         <name>.cinit</name>
         <load_address>0xa23f</load_address>
         <run_address>0xa23f</run_address>
         <size>0xe</size>
         <input_file_ref idref="fl-51"/>
      </object_component>
      <object_component id="oc-1f2">
         <name>.cinit:_VPLL</name>
         <load_address>0xa24d</load_address>
         <run_address>0xa24d</run_address>
         <size>0x9</size>
         <input_file_ref idref="fl-2f"/>
      </object_component>
      <object_component id="oc-144">
         <name>.cinit</name>
         <load_address>0xa256</load_address>
         <run_address>0xa256</run_address>
         <size>0x8</size>
         <input_file_ref idref="fl-2c"/>
      </object_component>
      <object_component id="oc-1d8">
         <name>.cinit:__lock</name>
         <load_address>0xa25e</load_address>
         <run_address>0xa25e</run_address>
         <size>0x5</size>
         <input_file_ref idref="fl-52"/>
      </object_component>
      <object_component id="oc-1eb">
         <name>.cinit:__unlock</name>
         <load_address>0xa263</load_address>
         <run_address>0xa263</run_address>
         <size>0x5</size>
         <input_file_ref idref="fl-52"/>
      </object_component>
      <object_component id="oc-1cc">
         <name>.cinit</name>
         <load_address>0xa268</load_address>
         <run_address>0xa268</run_address>
         <size>0x4</size>
         <input_file_ref idref="fl-54"/>
      </object_component>
      <object_component id="oc-1f4">
         <name>.econst:_PieVectTableInit</name>
         <load_address>0xa26e</load_address>
         <run_address>0xa26e</run_address>
         <size>0x100</size>
         <input_file_ref idref="fl-1d"/>
      </object_component>
      <object_component id="oc-175">
         <name>.econst</name>
         <load_address>0xa36e</load_address>
         <run_address>0xa36e</run_address>
         <size>0xc</size>
         <input_file_ref idref="fl-44"/>
      </object_component>
      <object_component id="oc-1fc">
         <name>.econst:_aT</name>
         <load_address>0xa37a</load_address>
         <run_address>0xa37a</run_address>
         <size>0xa</size>
         <input_file_ref idref="fl-47"/>
      </object_component>
      <object_component id="oc-1fa">
         <name>.econst:_atanhi</name>
         <load_address>0xa384</load_address>
         <run_address>0xa384</run_address>
         <size>0x8</size>
         <input_file_ref idref="fl-47"/>
      </object_component>
      <object_component id="oc-1fb">
         <name>.econst:_atanlo</name>
         <load_address>0xa38c</load_address>
         <run_address>0xa38c</run_address>
         <size>0x8</size>
         <input_file_ref idref="fl-47"/>
      </object_component>
      <object_component id="oc-186">
         <name>.econst</name>
         <load_address>0xa394</load_address>
         <run_address>0xa394</run_address>
         <size>0x4</size>
         <input_file_ref idref="fl-47"/>
      </object_component>
      <object_component id="oc-160">
         <name>.econst</name>
         <load_address>0xa398</load_address>
         <run_address>0xa398</run_address>
         <size>0x2</size>
         <input_file_ref idref="fl-30"/>
      </object_component>
      <object_component id="oc-17b">
         <name>.econst</name>
         <load_address>0xa39a</load_address>
         <run_address>0xa39a</run_address>
         <size>0x2</size>
         <input_file_ref idref="fl-45"/>
      </object_component>
      <object_component id="oc-18c">
         <name>.econst</name>
         <load_address>0xa39c</load_address>
         <run_address>0xa39c</run_address>
         <size>0x2</size>
         <input_file_ref idref="fl-48"/>
      </object_component>
      <object_component id="oc-19c">
         <name>.reset</name>
         <load_address>0x3fffc0</load_address>
         <run_address>0x3fffc0</run_address>
         <size>0x2</size>
         <input_file_ref idref="fl-4b"/>
      </object_component>
      <object_component id="oc-f1">
         <name>.ebss</name>
         <uninitialized>true</uninitialized>
         <run_address>0xc398</run_address>
         <size>0x6</size>
         <input_file_ref idref="fl-1b"/>
      </object_component>
      <object_component id="oc-145">
         <name>.ebss</name>
         <uninitialized>true</uninitialized>
         <run_address>0xc3ae</run_address>
         <size>0x2</size>
         <input_file_ref idref="fl-2c"/>
      </object_component>
      <object_component id="oc-151">
         <name>.ebss</name>
         <uninitialized>true</uninitialized>
         <run_address>0xc38e</run_address>
         <size>0xa</size>
         <input_file_ref idref="fl-2e"/>
      </object_component>
      <object_component id="oc-158">
         <name>.ebss</name>
         <uninitialized>true</uninitialized>
         <run_address>0xc000</run_address>
         <size>0x38e</size>
         <input_file_ref idref="fl-2f"/>
      </object_component>
      <object_component id="oc-1f1">
         <name>.ebss:_VPLL</name>
         <uninitialized>true</uninitialized>
         <run_address>0xc39e</run_address>
         <size>0x6</size>
         <input_file_ref idref="fl-2f"/>
      </object_component>
      <object_component id="oc-15f">
         <name>.ebss</name>
         <uninitialized>true</uninitialized>
         <run_address>0xc3c0</run_address>
         <size>0xd0</size>
         <input_file_ref idref="fl-30"/>
      </object_component>
      <object_component id="oc-1bc">
         <name>.ebss</name>
         <uninitialized>true</uninitialized>
         <run_address>0xc3a4</run_address>
         <size>0x6</size>
         <input_file_ref idref="fl-51"/>
      </object_component>
      <object_component id="oc-1d7">
         <name>.ebss:__lock</name>
         <uninitialized>true</uninitialized>
         <run_address>0xc3aa</run_address>
         <size>0x2</size>
         <input_file_ref idref="fl-52"/>
      </object_component>
      <object_component id="oc-1f6">
         <name>.ebss:__unlock</name>
         <uninitialized>true</uninitialized>
         <run_address>0xc3ac</run_address>
         <size>0x2</size>
         <input_file_ref idref="fl-52"/>
      </object_component>
      <object_component id="oc-1cd">
         <name>.ebss</name>
         <uninitialized>true</uninitialized>
         <run_address>0xc3b0</run_address>
         <size>0x1</size>
         <input_file_ref idref="fl-54"/>
      </object_component>
      <object_component id="oc-19b">
         <name>.stack</name>
         <uninitialized>true</uninitialized>
         <run_address>0x400</run_address>
         <size>0x0</size>
         <input_file_ref idref="fl-4b"/>
      </object_component>
      <object_component id="oc-24b">
         <name>.stack</name>
         <uninitialized>true</uninitialized>
         <run_address>0x400</run_address>
         <size>0x0</size>
      </object_component>
      <object_component id="oc-59">
         <name>codestart</name>
         <load_address>0x0</load_address>
         <run_address>0x0</run_address>
         <size>0x2</size>
         <input_file_ref idref="fl-6"/>
      </object_component>
      <object_component id="oc-95">
         <name>PieVectTableFile</name>
         <uninitialized>true</uninitialized>
         <run_address>0xd00</run_address>
         <size>0x100</size>
         <input_file_ref idref="fl-8"/>
      </object_component>
      <object_component id="oc-91">
         <name>DevEmuRegsFile</name>
         <uninitialized>true</uninitialized>
         <run_address>0x880</run_address>
         <size>0xd0</size>
         <input_file_ref idref="fl-8"/>
      </object_component>
      <object_component id="oc-69">
         <name>FlashRegsFile</name>
         <uninitialized>true</uninitialized>
         <run_address>0xa80</run_address>
         <size>0x8</size>
         <input_file_ref idref="fl-8"/>
      </object_component>
      <object_component id="oc-6c">
         <name>CsmRegsFile</name>
         <uninitialized>true</uninitialized>
         <run_address>0xae0</run_address>
         <size>0x10</size>
         <input_file_ref idref="fl-8"/>
      </object_component>
      <object_component id="oc-6b">
         <name>AdcMirrorFile</name>
         <uninitialized>true</uninitialized>
         <run_address>0xb00</run_address>
         <size>0x10</size>
         <input_file_ref idref="fl-8"/>
      </object_component>
      <object_component id="oc-74">
         <name>XintfRegsFile</name>
         <uninitialized>true</uninitialized>
         <run_address>0xb20</run_address>
         <size>0x1e</size>
         <input_file_ref idref="fl-8"/>
      </object_component>
      <object_component id="oc-65">
         <name>CpuTimer0RegsFile</name>
         <uninitialized>true</uninitialized>
         <run_address>0xc00</run_address>
         <size>0x8</size>
         <input_file_ref idref="fl-8"/>
      </object_component>
      <object_component id="oc-66">
         <name>CpuTimer1RegsFile</name>
         <uninitialized>true</uninitialized>
         <run_address>0xc08</run_address>
         <size>0x8</size>
         <input_file_ref idref="fl-8"/>
      </object_component>
      <object_component id="oc-67">
         <name>CpuTimer2RegsFile</name>
         <uninitialized>true</uninitialized>
         <run_address>0xc10</run_address>
         <size>0x8</size>
         <input_file_ref idref="fl-8"/>
      </object_component>
      <object_component id="oc-72">
         <name>PieCtrlRegsFile</name>
         <uninitialized>true</uninitialized>
         <run_address>0xce0</run_address>
         <size>0x1a</size>
         <input_file_ref idref="fl-8"/>
      </object_component>
      <object_component id="oc-92">
         <name>DmaRegsFile</name>
         <uninitialized>true</uninitialized>
         <run_address>0x1000</run_address>
         <size>0xe0</size>
         <input_file_ref idref="fl-8"/>
      </object_component>
      <object_component id="oc-84">
         <name>McbspaRegsFile</name>
         <uninitialized>true</uninitialized>
         <run_address>0x5000</run_address>
         <size>0x25</size>
         <input_file_ref idref="fl-8"/>
      </object_component>
      <object_component id="oc-85">
         <name>McbspbRegsFile</name>
         <uninitialized>true</uninitialized>
         <run_address>0x5040</run_address>
         <size>0x25</size>
         <input_file_ref idref="fl-8"/>
      </object_component>
      <object_component id="oc-87">
         <name>ECanaRegsFile</name>
         <uninitialized>true</uninitialized>
         <run_address>0x6000</run_address>
         <size>0x34</size>
         <input_file_ref idref="fl-8"/>
      </object_component>
      <object_component id="oc-89">
         <name>ECanaLAMRegsFile</name>
         <uninitialized>true</uninitialized>
         <run_address>0x6040</run_address>
         <size>0x40</size>
         <input_file_ref idref="fl-8"/>
      </object_component>
      <object_component id="oc-93">
         <name>ECanaMboxesFile</name>
         <uninitialized>true</uninitialized>
         <run_address>0x6100</run_address>
         <size>0x100</size>
         <input_file_ref idref="fl-8"/>
      </object_component>
      <object_component id="oc-8a">
         <name>ECanaMOTSRegsFile</name>
         <uninitialized>true</uninitialized>
         <run_address>0x6080</run_address>
         <size>0x40</size>
         <input_file_ref idref="fl-8"/>
      </object_component>
      <object_component id="oc-8b">
         <name>ECanaMOTORegsFile</name>
         <uninitialized>true</uninitialized>
         <run_address>0x60c0</run_address>
         <size>0x40</size>
         <input_file_ref idref="fl-8"/>
      </object_component>
      <object_component id="oc-88">
         <name>ECanbRegsFile</name>
         <uninitialized>true</uninitialized>
         <run_address>0x6200</run_address>
         <size>0x34</size>
         <input_file_ref idref="fl-8"/>
      </object_component>
      <object_component id="oc-8c">
         <name>ECanbLAMRegsFile</name>
         <uninitialized>true</uninitialized>
         <run_address>0x6240</run_address>
         <size>0x40</size>
         <input_file_ref idref="fl-8"/>
      </object_component>
      <object_component id="oc-94">
         <name>ECanbMboxesFile</name>
         <uninitialized>true</uninitialized>
         <run_address>0x6300</run_address>
         <size>0x100</size>
         <input_file_ref idref="fl-8"/>
      </object_component>
      <object_component id="oc-8d">
         <name>ECanbMOTSRegsFile</name>
         <uninitialized>true</uninitialized>
         <run_address>0x6280</run_address>
         <size>0x40</size>
         <input_file_ref idref="fl-8"/>
      </object_component>
      <object_component id="oc-8e">
         <name>ECanbMOTORegsFile</name>
         <uninitialized>true</uninitialized>
         <run_address>0x62c0</run_address>
         <size>0x40</size>
         <input_file_ref idref="fl-8"/>
      </object_component>
      <object_component id="oc-7d">
         <name>EPwm1RegsFile</name>
         <uninitialized>true</uninitialized>
         <run_address>0x6800</run_address>
         <size>0x22</size>
         <input_file_ref idref="fl-8"/>
      </object_component>
      <object_component id="oc-7e">
         <name>EPwm2RegsFile</name>
         <uninitialized>true</uninitialized>
         <run_address>0x6840</run_address>
         <size>0x22</size>
         <input_file_ref idref="fl-8"/>
      </object_component>
      <object_component id="oc-7f">
         <name>EPwm3RegsFile</name>
         <uninitialized>true</uninitialized>
         <run_address>0x6880</run_address>
         <size>0x22</size>
         <input_file_ref idref="fl-8"/>
      </object_component>
      <object_component id="oc-80">
         <name>EPwm4RegsFile</name>
         <uninitialized>true</uninitialized>
         <run_address>0x68c0</run_address>
         <size>0x22</size>
         <input_file_ref idref="fl-8"/>
      </object_component>
      <object_component id="oc-81">
         <name>EPwm5RegsFile</name>
         <uninitialized>true</uninitialized>
         <run_address>0x6900</run_address>
         <size>0x22</size>
         <input_file_ref idref="fl-8"/>
      </object_component>
      <object_component id="oc-82">
         <name>EPwm6RegsFile</name>
         <uninitialized>true</uninitialized>
         <run_address>0x6940</run_address>
         <size>0x22</size>
         <input_file_ref idref="fl-8"/>
      </object_component>
      <object_component id="oc-75">
         <name>ECap1RegsFile</name>
         <uninitialized>true</uninitialized>
         <run_address>0x6a00</run_address>
         <size>0x20</size>
         <input_file_ref idref="fl-8"/>
      </object_component>
      <object_component id="oc-76">
         <name>ECap2RegsFile</name>
         <uninitialized>true</uninitialized>
         <run_address>0x6a20</run_address>
         <size>0x20</size>
         <input_file_ref idref="fl-8"/>
      </object_component>
      <object_component id="oc-77">
         <name>ECap3RegsFile</name>
         <uninitialized>true</uninitialized>
         <run_address>0x6a40</run_address>
         <size>0x20</size>
         <input_file_ref idref="fl-8"/>
      </object_component>
      <object_component id="oc-78">
         <name>ECap4RegsFile</name>
         <uninitialized>true</uninitialized>
         <run_address>0x6a60</run_address>
         <size>0x20</size>
         <input_file_ref idref="fl-8"/>
      </object_component>
      <object_component id="oc-79">
         <name>ECap5RegsFile</name>
         <uninitialized>true</uninitialized>
         <run_address>0x6a80</run_address>
         <size>0x20</size>
         <input_file_ref idref="fl-8"/>
      </object_component>
      <object_component id="oc-7a">
         <name>ECap6RegsFile</name>
         <uninitialized>true</uninitialized>
         <run_address>0x6aa0</run_address>
         <size>0x20</size>
         <input_file_ref idref="fl-8"/>
      </object_component>
      <object_component id="oc-8f">
         <name>EQep1RegsFile</name>
         <uninitialized>true</uninitialized>
         <run_address>0x6b00</run_address>
         <size>0x40</size>
         <input_file_ref idref="fl-8"/>
      </object_component>
      <object_component id="oc-90">
         <name>EQep2RegsFile</name>
         <uninitialized>true</uninitialized>
         <run_address>0x6b40</run_address>
         <size>0x40</size>
         <input_file_ref idref="fl-8"/>
      </object_component>
      <object_component id="oc-86">
         <name>GpioCtrlRegsFile</name>
         <uninitialized>true</uninitialized>
         <run_address>0x6f80</run_address>
         <size>0x2e</size>
         <input_file_ref idref="fl-8"/>
      </object_component>
      <object_component id="oc-7b">
         <name>GpioDataRegsFile</name>
         <uninitialized>true</uninitialized>
         <run_address>0x6fc0</run_address>
         <size>0x20</size>
         <input_file_ref idref="fl-8"/>
      </object_component>
      <object_component id="oc-6a">
         <name>GpioIntRegsFile</name>
         <uninitialized>true</uninitialized>
         <run_address>0x6fe0</run_address>
         <size>0xa</size>
         <input_file_ref idref="fl-8"/>
      </object_component>
      <object_component id="oc-7c">
         <name>SysCtrlRegsFile</name>
         <uninitialized>true</uninitialized>
         <run_address>0x7010</run_address>
         <size>0x20</size>
         <input_file_ref idref="fl-8"/>
      </object_component>
      <object_component id="oc-70">
         <name>SpiaRegsFile</name>
         <uninitialized>true</uninitialized>
         <run_address>0x7040</run_address>
         <size>0x10</size>
         <input_file_ref idref="fl-8"/>
      </object_component>
      <object_component id="oc-6d">
         <name>SciaRegsFile</name>
         <uninitialized>true</uninitialized>
         <run_address>0x7050</run_address>
         <size>0x10</size>
         <input_file_ref idref="fl-8"/>
      </object_component>
      <object_component id="oc-71">
         <name>XIntruptRegsFile</name>
         <uninitialized>true</uninitialized>
         <run_address>0x7070</run_address>
         <size>0x10</size>
         <input_file_ref idref="fl-8"/>
      </object_component>
      <object_component id="oc-73">
         <name>AdcRegsFile</name>
         <uninitialized>true</uninitialized>
         <run_address>0x7100</run_address>
         <size>0x1e</size>
         <input_file_ref idref="fl-8"/>
      </object_component>
      <object_component id="oc-6e">
         <name>ScibRegsFile</name>
         <uninitialized>true</uninitialized>
         <run_address>0x7750</run_address>
         <size>0x10</size>
         <input_file_ref idref="fl-8"/>
      </object_component>
      <object_component id="oc-6f">
         <name>ScicRegsFile</name>
         <uninitialized>true</uninitialized>
         <run_address>0x7770</run_address>
         <size>0x10</size>
         <input_file_ref idref="fl-8"/>
      </object_component>
      <object_component id="oc-83">
         <name>I2caRegsFile</name>
         <uninitialized>true</uninitialized>
         <run_address>0x7900</run_address>
         <size>0x22</size>
         <input_file_ref idref="fl-8"/>
      </object_component>
      <object_component id="oc-68">
         <name>CsmPwlFile</name>
         <uninitialized>true</uninitialized>
         <run_address>0x33fff8</run_address>
         <size>0x8</size>
         <input_file_ref idref="fl-8"/>
      </object_component>
      <object_component id="oc-64">
         <name>PartIdRegsFile</name>
         <uninitialized>true</uninitialized>
         <run_address>0x380090</run_address>
         <size>0x1</size>
         <input_file_ref idref="fl-8"/>
      </object_component>
      <object_component id="oc-44">
         <name>.debug_info</name>
         <load_address>0x0</load_address>
         <run_address>0x0</run_address>
         <size>0x1c51</size>
         <input_file_ref idref="fl-2"/>
      </object_component>
      <object_component id="oc-49">
         <name>.debug_info</name>
         <load_address>0x1c51</load_address>
         <run_address>0x1c51</run_address>
         <size>0x3ed</size>
         <input_file_ref idref="fl-3"/>
      </object_component>
      <object_component id="oc-4e">
         <name>.debug_info</name>
         <load_address>0x203e</load_address>
         <run_address>0x203e</run_address>
         <size>0x385</size>
         <input_file_ref idref="fl-4"/>
      </object_component>
      <object_component id="oc-53">
         <name>.debug_info</name>
         <load_address>0x23c3</load_address>
         <run_address>0x23c3</run_address>
         <size>0x41b</size>
         <input_file_ref idref="fl-5"/>
      </object_component>
      <object_component id="oc-5b">
         <name>.debug_info</name>
         <load_address>0x27de</load_address>
         <run_address>0x27de</run_address>
         <size>0x127</size>
         <input_file_ref idref="fl-6"/>
      </object_component>
      <object_component id="oc-5e">
         <name>.debug_info</name>
         <load_address>0x2905</load_address>
         <run_address>0x2905</run_address>
         <size>0x37f</size>
         <input_file_ref idref="fl-7"/>
      </object_component>
      <object_component id="oc-63">
         <name>.debug_info</name>
         <load_address>0x2c84</load_address>
         <run_address>0x2c84</run_address>
         <size>0x133b7</size>
         <input_file_ref idref="fl-8"/>
      </object_component>
      <object_component id="oc-99">
         <name>.debug_info</name>
         <load_address>0x1603b</load_address>
         <run_address>0x1603b</run_address>
         <size>0xf9</size>
         <input_file_ref idref="fl-9"/>
      </object_component>
      <object_component id="oc-9c">
         <name>.debug_info</name>
         <load_address>0x16134</load_address>
         <run_address>0x16134</run_address>
         <size>0x1151</size>
         <input_file_ref idref="fl-a"/>
      </object_component>
      <object_component id="oc-a1">
         <name>.debug_info</name>
         <load_address>0x17285</load_address>
         <run_address>0x17285</run_address>
         <size>0x4f1</size>
         <input_file_ref idref="fl-b"/>
      </object_component>
      <object_component id="oc-a6">
         <name>.debug_info</name>
         <load_address>0x17776</load_address>
         <run_address>0x17776</run_address>
         <size>0x45f</size>
         <input_file_ref idref="fl-c"/>
      </object_component>
      <object_component id="oc-ab">
         <name>.debug_info</name>
         <load_address>0x17bd5</load_address>
         <run_address>0x17bd5</run_address>
         <size>0x223a</size>
         <input_file_ref idref="fl-d"/>
      </object_component>
      <object_component id="oc-b0">
         <name>.debug_info</name>
         <load_address>0x19e0f</load_address>
         <run_address>0x19e0f</run_address>
         <size>0x429</size>
         <input_file_ref idref="fl-e"/>
      </object_component>
      <object_component id="oc-b5">
         <name>.debug_info</name>
         <load_address>0x1a238</load_address>
         <run_address>0x1a238</run_address>
         <size>0x3cf</size>
         <input_file_ref idref="fl-f"/>
      </object_component>
      <object_component id="oc-ba">
         <name>.debug_info</name>
         <load_address>0x1a607</load_address>
         <run_address>0x1a607</run_address>
         <size>0x53a0</size>
         <input_file_ref idref="fl-10"/>
      </object_component>
      <object_component id="oc-c0">
         <name>.debug_info</name>
         <load_address>0x1f9a7</load_address>
         <run_address>0x1f9a7</run_address>
         <size>0x43f</size>
         <input_file_ref idref="fl-11"/>
      </object_component>
      <object_component id="oc-c5">
         <name>.debug_info</name>
         <load_address>0x1fde6</load_address>
         <run_address>0x1fde6</run_address>
         <size>0x3a7</size>
         <input_file_ref idref="fl-12"/>
      </object_component>
      <object_component id="oc-ca">
         <name>.debug_info</name>
         <load_address>0x2018d</load_address>
         <run_address>0x2018d</run_address>
         <size>0x3ff</size>
         <input_file_ref idref="fl-13"/>
      </object_component>
      <object_component id="oc-cf">
         <name>.debug_info</name>
         <load_address>0x2058c</load_address>
         <run_address>0x2058c</run_address>
         <size>0x433</size>
         <input_file_ref idref="fl-14"/>
      </object_component>
      <object_component id="oc-d4">
         <name>.debug_info</name>
         <load_address>0x209bf</load_address>
         <run_address>0x209bf</run_address>
         <size>0x377</size>
         <input_file_ref idref="fl-15"/>
      </object_component>
      <object_component id="oc-d9">
         <name>.debug_info</name>
         <load_address>0x20d36</load_address>
         <run_address>0x20d36</run_address>
         <size>0x419</size>
         <input_file_ref idref="fl-16"/>
      </object_component>
      <object_component id="oc-de">
         <name>.debug_info</name>
         <load_address>0x2114f</load_address>
         <run_address>0x2114f</run_address>
         <size>0x4a7</size>
         <input_file_ref idref="fl-17"/>
      </object_component>
      <object_component id="oc-e3">
         <name>.debug_info</name>
         <load_address>0x215f6</load_address>
         <run_address>0x215f6</run_address>
         <size>0x196</size>
         <input_file_ref idref="fl-18"/>
      </object_component>
      <object_component id="oc-e5">
         <name>.debug_info</name>
         <load_address>0x2178c</load_address>
         <run_address>0x2178c</run_address>
         <size>0x3a5</size>
         <input_file_ref idref="fl-19"/>
      </object_component>
      <object_component id="oc-ea">
         <name>.debug_info</name>
         <load_address>0x21b31</load_address>
         <run_address>0x21b31</run_address>
         <size>0x3a3</size>
         <input_file_ref idref="fl-1a"/>
      </object_component>
      <object_component id="oc-ef">
         <name>.debug_info</name>
         <load_address>0x21ed4</load_address>
         <run_address>0x21ed4</run_address>
         <size>0x2fb8</size>
         <input_file_ref idref="fl-1b"/>
      </object_component>
      <object_component id="oc-f6">
         <name>.debug_info</name>
         <load_address>0x24e8c</load_address>
         <run_address>0x24e8c</run_address>
         <size>0x39d</size>
         <input_file_ref idref="fl-1c"/>
      </object_component>
      <object_component id="oc-fb">
         <name>.debug_info</name>
         <load_address>0x25229</load_address>
         <run_address>0x25229</run_address>
         <size>0x18d7</size>
         <input_file_ref idref="fl-1d"/>
      </object_component>
      <object_component id="oc-fd">
         <name>.debug_info</name>
         <load_address>0x26b00</load_address>
         <run_address>0x26b00</run_address>
         <size>0x196d</size>
         <input_file_ref idref="fl-1e"/>
      </object_component>
      <object_component id="oc-102">
         <name>.debug_info</name>
         <load_address>0x2846d</load_address>
         <run_address>0x2846d</run_address>
         <size>0x495</size>
         <input_file_ref idref="fl-1f"/>
      </object_component>
      <object_component id="oc-107">
         <name>.debug_info</name>
         <load_address>0x28902</load_address>
         <run_address>0x28902</run_address>
         <size>0x8ab</size>
         <input_file_ref idref="fl-20"/>
      </object_component>
      <object_component id="oc-10c">
         <name>.debug_info</name>
         <load_address>0x291ad</load_address>
         <run_address>0x291ad</run_address>
         <size>0x38d</size>
         <input_file_ref idref="fl-21"/>
      </object_component>
      <object_component id="oc-111">
         <name>.debug_info</name>
         <load_address>0x2953a</load_address>
         <run_address>0x2953a</run_address>
         <size>0x433</size>
         <input_file_ref idref="fl-22"/>
      </object_component>
      <object_component id="oc-116">
         <name>.debug_info</name>
         <load_address>0x2996d</load_address>
         <run_address>0x2996d</run_address>
         <size>0x3e3</size>
         <input_file_ref idref="fl-23"/>
      </object_component>
      <object_component id="oc-11b">
         <name>.debug_info</name>
         <load_address>0x29d50</load_address>
         <run_address>0x29d50</run_address>
         <size>0x42b</size>
         <input_file_ref idref="fl-24"/>
      </object_component>
      <object_component id="oc-120">
         <name>.debug_info</name>
         <load_address>0x2a17b</load_address>
         <run_address>0x2a17b</run_address>
         <size>0x39f</size>
         <input_file_ref idref="fl-25"/>
      </object_component>
      <object_component id="oc-125">
         <name>.debug_info</name>
         <load_address>0x2a51a</load_address>
         <run_address>0x2a51a</run_address>
         <size>0x3b5</size>
         <input_file_ref idref="fl-26"/>
      </object_component>
      <object_component id="oc-12a">
         <name>.debug_info</name>
         <load_address>0x2a8cf</load_address>
         <run_address>0x2a8cf</run_address>
         <size>0x429</size>
         <input_file_ref idref="fl-27"/>
      </object_component>
      <object_component id="oc-12f">
         <name>.debug_info</name>
         <load_address>0x2acf8</load_address>
         <run_address>0x2acf8</run_address>
         <size>0x429</size>
         <input_file_ref idref="fl-28"/>
      </object_component>
      <object_component id="oc-134">
         <name>.debug_info</name>
         <load_address>0x2b121</load_address>
         <run_address>0x2b121</run_address>
         <size>0x1222</size>
         <input_file_ref idref="fl-29"/>
      </object_component>
      <object_component id="oc-139">
         <name>.debug_info</name>
         <load_address>0x2c343</load_address>
         <run_address>0x2c343</run_address>
         <size>0x42d</size>
         <input_file_ref idref="fl-2a"/>
      </object_component>
      <object_component id="oc-13e">
         <name>.debug_info</name>
         <load_address>0x2c770</load_address>
         <run_address>0x2c770</run_address>
         <size>0x1656</size>
         <input_file_ref idref="fl-2b"/>
      </object_component>
      <object_component id="oc-143">
         <name>.debug_info</name>
         <load_address>0x2ddc6</load_address>
         <run_address>0x2ddc6</run_address>
         <size>0x1a35</size>
         <input_file_ref idref="fl-2c"/>
      </object_component>
      <object_component id="oc-14a">
         <name>.debug_info</name>
         <load_address>0x2f7fb</load_address>
         <run_address>0x2f7fb</run_address>
         <size>0x4b0</size>
         <input_file_ref idref="fl-2d"/>
      </object_component>
      <object_component id="oc-14f">
         <name>.debug_info</name>
         <load_address>0x2fcab</load_address>
         <run_address>0x2fcab</run_address>
         <size>0x1918</size>
         <input_file_ref idref="fl-2e"/>
      </object_component>
      <object_component id="oc-156">
         <name>.debug_info</name>
         <load_address>0x315c3</load_address>
         <run_address>0x315c3</run_address>
         <size>0x131c</size>
         <input_file_ref idref="fl-2f"/>
      </object_component>
      <object_component id="oc-15d">
         <name>.debug_info</name>
         <load_address>0x328df</load_address>
         <run_address>0x328df</run_address>
         <size>0x2377</size>
         <input_file_ref idref="fl-30"/>
      </object_component>
      <object_component id="oc-165">
         <name>.debug_info</name>
         <load_address>0x34c56</load_address>
         <run_address>0x34c56</run_address>
         <size>0x3b6</size>
         <input_file_ref idref="fl-31"/>
      </object_component>
      <object_component id="oc-16a">
         <name>.debug_info</name>
         <load_address>0x3500c</load_address>
         <run_address>0x3500c</run_address>
         <size>0x339</size>
         <input_file_ref idref="fl-32"/>
      </object_component>
      <object_component id="oc-16f">
         <name>.debug_info</name>
         <load_address>0x35345</load_address>
         <run_address>0x35345</run_address>
         <size>0x36c</size>
         <input_file_ref idref="fl-33"/>
      </object_component>
      <object_component id="oc-174">
         <name>.debug_info</name>
         <load_address>0x356b1</load_address>
         <run_address>0x356b1</run_address>
         <size>0x517</size>
         <input_file_ref idref="fl-44"/>
      </object_component>
      <object_component id="oc-17a">
         <name>.debug_info</name>
         <load_address>0x35bc8</load_address>
         <run_address>0x35bc8</run_address>
         <size>0x3b4</size>
         <input_file_ref idref="fl-45"/>
      </object_component>
      <object_component id="oc-180">
         <name>.debug_info</name>
         <load_address>0x35f7c</load_address>
         <run_address>0x35f7c</run_address>
         <size>0x3db</size>
         <input_file_ref idref="fl-46"/>
      </object_component>
      <object_component id="oc-185">
         <name>.debug_info</name>
         <load_address>0x36357</load_address>
         <run_address>0x36357</run_address>
         <size>0x4ef</size>
         <input_file_ref idref="fl-47"/>
      </object_component>
      <object_component id="oc-18b">
         <name>.debug_info</name>
         <load_address>0x36846</load_address>
         <run_address>0x36846</run_address>
         <size>0x3a8</size>
         <input_file_ref idref="fl-48"/>
      </object_component>
      <object_component id="oc-191">
         <name>.debug_info</name>
         <load_address>0x36bee</load_address>
         <run_address>0x36bee</run_address>
         <size>0x3cf</size>
         <input_file_ref idref="fl-49"/>
      </object_component>
      <object_component id="oc-196">
         <name>.debug_info</name>
         <load_address>0x36fbd</load_address>
         <run_address>0x36fbd</run_address>
         <size>0x3e1</size>
         <input_file_ref idref="fl-4a"/>
      </object_component>
      <object_component id="oc-19d">
         <name>.debug_info</name>
         <load_address>0x3739e</load_address>
         <run_address>0x3739e</run_address>
         <size>0x173</size>
         <input_file_ref idref="fl-4b"/>
      </object_component>
      <object_component id="oc-1a2">
         <name>.debug_info</name>
         <load_address>0x37511</load_address>
         <run_address>0x37511</run_address>
         <size>0x114</size>
         <input_file_ref idref="fl-4c"/>
      </object_component>
      <object_component id="oc-1a6">
         <name>.debug_info</name>
         <load_address>0x37625</load_address>
         <run_address>0x37625</run_address>
         <size>0x561</size>
         <input_file_ref idref="fl-4d"/>
      </object_component>
      <object_component id="oc-1ab">
         <name>.debug_info</name>
         <load_address>0x37b86</load_address>
         <run_address>0x37b86</run_address>
         <size>0x43a</size>
         <input_file_ref idref="fl-4e"/>
      </object_component>
      <object_component id="oc-1b0">
         <name>.debug_info</name>
         <load_address>0x37fc0</load_address>
         <run_address>0x37fc0</run_address>
         <size>0x3ad</size>
         <input_file_ref idref="fl-4f"/>
      </object_component>
      <object_component id="oc-1b5">
         <name>.debug_info</name>
         <load_address>0x3836d</load_address>
         <run_address>0x3836d</run_address>
         <size>0x3aa</size>
         <input_file_ref idref="fl-50"/>
      </object_component>
      <object_component id="oc-1ba">
         <name>.debug_info</name>
         <load_address>0x38717</load_address>
         <run_address>0x38717</run_address>
         <size>0x544</size>
         <input_file_ref idref="fl-51"/>
      </object_component>
      <object_component id="oc-1c1">
         <name>.debug_info</name>
         <load_address>0x38c5b</load_address>
         <run_address>0x38c5b</run_address>
         <size>0x4cc</size>
         <input_file_ref idref="fl-52"/>
      </object_component>
      <object_component id="oc-1c6">
         <name>.debug_info</name>
         <load_address>0x39127</load_address>
         <run_address>0x39127</run_address>
         <size>0x467</size>
         <input_file_ref idref="fl-53"/>
      </object_component>
      <object_component id="oc-1cb">
         <name>.debug_info</name>
         <load_address>0x3958e</load_address>
         <run_address>0x3958e</run_address>
         <size>0x1c6</size>
         <input_file_ref idref="fl-54"/>
      </object_component>
      <object_component id="oc-24c">
         <name>.debug_info</name>
         <load_address>0x39754</load_address>
         <run_address>0x39754</run_address>
         <size>0xc4</size>
      </object_component>
      <object_component id="oc-45">
         <name>.debug_frame</name>
         <load_address>0x0</load_address>
         <run_address>0x0</run_address>
         <size>0xbc</size>
         <input_file_ref idref="fl-2"/>
      </object_component>
      <object_component id="oc-4a">
         <name>.debug_frame</name>
         <load_address>0xbc</load_address>
         <run_address>0xbc</run_address>
         <size>0x44</size>
         <input_file_ref idref="fl-3"/>
      </object_component>
      <object_component id="oc-4f">
         <name>.debug_frame</name>
         <load_address>0x100</load_address>
         <run_address>0x100</run_address>
         <size>0x28</size>
         <input_file_ref idref="fl-4"/>
      </object_component>
      <object_component id="oc-54">
         <name>.debug_frame</name>
         <load_address>0x128</load_address>
         <run_address>0x128</run_address>
         <size>0x44</size>
         <input_file_ref idref="fl-5"/>
      </object_component>
      <object_component id="oc-5f">
         <name>.debug_frame</name>
         <load_address>0x16c</load_address>
         <run_address>0x16c</run_address>
         <size>0x28</size>
         <input_file_ref idref="fl-7"/>
      </object_component>
      <object_component id="oc-9d">
         <name>.debug_frame</name>
         <load_address>0x194</load_address>
         <run_address>0x194</run_address>
         <size>0x28</size>
         <input_file_ref idref="fl-a"/>
      </object_component>
      <object_component id="oc-a2">
         <name>.debug_frame</name>
         <load_address>0x1bc</load_address>
         <run_address>0x1bc</run_address>
         <size>0x44</size>
         <input_file_ref idref="fl-b"/>
      </object_component>
      <object_component id="oc-a7">
         <name>.debug_frame</name>
         <load_address>0x200</load_address>
         <run_address>0x200</run_address>
         <size>0x44</size>
         <input_file_ref idref="fl-c"/>
      </object_component>
      <object_component id="oc-ac">
         <name>.debug_frame</name>
         <load_address>0x244</load_address>
         <run_address>0x244</run_address>
         <size>0x40</size>
         <input_file_ref idref="fl-d"/>
      </object_component>
      <object_component id="oc-b1">
         <name>.debug_frame</name>
         <load_address>0x284</load_address>
         <run_address>0x284</run_address>
         <size>0x44</size>
         <input_file_ref idref="fl-e"/>
      </object_component>
      <object_component id="oc-b6">
         <name>.debug_frame</name>
         <load_address>0x2c8</load_address>
         <run_address>0x2c8</run_address>
         <size>0x28</size>
         <input_file_ref idref="fl-f"/>
      </object_component>
      <object_component id="oc-bc">
         <name>.debug_frame</name>
         <load_address>0x2f0</load_address>
         <run_address>0x2f0</run_address>
         <size>0xac0</size>
         <input_file_ref idref="fl-10"/>
      </object_component>
      <object_component id="oc-c1">
         <name>.debug_frame</name>
         <load_address>0xdb0</load_address>
         <run_address>0xdb0</run_address>
         <size>0x44</size>
         <input_file_ref idref="fl-11"/>
      </object_component>
      <object_component id="oc-c6">
         <name>.debug_frame</name>
         <load_address>0xdf4</load_address>
         <run_address>0xdf4</run_address>
         <size>0x28</size>
         <input_file_ref idref="fl-12"/>
      </object_component>
      <object_component id="oc-cb">
         <name>.debug_frame</name>
         <load_address>0xe1c</load_address>
         <run_address>0xe1c</run_address>
         <size>0x28</size>
         <input_file_ref idref="fl-13"/>
      </object_component>
      <object_component id="oc-d0">
         <name>.debug_frame</name>
         <load_address>0xe44</load_address>
         <run_address>0xe44</run_address>
         <size>0x44</size>
         <input_file_ref idref="fl-14"/>
      </object_component>
      <object_component id="oc-d5">
         <name>.debug_frame</name>
         <load_address>0xe88</load_address>
         <run_address>0xe88</run_address>
         <size>0x28</size>
         <input_file_ref idref="fl-15"/>
      </object_component>
      <object_component id="oc-da">
         <name>.debug_frame</name>
         <load_address>0xeb0</load_address>
         <run_address>0xeb0</run_address>
         <size>0x28</size>
         <input_file_ref idref="fl-16"/>
      </object_component>
      <object_component id="oc-df">
         <name>.debug_frame</name>
         <load_address>0xed8</load_address>
         <run_address>0xed8</run_address>
         <size>0x44</size>
         <input_file_ref idref="fl-17"/>
      </object_component>
      <object_component id="oc-e6">
         <name>.debug_frame</name>
         <load_address>0xf1c</load_address>
         <run_address>0xf1c</run_address>
         <size>0x28</size>
         <input_file_ref idref="fl-19"/>
      </object_component>
      <object_component id="oc-eb">
         <name>.debug_frame</name>
         <load_address>0xf44</load_address>
         <run_address>0xf44</run_address>
         <size>0x28</size>
         <input_file_ref idref="fl-1a"/>
      </object_component>
      <object_component id="oc-f2">
         <name>.debug_frame</name>
         <load_address>0xf6c</load_address>
         <run_address>0xf6c</run_address>
         <size>0xe8</size>
         <input_file_ref idref="fl-1b"/>
      </object_component>
      <object_component id="oc-f7">
         <name>.debug_frame</name>
         <load_address>0x1054</load_address>
         <run_address>0x1054</run_address>
         <size>0x28</size>
         <input_file_ref idref="fl-1c"/>
      </object_component>
      <object_component id="oc-fe">
         <name>.debug_frame</name>
         <load_address>0x107c</load_address>
         <run_address>0x107c</run_address>
         <size>0x40</size>
         <input_file_ref idref="fl-1e"/>
      </object_component>
      <object_component id="oc-103">
         <name>.debug_frame</name>
         <load_address>0x10bc</load_address>
         <run_address>0x10bc</run_address>
         <size>0x44</size>
         <input_file_ref idref="fl-1f"/>
      </object_component>
      <object_component id="oc-108">
         <name>.debug_frame</name>
         <load_address>0x1100</load_address>
         <run_address>0x1100</run_address>
         <size>0x50</size>
         <input_file_ref idref="fl-20"/>
      </object_component>
      <object_component id="oc-10d">
         <name>.debug_frame</name>
         <load_address>0x1150</load_address>
         <run_address>0x1150</run_address>
         <size>0x28</size>
         <input_file_ref idref="fl-21"/>
      </object_component>
      <object_component id="oc-112">
         <name>.debug_frame</name>
         <load_address>0x1178</load_address>
         <run_address>0x1178</run_address>
         <size>0x44</size>
         <input_file_ref idref="fl-22"/>
      </object_component>
      <object_component id="oc-117">
         <name>.debug_frame</name>
         <load_address>0x11bc</load_address>
         <run_address>0x11bc</run_address>
         <size>0x28</size>
         <input_file_ref idref="fl-23"/>
      </object_component>
      <object_component id="oc-11c">
         <name>.debug_frame</name>
         <load_address>0x11e4</load_address>
         <run_address>0x11e4</run_address>
         <size>0x28</size>
         <input_file_ref idref="fl-24"/>
      </object_component>
      <object_component id="oc-121">
         <name>.debug_frame</name>
         <load_address>0x120c</load_address>
         <run_address>0x120c</run_address>
         <size>0x28</size>
         <input_file_ref idref="fl-25"/>
      </object_component>
      <object_component id="oc-126">
         <name>.debug_frame</name>
         <load_address>0x1234</load_address>
         <run_address>0x1234</run_address>
         <size>0x28</size>
         <input_file_ref idref="fl-26"/>
      </object_component>
      <object_component id="oc-12b">
         <name>.debug_frame</name>
         <load_address>0x125c</load_address>
         <run_address>0x125c</run_address>
         <size>0x44</size>
         <input_file_ref idref="fl-27"/>
      </object_component>
      <object_component id="oc-130">
         <name>.debug_frame</name>
         <load_address>0x12a0</load_address>
         <run_address>0x12a0</run_address>
         <size>0x44</size>
         <input_file_ref idref="fl-28"/>
      </object_component>
      <object_component id="oc-135">
         <name>.debug_frame</name>
         <load_address>0x12e4</load_address>
         <run_address>0x12e4</run_address>
         <size>0x40</size>
         <input_file_ref idref="fl-29"/>
      </object_component>
      <object_component id="oc-13a">
         <name>.debug_frame</name>
         <load_address>0x1324</load_address>
         <run_address>0x1324</run_address>
         <size>0x44</size>
         <input_file_ref idref="fl-2a"/>
      </object_component>
      <object_component id="oc-13f">
         <name>.debug_frame</name>
         <load_address>0x1368</load_address>
         <run_address>0x1368</run_address>
         <size>0x40</size>
         <input_file_ref idref="fl-2b"/>
      </object_component>
      <object_component id="oc-146">
         <name>.debug_frame</name>
         <load_address>0x13a8</load_address>
         <run_address>0x13a8</run_address>
         <size>0x88</size>
         <input_file_ref idref="fl-2c"/>
      </object_component>
      <object_component id="oc-14b">
         <name>.debug_frame</name>
         <load_address>0x1430</load_address>
         <run_address>0x1430</run_address>
         <size>0x40</size>
         <input_file_ref idref="fl-2d"/>
      </object_component>
      <object_component id="oc-152">
         <name>.debug_frame</name>
         <load_address>0x1470</load_address>
         <run_address>0x1470</run_address>
         <size>0x28</size>
         <input_file_ref idref="fl-2e"/>
      </object_component>
      <object_component id="oc-159">
         <name>.debug_frame</name>
         <load_address>0x1498</load_address>
         <run_address>0x1498</run_address>
         <size>0x6c</size>
         <input_file_ref idref="fl-2f"/>
      </object_component>
      <object_component id="oc-161">
         <name>.debug_frame</name>
         <load_address>0x1504</load_address>
         <run_address>0x1504</run_address>
         <size>0xc8</size>
         <input_file_ref idref="fl-30"/>
      </object_component>
      <object_component id="oc-166">
         <name>.debug_frame</name>
         <load_address>0x15cc</load_address>
         <run_address>0x15cc</run_address>
         <size>0x28</size>
         <input_file_ref idref="fl-31"/>
      </object_component>
      <object_component id="oc-16b">
         <name>.debug_frame</name>
         <load_address>0x15f4</load_address>
         <run_address>0x15f4</run_address>
         <size>0x28</size>
         <input_file_ref idref="fl-32"/>
      </object_component>
      <object_component id="oc-170">
         <name>.debug_frame</name>
         <load_address>0x161c</load_address>
         <run_address>0x161c</run_address>
         <size>0x28</size>
         <input_file_ref idref="fl-33"/>
      </object_component>
      <object_component id="oc-176">
         <name>.debug_frame</name>
         <load_address>0x1644</load_address>
         <run_address>0x1644</run_address>
         <size>0x44</size>
         <input_file_ref idref="fl-44"/>
      </object_component>
      <object_component id="oc-17c">
         <name>.debug_frame</name>
         <load_address>0x1688</load_address>
         <run_address>0x1688</run_address>
         <size>0x28</size>
         <input_file_ref idref="fl-45"/>
      </object_component>
      <object_component id="oc-181">
         <name>.debug_frame</name>
         <load_address>0x16b0</load_address>
         <run_address>0x16b0</run_address>
         <size>0x44</size>
         <input_file_ref idref="fl-46"/>
      </object_component>
      <object_component id="oc-187">
         <name>.debug_frame</name>
         <load_address>0x16f4</load_address>
         <run_address>0x16f4</run_address>
         <size>0x6c</size>
         <input_file_ref idref="fl-47"/>
      </object_component>
      <object_component id="oc-18d">
         <name>.debug_frame</name>
         <load_address>0x1760</load_address>
         <run_address>0x1760</run_address>
         <size>0x28</size>
         <input_file_ref idref="fl-48"/>
      </object_component>
      <object_component id="oc-192">
         <name>.debug_frame</name>
         <load_address>0x1788</load_address>
         <run_address>0x1788</run_address>
         <size>0x44</size>
         <input_file_ref idref="fl-49"/>
      </object_component>
      <object_component id="oc-197">
         <name>.debug_frame</name>
         <load_address>0x17cc</load_address>
         <run_address>0x17cc</run_address>
         <size>0x64</size>
         <input_file_ref idref="fl-4a"/>
      </object_component>
      <object_component id="oc-1a7">
         <name>.debug_frame</name>
         <load_address>0x1830</load_address>
         <run_address>0x1830</run_address>
         <size>0x60</size>
         <input_file_ref idref="fl-4d"/>
      </object_component>
      <object_component id="oc-1ac">
         <name>.debug_frame</name>
         <load_address>0x1890</load_address>
         <run_address>0x1890</run_address>
         <size>0x40</size>
         <input_file_ref idref="fl-4e"/>
      </object_component>
      <object_component id="oc-1b1">
         <name>.debug_frame</name>
         <load_address>0x18d0</load_address>
         <run_address>0x18d0</run_address>
         <size>0x40</size>
         <input_file_ref idref="fl-4f"/>
      </object_component>
      <object_component id="oc-1b6">
         <name>.debug_frame</name>
         <load_address>0x1910</load_address>
         <run_address>0x1910</run_address>
         <size>0x40</size>
         <input_file_ref idref="fl-50"/>
      </object_component>
      <object_component id="oc-1bd">
         <name>.debug_frame</name>
         <load_address>0x1950</load_address>
         <run_address>0x1950</run_address>
         <size>0x60</size>
         <input_file_ref idref="fl-51"/>
      </object_component>
      <object_component id="oc-1c2">
         <name>.debug_frame</name>
         <load_address>0x19b0</load_address>
         <run_address>0x19b0</run_address>
         <size>0x70</size>
         <input_file_ref idref="fl-52"/>
      </object_component>
      <object_component id="oc-1c7">
         <name>.debug_frame</name>
         <load_address>0x1a20</load_address>
         <run_address>0x1a20</run_address>
         <size>0x40</size>
         <input_file_ref idref="fl-53"/>
      </object_component>
      <object_component id="oc-46">
         <name>.debug_line</name>
         <load_address>0x0</load_address>
         <run_address>0x0</run_address>
         <size>0x116</size>
         <input_file_ref idref="fl-2"/>
      </object_component>
      <object_component id="oc-4b">
         <name>.debug_line</name>
         <load_address>0x116</load_address>
         <run_address>0x116</run_address>
         <size>0x46</size>
         <input_file_ref idref="fl-3"/>
      </object_component>
      <object_component id="oc-50">
         <name>.debug_line</name>
         <load_address>0x15c</load_address>
         <run_address>0x15c</run_address>
         <size>0x2d</size>
         <input_file_ref idref="fl-4"/>
      </object_component>
      <object_component id="oc-55">
         <name>.debug_line</name>
         <load_address>0x189</load_address>
         <run_address>0x189</run_address>
         <size>0x47</size>
         <input_file_ref idref="fl-5"/>
      </object_component>
      <object_component id="oc-5a">
         <name>.debug_line</name>
         <load_address>0x1d0</load_address>
         <run_address>0x1d0</run_address>
         <size>0x57</size>
         <input_file_ref idref="fl-6"/>
      </object_component>
      <object_component id="oc-60">
         <name>.debug_line</name>
         <load_address>0x227</load_address>
         <run_address>0x227</run_address>
         <size>0x28</size>
         <input_file_ref idref="fl-7"/>
      </object_component>
      <object_component id="oc-98">
         <name>.debug_line</name>
         <load_address>0x24f</load_address>
         <run_address>0x24f</run_address>
         <size>0x48</size>
         <input_file_ref idref="fl-9"/>
      </object_component>
      <object_component id="oc-9e">
         <name>.debug_line</name>
         <load_address>0x297</load_address>
         <run_address>0x297</run_address>
         <size>0x36</size>
         <input_file_ref idref="fl-a"/>
      </object_component>
      <object_component id="oc-a3">
         <name>.debug_line</name>
         <load_address>0x2cd</load_address>
         <run_address>0x2cd</run_address>
         <size>0x42</size>
         <input_file_ref idref="fl-b"/>
      </object_component>
      <object_component id="oc-a8">
         <name>.debug_line</name>
         <load_address>0x30f</load_address>
         <run_address>0x30f</run_address>
         <size>0x4f</size>
         <input_file_ref idref="fl-c"/>
      </object_component>
      <object_component id="oc-ad">
         <name>.debug_line</name>
         <load_address>0x35e</load_address>
         <run_address>0x35e</run_address>
         <size>0xc1</size>
         <input_file_ref idref="fl-d"/>
      </object_component>
      <object_component id="oc-b2">
         <name>.debug_line</name>
         <load_address>0x41f</load_address>
         <run_address>0x41f</run_address>
         <size>0x49</size>
         <input_file_ref idref="fl-e"/>
      </object_component>
      <object_component id="oc-b7">
         <name>.debug_line</name>
         <load_address>0x468</load_address>
         <run_address>0x468</run_address>
         <size>0x2e</size>
         <input_file_ref idref="fl-f"/>
      </object_component>
      <object_component id="oc-bd">
         <name>.debug_line</name>
[...]
      </symbol>
      <symbol id="sm-3df">
         <name>_SYM_COS_init</name>
         <value>0x9fc4</value>
         <object_component_ref idref="oc-1f7"/>
      </symbol>
      <symbol id="sm-3ec">
         <name>_SYM_SIN_init</name>
         <value>0x9fe3</value>
         <object_component_ref idref="oc-1f8"/>
      </symbol>
      <symbol id="sm-3fd">
         <name>_InitSysCtrl</name>
         <value>0x9c8d</value>
         <object_component_ref idref="oc-1e4"/>
      </symbol>
      <symbol id="sm-40a">
         <name>_VCO_init</name>
         <value>0xa073</value>
         <object_component_ref idref="oc-1da"/>
      </symbol>
      <symbol id="sm-417">
         <name>_InitWatchdog</name>
         <value>0xa0eb</value>
         <object_component_ref idref="oc-1e7"/>
      </symbol>
      <symbol id="sm-42a">
         <name>_activo</name>
         <value>0xc3af</value>
         <object_component_ref idref="oc-145"/>
      </symbol>
      <symbol id="sm-42b">
         <name>_IsInversorOn</name>
         <value>0x9f06</value>
         <object_component_ref idref="oc-1e9"/>
      </symbol>
      <symbol id="sm-42d">
         <name>_InitInversor</name>
         <value>0x9ee1</value>
         <object_component_ref idref="oc-1e9"/>
      </symbol>
      <symbol id="sm-42f">
         <name>_StopInversor</name>
         <value>0x9ef6</value>
         <object_component_ref idref="oc-1e9"/>
      </symbol>
      <symbol id="sm-431">
         <name>_StartInversor</name>
         <value>0x9ef1</value>
         <object_component_ref idref="oc-1e9"/>
      </symbol>
      <symbol id="sm-43f">
         <name>_main</name>
         <value>0xa0fa</value>
         <object_component_ref idref="oc-1d6"/>
      </symbol>
      <symbol id="sm-450">
         <name>_V_ref</name>
         <value>0xc390</value>
         <object_component_ref idref="oc-151"/>
      </symbol>
      <symbol id="sm-451">
         <name>_t0_min</name>
         <value>0xc392</value>
         <object_component_ref idref="oc-151"/>
      </symbol>
      <symbol id="sm-452">
         <name>_frecuencia</name>
         <value>0xc38e</value>
         <object_component_ref idref="oc-151"/>
      </symbol>
      <symbol id="sm-47f">
         <name>_SGN_3th_V</name>
         <value>0xc094</value>
         <object_component_ref idref="oc-158"/>
      </symbol>
      <symbol id="sm-480">
         <name>_SGN_3Ph_I</name>
         <value>0xc052</value>
         <object_component_ref idref="oc-158"/>
      </symbol>
      <symbol id="sm-481">
         <name>_SGN_3Ph_V</name>
         <value>0xc048</value>
         <object_component_ref idref="oc-158"/>
      </symbol>
      <symbol id="sm-482">
         <name>_offet_Va</name>
         <value>0xc00a</value>
         <object_component_ref idref="oc-158"/>
      </symbol>
      <symbol id="sm-483">
         <name>_ELEVENTH_VCO</name>
         <value>0xc080</value>
         <object_component_ref idref="oc-158"/>
      </symbol>
      <symbol id="sm-484">
         <name>_show_phase_a</name>
         <value>0xc002</value>
         <object_component_ref idref="oc-158"/>
      </symbol>
      <symbol id="sm-485">
         <name>_pendiente_chilena</name>
         <value>0xc022</value>
         <object_component_ref idref="oc-158"/>
      </symbol>
      <symbol id="sm-486">
         <name>_Grid</name>
         <value>0xc100</value>
         <object_component_ref idref="oc-158"/>
      </symbol>
      <symbol id="sm-487">
         <name>_amplitud_i</name>
         <value>0xc004</value>
         <object_component_ref idref="oc-158"/>
      </symbol>
      <symbol id="sm-488">
         <name>_rampa</name>
         <value>0xc0e6</value>
         <object_component_ref idref="oc-158"/>
      </symbol>
      <symbol id="sm-489">
         <name>_run_pll</name>
         <value>0x8954</value>
         <object_component_ref idref="oc-1de"/>
      </symbol>
      <symbol id="sm-48b">
         <name>_SGN_5th_V</name>
         <value>0xc09e</value>
         <object_component_ref idref="oc-158"/>
      </symbol>
      <symbol id="sm-48c">
         <name>_FIFTH_VCO</name>
         <value>0xc066</value>
         <object_component_ref idref="oc-158"/>
      </symbol>
      <symbol id="sm-48d">
         <name>_FE_U1</name>
         <value>0xc0d6</value>
         <object_component_ref idref="oc-158"/>
      </symbol>
      <symbol id="sm-48e">
         <name>_factor_septimo</name>
         <value>0xc010</value>
         <object_component_ref idref="oc-158"/>
      </symbol>
      <symbol id="sm-48f">
         <name>_SC_U3</name>
         <value>0xc240</value>
         <object_component_ref idref="oc-158"/>
      </symbol>
      <symbol id="sm-490">
         <name>_SC_U7</name>
         <value>0xc340</value>
         <object_component_ref idref="oc-158"/>
      </symbol>
      <symbol id="sm-491">
         <name>_SC_U5</name>
         <value>0xc2c0</value>
         <object_component_ref idref="oc-158"/>
      </symbol>
      <symbol id="sm-492">
         <name>_AUX_VCO</name>
         <value>0xc05c</value>
         <object_component_ref idref="oc-158"/>
      </symbol>
      <symbol id="sm-493">
         <name>_SGN_11th_V</name>
         <value>0xc0b2</value>
         <object_component_ref idref="oc-158"/>
      </symbol>
      <symbol id="sm-494">
         <name>_SGN_NSC_V</name>
         <value>0xc08a</value>
         <object_component_ref idref="oc-158"/>
      </symbol>
      <symbol id="sm-495">
         <name>_VPLL</name>
         <value>0xc39e</value>
         <object_component_ref idref="oc-1f1"/>
      </symbol>
      <symbol id="sm-496">
         <name>_Conv</name>
         <value>0xc0ca</value>
         <object_component_ref idref="oc-158"/>
      </symbol>
      <symbol id="sm-497">
         <name>_U1N_COMP_ENABLE</name>
         <value>0xc014</value>
         <object_component_ref idref="oc-158"/>
      </symbol>
      <symbol id="sm-498">
         <name>_SGN_7th_V</name>
         <value>0xc0a8</value>
         <object_component_ref idref="oc-158"/>
      </symbol>
      <symbol id="sm-499">
         <name>_EPLL_u3</name>
         <value>0xc020</value>
         <object_component_ref idref="oc-158"/>
      </symbol>
      <symbol id="sm-49a">
         <name>_EPLL_u2</name>
         <value>0xc01e</value>
         <object_component_ref idref="oc-158"/>
      </symbol>
      <symbol id="sm-49b">
         <name>_EPLL_u1</name>
         <value>0xc01c</value>
         <object_component_ref idref="oc-158"/>
      </symbol>
      <symbol id="sm-49c">
         <name>_EPLL_u0</name>
         <value>0xc01a</value>
         <object_component_ref idref="oc-158"/>
      </symbol>
      <symbol id="sm-49d">
         <name>_dtheta_di</name>
         <value>0xc006</value>
         <object_component_ref idref="oc-158"/>
      </symbol>
      <symbol id="sm-49e">
         <name>_factor_tercero</name>
         <value>0xc00c</value>
         <object_component_ref idref="oc-158"/>
      </symbol>
      <symbol id="sm-49f">
         <name>_U7_COMP_ENABLE</name>
         <value>0xc018</value>
         <object_component_ref idref="oc-158"/>
      </symbol>
      <symbol id="sm-4a0">
         <name>_factor_quinto</name>
         <value>0xc00e</value>
         <object_component_ref idref="oc-158"/>
      </symbol>
      <symbol id="sm-4a1">
         <name>_uuun</name>
         <value>0xc024</value>
         <object_component_ref idref="oc-158"/>
      </symbol>
      <symbol id="sm-4a2">
         <name>_uuu3</name>
         <value>0xc026</value>
         <object_component_ref idref="oc-158"/>
      </symbol>
      <symbol id="sm-4a3">
         <name>_uuu7</name>
         <value>0xc02a</value>
         <object_component_ref idref="oc-158"/>
      </symbol>
      <symbol id="sm-4a4">
         <name>_uuu5</name>
         <value>0xc028</value>
         <object_component_ref idref="oc-158"/>
      </symbol>
      <symbol id="sm-4a5">
         <name>_show_phase</name>
         <value>0xc000</value>
         <object_component_ref idref="oc-158"/>
      </symbol>
      <symbol id="sm-4a6">
         <name>_NSC_U1</name>
         <value>0xc1c0</value>
         <object_component_ref idref="oc-158"/>
      </symbol>
      <symbol id="sm-4a7">
         <name>_INT_CC_B</name>
         <value>0xc034</value>
         <object_component_ref idref="oc-158"/>
      </symbol>
      <symbol id="sm-4a8">
         <name>_INT_CC_C</name>
         <value>0xc040</value>
         <object_component_ref idref="oc-158"/>
      </symbol>
      <symbol id="sm-4a9">
         <name>_INT_CC_A</name>
         <value>0xc02c</value>
         <object_component_ref idref="oc-158"/>
      </symbol>
      <symbol id="sm-4aa">
         <name>_time_step</name>
         <value>0xc008</value>
         <object_component_ref idref="oc-158"/>
      </symbol>
      <symbol id="sm-4ab">
         <name>_PSC_U1</name>
         <value>0xc140</value>
         <object_component_ref idref="oc-158"/>
      </symbol>
      <symbol id="sm-4ac">
         <name>_show_freq</name>
         <value>0xc001</value>
         <object_component_ref idref="oc-158"/>
      </symbol>
      <symbol id="sm-4ad">
         <name>_U5_COMP_ENABLE</name>
         <value>0xc016</value>
         <object_component_ref idref="oc-158"/>
      </symbol>
      <symbol id="sm-4ae">
         <name>_SEVENTH_VCO</name>
         <value>0xc070</value>
         <object_component_ref idref="oc-158"/>
      </symbol>
      <symbol id="sm-4af">
         <name>_factor_NS</name>
         <value>0xc012</value>
         <object_component_ref idref="oc-158"/>
      </symbol>
      <symbol id="sm-4f9">
         <name>_k_5th</name>
         <value>0xc3ea</value>
         <object_component_ref idref="oc-15f"/>
      </symbol>
      <symbol id="sm-4fa">
         <name>_run_interrupt</name>
         <value>0x85bd</value>
         <object_component_ref idref="oc-1d4"/>
      </symbol>
      <symbol id="sm-4fc">
         <name>_Tv</name>
         <value>0xc3d4</value>
         <object_component_ref idref="oc-15f"/>
      </symbol>
      <symbol id="sm-4fd">
         <name>_iqsp</name>
         <value>0xc3c4</value>
         <object_component_ref idref="oc-15f"/>
      </symbol>
      <symbol id="sm-4fe">
         <name>_Ti</name>
         <value>0xc3ce</value>
         <object_component_ref idref="oc-15f"/>
      </symbol>
      <symbol id="sm-4ff">
         <name>_ki_control_i</name>
         <value>0xc3e6</value>
         <object_component_ref idref="oc-15f"/>
      </symbol>
      <symbol id="sm-500">
         <name>_Sv</name>
         <value>0xc3d2</value>
         <object_component_ref idref="oc-15f"/>
      </symbol>
      <symbol id="sm-501">
         <name>_Si</name>
         <value>0xc3cc</value>
         <object_component_ref idref="oc-15f"/>
      </symbol>
      <symbol id="sm-502">
         <name>_Rv</name>
         <value>0xc3d0</value>
         <object_component_ref idref="oc-15f"/>
      </symbol>
      <symbol id="sm-503">
         <name>_Ri</name>
         <value>0xc3ca</value>
         <object_component_ref idref="oc-15f"/>
      </symbol>
      <symbol id="sm-504">
         <name>_PI_ENABLED</name>
         <value>0xc3e0</value>
         <object_component_ref idref="oc-15f"/>
      </symbol>
      <symbol id="sm-505">
         <name>_init_interrupts_macros</name>
         <value>0x893a</value>
         <object_component_ref idref="oc-1d4"/>
      </symbol>
      <symbol id="sm-507">
         <name>_amplitud_v</name>
         <value>0xc3f0</value>
         <object_component_ref idref="oc-15f"/>
      </symbol>
      <symbol id="sm-508">
         <name>_k_nsc</name>
         <value>0xc3e8</value>
         <object_component_ref idref="oc-15f"/>
      </symbol>
      <symbol id="sm-509">
         <name>_dw_aux</name>
         <value>0xc3f4</value>
         <object_component_ref idref="oc-15f"/>
      </symbol>
      <symbol id="sm-50a">
         <name>_kp_control_i</name>
         <value>0xc3e4</value>
         <object_component_ref idref="oc-15f"/>
      </symbol>
      <symbol id="sm-50b">
         <name>_k_7th</name>
         <value>0xc3ec</value>
         <object_component_ref idref="oc-15f"/>
      </symbol>
      <symbol id="sm-50c">
         <name>_kadj</name>
         <value>0xc3c8</value>
         <object_component_ref idref="oc-15f"/>
      </symbol>
      <symbol id="sm-50d">
         <name>_theta_out</name>
         <value>0xc3f8</value>
         <object_component_ref idref="oc-15f"/>
      </symbol>
      <symbol id="sm-50e">
         <name>_k_11th</name>
         <value>0xc3ee</value>
         <object_component_ref idref="oc-15f"/>
      </symbol>
      <symbol id="sm-50f">
         <name>_sTv</name>
         <value>0xc3dc</value>
         <object_component_ref idref="oc-15f"/>
      </symbol>
      <symbol id="sm-510">
         <name>_amp_aux</name>
         <value>0xc3f2</value>
         <object_component_ref idref="oc-15f"/>
      </symbol>
      <symbol id="sm-511">
         <name>_theta_error</name>
         <value>0xc402</value>
         <object_component_ref idref="oc-15f"/>
      </symbol>
      <symbol id="sm-512">
         <name>_dtheta_aux</name>
         <value>0xc3f6</value>
         <object_component_ref idref="oc-15f"/>
      </symbol>
      <symbol id="sm-513">
         <name>_failure_interrupt</name>
         <value>0x8953</value>
         <object_component_ref idref="oc-1d4"/>
      </symbol>
      <symbol id="sm-515">
         <name>_sSv</name>
         <value>0xc3da</value>
         <object_component_ref idref="oc-15f"/>
      </symbol>
      <symbol id="sm-516">
         <name>_sRv</name>
         <value>0xc3d8</value>
         <object_component_ref idref="oc-15f"/>
      </symbol>
      <symbol id="sm-517">
         <name>_idsp</name>
         <value>0xc3c2</value>
         <object_component_ref idref="oc-15f"/>
      </symbol>
      <symbol id="sm-518">
         <name>_tension_simulada</name>
         <value>0xc412</value>
         <object_component_ref idref="oc-15f"/>
      </symbol>
      <symbol id="sm-519">
         <name>_sim_init</name>
         <value>0x8000</value>
         <object_component_ref idref="oc-1d4"/>
      </symbol>
      <symbol id="sm-51b">
         <name>_modulo_out</name>
         <value>0xc3fa</value>
         <object_component_ref idref="oc-15f"/>
      </symbol>
      <symbol id="sm-51c">
         <name>_sim_get</name>
         <value>0x8071</value>
         <object_component_ref idref="oc-1d4"/>
      </symbol>
      <symbol id="sm-51e">
         <name>_I_FF_ENABLED</name>
         <value>0xc3e2</value>
         <object_component_ref idref="oc-15f"/>
      </symbol>
      <symbol id="sm-51f">
         <name>_w</name>
         <value>0xc3c6</value>
         <object_component_ref idref="oc-15f"/>
      </symbol>
      <symbol id="sm-520">
         <name>_L</name>
         <value>0xa398</value>
         <object_component_ref idref="oc-160"/>
      </symbol>
      <symbol id="sm-521">
         <name>_Yv</name>
         <value>0xc3d6</value>
         <object_component_ref idref="oc-15f"/>
      </symbol>
      <symbol id="sm-522">
         <name>_modmod</name>
         <value>0xc3de</value>
         <object_component_ref idref="oc-15f"/>
      </symbol>
      <symbol id="sm-56c">
         <name>_atan2f</name>
         <value>0x9a69</value>
         <object_component_ref idref="oc-1e1"/>
      </symbol>
      <symbol id="sm-56e">
         <name>_atan2</name>
         <value>0x9a69</value>
         <object_component_ref idref="oc-1e1"/>
      </symbol>
      <symbol id="sm-58a">
         <name>_sqrtf</name>
         <value>0x9f34</value>
         <object_component_ref idref="oc-1e0"/>
      </symbol>
      <symbol id="sm-58c">
         <name>_sqrt</name>
         <value>0x9f34</value>
         <object_component_ref idref="oc-1e0"/>
      </symbol>
      <symbol id="sm-5b1">
         <name>_atan</name>
         <value>0x9b3b</value>
         <object_component_ref idref="oc-1f3"/>
      </symbol>
      <symbol id="sm-5b2">
         <name>_atanf</name>
         <value>0x9b3b</value>
         <object_component_ref idref="oc-1f3"/>
      </symbol>
      <symbol id="sm-5cd">
         <name>_cos</name>
         <value>0x9dd2</value>
         <object_component_ref idref="oc-1dc"/>
      </symbol>
      <symbol id="sm-5ce">
         <name>_cosf</name>
         <value>0x9dd2</value>
         <object_component_ref idref="oc-1dc"/>
      </symbol>
      <symbol id="sm-5dc">
         <name>_sin</name>
         <value>0x9d6c</value>
         <object_component_ref idref="oc-1df"/>
      </symbol>
      <symbol id="sm-5dd">
         <name>_sinf</name>
         <value>0x9d6c</value>
         <object_component_ref idref="oc-1df"/>
      </symbol>
      <symbol id="sm-5f9">
         <name>_c_int00</name>
         <value>0x9e35</value>
         <object_component_ref idref="oc-43"/>
      </symbol>
      <symbol id="sm-5fa">
         <name>__stack</name>
         <value>0x400</value>
         <object_component_ref idref="oc-19b"/>
      </symbol>
      <symbol id="sm-60b">
         <name>FS$$DIV</name>
         <value>0x9c05</value>
         <object_component_ref idref="oc-1a1"/>
      </symbol>
      <symbol id="sm-61a">
         <name>_copy_in</name>
         <value>0x9f80</value>
         <object_component_ref idref="oc-1d0"/>
      </symbol>
      <symbol id="sm-62c">
         <name>_memcpy</name>
         <value>0xa020</value>
         <object_component_ref idref="oc-1d5"/>
      </symbol>
      <symbol id="sm-639">
         <name>__system_pre_init</name>
         <value>0xa126</value>
         <object_component_ref idref="oc-1cf"/>
      </symbol>
      <symbol id="sm-647">
         <name>__system_post_cinit</name>
         <value>0x9f33</value>
         <object_component_ref idref="oc-1d1"/>
      </symbol>
      <symbol id="sm-65c">
         <name>C$$EXIT</name>
         <value>0x9f0a</value>
         <object_component_ref idref="oc-1d3"/>
      </symbol>
      <symbol id="sm-65d">
         <name>_exit</name>
         <value>0x9f0c</value>
         <object_component_ref idref="oc-1d3"/>
      </symbol>
      <symbol id="sm-65f">
         <name>___TI_cleanup_ptr</name>
         <value>0xc3a6</value>
         <object_component_ref idref="oc-1bc"/>
      </symbol>
      <symbol id="sm-660">
         <name>___TI_enable_exit_profile_output</name>
         <value>0xc3a4</value>
         <object_component_ref idref="oc-1bc"/>
      </symbol>
      <symbol id="sm-661">
         <name>_abort</name>
         <value>0x9f0a</value>
         <object_component_ref idref="oc-1d3"/>
      </symbol>
      <symbol id="sm-663">
         <name>___TI_dtors_ptr</name>
         <value>0xc3a8</value>
         <object_component_ref idref="oc-1bc"/>
      </symbol>
      <symbol id="sm-677">
         <name>__unlock</name>
         <value>0xc3ac</value>
         <object_component_ref idref="oc-1f6"/>
      </symbol>
      <symbol id="sm-678">
         <name>__lock</name>
         <value>0xc3aa</value>
         <object_component_ref idref="oc-1d7"/>
      </symbol>
      <symbol id="sm-679">
         <name>__register_lock</name>
         <value>0xa11a</value>
         <object_component_ref idref="oc-1ea"/>
      </symbol>
      <symbol id="sm-67b">
         <name>__nop</name>
         <value>0xa11e</value>
         <object_component_ref idref="oc-1ea"/>
      </symbol>
      <symbol id="sm-67d">
         <name>__register_unlock</name>
         <value>0xa116</value>
         <object_component_ref idref="oc-1ea"/>
      </symbol>
      <symbol id="sm-68d">
         <name>__args_main</name>
         <value>0xa0c9</value>
         <object_component_ref idref="oc-1d2"/>
      </symbol>
      <symbol id="sm-698">
         <name>_errno</name>
         <value>0xc3b0</value>
         <object_component_ref idref="oc-1cd"/>
      </symbol>
   </symbol_table>
   <title>Link successful</title>
</link_info>
