******************************************************************************
             TMS320C2000 Linker PC v22.6.1                     
******************************************************************************
>> Linked Sat May 17 17:22:56 2025

OUTPUT FILE NAME:   <PF_basic2.out>
ENTRY POINT SYMBOL: "_c_int00"  address: 00009601


MEMORY CONFIGURATION

         name            origin    length      used     unused   attr    fill
----------------------  --------  ---------  --------  --------  ----  --------
PAGE 0:
  BEGIN_M0              00000000   00000002  00000002  00000000  RWIX
  L0123SARAM            00008000   00004000  00001906  000026fa  RWIX
  RESET                 003fffc0   00000002  00000000  00000002  RWIX

PAGE 1:
  M0SARAM               00000002   000003fe  00000000  000003fe  RWIX
  M1SARAM               00000400   00000400  00000300  00000100  RWIX
  DEV_EMU               00000880   00000180  000000d0  000000b0  RWIX
  FLASH_REGS            00000a80   00000060  00000008  00000058  RWIX
  CSM                   00000ae0   00000010  00000010  00000000  RWIX
  ADC_MIRROR            00000b00   00000010  00000010  00000000  RWIX
  XINTF                 00000b20   00000020  0000001e  00000002  RWIX
  CPU_TIMER0            00000c00   00000008  00000008  00000000  RWIX
  CPU_TIMER1            00000c08   00000008  00000008  00000000  RWIX
  CPU_TIMER2            00000c10   00000008  00000008  00000000  RWIX
  PIE_CTRL              00000ce0   00000020  0000001a  00000006  RWIX
  PIE_VECT              00000d00   00000100  00000100  00000000  RWIX
  DMA                   00001000   00000200  000000e0  00000120  RWIX
  MCBSPA                00005000   00000040  00000025  0000001b  RWIX
  MCBSPB                00005040   00000040  00000025  0000001b  RWIX
  ECANA                 00006000   00000040  00000034  0000000c  RWIX
  ECANA_LAM             00006040   00000040  00000040  00000000  RWIX
  ECANA_MOTS            00006080   00000040  00000040  00000000  RWIX
  ECANA_MOTO            000060c0   00000040  00000040  00000000  RWIX
  ECANA_MBOX            00006100   00000100  00000100  00000000  RWIX
  ECANB                 00006200   00000040  00000034  0000000c  RWIX
  ECANB_LAM             00006240   00000040  00000040  00000000  RWIX
  ECANB_MOTS            00006280   00000040  00000040  00000000  RWIX
  ECANB_MOTO            000062c0   00000040  00000040  00000000  RWIX
  ECANB_MBOX            00006300   00000100  00000100  00000000  RWIX
  EPWM1                 00006800   00000022  00000022  00000000  RWIX
  EPWM2                 00006840   00000022  00000022  00000000  RWIX
  EPWM3                 00006880   00000022  00000022  00000000  RWIX
  EPWM4                 000068c0   00000022  00000022  00000000  RWIX
  EPWM5                 00006900   00000022  00000022  00000000  RWIX
  EPWM6                 00006940   00000022  00000022  00000000  RWIX
  ECAP1                 00006a00   00000020  00000020  00000000  RWIX
  ECAP2                 00006a20   00000020  00000020  00000000  RWIX
  ECAP3                 00006a40   00000020  00000020  00000000  RWIX
  ECAP4                 00006a60   00000020  00000020  00000000  RWIX
  ECAP5                 00006a80   00000020  00000020  00000000  RWIX
  ECAP6                 00006aa0   00000020  00000020  00000000  RWIX
  EQEP1                 00006b00   00000040  00000040  00000000  RWIX
  EQEP2                 00006b40   00000040  00000040  00000000  RWIX
  GPIOCTRL              00006f80   00000040  0000002e  00000012  RWIX
  GPIODAT               00006fc0   00000020  00000020  00000000  RWIX
  GPIOINT               00006fe0   00000020  0000000a  00000016  RWIX
  SYSTEM                00007010   00000020  00000020  00000000  RWIX
  SPIA                  00007040   00000010  00000010  00000000  RWIX
  SCIA                  00007050   00000010  00000010  00000000  RWIX
  XINTRUPT              00007070   00000010  00000010  00000000  RWIX
  ADC                   00007100   00000020  0000001e  00000002  RWIX
  SCIB                  00007750   00000010  00000010  00000000  RWIX
  SCIC                  00007770   00000010  00000010  00000000  RWIX
  I2CA                  00007900   00000040  00000022  0000001e  RWIX
  L4SARAM               0000c000   00001000  00000031  00000fcf  RWIX
  L5SARAM               0000d000   00001000  00000000  00001000  RWIX
  L6SARAM               0000e000   00001000  00000000  00001000  RWIX
  L7SARAM               0000f000   00001000  00000000  00001000  RWIX
  CSM_PWL               0033fff8   00000008  00000008  00000000  RWIX
  PARTID                00380090   00000001  00000001  00000000  RWIX


SECTION ALLOCATION MAP

 output                                  attributes/
section   page    origin      length       input sections
--------  ----  ----------  ----------   ----------------
.text      0    00008000    00001795     
                  00008000    000008e4     modulacion_vectorial.obj (.text)
                  000088e4    0000049f     Interrupciones.obj (.text:retain)
                  00008d83    0000038c     PWM_config.obj (.text)
                  0000910f    00000105     ADC_config.obj (.text)
                  00009214    00000103     Gpio.obj (.text)
                  00009317    000000cf     rts2800_fpu32.lib : e_fmodf.c.obj (.text)
                  000093e6    00000088                       : fs_div28.asm.obj (.text)
                  0000946e    00000072     SysCtrl.obj (.text)
                  000094e0    00000066     rts2800_fpu32.lib : s_sinf.c.obj (.text)
                  00009546    00000063                       : s_cosf.c.obj (.text)
                  000095a9    00000058                       : s_ceilf.c.obj (.text)
                  00009601    00000056                       : boot28.asm.obj (.text)
                  00009657    00000031     pruebas.obj (.text)
                  00009688    0000002d     Pie_config.obj (.text)
                  000096b5    00000029     rts2800_fpu32.lib : exit.c.obj (.text)
                  000096de    00000027                       : e_sqrtf.c.obj (.text)
                  00009705    00000024                       : cpy_tbl.c.obj (.text)
                  00009729    0000001d                       : memcpy.c.obj (.text)
                  00009746    00000012                       : args_main.c.obj (.text)
                  00009758    00000010     DelayUs.obj (.text)
                  00009768    0000000f     Watchdog.obj (.text)
                  00009777    0000000b     main.obj (.text)
                  00009782    00000009     rts2800_fpu32.lib : _lock.c.obj (.text)
                  0000978b    00000007     CodeStartBranch.obj (.text)
                  00009792    00000002     rts2800_fpu32.lib : pre_init.c.obj (.text)
                  00009794    00000001                       : startup.c.obj (.text)

.cinit     0    0000989e    00000069     
                  0000989e    00000027     modulacion_vectorial.obj (.cinit)
                  000098c5    00000018     PWM_config.obj (.cinit)
                  000098dd    0000000e     rts2800_fpu32.lib : exit.c.obj (.cinit)
                  000098eb    0000000c     Interrupciones.obj (.cinit)
                  000098f7    00000005     rts2800_fpu32.lib : _lock.c.obj (.cinit:__lock)
                  000098fc    00000005                       : _lock.c.obj (.cinit:__unlock)
                  00009901    00000004                       : errno.c.obj (.cinit)
                  00009905    00000002     --HOLE-- [fill = 0]

.econst    0    00009796    00000108     
                  00009796    00000100     PieVect_5_6_7_8_9_10.obj (.econst:_PieVectTableInit)
                  00009896    00000004     rts2800_fpu32.lib : e_fmodf.c.obj (.econst:_Zero)
                  0000989a    00000002                       : e_fmodf.c.obj (.econst)
                  0000989c    00000002                       : s_ceilf.c.obj (.econst)

.pinit     0    00008000    00000000     UNINITIALIZED

.reset     0    003fffc0    00000002     DSECT
                  003fffc0    00000002     rts2800_fpu32.lib : boot28.asm.obj (.reset)

DevEmuRegsFile 
*          1    00000880    000000d0     UNINITIALIZED
                  00000880    000000d0     DSP2833x_GlobalVariableDefs.obj (DevEmuRegsFile)

FlashRegsFile 
*          1    00000a80    00000008     UNINITIALIZED
                  00000a80    00000008     DSP2833x_GlobalVariableDefs.obj (FlashRegsFile)

CsmRegsFile 
*          1    00000ae0    00000010     UNINITIALIZED
                  00000ae0    00000010     DSP2833x_GlobalVariableDefs.obj (CsmRegsFile)

AdcMirrorFile 
*          1    00000b00    00000010     UNINITIALIZED
                  00000b00    00000010     DSP2833x_GlobalVariableDefs.obj (AdcMirrorFile)

XintfRegsFile 
*          1    00000b20    0000001e     UNINITIALIZED
                  00000b20    0000001e     DSP2833x_GlobalVariableDefs.obj (XintfRegsFile)

CpuTimer0RegsFile 
*          1    00000c00    00000008     UNINITIALIZED
                  00000c00    00000008     DSP2833x_GlobalVariableDefs.obj (CpuTimer0RegsFile)

CpuTimer1RegsFile 
*          1    00000c08    00000008     UNINITIALIZED
                  00000c08    00000008     DSP2833x_GlobalVariableDefs.obj (CpuTimer1RegsFile)

CpuTimer2RegsFile 
*          1    00000c10    00000008     UNINITIALIZED
                  00000c10    00000008     DSP2833x_GlobalVariableDefs.obj (CpuTimer2RegsFile)

PieCtrlRegsFile 
*          1    00000ce0    0000001a     UNINITIALIZED
                  00000ce0    0000001a     DSP2833x_GlobalVariableDefs.obj (PieCtrlRegsFile)

ECanaMOTSRegsFile 
*          1    00006080    00000040     UNINITIALIZED
                  00006080    00000040     DSP2833x_GlobalVariableDefs.obj (ECanaMOTSRegsFile)

ECanaMOTORegsFile 
*          1    000060c0    00000040     UNINITIALIZED
                  000060c0    00000040     DSP2833x_GlobalVariableDefs.obj (ECanaMOTORegsFile)

ECanbMOTSRegsFile 
*          1    00006280    00000040     UNINITIALIZED
                  00006280    00000040     DSP2833x_GlobalVariableDefs.obj (ECanbMOTSRegsFile)

ECanbMOTORegsFile 
*          1    000062c0    00000040     UNINITIALIZED
                  000062c0    00000040     DSP2833x_GlobalVariableDefs.obj (ECanbMOTORegsFile)

.bss       1    0000c000    00000000     UNINITIALIZED

.ebss      1    0000c000    00000031     UNINITIALIZED
                  0000c000    00000010     Interrupciones.obj (.ebss)
                  0000c010    00000010     modulacion_vectorial.obj (.ebss)
                  0000c020    00000006     PWM_config.obj (.ebss)
                  0000c026    00000006     rts2800_fpu32.lib : exit.c.obj (.ebss)
                  0000c02c    00000002                       : _lock.c.obj (.ebss:__lock)
                  0000c02e    00000002                       : _lock.c.obj (.ebss:__unlock)
                  0000c030    00000001                       : errno.c.obj (.ebss)

.stack     1    00000400    00000300     UNINITIALIZED
                  00000400    00000300     --HOLE--

codestart 
*          0    00000000    00000002     
                  00000000    00000002     CodeStartBranch.obj (codestart)

PieVectTableFile 
*          1    00000d00    00000100     UNINITIALIZED
                  00000d00    00000100     DSP2833x_GlobalVariableDefs.obj (PieVectTableFile)

DmaRegsFile 
*          1    00001000    000000e0     UNINITIALIZED
                  00001000    000000e0     DSP2833x_GlobalVariableDefs.obj (DmaRegsFile)

McbspaRegsFile 
*          1    00005000    00000025     UNINITIALIZED
                  00005000    00000025     DSP2833x_GlobalVariableDefs.obj (McbspaRegsFile)

McbspbRegsFile 
*          1    00005040    00000025     UNINITIALIZED
                  00005040    00000025     DSP2833x_GlobalVariableDefs.obj (McbspbRegsFile)

ECanaRegsFile 
*          1    00006000    00000034     UNINITIALIZED
                  00006000    00000034     DSP2833x_GlobalVariableDefs.obj (ECanaRegsFile)

ECanaLAMRegsFile 
*          1    00006040    00000040     UNINITIALIZED
                  00006040    00000040     DSP2833x_GlobalVariableDefs.obj (ECanaLAMRegsFile)

ECanaMboxesFile 
*          1    00006100    00000100     UNINITIALIZED
                  00006100    00000100     DSP2833x_GlobalVariableDefs.obj (ECanaMboxesFile)

ECanbRegsFile 
*          1    00006200    00000034     UNINITIALIZED
                  00006200    00000034     DSP2833x_GlobalVariableDefs.obj (ECanbRegsFile)

ECanbLAMRegsFile 
*          1    00006240    00000040     UNINITIALIZED
                  00006240    00000040     DSP2833x_GlobalVariableDefs.obj (ECanbLAMRegsFile)

ECanbMboxesFile 
*          1    00006300    00000100     UNINITIALIZED
                  00006300    00000100     DSP2833x_GlobalVariableDefs.obj (ECanbMboxesFile)

EPwm1RegsFile 
*          1    00006800    00000022     UNINITIALIZED
                  00006800    00000022     DSP2833x_GlobalVariableDefs.obj (EPwm1RegsFile)

EPwm2RegsFile 
*          1    00006840    00000022     UNINITIALIZED
                  00006840    00000022     DSP2833x_GlobalVariableDefs.obj (EPwm2RegsFile)

EPwm3RegsFile 
*          1    00006880    00000022     UNINITIALIZED
                  00006880    00000022     DSP2833x_GlobalVariableDefs.obj (EPwm3RegsFile)

EPwm4RegsFile 
*          1    000068c0    00000022     UNINITIALIZED
                  000068c0    00000022     DSP2833x_GlobalVariableDefs.obj (EPwm4RegsFile)

EPwm5RegsFile 
*          1    00006900    00000022     UNINITIALIZED
                  00006900    00000022     DSP2833x_GlobalVariableDefs.obj (EPwm5RegsFile)

EPwm6RegsFile 
*          1    00006940    00000022     UNINITIALIZED
                  00006940    00000022     DSP2833x_GlobalVariableDefs.obj (EPwm6RegsFile)

ECap1RegsFile 
*          1    00006a00    00000020     UNINITIALIZED
                  00006a00    00000020     DSP2833x_GlobalVariableDefs.obj (ECap1RegsFile)

ECap2RegsFile 
*          1    00006a20    00000020     UNINITIALIZED
                  00006a20    00000020     DSP2833x_GlobalVariableDefs.obj (ECap2RegsFile)

ECap3RegsFile 
*          1    00006a40    00000020     UNINITIALIZED
                  00006a40    00000020     DSP2833x_GlobalVariableDefs.obj (ECap3RegsFile)

ECap4RegsFile 
*          1    00006a60    00000020     UNINITIALIZED
                  00006a60    00000020     DSP2833x_GlobalVariableDefs.obj (ECap4RegsFile)

ECap5RegsFile 
*          1    00006a80    00000020     UNINITIALIZED
                  00006a80    00000020     DSP2833x_GlobalVariableDefs.obj (ECap5RegsFile)

ECap6RegsFile 
*          1    00006aa0    00000020     UNINITIALIZED
                  00006aa0    00000020     DSP2833x_GlobalVariableDefs.obj (ECap6RegsFile)

EQep1RegsFile 
*          1    00006b00    00000040     UNINITIALIZED
                  00006b00    00000040     DSP2833x_GlobalVariableDefs.obj (EQep1RegsFile)

EQep2RegsFile 
*          1    00006b40    00000040     UNINITIALIZED
                  00006b40    00000040     DSP2833x_GlobalVariableDefs.obj (EQep2RegsFile)

GpioCtrlRegsFile 
*          1    00006f80    0000002e     UNINITIALIZED
                  00006f80    0000002e     DSP2833x_GlobalVariableDefs.obj (GpioCtrlRegsFile)

GpioDataRegsFile 
*          1    00006fc0    00000020     UNINITIALIZED
                  00006fc0    00000020     DSP2833x_GlobalVariableDefs.obj (GpioDataRegsFile)

GpioIntRegsFile 
*          1    00006fe0    0000000a     UNINITIALIZED
                  00006fe0    0000000a     DSP2833x_GlobalVariableDefs.obj (GpioIntRegsFile)

SysCtrlRegsFile 
*          1    00007010    00000020     UNINITIALIZED
                  00007010    00000020     DSP2833x_GlobalVariableDefs.obj (SysCtrlRegsFile)

SpiaRegsFile 
*          1    00007040    00000010     UNINITIALIZED
                  00007040    00000010     DSP2833x_GlobalVariableDefs.obj (SpiaRegsFile)

SciaRegsFile 
*          1    00007050    00000010     UNINITIALIZED
                  00007050    00000010     DSP2833x_GlobalVariableDefs.obj (SciaRegsFile)

XIntruptRegsFile 
*          1    00007070    00000010     UNINITIALIZED
                  00007070    00000010     DSP2833x_GlobalVariableDefs.obj (XIntruptRegsFile)

AdcRegsFile 
*          1    00007100    0000001e     UNINITIALIZED
                  00007100    0000001e     DSP2833x_GlobalVariableDefs.obj (AdcRegsFile)

ScibRegsFile 
*          1    00007750    00000010     UNINITIALIZED
                  00007750    00000010     DSP2833x_GlobalVariableDefs.obj (ScibRegsFile)

ScicRegsFile 
*          1    00007770    00000010     UNINITIALIZED
                  00007770    00000010     DSP2833x_GlobalVariableDefs.obj (ScicRegsFile)

I2caRegsFile 
*          1    00007900    00000022     UNINITIALIZED
                  00007900    00000022     DSP2833x_GlobalVariableDefs.obj (I2caRegsFile)

CsmPwlFile 
*          1    0033fff8    00000008     UNINITIALIZED
                  0033fff8    00000008     DSP2833x_GlobalVariableDefs.obj (CsmPwlFile)

PartIdRegsFile 
*          1    00380090    00000001     UNINITIALIZED
                  00380090    00000001     DSP2833x_GlobalVariableDefs.obj (PartIdRegsFile)

MODULE SUMMARY

       Module                            code   initialized data   uninitialized data
       ------                            ----   ----------------   ------------------
    .\
       DSP2833x_GlobalVariableDefs.obj   0      0                  2679              
       modulacion_vectorial.obj          2276   39                 16                
       Interrupciones.obj                1183   12                 16                
       PWM_config.obj                    908    24                 6                 
       ADC_config.obj                    261    0                  0                 
       Gpio.obj                          259    0                  0                 
       PieVect_5_6_7_8_9_10.obj          0      256                0                 
       SysCtrl.obj                       114    0                  0                 
       pruebas.obj                       49     0                  0                 
       Pie_config.obj                    45     0                  0                 
       DelayUs.obj                       16     0                  0                 
       Watchdog.obj                      15     0                  0                 
       main.obj                          11     0                  0                 
       CodeStartBranch.obj               9      0                  0                 
    +--+---------------------------------+------+------------------+--------------------+
       Total:                            5146   331                2717              
                                                                                     
    C:\ti\ccs1260\ccs\tools\compiler\ti-cgt-c2000_22.6.1.LTS\lib\rts2800_fpu32.lib
       e_fmodf.c.obj                     207    6                  0                 
       fs_div28.asm.obj                  136    0                  0                 
       s_sinf.c.obj                      102    0                  0                 
       s_cosf.c.obj                      99     0                  0                 
       s_ceilf.c.obj                     88     2                  0                 
       boot28.asm.obj                    86     0                  0                 
       exit.c.obj                        41     14                 6                 
       e_sqrtf.c.obj                     39     0                  0                 
       cpy_tbl.c.obj                     36     0                  0                 
       memcpy.c.obj                      29     0                  0                 
       _lock.c.obj                       9      10                 4                 
       args_main.c.obj                   18     0                  0                 
       errno.c.obj                       0      4                  1                 
       pre_init.c.obj                    2      0                  0                 
       startup.c.obj                     1      0                  0                 
    +--+---------------------------------+------+------------------+--------------------+
       Total:                            893    36                 11                
                                                                                     
       Stack:                            0      0                  768               
    +--+---------------------------------+------+------------------+--------------------+
       Grand Total:                      6039   367                3496              


GLOBAL DATA SYMBOLS: SORTED BY DATA PAGE

address     data page           name
--------    ----------------    ----
00000400      10 (00000400)     __stack

00000880      22 (00000880)     _DevEmuRegs

00000a80      2a (00000a80)     _FlashRegs

00000ae0      2b (00000ac0)     _CsmRegs

00000b00      2c (00000b00)     _AdcMirror
00000b20      2c (00000b00)     _XintfRegs

00000c00      30 (00000c00)     _CpuTimer0Regs
00000c08      30 (00000c00)     _CpuTimer1Regs
00000c10      30 (00000c00)     _CpuTimer2Regs

00000ce0      33 (00000cc0)     _PieCtrlRegs

00000d00      34 (00000d00)     _PieVectTable

00001000      40 (00001000)     _DmaRegs

00005000     140 (00005000)     _McbspaRegs

00005040     141 (00005040)     _McbspbRegs

00006000     180 (00006000)     _ECanaRegs

00006040     181 (00006040)     _ECanaLAMRegs

00006080     182 (00006080)     _ECanaMOTSRegs

000060c0     183 (000060c0)     _ECanaMOTORegs

00006100     184 (00006100)     _ECanaMboxes

00006200     188 (00006200)     _ECanbRegs

00006240     189 (00006240)     _ECanbLAMRegs

00006280     18a (00006280)     _ECanbMOTSRegs

000062c0     18b (000062c0)     _ECanbMOTORegs

00006300     18c (00006300)     _ECanbMboxes

00006800     1a0 (00006800)     _EPwm1Regs

00006840     1a1 (00006840)     _EPwm2Regs

00006880     1a2 (00006880)     _EPwm3Regs

000068c0     1a3 (000068c0)     _EPwm4Regs

00006900     1a4 (00006900)     _EPwm5Regs

00006940     1a5 (00006940)     _EPwm6Regs

00006a00     1a8 (00006a00)     _ECap1Regs
00006a20     1a8 (00006a00)     _ECap2Regs

00006a40     1a9 (00006a40)     _ECap3Regs
00006a60     1a9 (00006a40)     _ECap4Regs

00006a80     1aa (00006a80)     _ECap5Regs
00006aa0     1aa (00006a80)     _ECap6Regs

00006b00     1ac (00006b00)     _EQep1Regs

00006b40     1ad (00006b40)     _EQep2Regs

00006f80     1be (00006f80)     _GpioCtrlRegs

00006fc0     1bf (00006fc0)     _GpioDataRegs
00006fe0     1bf (00006fc0)     _GpioIntRegs

00007010     1c0 (00007000)     _SysCtrlRegs

00007040     1c1 (00007040)     _SpiaRegs
00007050     1c1 (00007040)     _SciaRegs
00007070     1c1 (00007040)     _XIntruptRegs

00007100     1c4 (00007100)     _AdcRegs

00007750     1dd (00007740)     _ScibRegs
00007770     1dd (00007740)     _ScicRegs

00007900     1e4 (00007900)     _I2caRegs

00009796     25e (00009780)     _PieVectTableInit

0000c010     300 (0000c000)     _sec
0000c012     300 (0000c000)     _frecuencia
0000c014     300 (0000c000)     _V_ref
0000c016     300 (0000c000)     _t0_min
0000c026     300 (0000c000)     ___TI_enable_exit_profile_output
0000c028     300 (0000c000)     ___TI_cleanup_ptr
0000c02a     300 (0000c000)     ___TI_dtors_ptr
0000c02c     300 (0000c000)     __lock
0000c02e     300 (0000c000)     __unlock
0000c030     300 (0000c000)     _errno

0033fff8    cfff (0033ffc0)     _CsmPwl

00380090    e002 (00380080)     _PartIdRegs


GLOBAL SYMBOLS: SORTED ALPHABETICALLY BY Name 

page  address   name                            
----  -------   ----                            
1     0000c000  .bss                            
0     00008000  .text                           
0     000096b5  C$$EXIT                         
0     000093e6  FS$$DIV                         
0     000089da  _ADCINT_ISR                     
1     00000b00  _AdcMirror                      
1     00007100  _AdcRegs                        
1     00000c00  _CpuTimer0Regs                  
1     00000c08  _CpuTimer1Regs                  
1     00000c10  _CpuTimer2Regs                  
1     0033fff8  _CsmPwl                         
1     00000ae0  _CsmRegs                        
0     000088f8  _DATALOG_ISR                    
0     00008c1b  _DINTCH1_ISR                    
0     00008c29  _DINTCH2_ISR                    
0     00008c37  _DINTCH3_ISR                    
0     00008c45  _DINTCH4_ISR                    
0     00008c53  _DINTCH5_ISR                    
0     00008c61  _DINTCH6_ISR                    
0     00009758  _DelayUs                        
1     00000880  _DevEmuRegs                     
1     00001000  _DmaRegs                        
0     00008cdf  _ECAN0INTA_ISR                  
0     00008cfb  _ECAN0INTB_ISR                  
0     00008ced  _ECAN1INTA_ISR                  
0     00008d09  _ECAN1INTB_ISR                  
0     00008b57  _ECAP1_INT_ISR                  
0     00008b65  _ECAP2_INT_ISR                  
0     00008b73  _ECAP3_INT_ISR                  
0     00008b81  _ECAP4_INT_ISR                  
0     00008b8f  _ECAP5_INT_ISR                  
0     00008b9d  _ECAP6_INT_ISR                  
1     00006040  _ECanaLAMRegs                   
1     000060c0  _ECanaMOTORegs                  
1     00006080  _ECanaMOTSRegs                  
1     00006100  _ECanaMboxes                    
1     00006000  _ECanaRegs                      
1     00006240  _ECanbLAMRegs                   
1     000062c0  _ECanbMOTORegs                  
1     00006280  _ECanbMOTSRegs                  
1     00006300  _ECanbMboxes                    
1     00006200  _ECanbRegs                      
1     00006a00  _ECap1Regs                      
1     00006a20  _ECap2Regs                      
1     00006a40  _ECap3Regs                      
1     00006a60  _ECap4Regs                      
1     00006a80  _ECap5Regs                      
1     00006aa0  _ECap6Regs                      
0     0000890c  _EMUINT_ISR                     
0     00008ad5  _EPWM1_INT_ISR                  
0     00008a81  _EPWM1_TZINT_ISR                
0     00008b0a  _EPWM2_INT_ISR                  
0     00008a8f  _EPWM2_TZINT_ISR                
0     00008b18  _EPWM3_INT_ISR                  
0     00008a9d  _EPWM3_TZINT_ISR                
0     00008b26  _EPWM4_INT_ISR                  
0     00008aab  _EPWM4_TZINT_ISR                
0     00008b3b  _EPWM5_INT_ISR                  
0     00008ab9  _EPWM5_TZINT_ISR                
0     00008b49  _EPWM6_INT_ISR                  
0     00008ac7  _EPWM6_TZINT_ISR                
1     00006800  _EPwm1Regs                      
1     00006840  _EPwm2Regs                      
1     00006880  _EPwm3Regs                      
1     000068c0  _EPwm4Regs                      
1     00006900  _EPwm5Regs                      
1     00006940  _EPwm6Regs                      
0     00008bab  _EQEP1_INT_ISR                  
0     00008bb9  _EQEP2_INT_ISR                  
1     00006b00  _EQep1Regs                      
1     00006b40  _EQep2Regs                      
1     00000a80  _FlashRegs                      
1     00006f80  _GpioCtrlRegs                   
1     00006fc0  _GpioDataRegs                   
1     00006fe0  _GpioIntRegs                    
0     00008c6f  _I2CINT1A_ISR                   
0     00008c7d  _I2CINT2A_ISR                   
1     00007900  _I2caRegs                       
0     00008920  _ILLEGAL_ISR                    
0     000088e4  _INT13_ISR                      
0     000088ee  _INT14_ISR                      
0     0000910f  _InitAdc                        
0     00008d83  _InitEPwm                       
0     00008d9d  _InitEPwm_1                     
0     00008dda  _InitEPwm_2                     
0     00008e79  _InitEPwm_3                     
0     00008f1d  _InitEPwm_4                     
0     00009214  _InitGpio                       
0     00009688  _InitPieCtrl                    
0     0000946e  _InitSysCtrl                    
0     00009768  _InitWatchdog                   
0     00008d6b  _LUF_ISR                        
0     00008d5d  _LVF_ISR                        
0     00008bff  _MRINTA_ISR                     
0     00008be3  _MRINTB_ISR                     
0     00008c0d  _MXINTA_ISR                     
0     00008bf1  _MXINTB_ISR                     
1     00005000  _McbspaRegs                     
1     00005040  _McbspbRegs                     
0     00008916  _NMI_ISR                        
1     00380090  _PartIdRegs                     
1     00000ce0  _PieCtrlRegs                    
1     00000d00  _PieVectTable                   
0     00009796  _PieVectTableInit               
0     00008902  _RTOSINT_ISR                    
0     00008ca7  _SCIRXINTA_ISR                  
0     00008cc3  _SCIRXINTB_ISR                  
0     00008c8b  _SCIRXINTC_ISR                  
0     00008cb5  _SCITXINTA_ISR                  
0     00008cd1  _SCITXINTB_ISR                  
0     00008c99  _SCITXINTC_ISR                  
0     000089a2  _SEQ1INT_ISR                    
0     000089b0  _SEQ2INT_ISR                    
0     00008bc7  _SPIRXINTA_ISR                  
0     00008bd5  _SPITXINTA_ISR                  
1     00007050  _SciaRegs                       
1     00007750  _ScibRegs                       
1     00007770  _ScicRegs                       
1     00007040  _SpiaRegs                       
1     00007010  _SysCtrlRegs                    
0     00008a65  _TINT0_ISR                      
0     00008984  _USER10_ISR                     
0     0000898e  _USER11_ISR                     
0     00008998  _USER12_ISR                     
0     0000892a  _USER1_ISR                      
0     00008934  _USER2_ISR                      
0     0000893e  _USER3_ISR                      
0     00008948  _USER4_ISR                      
0     00008952  _USER5_ISR                      
0     0000895c  _USER6_ISR                      
0     00008966  _USER7_ISR                      
0     00008970  _USER8_ISR                      
0     0000897a  _USER9_ISR                      
1     0000c014  _V_ref                          
0     00008a73  _WAKEINT_ISR                    
0     000089be  _XINT1_ISR                      
0     000089cc  _XINT2_ISR                      
0     00008d17  _XINT3_ISR                      
0     00008d25  _XINT4_ISR                      
0     00008d33  _XINT5_ISR                      
0     00008d41  _XINT6_ISR                      
0     00008d4f  _XINT7_ISR                      
1     00007070  _XIntruptRegs                   
1     00000b20  _XintfRegs                      
1     00000700  __STACK_END                     
abs   00000300  __STACK_SIZE                    
1     0000c028  ___TI_cleanup_ptr               
1     0000c02a  ___TI_dtors_ptr                 
1     0000c026  ___TI_enable_exit_profile_output
abs   ffffffff  ___TI_pprof_out_hndl            
abs   ffffffff  ___TI_prof_data_size            
abs   ffffffff  ___TI_prof_data_start           
abs   ffffffff  ___binit__                      
1     0000c000  ___bss__                        
abs   ffffffff  ___c_args__                     
0     0000989e  ___cinit__                      
1     0000c000  ___end__                        
0     00009795  ___etext__                      
abs   ffffffff  ___pinit__                      
0     00008000  ___text__                       
0     00009746  __args_main                     
1     0000c02c  __lock                          
0     0000978a  __nop                           
0     00009786  __register_lock                 
0     00009782  __register_unlock               
1     00000400  __stack                         
0     00009794  __system_post_cinit             
0     00009792  __system_pre_init               
1     0000c02e  __unlock                        
0     000096b5  _abort                          
0     00008000  _actualizar_pwm_vector_rotante  
0     00009134  _adc1                           
0     00009158  _adc2                           
0     00009181  _adc4                           
0     000091aa  _adc5                           
0     000091e2  _adc6                           
0     00009657  _adc_interrupt_test             
0     0000965e  _adc_interrupt_test_2           
0     00009665  _adc_interrupt_test_3           
0     0000966c  _adc_interrupt_test_4           
0     00009673  _adc_interrupt_test_5           
0     0000967a  _adc_interrupt_test_6           
0     00009601  _c_int00                        
0     000095a9  _ceil                           
0     000095a9  _ceilf                          
0     00009705  _copy_in                        
0     00009546  _cos                            
0     00009546  _cosf                           
0     00009107  _disableEPWMClock               
0     000090ff  _enableEPWMClock                
1     0000c030  _errno                          
0     000096b7  _exit                           
0     00009317  _fmod                           
0     00009317  _fmodf                          
1     0000c012  _frecuencia                     
0     000088d2  _interrupcion                   
0     00009777  _main                           
0     00009729  _memcpy                         
0     00008fd0  _modVect_init                   
0     0000844c  _modulacion_senoidal            
0     0000868f  _modulacion_senoidal_2          
0     000090ae  _pwm1_config_interrupt          
0     0000907b  _pwm1_init                      
0     000090d4  _pwm2_init                      
0     000090c1  _pwm4_config_interrupt          
0     0000905a  _pwm4_init                      
0     00009681  _pwm4_interrupt_test            
0     00008d79  _rsvd_ISR                       
1     0000c010  _sec                            
0     0000803f  _secuencia_comun                
0     00008239  _secuencia_optima               
0     000094e0  _sin                            
0     000094e0  _sinf                           
0     000096de  _sqrt                           
0     000096de  _sqrtf                          
1     0000c016  _t0_min                         
abs   ffffffff  binit                           
0     0000989e  cinit                           
1     0000c000  end                             
0     00009795  etext                           
abs   ffffffff  pinit                           


GLOBAL SYMBOLS: SORTED BY Symbol Address 

page  address   name                            
----  -------   ----                            
0     00008000  .text                           
0     00008000  ___text__                       
0     00008000  _actualizar_pwm_vector_rotante  
0     0000803f  _secuencia_comun                
0     00008239  _secuencia_optima               
0     0000844c  _modulacion_senoidal            
0     0000868f  _modulacion_senoidal_2          
0     000088d2  _interrupcion                   
0     000088e4  _INT13_ISR                      
0     000088ee  _INT14_ISR                      
0     000088f8  _DATALOG_ISR                    
0     00008902  _RTOSINT_ISR                    
0     0000890c  _EMUINT_ISR                     
0     00008916  _NMI_ISR                        
0     00008920  _ILLEGAL_ISR                    
0     0000892a  _USER1_ISR                      
0     00008934  _USER2_ISR                      
0     0000893e  _USER3_ISR                      
0     00008948  _USER4_ISR                      
0     00008952  _USER5_ISR                      
0     0000895c  _USER6_ISR                      
0     00008966  _USER7_ISR                      
0     00008970  _USER8_ISR                      
0     0000897a  _USER9_ISR                      
0     00008984  _USER10_ISR                     
0     0000898e  _USER11_ISR                     
0     00008998  _USER12_ISR                     
0     000089a2  _SEQ1INT_ISR                    
0     000089b0  _SEQ2INT_ISR                    
0     000089be  _XINT1_ISR                      
0     000089cc  _XINT2_ISR                      
0     000089da  _ADCINT_ISR                     
0     00008a65  _TINT0_ISR                      
0     00008a73  _WAKEINT_ISR                    
0     00008a81  _EPWM1_TZINT_ISR                
0     00008a8f  _EPWM2_TZINT_ISR                
0     00008a9d  _EPWM3_TZINT_ISR                
0     00008aab  _EPWM4_TZINT_ISR                
0     00008ab9  _EPWM5_TZINT_ISR                
0     00008ac7  _EPWM6_TZINT_ISR                
0     00008ad5  _EPWM1_INT_ISR                  
0     00008b0a  _EPWM2_INT_ISR                  
0     00008b18  _EPWM3_INT_ISR                  
0     00008b26  _EPWM4_INT_ISR                  
0     00008b3b  _EPWM5_INT_ISR                  
0     00008b49  _EPWM6_INT_ISR                  
0     00008b57  _ECAP1_INT_ISR                  
0     00008b65  _ECAP2_INT_ISR                  
0     00008b73  _ECAP3_INT_ISR                  
0     00008b81  _ECAP4_INT_ISR                  
0     00008b8f  _ECAP5_INT_ISR                  
0     00008b9d  _ECAP6_INT_ISR                  
0     00008bab  _EQEP1_INT_ISR                  
0     00008bb9  _EQEP2_INT_ISR                  
0     00008bc7  _SPIRXINTA_ISR                  
0     00008bd5  _SPITXINTA_ISR                  
0     00008be3  _MRINTB_ISR                     
0     00008bf1  _MXINTB_ISR                     
0     00008bff  _MRINTA_ISR                     
0     00008c0d  _MXINTA_ISR                     
0     00008c1b  _DINTCH1_ISR                    
0     00008c29  _DINTCH2_ISR                    
0     00008c37  _DINTCH3_ISR                    
0     00008c45  _DINTCH4_ISR                    
0     00008c53  _DINTCH5_ISR                    
0     00008c61  _DINTCH6_ISR                    
0     00008c6f  _I2CINT1A_ISR                   
0     00008c7d  _I2CINT2A_ISR                   
0     00008c8b  _SCIRXINTC_ISR                  
0     00008c99  _SCITXINTC_ISR                  
0     00008ca7  _SCIRXINTA_ISR                  
0     00008cb5  _SCITXINTA_ISR                  
0     00008cc3  _SCIRXINTB_ISR                  
0     00008cd1  _SCITXINTB_ISR                  
0     00008cdf  _ECAN0INTA_ISR                  
0     00008ced  _ECAN1INTA_ISR                  
0     00008cfb  _ECAN0INTB_ISR                  
0     00008d09  _ECAN1INTB_ISR                  
0     00008d17  _XINT3_ISR                      
0     00008d25  _XINT4_ISR                      
0     00008d33  _XINT5_ISR                      
0     00008d41  _XINT6_ISR                      
0     00008d4f  _XINT7_ISR                      
0     00008d5d  _LVF_ISR                        
0     00008d6b  _LUF_ISR                        
0     00008d79  _rsvd_ISR                       
0     00008d83  _InitEPwm                       
0     00008d9d  _InitEPwm_1                     
0     00008dda  _InitEPwm_2                     
0     00008e79  _InitEPwm_3                     
0     00008f1d  _InitEPwm_4                     
0     00008fd0  _modVect_init                   
0     0000905a  _pwm4_init                      
0     0000907b  _pwm1_init                      
0     000090ae  _pwm1_config_interrupt          
0     000090c1  _pwm4_config_interrupt          
0     000090d4  _pwm2_init                      
0     000090ff  _enableEPWMClock                
0     00009107  _disableEPWMClock               
0     0000910f  _InitAdc                        
0     00009134  _adc1                           
0     00009158  _adc2                           
0     00009181  _adc4                           
0     000091aa  _adc5                           
0     000091e2  _adc6                           
0     00009214  _InitGpio                       
0     00009317  _fmod                           
0     00009317  _fmodf                          
0     000093e6  FS$$DIV                         
0     0000946e  _InitSysCtrl                    
0     000094e0  _sin                            
0     000094e0  _sinf                           
0     00009546  _cos                            
0     00009546  _cosf                           
0     000095a9  _ceil                           
0     000095a9  _ceilf                          
0     00009601  _c_int00                        
0     00009657  _adc_interrupt_test             
0     0000965e  _adc_interrupt_test_2           
0     00009665  _adc_interrupt_test_3           
0     0000966c  _adc_interrupt_test_4           
0     00009673  _adc_interrupt_test_5           
0     0000967a  _adc_interrupt_test_6           
0     00009681  _pwm4_interrupt_test            
0     00009688  _InitPieCtrl                    
0     000096b5  C$$EXIT                         
0     000096b5  _abort                          
0     000096b7  _exit                           
0     000096de  _sqrt                           
0     000096de  _sqrtf                          
0     00009705  _copy_in                        
0     00009729  _memcpy                         
0     00009746  __args_main                     
0     00009758  _DelayUs                        
0     00009768  _InitWatchdog                   
0     00009777  _main                           
0     00009782  __register_unlock               
0     00009786  __register_lock                 
0     0000978a  __nop                           
0     00009792  __system_pre_init               
0     00009794  __system_post_cinit             
0     00009795  ___etext__                      
0     00009795  etext                           
0     00009796  _PieVectTableInit               
0     0000989e  ___cinit__                      
0     0000989e  cinit                           
1     00000400  __stack                         
1     00000700  __STACK_END                     
1     00000880  _DevEmuRegs                     
1     00000a80  _FlashRegs                      
1     00000ae0  _CsmRegs                        
1     00000b00  _AdcMirror                      
1     00000b20  _XintfRegs                      
1     00000c00  _CpuTimer0Regs                  
1     00000c08  _CpuTimer1Regs                  
1     00000c10  _CpuTimer2Regs                  
1     00000ce0  _PieCtrlRegs                    
1     00000d00  _PieVectTable                   
1     00001000  _DmaRegs                        
1     00005000  _McbspaRegs                     
1     00005040  _McbspbRegs                     
1     00006000  _ECanaRegs                      
1     00006040  _ECanaLAMRegs                   
1     00006080  _ECanaMOTSRegs                  
1     000060c0  _ECanaMOTORegs                  
1     00006100  _ECanaMboxes                    
1     00006200  _ECanbRegs                      
1     00006240  _ECanbLAMRegs                   
1     00006280  _ECanbMOTSRegs                  
1     000062c0  _ECanbMOTORegs                  
1     00006300  _ECanbMboxes                    
1     00006800  _EPwm1Regs                      
1     00006840  _EPwm2Regs                      
1     00006880  _EPwm3Regs                      
1     000068c0  _EPwm4Regs                      
1     00006900  _EPwm5Regs                      
1     00006940  _EPwm6Regs                      
1     00006a00  _ECap1Regs                      
1     00006a20  _ECap2Regs                      
1     00006a40  _ECap3Regs                      
1     00006a60  _ECap4Regs                      
1     00006a80  _ECap5Regs                      
1     00006aa0  _ECap6Regs                      
1     00006b00  _EQep1Regs                      
1     00006b40  _EQep2Regs                      
1     00006f80  _GpioCtrlRegs                   
1     00006fc0  _GpioDataRegs                   
1     00006fe0  _GpioIntRegs                    
1     00007010  _SysCtrlRegs                    
1     00007040  _SpiaRegs                       
1     00007050  _SciaRegs                       
1     00007070  _XIntruptRegs                   
1     00007100  _AdcRegs                        
1     00007750  _ScibRegs                       
1     00007770  _ScicRegs                       
1     00007900  _I2caRegs                       
1     0000c000  .bss                            
1     0000c000  ___bss__                        
1     0000c000  ___end__                        
1     0000c000  end                             
1     0000c010  _sec                            
1     0000c012  _frecuencia                     
1     0000c014  _V_ref                          
1     0000c016  _t0_min                         
1     0000c026  ___TI_enable_exit_profile_output
1     0000c028  ___TI_cleanup_ptr               
1     0000c02a  ___TI_dtors_ptr                 
1     0000c02c  __lock                          
1     0000c02e  __unlock                        
1     0000c030  _errno                          
1     0033fff8  _CsmPwl                         
1     00380090  _PartIdRegs                     
abs   00000300  __STACK_SIZE                    
abs   ffffffff  ___TI_pprof_out_hndl            
abs   ffffffff  ___TI_prof_data_size            
abs   ffffffff  ___TI_prof_data_start           
abs   ffffffff  ___binit__                      
abs   ffffffff  ___c_args__                     
abs   ffffffff  ___pinit__                      
abs   ffffffff  binit                           
abs   ffffffff  pinit                           

[221 symbols]
