<?xml version="1.0" encoding="ISO-8859-1" ?>
<link_info>
   <banner>TMS320C2000 Linker PC v22.6.1.LTS</banner>
   <copyright>Copyright (c) 1996-2018 Texas Instruments Incorporated</copyright>
   <link_time>0x671ad3ee</link_time>
   <link_errors>0x0</link_errors>
   <output_file>vector_rotante_v0.out</output_file>
   <entry_point>
      <name>_c_int00</name>
      <address>0x9281</address>
   </entry_point>
   <input_file_list>
      <input_file id="fl-2">
         <path>.\</path>
         <kind>object</kind>
         <file>ADC_config.obj</file>
         <name>ADC_config.obj</name>
      </input_file>
      <input_file id="fl-3">
         <path>.\</path>
         <kind>object</kind>
         <file>CodeStartBranch.obj</file>
         <name>CodeStartBranch.obj</name>
      </input_file>
      <input_file id="fl-4">
         <path>.\</path>
         <kind>object</kind>
         <file>DSP2833x_GlobalVariableDefs.obj</file>
         <name>DSP2833x_GlobalVariableDefs.obj</name>
      </input_file>
      <input_file id="fl-5">
         <path>.\</path>
         <kind>object</kind>
         <file>DelayUs.obj</file>
         <name>DelayUs.obj</name>
      </input_file>
      <input_file id="fl-6">
         <path>.\</path>
         <kind>object</kind>
         <file>ECap_7_8_9_10_12.obj</file>
         <name>ECap_7_8_9_10_12.obj</name>
      </input_file>
      <input_file id="fl-7">
         <path>.\</path>
         <kind>object</kind>
         <file>Gpio.obj</file>
         <name>Gpio.obj</name>
      </input_file>
      <input_file id="fl-8">
         <path>.\</path>
         <kind>object</kind>
         <file>Interrupciones.obj</file>
         <name>Interrupciones.obj</name>
      </input_file>
      <input_file id="fl-9">
         <path>.\</path>
         <kind>object</kind>
         <file>PWM_config.obj</file>
         <name>PWM_config.obj</name>
      </input_file>
      <input_file id="fl-a">
         <path>.\</path>
         <kind>object</kind>
         <file>PieVect_5_6_7_8_9_10.obj</file>
         <name>PieVect_5_6_7_8_9_10.obj</name>
      </input_file>
      <input_file id="fl-b">
         <path>.\</path>
         <kind>object</kind>
         <file>Pie_config.obj</file>
         <name>Pie_config.obj</name>
      </input_file>
      <input_file id="fl-c">
         <path>.\</path>
         <kind>object</kind>
         <file>SysCtrl.obj</file>
         <name>SysCtrl.obj</name>
      </input_file>
      <input_file id="fl-d">
         <path>.\</path>
         <kind>object</kind>
         <file>Watchdog.obj</file>
         <name>Watchdog.obj</name>
      </input_file>
      <input_file id="fl-e">
         <path>.\</path>
         <kind>object</kind>
         <file>main.obj</file>
         <name>main.obj</name>
      </input_file>
      <input_file id="fl-f">
         <path>.\</path>
         <kind>object</kind>
         <file>modulacion_vectorial.obj</file>
         <name>modulacion_vectorial.obj</name>
      </input_file>
      <input_file id="fl-14">
         <kind>object</kind>
         <file>&lt;internal&gt;</file>
         <name>&lt;internal&gt;</name>
      </input_file>
      <input_file id="fl-20">
         <path>C:\ti\ccs1260\ccs\tools\compiler\ti-cgt-c2000_22.6.1.LTS\lib\</path>
         <kind>archive</kind>
         <file>rts2800_fpu32.lib</file>
         <name>e_fmodf.c.obj</name>
      </input_file>
      <input_file id="fl-21">
         <path>C:\ti\ccs1260\ccs\tools\compiler\ti-cgt-c2000_22.6.1.LTS\lib\</path>
         <kind>archive</kind>
         <file>rts2800_fpu32.lib</file>
         <name>e_sqrtf.c.obj</name>
      </input_file>
      <input_file id="fl-22">
         <path>C:\ti\ccs1260\ccs\tools\compiler\ti-cgt-c2000_22.6.1.LTS\lib\</path>
         <kind>archive</kind>
         <file>rts2800_fpu32.lib</file>
         <name>s_ceilf.c.obj</name>
      </input_file>
      <input_file id="fl-23">
         <path>C:\ti\ccs1260\ccs\tools\compiler\ti-cgt-c2000_22.6.1.LTS\lib\</path>
         <kind>archive</kind>
         <file>rts2800_fpu32.lib</file>
         <name>s_cosf.c.obj</name>
      </input_file>
      <input_file id="fl-24">
         <path>C:\ti\ccs1260\ccs\tools\compiler\ti-cgt-c2000_22.6.1.LTS\lib\</path>
         <kind>archive</kind>
         <file>rts2800_fpu32.lib</file>
         <name>s_sinf.c.obj</name>
      </input_file>
      <input_file id="fl-25">
         <path>C:\ti\ccs1260\ccs\tools\compiler\ti-cgt-c2000_22.6.1.LTS\lib\</path>
         <kind>archive</kind>
         <file>rts2800_fpu32.lib</file>
         <name>boot28.asm.obj</name>
      </input_file>
      <input_file id="fl-26">
         <path>C:\ti\ccs1260\ccs\tools\compiler\ti-cgt-c2000_22.6.1.LTS\lib\</path>
         <kind>archive</kind>
         <file>rts2800_fpu32.lib</file>
         <name>fs_div28.asm.obj</name>
      </input_file>
      <input_file id="fl-27">
         <path>C:\ti\ccs1260\ccs\tools\compiler\ti-cgt-c2000_22.6.1.LTS\lib\</path>
         <kind>archive</kind>
         <file>rts2800_fpu32.lib</file>
         <name>cpy_tbl.c.obj</name>
      </input_file>
      <input_file id="fl-28">
         <path>C:\ti\ccs1260\ccs\tools\compiler\ti-cgt-c2000_22.6.1.LTS\lib\</path>
         <kind>archive</kind>
         <file>rts2800_fpu32.lib</file>
         <name>memcpy.c.obj</name>
      </input_file>
      <input_file id="fl-29">
         <path>C:\ti\ccs1260\ccs\tools\compiler\ti-cgt-c2000_22.6.1.LTS\lib\</path>
         <kind>archive</kind>
         <file>rts2800_fpu32.lib</file>
         <name>pre_init.c.obj</name>
      </input_file>
      <input_file id="fl-2a">
         <path>C:\ti\ccs1260\ccs\tools\compiler\ti-cgt-c2000_22.6.1.LTS\lib\</path>
         <kind>archive</kind>
         <file>rts2800_fpu32.lib</file>
         <name>startup.c.obj</name>
      </input_file>
      <input_file id="fl-2b">
         <path>C:\ti\ccs1260\ccs\tools\compiler\ti-cgt-c2000_22.6.1.LTS\lib\</path>
         <kind>archive</kind>
         <file>rts2800_fpu32.lib</file>
         <name>exit.c.obj</name>
      </input_file>
      <input_file id="fl-2c">
         <path>C:\ti\ccs1260\ccs\tools\compiler\ti-cgt-c2000_22.6.1.LTS\lib\</path>
         <kind>archive</kind>
         <file>rts2800_fpu32.lib</file>
         <name>_lock.c.obj</name>
      </input_file>
      <input_file id="fl-2d">
         <path>C:\ti\ccs1260\ccs\tools\compiler\ti-cgt-c2000_22.6.1.LTS\lib\</path>
         <kind>archive</kind>
         <file>rts2800_fpu32.lib</file>
         <name>args_main.c.obj</name>
      </input_file>
      <input_file id="fl-2e">
         <path>C:\ti\ccs1260\ccs\tools\compiler\ti-cgt-c2000_22.6.1.LTS\lib\</path>
         <kind>archive</kind>
         <file>rts2800_fpu32.lib</file>
         <name>errno.c.obj</name>
      </input_file>
   </input_file_list>
   <object_component_list>
      <object_component id="oc-110">
         <name>.text</name>
         <load_address>0x8000</load_address>
         <run_address>0x8000</run_address>
         <size>0x8cb</size>
         <input_file_ref idref="fl-f"/>
      </object_component>
      <object_component id="oc-95">
         <name>.text:retain</name>
         <load_address>0x88cb</load_address>
         <run_address>0x88cb</run_address>
         <size>0x4b7</size>
         <input_file_ref idref="fl-8"/>
      </object_component>
      <object_component id="oc-11e">
         <name>.text</name>
         <load_address>0x8d82</load_address>
         <run_address>0x8d82</run_address>
         <size>0x119</size>
         <input_file_ref idref="fl-9"/>
      </object_component>
      <object_component id="oc-11b">
         <name>.text</name>
         <load_address>0x8e9b</load_address>
         <run_address>0x8e9b</run_address>
         <size>0xfc</size>
         <input_file_ref idref="fl-7"/>
      </object_component>
      <object_component id="oc-115">
         <name>.text</name>
         <load_address>0x8f97</load_address>
         <run_address>0x8f97</run_address>
         <size>0xcf</size>
         <input_file_ref idref="fl-20"/>
      </object_component>
      <object_component id="oc-dd">
         <name>.text</name>
         <load_address>0x9066</load_address>
         <run_address>0x9066</run_address>
         <size>0x88</size>
         <input_file_ref idref="fl-26"/>
      </object_component>
      <object_component id="oc-11a">
         <name>.text</name>
         <load_address>0x90ee</load_address>
         <run_address>0x90ee</run_address>
         <size>0x72</size>
         <input_file_ref idref="fl-c"/>
      </object_component>
      <object_component id="oc-117">
         <name>.text</name>
         <load_address>0x9160</load_address>
         <run_address>0x9160</run_address>
         <size>0x66</size>
         <input_file_ref idref="fl-24"/>
      </object_component>
      <object_component id="oc-116">
         <name>.text</name>
         <load_address>0x91c6</load_address>
         <run_address>0x91c6</run_address>
         <size>0x63</size>
         <input_file_ref idref="fl-23"/>
      </object_component>
      <object_component id="oc-118">
         <name>.text</name>
         <load_address>0x9229</load_address>
         <run_address>0x9229</run_address>
         <size>0x58</size>
         <input_file_ref idref="fl-22"/>
      </object_component>
      <object_component id="oc-43">
         <name>.text</name>
         <load_address>0x9281</load_address>
         <run_address>0x9281</run_address>
         <size>0x56</size>
         <input_file_ref idref="fl-25"/>
      </object_component>
      <object_component id="oc-11c">
         <name>.text</name>
         <load_address>0x92d7</load_address>
         <run_address>0x92d7</run_address>
         <size>0x2d</size>
         <input_file_ref idref="fl-b"/>
      </object_component>
      <object_component id="oc-10f">
         <name>.text</name>
         <load_address>0x9304</load_address>
         <run_address>0x9304</run_address>
         <size>0x29</size>
         <input_file_ref idref="fl-2b"/>
      </object_component>
      <object_component id="oc-10d">
         <name>.text</name>
         <load_address>0x932d</load_address>
         <run_address>0x932d</run_address>
         <size>0x1</size>
         <input_file_ref idref="fl-2a"/>
      </object_component>
      <object_component id="oc-119">
         <name>.text</name>
         <load_address>0x932e</load_address>
         <run_address>0x932e</run_address>
         <size>0x27</size>
         <input_file_ref idref="fl-21"/>
      </object_component>
      <object_component id="oc-10c">
         <name>.text</name>
         <load_address>0x9355</load_address>
         <run_address>0x9355</run_address>
         <size>0x24</size>
         <input_file_ref idref="fl-27"/>
      </object_component>
      <object_component id="oc-11f">
         <name>.text</name>
         <load_address>0x9379</load_address>
         <run_address>0x9379</run_address>
         <size>0x1e</size>
         <input_file_ref idref="fl-2"/>
      </object_component>
      <object_component id="oc-111">
         <name>.text</name>
         <load_address>0x9397</load_address>
         <run_address>0x9397</run_address>
         <size>0x1d</size>
         <input_file_ref idref="fl-28"/>
      </object_component>
      <object_component id="oc-10e">
         <name>.text</name>
         <load_address>0x93b4</load_address>
         <run_address>0x93b4</run_address>
         <size>0x12</size>
         <input_file_ref idref="fl-2d"/>
      </object_component>
      <object_component id="oc-83">
         <name>.text</name>
         <load_address>0x93c6</load_address>
         <run_address>0x93c6</run_address>
         <size>0x10</size>
         <input_file_ref idref="fl-5"/>
      </object_component>
      <object_component id="oc-11d">
         <name>.text</name>
         <load_address>0x93d6</load_address>
         <run_address>0x93d6</run_address>
         <size>0xf</size>
         <input_file_ref idref="fl-d"/>
      </object_component>
      <object_component id="oc-112">
         <name>.text</name>
         <load_address>0x93e5</load_address>
         <run_address>0x93e5</run_address>
         <size>0xd</size>
         <input_file_ref idref="fl-e"/>
      </object_component>
      <object_component id="oc-120">
         <name>.text</name>
         <load_address>0x93f2</load_address>
         <run_address>0x93f2</run_address>
         <size>0x9</size>
         <input_file_ref idref="fl-2c"/>
      </object_component>
      <object_component id="oc-49">
         <name>.text</name>
         <load_address>0x93fb</load_address>
         <run_address>0x93fb</run_address>
         <size>0x7</size>
         <input_file_ref idref="fl-3"/>
      </object_component>
      <object_component id="oc-10b">
         <name>.text</name>
         <load_address>0x9402</load_address>
         <run_address>0x9402</run_address>
         <size>0x2</size>
         <input_file_ref idref="fl-29"/>
      </object_component>
      <object_component id="oc-b6">
         <name>.cinit</name>
         <load_address>0x950c</load_address>
         <run_address>0x950c</run_address>
         <size>0x22</size>
         <input_file_ref idref="fl-f"/>
      </object_component>
      <object_component id="oc-f7">
         <name>.cinit</name>
         <load_address>0x952e</load_address>
         <run_address>0x952e</run_address>
         <size>0xe</size>
         <input_file_ref idref="fl-2b"/>
      </object_component>
      <object_component id="oc-93">
         <name>.cinit</name>
         <load_address>0x953c</load_address>
         <run_address>0x953c</run_address>
         <size>0xa</size>
         <input_file_ref idref="fl-8"/>
      </object_component>
      <object_component id="oc-114">
         <name>.cinit:__lock</name>
         <load_address>0x9546</load_address>
         <run_address>0x9546</run_address>
         <size>0x5</size>
         <input_file_ref idref="fl-2c"/>
      </object_component>
      <object_component id="oc-121">
         <name>.cinit:__unlock</name>
         <load_address>0x954b</load_address>
         <run_address>0x954b</run_address>
         <size>0x5</size>
         <input_file_ref idref="fl-2c"/>
      </object_component>
      <object_component id="oc-108">
         <name>.cinit</name>
         <load_address>0x9550</load_address>
         <run_address>0x9550</run_address>
         <size>0x4</size>
         <input_file_ref idref="fl-2e"/>
      </object_component>
      <object_component id="oc-123">
         <name>.econst:_PieVectTableInit</name>
         <load_address>0x9404</load_address>
         <run_address>0x9404</run_address>
         <size>0x100</size>
         <input_file_ref idref="fl-a"/>
      </object_component>
      <object_component id="oc-122">
         <name>.econst:_Zero</name>
         <load_address>0x9504</load_address>
         <run_address>0x9504</run_address>
         <size>0x4</size>
         <input_file_ref idref="fl-20"/>
      </object_component>
      <object_component id="oc-bd">
         <name>.econst</name>
         <load_address>0x9508</load_address>
         <run_address>0x9508</run_address>
         <size>0x2</size>
         <input_file_ref idref="fl-20"/>
      </object_component>
      <object_component id="oc-c8">
         <name>.econst</name>
         <load_address>0x950a</load_address>
         <run_address>0x950a</run_address>
         <size>0x2</size>
         <input_file_ref idref="fl-22"/>
      </object_component>
      <object_component id="oc-d8">
         <name>.reset</name>
         <load_address>0x3fffc0</load_address>
         <run_address>0x3fffc0</run_address>
         <size>0x2</size>
         <input_file_ref idref="fl-25"/>
      </object_component>
      <object_component id="oc-94">
         <name>.ebss</name>
         <uninitialized>true</uninitialized>
         <run_address>0xc014</run_address>
         <size>0x4</size>
         <input_file_ref idref="fl-8"/>
      </object_component>
      <object_component id="oc-b7">
         <name>.ebss</name>
         <uninitialized>true</uninitialized>
         <run_address>0xc000</run_address>
         <size>0xe</size>
         <input_file_ref idref="fl-f"/>
      </object_component>
      <object_component id="oc-f8">
         <name>.ebss</name>
         <uninitialized>true</uninitialized>
         <run_address>0xc00e</run_address>
         <size>0x6</size>
         <input_file_ref idref="fl-2b"/>
      </object_component>
      <object_component id="oc-113">
         <name>.ebss:__lock</name>
         <uninitialized>true</uninitialized>
         <run_address>0xc018</run_address>
         <size>0x2</size>
         <input_file_ref idref="fl-2c"/>
      </object_component>
      <object_component id="oc-124">
         <name>.ebss:__unlock</name>
         <uninitialized>true</uninitialized>
         <run_address>0xc01a</run_address>
         <size>0x2</size>
         <input_file_ref idref="fl-2c"/>
      </object_component>
      <object_component id="oc-109">
         <name>.ebss</name>
         <uninitialized>true</uninitialized>
         <run_address>0xc01c</run_address>
         <size>0x1</size>
         <input_file_ref idref="fl-2e"/>
      </object_component>
      <object_component id="oc-d7">
         <name>.stack</name>
         <uninitialized>true</uninitialized>
         <run_address>0x400</run_address>
         <size>0x0</size>
         <input_file_ref idref="fl-25"/>
      </object_component>
      <object_component id="oc-173">
         <name>.stack</name>
         <uninitialized>true</uninitialized>
         <run_address>0x400</run_address>
         <size>0x0</size>
      </object_component>
      <object_component id="oc-4a">
         <name>codestart</name>
         <load_address>0x0</load_address>
         <run_address>0x0</run_address>
         <size>0x2</size>
         <input_file_ref idref="fl-3"/>
      </object_component>
      <object_component id="oc-81">
         <name>PieVectTableFile</name>
         <uninitialized>true</uninitialized>
         <run_address>0xd00</run_address>
         <size>0x100</size>
         <input_file_ref idref="fl-4"/>
      </object_component>
      <object_component id="oc-7d">
         <name>DevEmuRegsFile</name>
         <uninitialized>true</uninitialized>
         <run_address>0x880</run_address>
         <size>0xd0</size>
         <input_file_ref idref="fl-4"/>
      </object_component>
      <object_component id="oc-55">
         <name>FlashRegsFile</name>
         <uninitialized>true</uninitialized>
         <run_address>0xa80</run_address>
         <size>0x8</size>
         <input_file_ref idref="fl-4"/>
      </object_component>
      <object_component id="oc-58">
         <name>CsmRegsFile</name>
         <uninitialized>true</uninitialized>
         <run_address>0xae0</run_address>
         <size>0x10</size>
         <input_file_ref idref="fl-4"/>
      </object_component>
      <object_component id="oc-57">
         <name>AdcMirrorFile</name>
         <uninitialized>true</uninitialized>
         <run_address>0xb00</run_address>
         <size>0x10</size>
         <input_file_ref idref="fl-4"/>
      </object_component>
      <object_component id="oc-60">
         <name>XintfRegsFile</name>
         <uninitialized>true</uninitialized>
         <run_address>0xb20</run_address>
         <size>0x1e</size>
         <input_file_ref idref="fl-4"/>
      </object_component>
      <object_component id="oc-51">
         <name>CpuTimer0RegsFile</name>
         <uninitialized>true</uninitialized>
         <run_address>0xc00</run_address>
         <size>0x8</size>
         <input_file_ref idref="fl-4"/>
      </object_component>
      <object_component id="oc-52">
         <name>CpuTimer1RegsFile</name>
         <uninitialized>true</uninitialized>
         <run_address>0xc08</run_address>
         <size>0x8</size>
         <input_file_ref idref="fl-4"/>
      </object_component>
      <object_component id="oc-53">
         <name>CpuTimer2RegsFile</name>
         <uninitialized>true</uninitialized>
         <run_address>0xc10</run_address>
         <size>0x8</size>
         <input_file_ref idref="fl-4"/>
      </object_component>
      <object_component id="oc-5e">
         <name>PieCtrlRegsFile</name>
         <uninitialized>true</uninitialized>
         <run_address>0xce0</run_address>
         <size>0x1a</size>
         <input_file_ref idref="fl-4"/>
      </object_component>
      <object_component id="oc-7e">
         <name>DmaRegsFile</name>
         <uninitialized>true</uninitialized>
         <run_address>0x1000</run_address>
         <size>0xe0</size>
         <input_file_ref idref="fl-4"/>
      </object_component>
      <object_component id="oc-70">
         <name>McbspaRegsFile</name>
         <uninitialized>true</uninitialized>
         <run_address>0x5000</run_address>
         <size>0x25</size>
         <input_file_ref idref="fl-4"/>
      </object_component>
      <object_component id="oc-71">
         <name>McbspbRegsFile</name>
         <uninitialized>true</uninitialized>
         <run_address>0x5040</run_address>
         <size>0x25</size>
         <input_file_ref idref="fl-4"/>
      </object_component>
      <object_component id="oc-73">
         <name>ECanaRegsFile</name>
         <uninitialized>true</uninitialized>
         <run_address>0x6000</run_address>
         <size>0x34</size>
         <input_file_ref idref="fl-4"/>
      </object_component>
      <object_component id="oc-75">
         <name>ECanaLAMRegsFile</name>
         <uninitialized>true</uninitialized>
         <run_address>0x6040</run_address>
         <size>0x40</size>
         <input_file_ref idref="fl-4"/>
      </object_component>
      <object_component id="oc-7f">
         <name>ECanaMboxesFile</name>
         <uninitialized>true</uninitialized>
         <run_address>0x6100</run_address>
         <size>0x100</size>
         <input_file_ref idref="fl-4"/>
      </object_component>
      <object_component id="oc-76">
         <name>ECanaMOTSRegsFile</name>
         <uninitialized>true</uninitialized>
         <run_address>0x6080</run_address>
         <size>0x40</size>
         <input_file_ref idref="fl-4"/>
      </object_component>
      <object_component id="oc-77">
         <name>ECanaMOTORegsFile</name>
         <uninitialized>true</uninitialized>
         <run_address>0x60c0</run_address>
         <size>0x40</size>
         <input_file_ref idref="fl-4"/>
      </object_component>
      <object_component id="oc-74">
         <name>ECanbRegsFile</name>
         <uninitialized>true</uninitialized>
         <run_address>0x6200</run_address>
         <size>0x34</size>
         <input_file_ref idref="fl-4"/>
      </object_component>
      <object_component id="oc-78">
         <name>ECanbLAMRegsFile</name>
         <uninitialized>true</uninitialized>
         <run_address>0x6240</run_address>
         <size>0x40</size>
         <input_file_ref idref="fl-4"/>
      </object_component>
      <object_component id="oc-80">
         <name>ECanbMboxesFile</name>
         <uninitialized>true</uninitialized>
         <run_address>0x6300</run_address>
         <size>0x100</size>
         <input_file_ref idref="fl-4"/>
      </object_component>
      <object_component id="oc-79">
         <name>ECanbMOTSRegsFile</name>
         <uninitialized>true</uninitialized>
         <run_address>0x6280</run_address>
         <size>0x40</size>
         <input_file_ref idref="fl-4"/>
      </object_component>
      <object_component id="oc-7a">
         <name>ECanbMOTORegsFile</name>
         <uninitialized>true</uninitialized>
         <run_address>0x62c0</run_address>
         <size>0x40</size>
         <input_file_ref idref="fl-4"/>
      </object_component>
      <object_component id="oc-69">
         <name>EPwm1RegsFile</name>
         <uninitialized>true</uninitialized>
         <run_address>0x6800</run_address>
         <size>0x22</size>
         <input_file_ref idref="fl-4"/>
      </object_component>
      <object_component id="oc-6a">
         <name>EPwm2RegsFile</name>
         <uninitialized>true</uninitialized>
         <run_address>0x6840</run_address>
         <size>0x22</size>
         <input_file_ref idref="fl-4"/>
      </object_component>
      <object_component id="oc-6b">
         <name>EPwm3RegsFile</name>
         <uninitialized>true</uninitialized>
         <run_address>0x6880</run_address>
         <size>0x22</size>
         <input_file_ref idref="fl-4"/>
      </object_component>
      <object_component id="oc-6c">
         <name>EPwm4RegsFile</name>
         <uninitialized>true</uninitialized>
         <run_address>0x68c0</run_address>
         <size>0x22</size>
         <input_file_ref idref="fl-4"/>
      </object_component>
      <object_component id="oc-6d">
         <name>EPwm5RegsFile</name>
         <uninitialized>true</uninitialized>
         <run_address>0x6900</run_address>
         <size>0x22</size>
         <input_file_ref idref="fl-4"/>
      </object_component>
      <object_component id="oc-6e">
         <name>EPwm6RegsFile</name>
         <uninitialized>true</uninitialized>
         <run_address>0x6940</run_address>
         <size>0x22</size>
         <input_file_ref idref="fl-4"/>
      </object_component>
      <object_component id="oc-61">
         <name>ECap1RegsFile</name>
         <uninitialized>true</uninitialized>
         <run_address>0x6a00</run_address>
         <size>0x20</size>
         <input_file_ref idref="fl-4"/>
      </object_component>
      <object_component id="oc-62">
         <name>ECap2RegsFile</name>
         <uninitialized>true</uninitialized>
         <run_address>0x6a20</run_address>
         <size>0x20</size>
         <input_file_ref idref="fl-4"/>
      </object_component>
      <object_component id="oc-63">
         <name>ECap3RegsFile</name>
         <uninitialized>true</uninitialized>
         <run_address>0x6a40</run_address>
         <size>0x20</size>
         <input_file_ref idref="fl-4"/>
      </object_component>
      <object_component id="oc-64">
         <name>ECap4RegsFile</name>
         <uninitialized>true</uninitialized>
         <run_address>0x6a60</run_address>
         <size>0x20</size>
         <input_file_ref idref="fl-4"/>
      </object_component>
      <object_component id="oc-65">
         <name>ECap5RegsFile</name>
         <uninitialized>true</uninitialized>
         <run_address>0x6a80</run_address>
         <size>0x20</size>
         <input_file_ref idref="fl-4"/>
      </object_component>
      <object_component id="oc-66">
         <name>ECap6RegsFile</name>
         <uninitialized>true</uninitialized>
         <run_address>0x6aa0</run_address>
         <size>0x20</size>
         <input_file_ref idref="fl-4"/>
      </object_component>
      <object_component id="oc-7b">
         <name>EQep1RegsFile</name>
         <uninitialized>true</uninitialized>
         <run_address>0x6b00</run_address>
         <size>0x40</size>
         <input_file_ref idref="fl-4"/>
      </object_component>
      <object_component id="oc-7c">
         <name>EQep2RegsFile</name>
         <uninitialized>true</uninitialized>
         <run_address>0x6b40</run_address>
         <size>0x40</size>
         <input_file_ref idref="fl-4"/>
      </object_component>
      <object_component id="oc-72">
         <name>GpioCtrlRegsFile</name>
         <uninitialized>true</uninitialized>
         <run_address>0x6f80</run_address>
         <size>0x2e</size>
         <input_file_ref idref="fl-4"/>
      </object_component>
      <object_component id="oc-67">
         <name>GpioDataRegsFile</name>
         <uninitialized>true</uninitialized>
         <run_address>0x6fc0</run_address>
         <size>0x20</size>
         <input_file_ref idref="fl-4"/>
      </object_component>
      <object_component id="oc-56">
         <name>GpioIntRegsFile</name>
         <uninitialized>true</uninitialized>
         <run_address>0x6fe0</run_address>
         <size>0xa</size>
         <input_file_ref idref="fl-4"/>
      </object_component>
      <object_component id="oc-68">
         <name>SysCtrlRegsFile</name>
         <uninitialized>true</uninitialized>
         <run_address>0x7010</run_address>
         <size>0x20</size>
         <input_file_ref idref="fl-4"/>
      </object_component>
      <object_component id="oc-5c">
         <name>SpiaRegsFile</name>
         <uninitialized>true</uninitialized>
         <run_address>0x7040</run_address>
         <size>0x10</size>
         <input_file_ref idref="fl-4"/>
      </object_component>
      <object_component id="oc-59">
         <name>SciaRegsFile</name>
         <uninitialized>true</uninitialized>
         <run_address>0x7050</run_address>
         <size>0x10</size>
         <input_file_ref idref="fl-4"/>
      </object_component>
      <object_component id="oc-5d">
         <name>XIntruptRegsFile</name>
         <uninitialized>true</uninitialized>
         <run_address>0x7070</run_address>
         <size>0x10</size>
         <input_file_ref idref="fl-4"/>
      </object_component>
      <object_component id="oc-5f">
         <name>AdcRegsFile</name>
         <uninitialized>true</uninitialized>
         <run_address>0x7100</run_address>
         <size>0x1e</size>
         <input_file_ref idref="fl-4"/>
      </object_component>
      <object_component id="oc-5a">
         <name>ScibRegsFile</name>
         <uninitialized>true</uninitialized>
         <run_address>0x7750</run_address>
         <size>0x10</size>
         <input_file_ref idref="fl-4"/>
      </object_component>
      <object_component id="oc-5b">
         <name>ScicRegsFile</name>
         <uninitialized>true</uninitialized>
         <run_address>0x7770</run_address>
         <size>0x10</size>
         <input_file_ref idref="fl-4"/>
      </object_component>
      <object_component id="oc-6f">
         <name>I2caRegsFile</name>
         <uninitialized>true</uninitialized>
         <run_address>0x7900</run_address>
         <size>0x22</size>
         <input_file_ref idref="fl-4"/>
      </object_component>
      <object_component id="oc-54">
         <name>CsmPwlFile</name>
         <uninitialized>true</uninitialized>
         <run_address>0x33fff8</run_address>
         <size>0x8</size>
         <input_file_ref idref="fl-4"/>
      </object_component>
      <object_component id="oc-50">
         <name>PartIdRegsFile</name>
         <uninitialized>true</uninitialized>
         <run_address>0x380090</run_address>
         <size>0x1</size>
         <input_file_ref idref="fl-4"/>
      </object_component>
      <object_component id="oc-44">
         <name>.debug_info</name>
         <load_address>0x0</load_address>
         <run_address>0x0</run_address>
         <size>0x12eb</size>
         <input_file_ref idref="fl-2"/>
      </object_component>
      <object_component id="oc-4c">
         <name>.debug_info</name>
         <load_address>0x12eb</load_address>
         <run_address>0x12eb</run_address>
         <size>0x10b</size>
         <input_file_ref idref="fl-3"/>
      </object_component>
      <object_component id="oc-4f">
         <name>.debug_info</name>
         <load_address>0x13f6</load_address>
         <run_address>0x13f6</run_address>
         <size>0x1339b</size>
         <input_file_ref idref="fl-4"/>
      </object_component>
      <object_component id="oc-85">
         <name>.debug_info</name>
         <load_address>0x14791</load_address>
         <run_address>0x14791</run_address>
         <size>0xdd</size>
         <input_file_ref idref="fl-5"/>
      </object_component>
      <object_component id="oc-88">
         <name>.debug_info</name>
         <load_address>0x1486e</load_address>
         <run_address>0x1486e</run_address>
         <size>0x1135</size>
         <input_file_ref idref="fl-6"/>
      </object_component>
      <object_component id="oc-8d">
         <name>.debug_info</name>
         <load_address>0x159a3</load_address>
         <run_address>0x159a3</run_address>
         <size>0x221e</size>
         <input_file_ref idref="fl-7"/>
      </object_component>
      <object_component id="oc-92">
         <name>.debug_info</name>
         <load_address>0x17bc1</load_address>
         <run_address>0x17bc1</run_address>
         <size>0x4852</size>
         <input_file_ref idref="fl-8"/>
      </object_component>
      <object_component id="oc-9a">
         <name>.debug_info</name>
         <load_address>0x1c413</load_address>
         <run_address>0x1c413</run_address>
         <size>0x2d01</size>
         <input_file_ref idref="fl-9"/>
      </object_component>
      <object_component id="oc-9f">
         <name>.debug_info</name>
         <load_address>0x1f114</load_address>
         <run_address>0x1f114</run_address>
         <size>0x18c8</size>
         <input_file_ref idref="fl-a"/>
      </object_component>
      <object_component id="oc-a1">
         <name>.debug_info</name>
         <load_address>0x209dc</load_address>
         <run_address>0x209dc</run_address>
         <size>0x1951</size>
         <input_file_ref idref="fl-b"/>
      </object_component>
      <object_component id="oc-a6">
         <name>.debug_info</name>
         <load_address>0x2232d</load_address>
         <run_address>0x2232d</run_address>
         <size>0x1206</size>
         <input_file_ref idref="fl-c"/>
      </object_component>
      <object_component id="oc-ab">
         <name>.debug_info</name>
         <load_address>0x23533</load_address>
         <run_address>0x23533</run_address>
         <size>0x163a</size>
         <input_file_ref idref="fl-d"/>
      </object_component>
      <object_component id="oc-b0">
         <name>.debug_info</name>
         <load_address>0x24b6d</load_address>
         <run_address>0x24b6d</run_address>
         <size>0x44d</size>
         <input_file_ref idref="fl-e"/>
      </object_component>
      <object_component id="oc-b5">
         <name>.debug_info</name>
         <load_address>0x24fba</load_address>
         <run_address>0x24fba</run_address>
         <size>0x2970</size>
         <input_file_ref idref="fl-f"/>
      </object_component>
      <object_component id="oc-bc">
         <name>.debug_info</name>
         <load_address>0x2792a</load_address>
         <run_address>0x2792a</run_address>
         <size>0x4db</size>
         <input_file_ref idref="fl-20"/>
      </object_component>
      <object_component id="oc-c2">
         <name>.debug_info</name>
         <load_address>0x27e05</load_address>
         <run_address>0x27e05</run_address>
         <size>0x3db</size>
         <input_file_ref idref="fl-21"/>
      </object_component>
      <object_component id="oc-c7">
         <name>.debug_info</name>
         <load_address>0x281e0</load_address>
         <run_address>0x281e0</run_address>
         <size>0x434</size>
         <input_file_ref idref="fl-22"/>
      </object_component>
      <object_component id="oc-cd">
         <name>.debug_info</name>
         <load_address>0x28614</load_address>
         <run_address>0x28614</run_address>
         <size>0x3cf</size>
         <input_file_ref idref="fl-23"/>
      </object_component>
      <object_component id="oc-d2">
         <name>.debug_info</name>
         <load_address>0x289e3</load_address>
         <run_address>0x289e3</run_address>
         <size>0x3e1</size>
         <input_file_ref idref="fl-24"/>
      </object_component>
      <object_component id="oc-d9">
         <name>.debug_info</name>
         <load_address>0x28dc4</load_address>
         <run_address>0x28dc4</run_address>
         <size>0x173</size>
         <input_file_ref idref="fl-25"/>
      </object_component>
      <object_component id="oc-de">
         <name>.debug_info</name>
         <load_address>0x28f37</load_address>
         <run_address>0x28f37</run_address>
         <size>0x114</size>
         <input_file_ref idref="fl-26"/>
      </object_component>
      <object_component id="oc-e2">
         <name>.debug_info</name>
         <load_address>0x2904b</load_address>
         <run_address>0x2904b</run_address>
         <size>0x561</size>
         <input_file_ref idref="fl-27"/>
      </object_component>
      <object_component id="oc-e7">
         <name>.debug_info</name>
         <load_address>0x295ac</load_address>
         <run_address>0x295ac</run_address>
         <size>0x43a</size>
         <input_file_ref idref="fl-28"/>
      </object_component>
      <object_component id="oc-ec">
         <name>.debug_info</name>
         <load_address>0x299e6</load_address>
         <run_address>0x299e6</run_address>
         <size>0x3ad</size>
         <input_file_ref idref="fl-29"/>
      </object_component>
      <object_component id="oc-f1">
         <name>.debug_info</name>
         <load_address>0x29d93</load_address>
         <run_address>0x29d93</run_address>
         <size>0x3aa</size>
         <input_file_ref idref="fl-2a"/>
      </object_component>
      <object_component id="oc-f6">
         <name>.debug_info</name>
         <load_address>0x2a13d</load_address>
         <run_address>0x2a13d</run_address>
         <size>0x544</size>
         <input_file_ref idref="fl-2b"/>
      </object_component>
      <object_component id="oc-fd">
         <name>.debug_info</name>
         <load_address>0x2a681</load_address>
         <run_address>0x2a681</run_address>
         <size>0x4cc</size>
         <input_file_ref idref="fl-2c"/>
      </object_component>
      <object_component id="oc-102">
         <name>.debug_info</name>
         <load_address>0x2ab4d</load_address>
         <run_address>0x2ab4d</run_address>
         <size>0x467</size>
         <input_file_ref idref="fl-2d"/>
      </object_component>
      <object_component id="oc-107">
         <name>.debug_info</name>
         <load_address>0x2afb4</load_address>
         <run_address>0x2afb4</run_address>
         <size>0x1c6</size>
         <input_file_ref idref="fl-2e"/>
      </object_component>
      <object_component id="oc-174">
         <name>.debug_info</name>
         <load_address>0x2b17a</load_address>
         <run_address>0x2b17a</run_address>
         <size>0xa8</size>
      </object_component>
      <object_component id="oc-45">
         <name>.debug_frame</name>
         <load_address>0x0</load_address>
         <run_address>0x0</run_address>
         <size>0x40</size>
         <input_file_ref idref="fl-2"/>
      </object_component>
      <object_component id="oc-89">
         <name>.debug_frame</name>
         <load_address>0x40</load_address>
         <run_address>0x40</run_address>
         <size>0x28</size>
         <input_file_ref idref="fl-6"/>
      </object_component>
      <object_component id="oc-8e">
         <name>.debug_frame</name>
         <load_address>0x68</load_address>
         <run_address>0x68</run_address>
         <size>0x40</size>
         <input_file_ref idref="fl-7"/>
      </object_component>
      <object_component id="oc-96">
         <name>.debug_frame</name>
         <load_address>0xa8</load_address>
         <run_address>0xa8</run_address>
         <size>0xac0</size>
         <input_file_ref idref="fl-8"/>
      </object_component>
      <object_component id="oc-9b">
         <name>.debug_frame</name>
         <load_address>0xb68</load_address>
         <run_address>0xb68</run_address>
         <size>0xbc</size>
         <input_file_ref idref="fl-9"/>
      </object_component>
      <object_component id="oc-a2">
         <name>.debug_frame</name>
         <load_address>0xc24</load_address>
         <run_address>0xc24</run_address>
         <size>0x40</size>
         <input_file_ref idref="fl-b"/>
      </object_component>
      <object_component id="oc-a7">
         <name>.debug_frame</name>
         <load_address>0xc64</load_address>
         <run_address>0xc64</run_address>
         <size>0x40</size>
         <input_file_ref idref="fl-c"/>
      </object_component>
      <object_component id="oc-ac">
         <name>.debug_frame</name>
         <load_address>0xca4</load_address>
         <run_address>0xca4</run_address>
         <size>0x40</size>
         <input_file_ref idref="fl-d"/>
      </object_component>
      <object_component id="oc-b1">
         <name>.debug_frame</name>
         <load_address>0xce4</load_address>
         <run_address>0xce4</run_address>
         <size>0x40</size>
         <input_file_ref idref="fl-e"/>
      </object_component>
      <object_component id="oc-b8">
         <name>.debug_frame</name>
         <load_address>0xd24</load_address>
         <run_address>0xd24</run_address>
         <size>0x10c</size>
         <input_file_ref idref="fl-f"/>
      </object_component>
      <object_component id="oc-be">
         <name>.debug_frame</name>
         <load_address>0xe30</load_address>
         <run_address>0xe30</run_address>
         <size>0x48</size>
         <input_file_ref idref="fl-20"/>
      </object_component>
      <object_component id="oc-c3">
         <name>.debug_frame</name>
         <load_address>0xe78</load_address>
         <run_address>0xe78</run_address>
         <size>0x44</size>
         <input_file_ref idref="fl-21"/>
      </object_component>
      <object_component id="oc-c9">
         <name>.debug_frame</name>
         <load_address>0xebc</load_address>
         <run_address>0xebc</run_address>
         <size>0x44</size>
         <input_file_ref idref="fl-22"/>
      </object_component>
      <object_component id="oc-ce">
         <name>.debug_frame</name>
         <load_address>0xf00</load_address>
         <run_address>0xf00</run_address>
         <size>0x44</size>
         <input_file_ref idref="fl-23"/>
      </object_component>
      <object_component id="oc-d3">
         <name>.debug_frame</name>
         <load_address>0xf44</load_address>
         <run_address>0xf44</run_address>
         <size>0x64</size>
         <input_file_ref idref="fl-24"/>
      </object_component>
      <object_component id="oc-e3">
         <name>.debug_frame</name>
         <load_address>0xfa8</load_address>
         <run_address>0xfa8</run_address>
         <size>0x60</size>
         <input_file_ref idref="fl-27"/>
      </object_component>
      <object_component id="oc-e8">
         <name>.debug_frame</name>
         <load_address>0x1008</load_address>
         <run_address>0x1008</run_address>
         <size>0x40</size>
         <input_file_ref idref="fl-28"/>
      </object_component>
      <object_component id="oc-ed">
         <name>.debug_frame</name>
         <load_address>0x1048</load_address>
         <run_address>0x1048</run_address>
         <size>0x40</size>
         <input_file_ref idref="fl-29"/>
      </object_component>
      <object_component id="oc-f2">
         <name>.debug_frame</name>
         <load_address>0x1088</load_address>
         <run_address>0x1088</run_address>
         <size>0x40</size>
         <input_file_ref idref="fl-2a"/>
      </object_component>
      <object_component id="oc-f9">
         <name>.debug_frame</name>
         <load_address>0x10c8</load_address>
         <run_address>0x10c8</run_address>
         <size>0x60</size>
         <input_file_ref idref="fl-2b"/>
      </object_component>
      <object_component id="oc-fe">
         <name>.debug_frame</name>
         <load_address>0x1128</load_address>
         <run_address>0x1128</run_address>
         <size>0x70</size>
         <input_file_ref idref="fl-2c"/>
      </object_component>
      <object_component id="oc-103">
         <name>.debug_frame</name>
         <load_address>0x1198</load_address>
         <run_address>0x1198</run_address>
         <size>0x40</size>
         <input_file_ref idref="fl-2d"/>
      </object_component>
      <object_component id="oc-46">
         <name>.debug_line</name>
         <load_address>0x0</load_address>
         <run_address>0x0</run_address>
         <size>0x4f</size>
         <input_file_ref idref="fl-2"/>
      </object_component>
      <object_component id="oc-4b">
         <name>.debug_line</name>
         <load_address>0x4f</load_address>
         <run_address>0x4f</run_address>
         <size>0x57</size>
         <input_file_ref idref="fl-3"/>
      </object_component>
      <object_component id="oc-84">
         <name>.debug_line</name>
         <load_address>0xa6</load_address>
         <run_address>0xa6</run_address>
         <size>0x48</size>
         <input_file_ref idref="fl-5"/>
      </object_component>
      <object_component id="oc-8a">
         <name>.debug_line</name>
         <load_address>0xee</load_address>
         <run_address>0xee</run_address>
         <size>0x36</size>
         <input_file_ref idref="fl-6"/>
      </object_component>
      <object_component id="oc-8f">
         <name>.debug_line</name>
         <load_address>0x124</load_address>
         <run_address>0x124</run_address>
         <size>0xbb</size>
         <input_file_ref idref="fl-7"/>
      </object_component>
      <object_component id="oc-97">
         <name>.debug_line</name>
         <load_address>0x1df</load_address>
         <run_address>0x1df</run_address>
         <size>0x820</size>
         <input_file_ref idref="fl-8"/>
      </object_component>
      <object_component id="oc-9c">
         <name>.debug_line</name>
         <load_address>0x9ff</load_address>
         <run_address>0x9ff</run_address>
         <size>0x134</size>
         <input_file_ref idref="fl-9"/>
      </object_component>
      <object_component id="oc-a3">
         <name>.debug_line</name>
         <load_address>0xb33</load_address>
         <run_address>0xb33</run_address>
         <size>0x67</size>
         <input_file_ref idref="fl-b"/>
      </object_component>
      <object_component id="oc-a8">
         <name>.debug_line</name>
         <load_address>0xb9a</load_address>
         <run_address>0xb9a</run_address>
         <size>0x7d</size>
         <input_file_ref idref="fl-c"/>
      </object_component>
      <object_component id="oc-ad">
         <name>.debug_line</name>
         <load_address>0xc17</load_address>
         <run_address>0xc17</run_address>
         <size>0x49</size>
         <input_file_ref idref="fl-d"/>
      </object_component>
      <object_component id="oc-b2">
         <name>.debug_line</name>
         <load_address>0xc60</load_address>
         <run_address>0xc60</run_address>
         <size>0x45</size>
         <input_file_ref idref="fl-e"/>
      </object_component>
      <object_component id="oc-b9">
         <name>.debug_line</name>
         <load_address>0xca5</load_address>
         <run_address>0xca5</run_address>
         <size>0x2e1</size>
         <input_file_ref idref="fl-f"/>
      </object_component>
      <object_component id="oc-bf">
         <name>.debug_line</name>
         <load_address>0xf86</load_address>
         <run_address>0xf86</run_address>
         <size>0xb3</size>
         <input_file_ref idref="fl-20"/>
      </object_component>
      <object_component id="oc-c4">
         <name>.debug_line</name>
         <load_address>0x1039</load_address>
         <run_address>0x1039</run_address>
         <size>0x57</size>
         <input_file_ref idref="fl-21"/>
      </object_component>
      <object_component id="oc-ca">
         <name>.debug_line</name>
         <load_address>0x1090</load_address>
         <run_address>0x1090</run_address>
         <size>0x7d</size>
         <input_file_ref idref="fl-22"/>
      </object_component>
      <object_component id="oc-cf">
         <name>.debug_line</name>
         <load_address>0x110d</load_address>
         <run_address>0x110d</run_address>
         <size>0x50</size>
         <input_file_ref idref="fl-23"/>
      </object_component>
      <object_component id="oc-d4">
         <name>.debug_line</name>
         <load_address>0x115d</load_address>
         <run_address>0x115d</run_address>
         <size>0x60</size>
         <input_file_ref idref="fl-24"/>
      </object_component>
      <object_component id="oc-da">
         <name>.debug_line</name>
         <load_address>0x11bd</load_address>
         <run_address>0x11bd</run_address>
         <size>0x7e</size>
         <input_file_ref idref="fl-25"/>
      </object_component>
      <object_component id="oc-df">
         <name>.debug_line</name>
         <load_address>0x123b</load_address>
         <run_address>0x123b</run_address>
         <size>0xad</size>
         <input_file_ref idref="fl-26"/>
      </object_component>
      <object_component id="oc-e4">
         <name>.debug_line</name>
         <load_address>0x12e8</load_address>
         <run_address>0x12e8</run_address>
         <size>0x50</size>
         <input_file_ref idref="fl-27"/>
      </object_component>
      <object_component id="oc-e9">
         <name>.debug_line</name>
         <load_address>0x1338</load_address>
         <run_address>0x1338</run_address>
         <size>0x62</size>
         <input_file_ref idref="fl-28"/>
      </object_component>
      <object_component id="oc-ee">
         <name>.debug_line</name>
         <load_address>0x139a</load_address>
         <run_address>0x139a</run_address>
         <size>0x3e</size>
         <input_file_ref idref="fl-29"/>
      </object_component>
      <object_component id="oc-f3">
         <name>.debug_line</name>
         <load_address>0x13d8</load_address>
         <run_address>0x13d8</run_address>
         <size>0x3a</size>
         <input_file_ref idref="fl-2a"/>
      </object_component>
      <object_component id="oc-fa">
         <name>.debug_line</name>
         <load_address>0x1412</load_address>
         <run_address>0x1412</run_address>
         <size>0x65</size>
         <input_file_ref idref="fl-2b"/>
      </object_component>
      <object_component id="oc-ff">
         <name>.debug_line</name>
         <load_address>0x1477</load_address>
         <run_address>0x1477</run_address>
         <size>0x5e</size>
         <input_file_ref idref="fl-2c"/>
      </object_component>
      <object_component id="oc-104">
         <name>.debug_line</name>
         <load_address>0x14d5</load_address>
         <run_address>0x14d5</run_address>
         <size>0x4f</size>
         <input_file_ref idref="fl-2d"/>
      </object_component>
      <object_component id="oc-47">
         <name>.debug_abbrev</name>
         <load_address>0x0</load_address>
         <run_address>0x0</run_address>
         <size>0xfc</size>
         <input_file_ref idref="fl-2"/>
      </object_component>
      <object_component id="oc-4d">
         <name>.debug_abbrev</name>
         <load_address>0xfc</load_address>
         <run_address>0xfc</run_address>
         <size>0x21</size>
         <input_file_ref idref="fl-3"/>
      </object_component>
      <object_component id="oc-82">
         <name>.debug_abbrev</name>
         <load_address>0x11d</load_address>
         <run_address>0x11d</run_address>
         <size>0xb7</size>
         <input_file_ref idref="fl-4"/>
      </object_component>
      <object_component id="oc-86">
         <name>.debug_abbrev</name>
         <load_address>0x1d4</load_address>
         <run_address>0x1d4</run_address>
         <size>0x2f</size>
         <input_file_ref idref="fl-5"/>
      </object_component>
      <object_component id="oc-8b">
         <name>.debug_abbrev</name>
         <load_address>0x203</load_address>
         <run_address>0x203</run_address>
         <size>0xdc</size>
         <input_file_ref idref="fl-6"/>
      </object_component>
      <object_component id="oc-90">
         <name>.debug_abbrev</name>
         <load_address>0x2df</load_address>
         <run_address>0x2df</run_address>
         <size>0xdc</size>
         <input_file_ref idref="fl-7"/>
      </object_component>
      <object_component id="oc-98">
         <name>.debug_abbrev</name>
         <load_address>0x3bb</load_address>
         <run_address>0x3bb</run_address>
         <size>0x171</size>
         <input_file_ref idref="fl-8"/>
      </object_component>
      <object_component id="oc-9d">
         <name>.debug_abbrev</name>
         <load_address>0x52c</load_address>
         <run_address>0x52c</run_address>
         <size>0x146</size>
         <input_file_ref idref="fl-9"/>
      </object_component>
      <object_component id="oc-a0">
         <name>.debug_abbrev</name>
         <load_address>0x672</load_address>
         <run_address>0x672</run_address>
         <size>0x87</size>
         <input_file_ref idref="fl-a"/>
      </object_component>
      <object_component id="oc-a4">
         <name>.debug_abbrev</name>
         <load_address>0x6f9</load_address>
         <run_address>0x6f9</run_address>
         <size>0xea</size>
         <input_file_ref idref="fl-b"/>
      </object_component>
      <object_component id="oc-a9">
         <name>.debug_abbrev</name>
         <load_address>0x7e3</load_address>
         <run_address>0x7e3</run_address>
         <size>0x101</size>
         <input_file_ref idref="fl-c"/>
      </object_component>
      <object_component id="oc-ae">
         <name>.debug_abbrev</name>
         <load_address>0x8e4</load_address>
         <run_address>0x8e4</run_address>
         <size>0xdc</size>
         <input_file_ref idref="fl-d"/>
      </object_component>
      <object_component id="oc-b3">
         <name>.debug_abbrev</name>
         <load_address>0x9c0</load_address>
         <run_address>0x9c0</run_address>
         <size>0x75</size>
         <input_file_ref idref="fl-e"/>
      </object_component>
      <object_component id="oc-ba">
         <name>.debug_abbrev</name>
         <load_address>0xa35</load_address>
         <run_address>0xa35</run_address>
         <size>0x16d</size>
         <input_file_ref idref="fl-f"/>
      </object_component>
      <object_component id="oc-c0">
         <name>.debug_abbrev</name>
         <load_address>0xba2</load_address>
         <run_address>0xba2</run_address>
         <size>0xc1</size>
         <input_file_ref idref="fl-20"/>
      </object_component>
      <object_component id="oc-c5">
         <name>.debug_abbrev</name>
         <load_address>0xc63</load_address>
         <run_address>0xc63</run_address>
         <size>0xa4</size>
         <input_file_ref idref="fl-21"/>
      </object_component>
      <object_component id="oc-cb">
         <name>.debug_abbrev</name>
         <load_address>0xd07</load_address>
         <run_address>0xd07</run_address>
         <size>0x9f</size>
         <input_file_ref idref="fl-22"/>
      </object_component>
      <object_component id="oc-d0">
         <name>.debug_abbrev</name>
         <load_address>0xda6</load_address>
         <run_address>0xda6</run_address>
         <size>0x84</size>
         <input_file_ref idref="fl-23"/>
      </object_component>
      <object_component id="oc-d5">
         <name>.debug_abbrev</name>
         <load_address>0xe2a</load_address>
         <run_address>0xe2a</run_address>
         <size>0x84</size>
         <input_file_ref idref="fl-24"/>
      </object_component>
      <object_component id="oc-db">
         <name>.debug_abbrev</name>
         <load_address>0xeae</load_address>
         <run_address>0xeae</run_address>
         <size>0x46</size>
         <input_file_ref idref="fl-25"/>
      </object_component>
      <object_component id="oc-e0">
         <name>.debug_abbrev</name>
         <load_address>0xef4</load_address>
         <run_address>0xef4</run_address>
         <size>0x38</size>
         <input_file_ref idref="fl-26"/>
      </object_component>
      <object_component id="oc-e5">
         <name>.debug_abbrev</name>
         <load_address>0xf2c</load_address>
         <run_address>0xf2c</run_address>
         <size>0xe3</size>
         <input_file_ref idref="fl-27"/>
      </object_component>
      <object_component id="oc-ea">
         <name>.debug_abbrev</name>
         <load_address>0x100f</load_address>
         <run_address>0x100f</run_address>
         <size>0xa8</size>
         <input_file_ref idref="fl-28"/>
      </object_component>
      <object_component id="oc-ef">
         <name>.debug_abbrev</name>
         <load_address>0x10b7</load_address>
         <run_address>0x10b7</run_address>
         <size>0x68</size>
         <input_file_ref idref="fl-29"/>
      </object_component>
      <object_component id="oc-f4">
         <name>.debug_abbrev</name>
         <load_address>0x111f</load_address>
         <run_address>0x111f</run_address>
         <size>0x66</size>
         <input_file_ref idref="fl-2a"/>
      </object_component>
      <object_component id="oc-fb">
         <name>.debug_abbrev</name>
         <load_address>0x1185</load_address>
         <run_address>0x1185</run_address>
         <size>0x130</size>
         <input_file_ref idref="fl-2b"/>
      </object_component>
      <object_component id="oc-100">
         <name>.debug_abbrev</name>
         <load_address>0x12b5</load_address>
         <run_address>0x12b5</run_address>
         <size>0xb2</size>
         <input_file_ref idref="fl-2c"/>
      </object_component>
      <object_component id="oc-105">
         <name>.debug_abbrev</name>
         <load_address>0x1367</load_address>
         <run_address>0x1367</run_address>
         <size>0xee</size>
         <input_file_ref idref="fl-2d"/>
      </object_component>
      <object_component id="oc-10a">
         <name>.debug_abbrev</name>
         <load_address>0x1455</load_address>
         <run_address>0x1455</run_address>
         <size>0x31</size>
         <input_file_ref idref="fl-2e"/>
      </object_component>
      <object_component id="oc-175">
         <name>.debug_abbrev</name>
         <load_address>0x1486</load_address>
         <run_address>0x1486</run_address>
         <size>0xf</size>
      </object_component>
      <object_component id="oc-48">
         <name>.debug_aranges</name>
         <load_address>0x0</load_address>
         <run_address>0x0</run_address>
         <size>0x20</size>
         <input_file_ref idref="fl-2"/>
      </object_component>
      <object_component id="oc-4e">
         <name>.debug_aranges</name>
         <load_address>0x20</load_address>
         <run_address>0x20</run_address>
         <size>0x28</size>
         <input_file_ref idref="fl-3"/>
      </object_component>
      <object_component id="oc-87">
         <name>.debug_aranges</name>
         <load_address>0x48</load_address>
         <run_address>0x48</run_address>
         <size>0x20</size>
         <input_file_ref idref="fl-5"/>
      </object_component>
      <object_component id="oc-8c">
         <name>.debug_aranges</name>
         <load_address>0x68</load_address>
         <run_address>0x68</run_address>
         <size>0x18</size>
         <input_file_ref idref="fl-6"/>
      </object_component>
      <object_component id="oc-91">
         <name>.debug_aranges</name>
         <load_address>0x80</load_address>
         <run_address>0x80</run_address>
         <size>0x20</size>
         <input_file_ref idref="fl-7"/>
      </object_component>
      <object_component id="oc-99">
         <name>.debug_aranges</name>
         <load_address>0xa0</load_address>
         <run_address>0xa0</run_address>
         <size>0x288</size>
         <input_file_ref idref="fl-8"/>
      </object_component>
      <object_component id="oc-9e">
         <name>.debug_aranges</name>
         <load_address>0x328</load_address>
         <run_address>0x328</run_address>
         <size>0x48</size>
         <input_file_ref idref="fl-9"/>
      </object_component>
      <object_component id="oc-a5">
         <name>.debug_aranges</name>
         <load_address>0x370</load_address>
         <run_address>0x370</run_address>
         <size>0x20</size>
         <input_file_ref idref="fl-b"/>
      </object_component>
      <object_component id="oc-aa">
         <name>.debug_aranges</name>
         <load_address>0x390</load_address>
         <run_address>0x390</run_address>
         <size>0x20</size>
         <input_file_ref idref="fl-c"/>
      </object_component>
      <object_component id="oc-af">
         <name>.debug_aranges</name>
         <load_address>0x3b0</load_address>
         <run_address>0x3b0</run_address>
         <size>0x20</size>
         <input_file_ref idref="fl-d"/>
      </object_component>
      <object_component id="oc-b4">
         <name>.debug_aranges</name>
         <load_address>0x3d0</load_address>
         <run_address>0x3d0</run_address>
         <size>0x20</size>
         <input_file_ref idref="fl-e"/>
      </object_component>
      <object_component id="oc-bb">
         <name>.debug_aranges</name>
         <load_address>0x3f0</load_address>
         <run_address>0x3f0</run_address>
         <size>0x48</size>
         <input_file_ref idref="fl-f"/>
      </object_component>
      <object_component id="oc-c1">
         <name>.debug_aranges</name>
         <load_address>0x438</load_address>
         <run_address>0x438</run_address>
         <size>0x20</size>
         <input_file_ref idref="fl-20"/>
      </object_component>
      <object_component id="oc-c6">
         <name>.debug_aranges</name>
         <load_address>0x458</load_address>
         <run_address>0x458</run_address>
         <size>0x20</size>
         <input_file_ref idref="fl-21"/>
      </object_component>
      <object_component id="oc-cc">
         <name>.debug_aranges</name>
         <load_address>0x478</load_address>
         <run_address>0x478</run_address>
         <size>0x20</size>
         <input_file_ref idref="fl-22"/>
      </object_component>
      <object_component id="oc-d1">
         <name>.debug_aranges</name>
         <load_address>0x498</load_address>
         <run_address>0x498</run_address>
         <size>0x20</size>
         <input_file_ref idref="fl-23"/>
      </object_component>
      <object_component id="oc-d6">
         <name>.debug_aranges</name>
         <load_address>0x4b8</load_address>
         <run_address>0x4b8</run_address>
         <size>0x20</size>
         <input_file_ref idref="fl-24"/>
      </object_component>
      <object_component id="oc-dc">
         <name>.debug_aranges</name>
         <load_address>0x4d8</load_address>
         <run_address>0x4d8</run_address>
         <size>0x20</size>
         <input_file_ref idref="fl-25"/>
      </object_component>
      <object_component id="oc-e1">
         <name>.debug_aranges</name>
         <load_address>0x4f8</load_address>
         <run_address>0x4f8</run_address>
         <size>0x20</size>
         <input_file_ref idref="fl-26"/>
      </object_component>
      <object_component id="oc-e6">
         <name>.debug_aranges</name>
         <load_address>0x518</load_address>
         <run_address>0x518</run_address>
         <size>0x20</size>
         <input_file_ref idref="fl-27"/>
      </object_component>
      <object_component id="oc-eb">
         <name>.debug_aranges</name>
         <load_address>0x538</load_address>
         <run_address>0x538</run_address>
         <size>0x20</size>
         <input_file_ref idref="fl-28"/>
      </object_component>
      <object_component id="oc-f0">
         <name>.debug_aranges</name>
         <load_address>0x558</load_address>
         <run_address>0x558</run_address>
         <size>0x20</size>
         <input_file_ref idref="fl-29"/>
      </object_component>
      <object_component id="oc-f5">
         <name>.debug_aranges</name>
         <load_address>0x578</load_address>
         <run_address>0x578</run_address>
         <size>0x20</size>
         <input_file_ref idref="fl-2a"/>
      </object_component>
      <object_component id="oc-fc">
         <name>.debug_aranges</name>
         <load_address>0x598</load_address>
         <run_address>0x598</run_address>
         <size>0x28</size>
         <input_file_ref idref="fl-2b"/>
      </object_component>
      <object_component id="oc-101">
         <name>.debug_aranges</name>
         <load_address>0x5c0</load_address>
         <run_address>0x5c0</run_address>
         <size>0x30</size>
         <input_file_ref idref="fl-2c"/>
      </object_component>
      <object_component id="oc-106">
         <name>.debug_aranges</name>
         <load_address>0x5f0</load_address>
         <run_address>0x5f0</run_address>
         <size>0x20</size>
         <input_file_ref idref="fl-2d"/>
      </object_component>
   </object_component_list>
   <logical_group_list>
      <logical_group id="lg-2" display="no" color="cyan">
         <name>.text</name>
         <load_address>0x8000</load_address>
         <run_address>0x8000</run_address>
         <size>0x1404</size>
         <contents>
            <object_component_ref idref="oc-110"/>
            <object_component_ref idref="oc-95"/>
            <object_component_ref idref="oc-11e"/>
            <object_component_ref idref="oc-11b"/>
            <object_component_ref idref="oc-115"/>
            <object_component_ref idref="oc-dd"/>
            <object_component_ref idref="oc-11a"/>
            <object_component_ref idref="oc-117"/>
            <object_component_ref idref="oc-116"/>
            <object_component_ref idref="oc-118"/>
            <object_component_ref idref="oc-43"/>
            <object_component_ref idref="oc-11c"/>
            <object_component_ref idref="oc-10f"/>
            <object_component_ref idref="oc-10d"/>
            <object_component_ref idref="oc-119"/>
            <object_component_ref idref="oc-10c"/>
            <object_component_ref idref="oc-11f"/>
            <object_component_ref idref="oc-111"/>
            <object_component_ref idref="oc-10e"/>
            <object_component_ref idref="oc-83"/>
            <object_component_ref idref="oc-11d"/>
            <object_component_ref idref="oc-112"/>
            <object_component_ref idref="oc-120"/>
            <object_component_ref idref="oc-49"/>
            <object_component_ref idref="oc-10b"/>
         </contents>
      </logical_group>
      <logical_group id="lg-3" display="no" color="cyan">
         <name>.cinit</name>
         <load_address>0x950c</load_address>
         <run_address>0x950c</run_address>
         <size>0x4a</size>
         <contents>
            <object_component_ref idref="oc-b6"/>
            <object_component_ref idref="oc-f7"/>
            <object_component_ref idref="oc-93"/>
            <object_component_ref idref="oc-114"/>
            <object_component_ref idref="oc-121"/>
            <object_component_ref idref="oc-108"/>
         </contents>
      </logical_group>
      <logical_group id="lg-4" display="no" color="cyan">
         <name>.const</name>
         <run_address>0x0</run_address>
         <size>0x0</size>
         <contents>
         </contents>
      </logical_group>
      <logical_group id="lg-5" display="no" color="cyan">
         <name>.econst</name>
         <load_address>0x9404</load_address>
         <run_address>0x9404</run_address>
         <size>0x108</size>
         <contents>
            <object_component_ref idref="oc-123"/>
            <object_component_ref idref="oc-122"/>
            <object_component_ref idref="oc-bd"/>
            <object_component_ref idref="oc-c8"/>
         </contents>
      </logical_group>
      <logical_group id="lg-6" display="no" color="cyan">
         <name>.pinit</name>
         <run_address>0x0</run_address>
         <size>0x0</size>
         <contents>
         </contents>
      </logical_group>
      <logical_group id="lg-7" display="no" color="cyan">
         <name>.reset</name>
         <load_address>0x3fffc0</load_address>
         <run_address>0x3fffc0</run_address>
         <size>0x2</size>
         <contents>
            <object_component_ref idref="oc-d8"/>
         </contents>
      </logical_group>
      <logical_group id="lg-8" display="no" color="cyan">
         <name>.switch</name>
         <run_address>0x0</run_address>
         <size>0x0</size>
         <contents>
         </contents>
      </logical_group>
      <logical_group id="lg-9" display="no" color="cyan">
         <name>.bss</name>
         <run_address>0xc000</run_address>
         <size>0x0</size>
         <contents>
         </contents>
      </logical_group>
      <logical_group id="lg-a" display="no" color="cyan">
         <name>.ebss</name>
         <run_address>0xc000</run_address>
         <size>0x1d</size>
         <contents>
            <object_component_ref idref="oc-94"/>
            <object_component_ref idref="oc-b7"/>
            <object_component_ref idref="oc-f8"/>
            <object_component_ref idref="oc-113"/>
            <object_component_ref idref="oc-124"/>
            <object_component_ref idref="oc-109"/>
         </contents>
      </logical_group>
      <logical_group id="lg-b" display="no" color="cyan">
         <name>.cio</name>
         <run_address>0x0</run_address>
         <size>0x0</size>
         <contents>
         </contents>
      </logical_group>
      <logical_group id="lg-c" display="no" color="cyan">
         <name>.stack</name>
         <run_address>0x400</run_address>
         <size>0x300</size>
         <contents>
            <object_component_ref idref="oc-d7"/>
            <object_component_ref idref="oc-173"/>
         </contents>
      </logical_group>
      <logical_group id="lg-d" display="no" color="cyan">
         <name>.sysmem</name>
         <run_address>0x0</run_address>
         <size>0x0</size>
         <contents>
         </contents>
      </logical_group>
      <logical_group id="lg-e" display="no" color="cyan">
         <name>.esysmem</name>
         <run_address>0x0</run_address>
         <size>0x0</size>
         <contents>
         </contents>
      </logical_group>
      <logical_group id="lg-f" display="no" color="cyan">
         <name>codestart</name>
         <load_address>0x0</load_address>
         <run_address>0x0</run_address>
         <size>0x2</size>
         <contents>
            <object_component_ref idref="oc-4a"/>
         </contents>
      </logical_group>
      <logical_group id="lg-10" display="no" color="cyan">
         <name>PieVectTableFile</name>
         <run_address>0xd00</run_address>
         <size>0x100</size>
         <contents>
            <object_component_ref idref="oc-81"/>
         </contents>
      </logical_group>
      <logical_group id="lg-11" display="no" color="cyan">
         <name>DevEmuRegsFile</name>
         <run_address>0x880</run_address>
         <size>0xd0</size>
         <contents>
            <object_component_ref idref="oc-7d"/>
         </contents>
      </logical_group>
      <logical_group id="lg-12" display="no" color="cyan">
         <name>FlashRegsFile</name>
         <run_address>0xa80</run_address>
         <size>0x8</size>
         <contents>
            <object_component_ref idref="oc-55"/>
         </contents>
      </logical_group>
      <logical_group id="lg-13" display="no" color="cyan">
         <name>CsmRegsFile</name>
         <run_address>0xae0</run_address>
         <size>0x10</size>
         <contents>
            <object_component_ref idref="oc-58"/>
         </contents>
      </logical_group>
      <logical_group id="lg-14" display="no" color="cyan">
         <name>AdcMirrorFile</name>
         <run_address>0xb00</run_address>
         <size>0x10</size>
         <contents>
            <object_component_ref idref="oc-57"/>
         </contents>
      </logical_group>
      <logical_group id="lg-15" display="no" color="cyan">
         <name>XintfRegsFile</name>
         <run_address>0xb20</run_address>
         <size>0x1e</size>
         <contents>
            <object_component_ref idref="oc-60"/>
         </contents>
      </logical_group>
      <logical_group id="lg-16" display="no" color="cyan">
         <name>CpuTimer0RegsFile</name>
         <run_address>0xc00</run_address>
         <size>0x8</size>
         <contents>
            <object_component_ref idref="oc-51"/>
         </contents>
      </logical_group>
      <logical_group id="lg-17" display="no" color="cyan">
         <name>CpuTimer1RegsFile</name>
         <run_address>0xc08</run_address>
         <size>0x8</size>
         <contents>
            <object_component_ref idref="oc-52"/>
         </contents>
      </logical_group>
      <logical_group id="lg-18" display="no" color="cyan">
         <name>CpuTimer2RegsFile</name>
         <run_address>0xc10</run_address>
         <size>0x8</size>
         <contents>
            <object_component_ref idref="oc-53"/>
         </contents>
      </logical_group>
      <logical_group id="lg-19" display="no" color="cyan">
         <name>PieCtrlRegsFile</name>
         <run_address>0xce0</run_address>
         <size>0x1a</size>
         <contents>
            <object_component_ref idref="oc-5e"/>
         </contents>
      </logical_group>
      <logical_group id="lg-1a" display="no" color="cyan">
         <name>DmaRegsFile</name>
         <run_address>0x1000</run_address>
         <size>0xe0</size>
         <contents>
            <object_component_ref idref="oc-7e"/>
         </contents>
      </logical_group>
      <logical_group id="lg-1b" display="no" color="cyan">
         <name>McbspaRegsFile</name>
         <run_address>0x5000</run_address>
         <size>0x25</size>
         <contents>
            <object_component_ref idref="oc-70"/>
         </contents>
      </logical_group>
      <logical_group id="lg-1c" display="no" color="cyan">
         <name>McbspbRegsFile</name>
         <run_address>0x5040</run_address>
         <size>0x25</size>
         <contents>
            <object_component_ref idref="oc-71"/>
         </contents>
      </logical_group>
      <logical_group id="lg-1d" display="no" color="cyan">
         <name>ECanaRegsFile</name>
         <run_address>0x6000</run_address>
         <size>0x34</size>
         <contents>
            <object_component_ref idref="oc-73"/>
         </contents>
      </logical_group>
      <logical_group id="lg-1e" display="no" color="cyan">
         <name>ECanaLAMRegsFile</name>
         <run_address>0x6040</run_address>
         <size>0x40</size>
         <contents>
            <object_component_ref idref="oc-75"/>
         </contents>
      </logical_group>
      <logical_group id="lg-1f" display="no" color="cyan">
         <name>ECanaMboxesFile</name>
         <run_address>0x6100</run_address>
         <size>0x100</size>
         <contents>
            <object_component_ref idref="oc-7f"/>
         </contents>
      </logical_group>
      <logical_group id="lg-20" display="no" color="cyan">
         <name>ECanaMOTSRegsFile</name>
         <run_address>0x6080</run_address>
         <size>0x40</size>
         <contents>
            <object_component_ref idref="oc-76"/>
         </contents>
      </logical_group>
      <logical_group id="lg-21" display="no" color="cyan">
         <name>ECanaMOTORegsFile</name>
         <run_address>0x60c0</run_address>
         <size>0x40</size>
         <contents>
            <object_component_ref idref="oc-77"/>
         </contents>
      </logical_group>
      <logical_group id="lg-22" display="no" color="cyan">
         <name>ECanbRegsFile</name>
         <run_address>0x6200</run_address>
         <size>0x34</size>
         <contents>
            <object_component_ref idref="oc-74"/>
         </contents>
      </logical_group>
      <logical_group id="lg-23" display="no" color="cyan">
         <name>ECanbLAMRegsFile</name>
         <run_address>0x6240</run_address>
         <size>0x40</size>
         <contents>
            <object_component_ref idref="oc-78"/>
         </contents>
      </logical_group>
      <logical_group id="lg-24" display="no" color="cyan">
         <name>ECanbMboxesFile</name>
         <run_address>0x6300</run_address>
         <size>0x100</size>
         <contents>
            <object_component_ref idref="oc-80"/>
         </contents>
      </logical_group>
      <logical_group id="lg-25" display="no" color="cyan">
         <name>ECanbMOTSRegsFile</name>
         <run_address>0x6280</run_address>
         <size>0x40</size>
         <contents>
            <object_component_ref idref="oc-79"/>
         </contents>
      </logical_group>
      <logical_group id="lg-26" display="no" color="cyan">
         <name>ECanbMOTORegsFile</name>
         <run_address>0x62c0</run_address>
         <size>0x40</size>
         <contents>
            <object_component_ref idref="oc-7a"/>
         </contents>
      </logical_group>
      <logical_group id="lg-27" display="no" color="cyan">
         <name>EPwm1RegsFile</name>
         <run_address>0x6800</run_address>
         <size>0x22</size>
         <contents>
            <object_component_ref idref="oc-69"/>
         </contents>
      </logical_group>
      <logical_group id="lg-28" display="no" color="cyan">
         <name>EPwm2RegsFile</name>
         <run_address>0x6840</run_address>
         <size>0x22</size>
         <contents>
            <object_component_ref idref="oc-6a"/>
         </contents>
      </logical_group>
      <logical_group id="lg-29" display="no" color="cyan">
         <name>EPwm3RegsFile</name>
         <run_address>0x6880</run_address>
         <size>0x22</size>
         <contents>
            <object_component_ref idref="oc-6b"/>
         </contents>
      </logical_group>
      <logical_group id="lg-2a" display="no" color="cyan">
         <name>EPwm4RegsFile</name>
         <run_address>0x68c0</run_address>
         <size>0x22</size>
         <contents>
            <object_component_ref idref="oc-6c"/>
         </contents>
      </logical_group>
      <logical_group id="lg-2b" display="no" color="cyan">
         <name>EPwm5RegsFile</name>
         <run_address>0x6900</run_address>
         <size>0x22</size>
         <contents>
            <object_component_ref idref="oc-6d"/>
         </contents>
      </logical_group>
      <logical_group id="lg-2c" display="no" color="cyan">
         <name>EPwm6RegsFile</name>
         <run_address>0x6940</run_address>
         <size>0x22</size>
         <contents>
            <object_component_ref idref="oc-6e"/>
         </contents>
      </logical_group>
      <logical_group id="lg-2d" display="no" color="cyan">
         <name>ECap1RegsFile</name>
         <run_address>0x6a00</run_address>
         <size>0x20</size>
         <contents>
            <object_component_ref idref="oc-61"/>
         </contents>
      </logical_group>
      <logical_group id="lg-2e" display="no" color="cyan">
         <name>ECap2RegsFile</name>
         <run_address>0x6a20</run_address>
         <size>0x20</size>
         <contents>
            <object_component_ref idref="oc-62"/>
         </contents>
      </logical_group>
      <logical_group id="lg-2f" display="no" color="cyan">
         <name>ECap3RegsFile</name>
         <run_address>0x6a40</run_address>
         <size>0x20</size>
         <contents>
            <object_component_ref idref="oc-63"/>
         </contents>
      </logical_group>
      <logical_group id="lg-30" display="no" color="cyan">
         <name>ECap4RegsFile</name>
         <run_address>0x6a60</run_address>
         <size>0x20</size>
         <contents>
            <object_component_ref idref="oc-64"/>
         </contents>
      </logical_group>
      <logical_group id="lg-31" display="no" color="cyan">
         <name>ECap5RegsFile</name>
         <run_address>0x6a80</run_address>
         <size>0x20</size>
         <contents>
            <object_component_ref idref="oc-65"/>
         </contents>
      </logical_group>
      <logical_group id="lg-32" display="no" color="cyan">
         <name>ECap6RegsFile</name>
         <run_address>0x6aa0</run_address>
         <size>0x20</size>
         <contents>
            <object_component_ref idref="oc-66"/>
         </contents>
      </logical_group>
      <logical_group id="lg-33" display="no" color="cyan">
         <name>EQep1RegsFile</name>
         <run_address>0x6b00</run_address>
         <size>0x40</size>
         <contents>
            <object_component_ref idref="oc-7b"/>
         </contents>
      </logical_group>
[...]
         <value>0x8907</value>
         <object_component_ref idref="oc-95"/>
      </symbol>
      <symbol id="sm-1da">
         <name>_EPWM6_INT_ISR</name>
         <value>0x8b48</value>
         <object_component_ref idref="oc-95"/>
      </symbol>
      <symbol id="sm-1dc">
         <name>_DATALOG_ISR</name>
         <value>0x88df</value>
         <object_component_ref idref="oc-95"/>
      </symbol>
      <symbol id="sm-1de">
         <name>_SPITXINTA_ISR</name>
         <value>0x8bd4</value>
         <object_component_ref idref="oc-95"/>
      </symbol>
      <symbol id="sm-1e0">
         <name>_SPIRXINTA_ISR</name>
         <value>0x8bc6</value>
         <object_component_ref idref="oc-95"/>
      </symbol>
      <symbol id="sm-1e2">
         <name>_DINTCH3_ISR</name>
         <value>0x8c36</value>
         <object_component_ref idref="oc-95"/>
      </symbol>
      <symbol id="sm-1e4">
         <name>_XINT4_ISR</name>
         <value>0x8d24</value>
         <object_component_ref idref="oc-95"/>
      </symbol>
      <symbol id="sm-1e6">
         <name>_SEQ1INT_ISR</name>
         <value>0x8989</value>
         <object_component_ref idref="oc-95"/>
      </symbol>
      <symbol id="sm-1e8">
         <name>_ECAP3_INT_ISR</name>
         <value>0x8b72</value>
         <object_component_ref idref="oc-95"/>
      </symbol>
      <symbol id="sm-1ea">
         <name>_INT13_ISR</name>
         <value>0x88cb</value>
         <object_component_ref idref="oc-95"/>
      </symbol>
      <symbol id="sm-1ec">
         <name>_MXINTA_ISR</name>
         <value>0x8c0c</value>
         <object_component_ref idref="oc-95"/>
      </symbol>
      <symbol id="sm-1ee">
         <name>_EPWM4_INT_ISR</name>
         <value>0x8b2c</value>
         <object_component_ref idref="oc-95"/>
      </symbol>
      <symbol id="sm-1f0">
         <name>_USER5_ISR</name>
         <value>0x8939</value>
         <object_component_ref idref="oc-95"/>
      </symbol>
      <symbol id="sm-1f2">
         <name>_XINT7_ISR</name>
         <value>0x8d4e</value>
         <object_component_ref idref="oc-95"/>
      </symbol>
      <symbol id="sm-1f4">
         <name>_EPWM5_TZINT_ISR</name>
         <value>0x8abf</value>
         <object_component_ref idref="oc-95"/>
      </symbol>
      <symbol id="sm-1f6">
         <name>_EPWM4_TZINT_ISR</name>
         <value>0x8ab1</value>
         <object_component_ref idref="oc-95"/>
      </symbol>
      <symbol id="sm-1f8">
         <name>_ECAN0INTA_ISR</name>
         <value>0x8cde</value>
         <object_component_ref idref="oc-95"/>
      </symbol>
      <symbol id="sm-1fa">
         <name>_EPWM6_TZINT_ISR</name>
         <value>0x8acd</value>
         <object_component_ref idref="oc-95"/>
      </symbol>
      <symbol id="sm-1fc">
         <name>_EMUINT_ISR</name>
         <value>0x88f3</value>
         <object_component_ref idref="oc-95"/>
      </symbol>
      <symbol id="sm-1fe">
         <name>_ECAP1_INT_ISR</name>
         <value>0x8b56</value>
         <object_component_ref idref="oc-95"/>
      </symbol>
      <symbol id="sm-200">
         <name>_EPWM1_TZINT_ISR</name>
         <value>0x8a87</value>
         <object_component_ref idref="oc-95"/>
      </symbol>
      <symbol id="sm-202">
         <name>_EQEP2_INT_ISR</name>
         <value>0x8bb8</value>
         <object_component_ref idref="oc-95"/>
      </symbol>
      <symbol id="sm-204">
         <name>_USER11_ISR</name>
         <value>0x8975</value>
         <object_component_ref idref="oc-95"/>
      </symbol>
      <symbol id="sm-206">
         <name>_EPWM3_TZINT_ISR</name>
         <value>0x8aa3</value>
         <object_component_ref idref="oc-95"/>
      </symbol>
      <symbol id="sm-208">
         <name>_USER4_ISR</name>
         <value>0x892f</value>
         <object_component_ref idref="oc-95"/>
      </symbol>
      <symbol id="sm-20a">
         <name>_EPWM2_TZINT_ISR</name>
         <value>0x8a95</value>
         <object_component_ref idref="oc-95"/>
      </symbol>
      <symbol id="sm-20c">
         <name>_XINT6_ISR</name>
         <value>0x8d40</value>
         <object_component_ref idref="oc-95"/>
      </symbol>
      <symbol id="sm-20e">
         <name>_EPWM2_INT_ISR</name>
         <value>0x8b10</value>
         <object_component_ref idref="oc-95"/>
      </symbol>
      <symbol id="sm-210">
         <name>_ECAN0INTB_ISR</name>
         <value>0x8cfa</value>
         <object_component_ref idref="oc-95"/>
      </symbol>
      <symbol id="sm-212">
         <name>_TINT0_ISR</name>
         <value>0x8a6b</value>
         <object_component_ref idref="oc-95"/>
      </symbol>
      <symbol id="sm-214">
         <name>_WAKEINT_ISR</name>
         <value>0x8a79</value>
         <object_component_ref idref="oc-95"/>
      </symbol>
      <symbol id="sm-216">
         <name>_DINTCH4_ISR</name>
         <value>0x8c44</value>
         <object_component_ref idref="oc-95"/>
      </symbol>
      <symbol id="sm-218">
         <name>_USER10_ISR</name>
         <value>0x896b</value>
         <object_component_ref idref="oc-95"/>
      </symbol>
      <symbol id="sm-21a">
         <name>_USER7_ISR</name>
         <value>0x894d</value>
         <object_component_ref idref="oc-95"/>
      </symbol>
      <symbol id="sm-21c">
         <name>_XINT1_ISR</name>
         <value>0x89a5</value>
         <object_component_ref idref="oc-95"/>
      </symbol>
      <symbol id="sm-21e">
         <name>_ECAP6_INT_ISR</name>
         <value>0x8b9c</value>
         <object_component_ref idref="oc-95"/>
      </symbol>
      <symbol id="sm-220">
         <name>_INT14_ISR</name>
         <value>0x88d5</value>
         <object_component_ref idref="oc-95"/>
      </symbol>
      <symbol id="sm-222">
         <name>_MXINTB_ISR</name>
         <value>0x8bf0</value>
         <object_component_ref idref="oc-95"/>
      </symbol>
      <symbol id="sm-224">
         <name>_DINTCH5_ISR</name>
         <value>0x8c52</value>
         <object_component_ref idref="oc-95"/>
      </symbol>
      <symbol id="sm-226">
         <name>_USER6_ISR</name>
         <value>0x8943</value>
         <object_component_ref idref="oc-95"/>
      </symbol>
      <symbol id="sm-228">
         <name>_ECAP4_INT_ISR</name>
         <value>0x8b80</value>
         <object_component_ref idref="oc-95"/>
      </symbol>
      <symbol id="sm-22a">
         <name>_MRINTA_ISR</name>
         <value>0x8bfe</value>
         <object_component_ref idref="oc-95"/>
      </symbol>
      <symbol id="sm-22c">
         <name>_DINTCH6_ISR</name>
         <value>0x8c60</value>
         <object_component_ref idref="oc-95"/>
      </symbol>
      <symbol id="sm-22e">
         <name>_USER12_ISR</name>
         <value>0x897f</value>
         <object_component_ref idref="oc-95"/>
      </symbol>
      <symbol id="sm-230">
         <name>_ADCINT_ISR</name>
         <value>0x89c1</value>
         <object_component_ref idref="oc-95"/>
      </symbol>
      <symbol id="sm-232">
         <name>_USER1_ISR</name>
         <value>0x8911</value>
         <object_component_ref idref="oc-95"/>
      </symbol>
      <symbol id="sm-234">
         <name>_XINT3_ISR</name>
         <value>0x8d16</value>
         <object_component_ref idref="oc-95"/>
      </symbol>
      <symbol id="sm-236">
         <name>_EPWM5_INT_ISR</name>
         <value>0x8b3a</value>
         <object_component_ref idref="oc-95"/>
      </symbol>
      <symbol id="sm-238">
         <name>_NMI_ISR</name>
         <value>0x88fd</value>
         <object_component_ref idref="oc-95"/>
      </symbol>
      <symbol id="sm-23a">
         <name>_SCITXINTB_ISR</name>
         <value>0x8cd0</value>
         <object_component_ref idref="oc-95"/>
      </symbol>
      <symbol id="sm-23c">
         <name>_SCIRXINTB_ISR</name>
         <value>0x8cc2</value>
         <object_component_ref idref="oc-95"/>
      </symbol>
      <symbol id="sm-23e">
         <name>_ECAN1INTA_ISR</name>
         <value>0x8cec</value>
         <object_component_ref idref="oc-95"/>
      </symbol>
      <symbol id="sm-240">
         <name>_ECAP2_INT_ISR</name>
         <value>0x8b64</value>
         <object_component_ref idref="oc-95"/>
      </symbol>
      <symbol id="sm-242">
         <name>_I2CINT1A_ISR</name>
         <value>0x8c6e</value>
         <object_component_ref idref="oc-95"/>
      </symbol>
      <symbol id="sm-244">
         <name>_XINT2_ISR</name>
         <value>0x89b3</value>
         <object_component_ref idref="oc-95"/>
      </symbol>
      <symbol id="sm-246">
         <name>_I2CINT2A_ISR</name>
         <value>0x8c7c</value>
         <object_component_ref idref="oc-95"/>
      </symbol>
      <symbol id="sm-248">
         <name>_SCITXINTC_ISR</name>
         <value>0x8c98</value>
         <object_component_ref idref="oc-95"/>
      </symbol>
      <symbol id="sm-24a">
         <name>_SCIRXINTC_ISR</name>
         <value>0x8c8a</value>
         <object_component_ref idref="oc-95"/>
      </symbol>
      <symbol id="sm-24c">
         <name>_RTOSINT_ISR</name>
         <value>0x88e9</value>
         <object_component_ref idref="oc-95"/>
      </symbol>
      <symbol id="sm-24e">
         <name>_EPWM3_INT_ISR</name>
         <value>0x8b1e</value>
         <object_component_ref idref="oc-95"/>
      </symbol>
      <symbol id="sm-250">
         <name>_ECAN1INTB_ISR</name>
         <value>0x8d08</value>
         <object_component_ref idref="oc-95"/>
      </symbol>
      <symbol id="sm-252">
         <name>_USER9_ISR</name>
         <value>0x8961</value>
         <object_component_ref idref="oc-95"/>
      </symbol>
      <symbol id="sm-254">
         <name>_USER3_ISR</name>
         <value>0x8925</value>
         <object_component_ref idref="oc-95"/>
      </symbol>
      <symbol id="sm-256">
         <name>_EQEP1_INT_ISR</name>
         <value>0x8baa</value>
         <object_component_ref idref="oc-95"/>
      </symbol>
      <symbol id="sm-258">
         <name>_MRINTB_ISR</name>
         <value>0x8be2</value>
         <object_component_ref idref="oc-95"/>
      </symbol>
      <symbol id="sm-25a">
         <name>_DINTCH1_ISR</name>
         <value>0x8c1a</value>
         <object_component_ref idref="oc-95"/>
      </symbol>
      <symbol id="sm-25c">
         <name>_USER8_ISR</name>
         <value>0x8957</value>
         <object_component_ref idref="oc-95"/>
      </symbol>
      <symbol id="sm-25e">
         <name>_EPWM1_INT_ISR</name>
         <value>0x8adb</value>
         <object_component_ref idref="oc-95"/>
      </symbol>
      <symbol id="sm-260">
         <name>_SEQ2INT_ISR</name>
         <value>0x8997</value>
         <object_component_ref idref="oc-95"/>
      </symbol>
      <symbol id="sm-262">
         <name>_USER2_ISR</name>
         <value>0x891b</value>
         <object_component_ref idref="oc-95"/>
      </symbol>
      <symbol id="sm-264">
         <name>_LUF_ISR</name>
         <value>0x8d6a</value>
         <object_component_ref idref="oc-95"/>
      </symbol>
      <symbol id="sm-266">
         <name>_LVF_ISR</name>
         <value>0x8d5c</value>
         <object_component_ref idref="oc-95"/>
      </symbol>
      <symbol id="sm-268">
         <name>_SCITXINTA_ISR</name>
         <value>0x8cb4</value>
         <object_component_ref idref="oc-95"/>
      </symbol>
      <symbol id="sm-26a">
         <name>_SCIRXINTA_ISR</name>
         <value>0x8ca6</value>
         <object_component_ref idref="oc-95"/>
      </symbol>
      <symbol id="sm-26c">
         <name>_rsvd_ISR</name>
         <value>0x8d78</value>
         <object_component_ref idref="oc-95"/>
      </symbol>
      <symbol id="sm-26e">
         <name>_ECAP5_INT_ISR</name>
         <value>0x8b8e</value>
         <object_component_ref idref="oc-95"/>
      </symbol>
      <symbol id="sm-270">
         <name>_DINTCH2_ISR</name>
         <value>0x8c28</value>
         <object_component_ref idref="oc-95"/>
      </symbol>
      <symbol id="sm-272">
         <name>_XINT5_ISR</name>
         <value>0x8d32</value>
         <object_component_ref idref="oc-95"/>
      </symbol>
      <symbol id="sm-27f">
         <name>_pwm2</name>
         <value>0x8e83</value>
         <object_component_ref idref="oc-11e"/>
      </symbol>
      <symbol id="sm-281">
         <name>_modVect_init</name>
         <value>0x8d92</value>
         <object_component_ref idref="oc-11e"/>
      </symbol>
      <symbol id="sm-283">
         <name>_pwm4_init</name>
         <value>0x8e1c</value>
         <object_component_ref idref="oc-11e"/>
      </symbol>
      <symbol id="sm-285">
         <name>_pwm1_init</name>
         <value>0x8e3d</value>
         <object_component_ref idref="oc-11e"/>
      </symbol>
      <symbol id="sm-287">
         <name>_pwm1_config_interrupt</name>
         <value>0x8e70</value>
         <object_component_ref idref="oc-11e"/>
      </symbol>
      <symbol id="sm-289">
         <name>_InitEPwm</name>
         <value>0x8d82</value>
         <object_component_ref idref="oc-11e"/>
      </symbol>
      <symbol id="sm-292">
         <name>_PieVectTableInit</name>
         <value>0x9404</value>
         <object_component_ref idref="oc-123"/>
      </symbol>
      <symbol id="sm-29e">
         <name>_InitPieCtrl</name>
         <value>0x92d7</value>
         <object_component_ref idref="oc-11c"/>
      </symbol>
      <symbol id="sm-2af">
         <name>_InitSysCtrl</name>
         <value>0x90ee</value>
         <object_component_ref idref="oc-11a"/>
      </symbol>
      <symbol id="sm-2bc">
         <name>_InitWatchdog</name>
         <value>0x93d6</value>
         <object_component_ref idref="oc-11d"/>
      </symbol>
      <symbol id="sm-2ca">
         <name>_main</name>
         <value>0x93e5</value>
         <object_component_ref idref="oc-112"/>
      </symbol>
      <symbol id="sm-306">
         <name>_secuencia_comun</name>
         <value>0x803f</value>
         <object_component_ref idref="oc-110"/>
      </symbol>
      <symbol id="sm-308">
         <name>_interrupcion</name>
         <value>0x88b9</value>
         <object_component_ref idref="oc-110"/>
      </symbol>
      <symbol id="sm-30a">
         <name>_secuencia_optima</name>
         <value>0x8239</value>
         <object_component_ref idref="oc-110"/>
      </symbol>
      <symbol id="sm-30c">
         <name>_sec</name>
         <value>0xc000</value>
         <object_component_ref idref="oc-b7"/>
      </symbol>
      <symbol id="sm-30d">
         <name>_V_ref</name>
         <value>0xc004</value>
         <object_component_ref idref="oc-b7"/>
      </symbol>
      <symbol id="sm-30e">
         <name>_frecuencia</name>
         <value>0xc002</value>
         <object_component_ref idref="oc-b7"/>
      </symbol>
      <symbol id="sm-30f">
         <name>_modulacion_senoidal_2</name>
         <value>0x8676</value>
         <object_component_ref idref="oc-110"/>
      </symbol>
      <symbol id="sm-311">
         <name>_actualizar_pwm_vector_rotante</name>
         <value>0x8000</value>
         <object_component_ref idref="oc-110"/>
      </symbol>
      <symbol id="sm-313">
         <name>_modulacion_senoidal</name>
         <value>0x8433</value>
         <object_component_ref idref="oc-110"/>
      </symbol>
      <symbol id="sm-340">
         <name>_fmodf</name>
         <value>0x8f97</value>
         <object_component_ref idref="oc-115"/>
      </symbol>
      <symbol id="sm-342">
         <name>_fmod</name>
         <value>0x8f97</value>
         <object_component_ref idref="oc-115"/>
      </symbol>
      <symbol id="sm-352">
         <name>_sqrtf</name>
         <value>0x932e</value>
         <object_component_ref idref="oc-119"/>
      </symbol>
      <symbol id="sm-354">
         <name>_sqrt</name>
         <value>0x932e</value>
         <object_component_ref idref="oc-119"/>
      </symbol>
      <symbol id="sm-36a">
         <name>_ceilf</name>
         <value>0x9229</value>
         <object_component_ref idref="oc-118"/>
      </symbol>
      <symbol id="sm-36c">
         <name>_ceil</name>
         <value>0x9229</value>
         <object_component_ref idref="oc-118"/>
      </symbol>
      <symbol id="sm-37a">
         <name>_cos</name>
         <value>0x91c6</value>
         <object_component_ref idref="oc-116"/>
      </symbol>
      <symbol id="sm-37b">
         <name>_cosf</name>
         <value>0x91c6</value>
         <object_component_ref idref="oc-116"/>
      </symbol>
      <symbol id="sm-389">
         <name>_sin</name>
         <value>0x9160</value>
         <object_component_ref idref="oc-117"/>
      </symbol>
      <symbol id="sm-38a">
         <name>_sinf</name>
         <value>0x9160</value>
         <object_component_ref idref="oc-117"/>
      </symbol>
      <symbol id="sm-3a6">
         <name>_c_int00</name>
         <value>0x9281</value>
         <object_component_ref idref="oc-43"/>
      </symbol>
      <symbol id="sm-3a7">
         <name>__stack</name>
         <value>0x400</value>
         <object_component_ref idref="oc-d7"/>
      </symbol>
      <symbol id="sm-3b8">
         <name>FS$$DIV</name>
         <value>0x9066</value>
         <object_component_ref idref="oc-dd"/>
      </symbol>
      <symbol id="sm-3c7">
         <name>_copy_in</name>
         <value>0x9355</value>
         <object_component_ref idref="oc-10c"/>
      </symbol>
      <symbol id="sm-3d9">
         <name>_memcpy</name>
         <value>0x9397</value>
         <object_component_ref idref="oc-111"/>
      </symbol>
      <symbol id="sm-3e6">
         <name>__system_pre_init</name>
         <value>0x9402</value>
         <object_component_ref idref="oc-10b"/>
      </symbol>
      <symbol id="sm-3f4">
         <name>__system_post_cinit</name>
         <value>0x932d</value>
         <object_component_ref idref="oc-10d"/>
      </symbol>
      <symbol id="sm-409">
         <name>C$$EXIT</name>
         <value>0x9304</value>
         <object_component_ref idref="oc-10f"/>
      </symbol>
      <symbol id="sm-40a">
         <name>_exit</name>
         <value>0x9306</value>
         <object_component_ref idref="oc-10f"/>
      </symbol>
      <symbol id="sm-40c">
         <name>___TI_cleanup_ptr</name>
         <value>0xc010</value>
         <object_component_ref idref="oc-f8"/>
      </symbol>
      <symbol id="sm-40d">
         <name>___TI_enable_exit_profile_output</name>
         <value>0xc00e</value>
         <object_component_ref idref="oc-f8"/>
      </symbol>
      <symbol id="sm-40e">
         <name>_abort</name>
         <value>0x9304</value>
         <object_component_ref idref="oc-10f"/>
      </symbol>
      <symbol id="sm-410">
         <name>___TI_dtors_ptr</name>
         <value>0xc012</value>
         <object_component_ref idref="oc-f8"/>
      </symbol>
      <symbol id="sm-424">
         <name>__unlock</name>
         <value>0xc01a</value>
         <object_component_ref idref="oc-124"/>
      </symbol>
      <symbol id="sm-425">
         <name>__lock</name>
         <value>0xc018</value>
         <object_component_ref idref="oc-113"/>
      </symbol>
      <symbol id="sm-426">
         <name>__register_lock</name>
         <value>0x93f6</value>
         <object_component_ref idref="oc-120"/>
      </symbol>
      <symbol id="sm-428">
         <name>__nop</name>
         <value>0x93fa</value>
         <object_component_ref idref="oc-120"/>
      </symbol>
      <symbol id="sm-42a">
         <name>__register_unlock</name>
         <value>0x93f2</value>
         <object_component_ref idref="oc-120"/>
      </symbol>
      <symbol id="sm-43a">
         <name>__args_main</name>
         <value>0x93b4</value>
         <object_component_ref idref="oc-10e"/>
      </symbol>
      <symbol id="sm-445">
         <name>_errno</name>
         <value>0xc01c</value>
         <object_component_ref idref="oc-109"/>
      </symbol>
   </symbol_table>
   <title>Link successful</title>
</link_info>
