<?xml version="1.0" encoding="ISO-8859-1" ?>
<link_info>
   <banner>TMS320C2000 Linker PC v22.6.1.LTS</banner>
   <copyright>Copyright (c) 1996-2018 Texas Instruments Incorporated</copyright>
   <link_time>0x6903d855</link_time>
   <link_errors>0x0</link_errors>
   <output_file>ensayo_IO.out</output_file>
   <entry_point>
      <name>_c_int00</name>
      <address>0xa7ad</address>
   </entry_point>
   <input_file_list>
      <input_file id="fl-2">
         <path>.\</path>
         <kind>object</kind>
         <file>ADC_config.obj</file>
         <name>ADC_config.obj</name>
      </input_file>
      <input_file id="fl-3">
         <path>.\</path>
         <kind>object</kind>
         <file>ANG_DIFF.obj</file>
         <name>ANG_DIFF.obj</name>
      </input_file>
      <input_file id="fl-4">
         <path>.\</path>
         <kind>object</kind>
         <file>ANG_LIM.obj</file>
         <name>ANG_LIM.obj</name>
      </input_file>
      <input_file id="fl-5">
         <path>.\</path>
         <kind>object</kind>
         <file>CLARKE.obj</file>
         <name>CLARKE.obj</name>
      </input_file>
      <input_file id="fl-6">
         <path>.\</path>
         <kind>object</kind>
         <file>CodeStartBranch.obj</file>
         <name>CodeStartBranch.obj</name>
      </input_file>
      <input_file id="fl-7">
         <path>.\</path>
         <kind>object</kind>
         <file>DC.obj</file>
         <name>DC.obj</name>
      </input_file>
      <input_file id="fl-8">
         <path>.\</path>
         <kind>object</kind>
         <file>DSP2833x_GlobalVariableDefs.obj</file>
         <name>DSP2833x_GlobalVariableDefs.obj</name>
      </input_file>
      <input_file id="fl-9">
         <path>.\</path>
         <kind>object</kind>
         <file>DelayUs.obj</file>
         <name>DelayUs.obj</name>
      </input_file>
      <input_file id="fl-a">
         <path>.\</path>
         <kind>object</kind>
         <file>ECap_7_8_9_10_12.obj</file>
         <name>ECap_7_8_9_10_12.obj</name>
      </input_file>
      <input_file id="fl-b">
         <path>.\</path>
         <kind>object</kind>
         <file>FE.obj</file>
         <name>FE.obj</name>
      </input_file>
      <input_file id="fl-c">
         <path>.\</path>
         <kind>object</kind>
         <file>GRID_VALUES.obj</file>
         <name>GRID_VALUES.obj</name>
      </input_file>
      <input_file id="fl-d">
         <path>.\</path>
         <kind>object</kind>
         <file>Gpio.obj</file>
         <name>Gpio.obj</name>
      </input_file>
      <input_file id="fl-e">
         <path>.\</path>
         <kind>object</kind>
         <file>INTEGRATOR.obj</file>
         <name>INTEGRATOR.obj</name>
      </input_file>
      <input_file id="fl-f">
         <path>.\</path>
         <kind>object</kind>
         <file>IPQ_MEAS.obj</file>
         <name>IPQ_MEAS.obj</name>
      </input_file>
      <input_file id="fl-10">
         <path>.\</path>
         <kind>object</kind>
         <file>Interrupciones.obj</file>
         <name>Interrupciones.obj</name>
      </input_file>
      <input_file id="fl-11">
         <path>.\</path>
         <kind>object</kind>
         <file>LIMITS.obj</file>
         <name>LIMITS.obj</name>
      </input_file>
      <input_file id="fl-12">
         <path>.\</path>
         <kind>object</kind>
         <file>NOTCH.obj</file>
         <name>NOTCH.obj</name>
      </input_file>
      <input_file id="fl-13">
         <path>.\</path>
         <kind>object</kind>
         <file>OVER_PROT.obj</file>
         <name>OVER_PROT.obj</name>
      </input_file>
      <input_file id="fl-14">
         <path>.\</path>
         <kind>object</kind>
         <file>PARK.obj</file>
         <name>PARK.obj</name>
      </input_file>
      <input_file id="fl-15">
         <path>.\</path>
         <kind>object</kind>
         <file>PF2Q.obj</file>
         <name>PF2Q.obj</name>
      </input_file>
      <input_file id="fl-16">
         <path>.\</path>
         <kind>object</kind>
         <file>PIAW_CONTROLLER.obj</file>
         <name>PIAW_CONTROLLER.obj</name>
      </input_file>
      <input_file id="fl-17">
         <path>.\</path>
         <kind>object</kind>
         <file>PI_CONTROLLER.obj</file>
         <name>PI_CONTROLLER.obj</name>
      </input_file>
      <input_file id="fl-18">
         <path>.\</path>
         <kind>object</kind>
         <file>PO.obj</file>
         <name>PO.obj</name>
      </input_file>
      <input_file id="fl-19">
         <path>.\</path>
         <kind>object</kind>
         <file>PT1.obj</file>
         <name>PT1.obj</name>
      </input_file>
      <input_file id="fl-1a">
         <path>.\</path>
         <kind>object</kind>
         <file>PWM_DAC.obj</file>
         <name>PWM_DAC.obj</name>
      </input_file>
      <input_file id="fl-1b">
         <path>.\</path>
         <kind>object</kind>
         <file>PWM_config.obj</file>
         <name>PWM_config.obj</name>
      </input_file>
      <input_file id="fl-1c">
         <path>.\</path>
         <kind>object</kind>
         <file>P_CONTROLLER.obj</file>
         <name>P_CONTROLLER.obj</name>
      </input_file>
      <input_file id="fl-1d">
         <path>.\</path>
         <kind>object</kind>
         <file>PieVect_5_6_7_8_9_10.obj</file>
         <name>PieVect_5_6_7_8_9_10.obj</name>
      </input_file>
      <input_file id="fl-1e">
         <path>.\</path>
         <kind>object</kind>
         <file>Pie_config.obj</file>
         <name>Pie_config.obj</name>
      </input_file>
      <input_file id="fl-1f">
         <path>.\</path>
         <kind>object</kind>
         <file>RATE_LIMITER.obj</file>
         <name>RATE_LIMITER.obj</name>
      </input_file>
      <input_file id="fl-20">
         <path>.\</path>
         <kind>object</kind>
         <file>SEQ_CORE.obj</file>
         <name>SEQ_CORE.obj</name>
      </input_file>
      <input_file id="fl-21">
         <path>.\</path>
         <kind>object</kind>
         <file>SIGNAL_1Ph.obj</file>
         <name>SIGNAL_1Ph.obj</name>
      </input_file>
      <input_file id="fl-22">
         <path>.\</path>
         <kind>object</kind>
         <file>SIGNAL_3Ph.obj</file>
         <name>SIGNAL_3Ph.obj</name>
      </input_file>
      <input_file id="fl-23">
         <path>.\</path>
         <kind>object</kind>
         <file>SOGI.obj</file>
         <name>SOGI.obj</name>
      </input_file>
      <input_file id="fl-24">
         <path>.\</path>
         <kind>object</kind>
         <file>SVPWM.obj</file>
         <name>SVPWM.obj</name>
      </input_file>
      <input_file id="fl-25">
         <path>.\</path>
         <kind>object</kind>
         <file>SWITCH_2IN.obj</file>
         <name>SWITCH_2IN.obj</name>
      </input_file>
      <input_file id="fl-26">
         <path>.\</path>
         <kind>object</kind>
         <file>SWITCH_2IN_3Ph.obj</file>
         <name>SWITCH_2IN_3Ph.obj</name>
      </input_file>
      <input_file id="fl-27">
         <path>.\</path>
         <kind>object</kind>
         <file>SYM_COS.obj</file>
         <name>SYM_COS.obj</name>
      </input_file>
      <input_file id="fl-28">
         <path>.\</path>
         <kind>object</kind>
         <file>SYM_SIN.obj</file>
         <name>SYM_SIN.obj</name>
      </input_file>
      <input_file id="fl-29">
         <path>.\</path>
         <kind>object</kind>
         <file>SysCtrl.obj</file>
         <name>SysCtrl.obj</name>
      </input_file>
      <input_file id="fl-2a">
         <path>.\</path>
         <kind>object</kind>
         <file>VCO.obj</file>
         <name>VCO.obj</name>
      </input_file>
      <input_file id="fl-2b">
         <path>.\</path>
         <kind>object</kind>
         <file>Watchdog.obj</file>
         <name>Watchdog.obj</name>
      </input_file>
      <input_file id="fl-2c">
         <path>.\</path>
         <kind>object</kind>
         <file>main.obj</file>
         <name>main.obj</name>
      </input_file>
      <input_file id="fl-2d">
         <path>.\</path>
         <kind>object</kind>
         <file>modulacion_vectorial.obj</file>
         <name>modulacion_vectorial.obj</name>
      </input_file>
      <input_file id="fl-2e">
         <path>.\</path>
         <kind>object</kind>
         <file>pll.obj</file>
         <name>pll.obj</name>
      </input_file>
      <input_file id="fl-2f">
         <path>.\</path>
         <kind>object</kind>
         <file>pruebas.obj</file>
         <name>pruebas.obj</name>
      </input_file>
      <input_file id="fl-34">
         <kind>object</kind>
         <file>&lt;internal&gt;</file>
         <name>&lt;internal&gt;</name>
      </input_file>
      <input_file id="fl-40">
         <path>C:\ti\ccs1260\ccs\tools\compiler\ti-cgt-c2000_22.6.1.LTS\lib\</path>
         <kind>archive</kind>
         <file>rts2800_fpu32.lib</file>
         <name>e_fmodf.c.obj</name>
      </input_file>
      <input_file id="fl-41">
         <path>C:\ti\ccs1260\ccs\tools\compiler\ti-cgt-c2000_22.6.1.LTS\lib\</path>
         <kind>archive</kind>
         <file>rts2800_fpu32.lib</file>
         <name>e_sqrtf.c.obj</name>
      </input_file>
      <input_file id="fl-42">
         <path>C:\ti\ccs1260\ccs\tools\compiler\ti-cgt-c2000_22.6.1.LTS\lib\</path>
         <kind>archive</kind>
         <file>rts2800_fpu32.lib</file>
         <name>s_ceilf.c.obj</name>
      </input_file>
      <input_file id="fl-43">
         <path>C:\ti\ccs1260\ccs\tools\compiler\ti-cgt-c2000_22.6.1.LTS\lib\</path>
         <kind>archive</kind>
         <file>rts2800_fpu32.lib</file>
         <name>s_cosf.c.obj</name>
      </input_file>
      <input_file id="fl-44">
         <path>C:\ti\ccs1260\ccs\tools\compiler\ti-cgt-c2000_22.6.1.LTS\lib\</path>
         <kind>archive</kind>
         <file>rts2800_fpu32.lib</file>
         <name>s_sinf.c.obj</name>
      </input_file>
      <input_file id="fl-45">
         <path>C:\ti\ccs1260\ccs\tools\compiler\ti-cgt-c2000_22.6.1.LTS\lib\</path>
         <kind>archive</kind>
         <file>rts2800_fpu32.lib</file>
         <name>boot28.asm.obj</name>
      </input_file>
      <input_file id="fl-46">
         <path>C:\ti\ccs1260\ccs\tools\compiler\ti-cgt-c2000_22.6.1.LTS\lib\</path>
         <kind>archive</kind>
         <file>rts2800_fpu32.lib</file>
         <name>fs_div28.asm.obj</name>
      </input_file>
      <input_file id="fl-47">
         <path>C:\ti\ccs1260\ccs\tools\compiler\ti-cgt-c2000_22.6.1.LTS\lib\</path>
         <kind>archive</kind>
         <file>rts2800_fpu32.lib</file>
         <name>cpy_tbl.c.obj</name>
      </input_file>
      <input_file id="fl-48">
         <path>C:\ti\ccs1260\ccs\tools\compiler\ti-cgt-c2000_22.6.1.LTS\lib\</path>
         <kind>archive</kind>
         <file>rts2800_fpu32.lib</file>
         <name>memcpy.c.obj</name>
      </input_file>
      <input_file id="fl-49">
         <path>C:\ti\ccs1260\ccs\tools\compiler\ti-cgt-c2000_22.6.1.LTS\lib\</path>
         <kind>archive</kind>
         <file>rts2800_fpu32.lib</file>
         <name>pre_init.c.obj</name>
      </input_file>
      <input_file id="fl-4a">
         <path>C:\ti\ccs1260\ccs\tools\compiler\ti-cgt-c2000_22.6.1.LTS\lib\</path>
         <kind>archive</kind>
         <file>rts2800_fpu32.lib</file>
         <name>startup.c.obj</name>
      </input_file>
      <input_file id="fl-4b">
         <path>C:\ti\ccs1260\ccs\tools\compiler\ti-cgt-c2000_22.6.1.LTS\lib\</path>
         <kind>archive</kind>
         <file>rts2800_fpu32.lib</file>
         <name>exit.c.obj</name>
      </input_file>
      <input_file id="fl-4c">
         <path>C:\ti\ccs1260\ccs\tools\compiler\ti-cgt-c2000_22.6.1.LTS\lib\</path>
         <kind>archive</kind>
         <file>rts2800_fpu32.lib</file>
         <name>_lock.c.obj</name>
      </input_file>
      <input_file id="fl-4d">
         <path>C:\ti\ccs1260\ccs\tools\compiler\ti-cgt-c2000_22.6.1.LTS\lib\</path>
         <kind>archive</kind>
         <file>rts2800_fpu32.lib</file>
         <name>args_main.c.obj</name>
      </input_file>
      <input_file id="fl-4e">
         <path>C:\ti\ccs1260\ccs\tools\compiler\ti-cgt-c2000_22.6.1.LTS\lib\</path>
         <kind>archive</kind>
         <file>rts2800_fpu32.lib</file>
         <name>errno.c.obj</name>
      </input_file>
   </input_file_list>
   <object_component_list>
      <object_component id="oc-152">
         <name>.text:retain</name>
         <load_address>0x8000</load_address>
         <run_address>0x8000</run_address>
         <size>0xd5f</size>
         <input_file_ref idref="fl-2e"/>
      </object_component>
      <object_component id="oc-1b0">
         <name>.text</name>
         <load_address>0x8d5f</load_address>
         <run_address>0x8d5f</run_address>
         <size>0xace</size>
         <input_file_ref idref="fl-2d"/>
      </object_component>
      <object_component id="oc-bb">
         <name>.text:retain</name>
         <load_address>0x982d</load_address>
         <run_address>0x982d</run_address>
         <size>0x4f3</size>
         <input_file_ref idref="fl-10"/>
      </object_component>
      <object_component id="oc-1d2">
         <name>.text</name>
         <load_address>0x9d20</load_address>
         <run_address>0x9d20</run_address>
         <size>0x480</size>
         <input_file_ref idref="fl-1b"/>
      </object_component>
      <object_component id="oc-1c9">
         <name>.text</name>
         <load_address>0xa1a0</load_address>
         <run_address>0xa1a0</run_address>
         <size>0x12a</size>
         <input_file_ref idref="fl-d"/>
      </object_component>
      <object_component id="oc-1d1">
         <name>.text</name>
         <load_address>0xa2ca</load_address>
         <run_address>0xa2ca</run_address>
         <size>0x117</size>
         <input_file_ref idref="fl-2"/>
      </object_component>
      <object_component id="oc-1c0">
         <name>.text</name>
         <load_address>0xa3e1</load_address>
         <run_address>0xa3e1</run_address>
         <size>0xcf</size>
         <input_file_ref idref="fl-40"/>
      </object_component>
      <object_component id="oc-17d">
         <name>.text</name>
         <load_address>0xa4b0</load_address>
         <run_address>0xa4b0</run_address>
         <size>0x88</size>
         <input_file_ref idref="fl-46"/>
      </object_component>
      <object_component id="oc-1b1">
         <name>.text</name>
         <load_address>0xa538</load_address>
         <run_address>0xa538</run_address>
         <size>0x75</size>
         <input_file_ref idref="fl-2e"/>
      </object_component>
      <object_component id="oc-1c8">
         <name>.text</name>
         <load_address>0xa5ad</load_address>
         <run_address>0xa5ad</run_address>
         <size>0x72</size>
         <input_file_ref idref="fl-29"/>
      </object_component>
      <object_component id="oc-1b2">
         <name>.text</name>
         <load_address>0xa61f</load_address>
         <run_address>0xa61f</run_address>
         <size>0x6d</size>
         <input_file_ref idref="fl-20"/>
      </object_component>
      <object_component id="oc-1bb">
         <name>.text</name>
         <load_address>0xa68c</load_address>
         <run_address>0xa68c</run_address>
         <size>0x66</size>
         <input_file_ref idref="fl-44"/>
      </object_component>
      <object_component id="oc-1b8">
         <name>.text</name>
         <load_address>0xa6f2</load_address>
         <run_address>0xa6f2</run_address>
         <size>0x63</size>
         <input_file_ref idref="fl-43"/>
      </object_component>
      <object_component id="oc-1c1">
         <name>.text</name>
         <load_address>0xa755</load_address>
         <run_address>0xa755</run_address>
         <size>0x58</size>
         <input_file_ref idref="fl-42"/>
      </object_component>
      <object_component id="oc-43">
         <name>.text</name>
         <load_address>0xa7ad</load_address>
         <run_address>0xa7ad</run_address>
         <size>0x56</size>
         <input_file_ref idref="fl-45"/>
      </object_component>
      <object_component id="oc-1cc">
         <name>.text</name>
         <load_address>0xa803</load_address>
         <run_address>0xa803</run_address>
         <size>0x4b</size>
         <input_file_ref idref="fl-2f"/>
      </object_component>
      <object_component id="oc-1ca">
         <name>.text</name>
         <load_address>0xa84e</load_address>
         <run_address>0xa84e</run_address>
         <size>0x2d</size>
         <input_file_ref idref="fl-1e"/>
      </object_component>
      <object_component id="oc-1b5">
         <name>.text</name>
         <load_address>0xa87b</load_address>
         <run_address>0xa87b</run_address>
         <size>0x29</size>
         <input_file_ref idref="fl-c"/>
      </object_component>
      <object_component id="oc-1af">
         <name>.text</name>
         <load_address>0xa8a4</load_address>
         <run_address>0xa8a4</run_address>
         <size>0x29</size>
         <input_file_ref idref="fl-4b"/>
      </object_component>
      <object_component id="oc-1ad">
         <name>.text</name>
         <load_address>0xa8cd</load_address>
         <run_address>0xa8cd</run_address>
         <size>0x1</size>
         <input_file_ref idref="fl-4a"/>
      </object_component>
      <object_component id="oc-1c2">
         <name>.text</name>
         <load_address>0xa8ce</load_address>
         <run_address>0xa8ce</run_address>
         <size>0x27</size>
         <input_file_ref idref="fl-41"/>
      </object_component>
      <object_component id="oc-1ac">
         <name>.text</name>
         <load_address>0xa8f5</load_address>
         <run_address>0xa8f5</run_address>
         <size>0x24</size>
         <input_file_ref idref="fl-47"/>
      </object_component>
      <object_component id="oc-1b4">
         <name>.text</name>
         <load_address>0xa919</load_address>
         <run_address>0xa919</run_address>
         <size>0x20</size>
         <input_file_ref idref="fl-b"/>
      </object_component>
      <object_component id="oc-1c5">
         <name>.text</name>
         <load_address>0xa939</load_address>
         <run_address>0xa939</run_address>
         <size>0x1f</size>
         <input_file_ref idref="fl-27"/>
      </object_component>
      <object_component id="oc-1c6">
         <name>.text</name>
         <load_address>0xa958</load_address>
         <run_address>0xa958</run_address>
         <size>0x1f</size>
         <input_file_ref idref="fl-28"/>
      </object_component>
      <object_component id="oc-1b7">
         <name>.text</name>
         <load_address>0xa977</load_address>
         <run_address>0xa977</run_address>
         <size>0x1e</size>
         <input_file_ref idref="fl-1f"/>
      </object_component>
      <object_component id="oc-1bc">
         <name>.text</name>
         <load_address>0xa995</load_address>
         <run_address>0xa995</run_address>
         <size>0x1d</size>
         <input_file_ref idref="fl-48"/>
      </object_component>
      <object_component id="oc-1c4">
         <name>.text</name>
         <load_address>0xa9b2</load_address>
         <run_address>0xa9b2</run_address>
         <size>0x19</size>
         <input_file_ref idref="fl-2a"/>
      </object_component>
      <object_component id="oc-1c3">
         <name>.text</name>
         <load_address>0xa9cb</load_address>
         <run_address>0xa9cb</run_address>
         <size>0x17</size>
         <input_file_ref idref="fl-22"/>
      </object_component>
      <object_component id="oc-1c7">
         <name>.text</name>
         <load_address>0xa9e2</load_address>
         <run_address>0xa9e2</run_address>
         <size>0x14</size>
         <input_file_ref idref="fl-11"/>
      </object_component>
      <object_component id="oc-1b3">
         <name>.text</name>
         <load_address>0xa9f6</load_address>
         <run_address>0xa9f6</run_address>
         <size>0x12</size>
         <input_file_ref idref="fl-e"/>
      </object_component>
      <object_component id="oc-1ae">
         <name>.text</name>
         <load_address>0xaa08</load_address>
         <run_address>0xaa08</run_address>
         <size>0x12</size>
         <input_file_ref idref="fl-4d"/>
      </object_component>
      <object_component id="oc-97">
         <name>.text</name>
         <load_address>0xaa1a</load_address>
         <run_address>0xaa1a</run_address>
         <size>0x10</size>
         <input_file_ref idref="fl-9"/>
      </object_component>
      <object_component id="oc-1cb">
         <name>.text</name>
         <load_address>0xaa2a</load_address>
         <run_address>0xaa2a</run_address>
         <size>0xf</size>
         <input_file_ref idref="fl-2b"/>
      </object_component>
      <object_component id="oc-1b6">
         <name>.text</name>
         <load_address>0xaa39</load_address>
         <run_address>0xaa39</run_address>
         <size>0xd</size>
         <input_file_ref idref="fl-3"/>
      </object_component>
      <object_component id="oc-1bd">
         <name>.text</name>
         <load_address>0xaa46</load_address>
         <run_address>0xaa46</run_address>
         <size>0xb</size>
         <input_file_ref idref="fl-2c"/>
      </object_component>
      <object_component id="oc-1cd">
         <name>.text</name>
         <load_address>0xaa51</load_address>
         <run_address>0xaa51</run_address>
         <size>0x9</size>
         <input_file_ref idref="fl-4c"/>
      </object_component>
      <object_component id="oc-58">
         <name>.text</name>
         <load_address>0xaa5a</load_address>
         <run_address>0xaa5a</run_address>
         <size>0x7</size>
         <input_file_ref idref="fl-6"/>
      </object_component>
      <object_component id="oc-1ab">
         <name>.text</name>
         <load_address>0xaa61</load_address>
         <run_address>0xaa61</run_address>
         <size>0x2</size>
         <input_file_ref idref="fl-49"/>
      </object_component>
      <object_component id="oc-150">
         <name>.cinit</name>
         <load_address>0xaa63</load_address>
         <run_address>0xaa63</run_address>
         <size>0x9b</size>
         <input_file_ref idref="fl-2e"/>
      </object_component>
      <object_component id="oc-149">
         <name>.cinit</name>
         <load_address>0xaafe</load_address>
         <run_address>0xaafe</run_address>
         <size>0x27</size>
         <input_file_ref idref="fl-2d"/>
      </object_component>
      <object_component id="oc-f0">
         <name>.cinit</name>
         <load_address>0xab25</load_address>
         <run_address>0xab25</run_address>
         <size>0x20</size>
         <input_file_ref idref="fl-1b"/>
      </object_component>
      <object_component id="oc-197">
         <name>.cinit</name>
         <load_address>0xab45</load_address>
         <run_address>0xab45</run_address>
         <size>0xe</size>
         <input_file_ref idref="fl-4b"/>
      </object_component>
      <object_component id="oc-1ba">
         <name>.cinit:_VPLL</name>
         <load_address>0xab53</load_address>
         <run_address>0xab53</run_address>
         <size>0x9</size>
         <input_file_ref idref="fl-2e"/>
      </object_component>
      <object_component id="oc-1bf">
         <name>.cinit:__lock</name>
         <load_address>0xab5c</load_address>
         <run_address>0xab5c</run_address>
         <size>0x5</size>
         <input_file_ref idref="fl-4c"/>
      </object_component>
      <object_component id="oc-1ce">
         <name>.cinit:__unlock</name>
         <load_address>0xab61</load_address>
         <run_address>0xab61</run_address>
         <size>0x5</size>
         <input_file_ref idref="fl-4c"/>
      </object_component>
      <object_component id="oc-1a8">
         <name>.cinit</name>
         <load_address>0xab66</load_address>
         <run_address>0xab66</run_address>
         <size>0x4</size>
         <input_file_ref idref="fl-4e"/>
      </object_component>
      <object_component id="oc-1d0">
         <name>.econst:_PieVectTableInit</name>
         <load_address>0xab6c</load_address>
         <run_address>0xab6c</run_address>
         <size>0x100</size>
         <input_file_ref idref="fl-1d"/>
      </object_component>
      <object_component id="oc-1cf">
         <name>.econst:_Zero</name>
         <load_address>0xac6c</load_address>
         <run_address>0xac6c</run_address>
         <size>0x4</size>
         <input_file_ref idref="fl-40"/>
      </object_component>
      <object_component id="oc-15d">
         <name>.econst</name>
         <load_address>0xac70</load_address>
         <run_address>0xac70</run_address>
         <size>0x2</size>
         <input_file_ref idref="fl-40"/>
      </object_component>
      <object_component id="oc-168">
         <name>.econst</name>
         <load_address>0xac72</load_address>
         <run_address>0xac72</run_address>
         <size>0x2</size>
         <input_file_ref idref="fl-42"/>
      </object_component>
      <object_component id="oc-178">
         <name>.reset</name>
         <load_address>0x3fffc0</load_address>
         <run_address>0x3fffc0</run_address>
         <size>0x2</size>
         <input_file_ref idref="fl-45"/>
      </object_component>
      <object_component id="oc-f1">
         <name>.ebss</name>
         <uninitialized>true</uninitialized>
         <run_address>0xc31e</run_address>
         <size>0x8</size>
         <input_file_ref idref="fl-1b"/>
      </object_component>
      <object_component id="oc-14a">
         <name>.ebss</name>
         <uninitialized>true</uninitialized>
         <run_address>0xc30e</run_address>
         <size>0x10</size>
         <input_file_ref idref="fl-2d"/>
      </object_component>
      <object_component id="oc-151">
         <name>.ebss</name>
         <uninitialized>true</uninitialized>
         <run_address>0xc000</run_address>
         <size>0x30e</size>
         <input_file_ref idref="fl-2e"/>
      </object_component>
      <object_component id="oc-1b9">
         <name>.ebss:_VPLL</name>
         <uninitialized>true</uninitialized>
         <run_address>0xc326</run_address>
         <size>0x6</size>
         <input_file_ref idref="fl-2e"/>
      </object_component>
      <object_component id="oc-198">
         <name>.ebss</name>
         <uninitialized>true</uninitialized>
         <run_address>0xc32c</run_address>
         <size>0x6</size>
         <input_file_ref idref="fl-4b"/>
      </object_component>
      <object_component id="oc-1be">
         <name>.ebss:__lock</name>
         <uninitialized>true</uninitialized>
         <run_address>0xc332</run_address>
         <size>0x2</size>
         <input_file_ref idref="fl-4c"/>
      </object_component>
      <object_component id="oc-1d3">
         <name>.ebss:__unlock</name>
         <uninitialized>true</uninitialized>
         <run_address>0xc334</run_address>
         <size>0x2</size>
         <input_file_ref idref="fl-4c"/>
      </object_component>
      <object_component id="oc-1a9">
         <name>.ebss</name>
         <uninitialized>true</uninitialized>
         <run_address>0xc336</run_address>
         <size>0x1</size>
         <input_file_ref idref="fl-4e"/>
      </object_component>
      <object_component id="oc-177">
         <name>.stack</name>
         <uninitialized>true</uninitialized>
         <run_address>0x400</run_address>
         <size>0x0</size>
         <input_file_ref idref="fl-45"/>
      </object_component>
      <object_component id="oc-222">
         <name>.stack</name>
         <uninitialized>true</uninitialized>
         <run_address>0x400</run_address>
         <size>0x0</size>
      </object_component>
      <object_component id="oc-59">
         <name>codestart</name>
         <load_address>0x0</load_address>
         <run_address>0x0</run_address>
         <size>0x2</size>
         <input_file_ref idref="fl-6"/>
      </object_component>
      <object_component id="oc-95">
         <name>PieVectTableFile</name>
         <uninitialized>true</uninitialized>
         <run_address>0xd00</run_address>
         <size>0x100</size>
         <input_file_ref idref="fl-8"/>
      </object_component>
      <object_component id="oc-91">
         <name>DevEmuRegsFile</name>
         <uninitialized>true</uninitialized>
         <run_address>0x880</run_address>
         <size>0xd0</size>
         <input_file_ref idref="fl-8"/>
      </object_component>
      <object_component id="oc-69">
         <name>FlashRegsFile</name>
         <uninitialized>true</uninitialized>
         <run_address>0xa80</run_address>
         <size>0x8</size>
         <input_file_ref idref="fl-8"/>
      </object_component>
      <object_component id="oc-6c">
         <name>CsmRegsFile</name>
         <uninitialized>true</uninitialized>
         <run_address>0xae0</run_address>
         <size>0x10</size>
         <input_file_ref idref="fl-8"/>
      </object_component>
      <object_component id="oc-6b">
         <name>AdcMirrorFile</name>
         <uninitialized>true</uninitialized>
         <run_address>0xb00</run_address>
         <size>0x10</size>
         <input_file_ref idref="fl-8"/>
      </object_component>
      <object_component id="oc-74">
         <name>XintfRegsFile</name>
         <uninitialized>true</uninitialized>
         <run_address>0xb20</run_address>
         <size>0x1e</size>
         <input_file_ref idref="fl-8"/>
      </object_component>
      <object_component id="oc-65">
         <name>CpuTimer0RegsFile</name>
         <uninitialized>true</uninitialized>
         <run_address>0xc00</run_address>
         <size>0x8</size>
         <input_file_ref idref="fl-8"/>
      </object_component>
      <object_component id="oc-66">
         <name>CpuTimer1RegsFile</name>
         <uninitialized>true</uninitialized>
         <run_address>0xc08</run_address>
         <size>0x8</size>
         <input_file_ref idref="fl-8"/>
      </object_component>
      <object_component id="oc-67">
         <name>CpuTimer2RegsFile</name>
         <uninitialized>true</uninitialized>
         <run_address>0xc10</run_address>
         <size>0x8</size>
         <input_file_ref idref="fl-8"/>
      </object_component>
      <object_component id="oc-72">
         <name>PieCtrlRegsFile</name>
         <uninitialized>true</uninitialized>
         <run_address>0xce0</run_address>
         <size>0x1a</size>
         <input_file_ref idref="fl-8"/>
      </object_component>
      <object_component id="oc-92">
         <name>DmaRegsFile</name>
         <uninitialized>true</uninitialized>
         <run_address>0x1000</run_address>
         <size>0xe0</size>
         <input_file_ref idref="fl-8"/>
      </object_component>
      <object_component id="oc-84">
         <name>McbspaRegsFile</name>
         <uninitialized>true</uninitialized>
         <run_address>0x5000</run_address>
         <size>0x25</size>
         <input_file_ref idref="fl-8"/>
      </object_component>
      <object_component id="oc-85">
         <name>McbspbRegsFile</name>
         <uninitialized>true</uninitialized>
         <run_address>0x5040</run_address>
         <size>0x25</size>
         <input_file_ref idref="fl-8"/>
      </object_component>
      <object_component id="oc-87">
         <name>ECanaRegsFile</name>
         <uninitialized>true</uninitialized>
         <run_address>0x6000</run_address>
         <size>0x34</size>
         <input_file_ref idref="fl-8"/>
      </object_component>
      <object_component id="oc-89">
         <name>ECanaLAMRegsFile</name>
         <uninitialized>true</uninitialized>
         <run_address>0x6040</run_address>
         <size>0x40</size>
         <input_file_ref idref="fl-8"/>
      </object_component>
      <object_component id="oc-93">
         <name>ECanaMboxesFile</name>
         <uninitialized>true</uninitialized>
         <run_address>0x6100</run_address>
         <size>0x100</size>
         <input_file_ref idref="fl-8"/>
      </object_component>
      <object_component id="oc-8a">
         <name>ECanaMOTSRegsFile</name>
         <uninitialized>true</uninitialized>
         <run_address>0x6080</run_address>
         <size>0x40</size>
         <input_file_ref idref="fl-8"/>
      </object_component>
      <object_component id="oc-8b">
         <name>ECanaMOTORegsFile</name>
         <uninitialized>true</uninitialized>
         <run_address>0x60c0</run_address>
         <size>0x40</size>
         <input_file_ref idref="fl-8"/>
      </object_component>
      <object_component id="oc-88">
         <name>ECanbRegsFile</name>
         <uninitialized>true</uninitialized>
         <run_address>0x6200</run_address>
         <size>0x34</size>
         <input_file_ref idref="fl-8"/>
      </object_component>
      <object_component id="oc-8c">
         <name>ECanbLAMRegsFile</name>
         <uninitialized>true</uninitialized>
         <run_address>0x6240</run_address>
         <size>0x40</size>
         <input_file_ref idref="fl-8"/>
      </object_component>
      <object_component id="oc-94">
         <name>ECanbMboxesFile</name>
         <uninitialized>true</uninitialized>
         <run_address>0x6300</run_address>
         <size>0x100</size>
         <input_file_ref idref="fl-8"/>
      </object_component>
      <object_component id="oc-8d">
         <name>ECanbMOTSRegsFile</name>
         <uninitialized>true</uninitialized>
         <run_address>0x6280</run_address>
         <size>0x40</size>
         <input_file_ref idref="fl-8"/>
      </object_component>
      <object_component id="oc-8e">
         <name>ECanbMOTORegsFile</name>
         <uninitialized>true</uninitialized>
         <run_address>0x62c0</run_address>
         <size>0x40</size>
         <input_file_ref idref="fl-8"/>
      </object_component>
      <object_component id="oc-7d">
         <name>EPwm1RegsFile</name>
         <uninitialized>true</uninitialized>
         <run_address>0x6800</run_address>
         <size>0x22</size>
         <input_file_ref idref="fl-8"/>
      </object_component>
      <object_component id="oc-7e">
         <name>EPwm2RegsFile</name>
         <uninitialized>true</uninitialized>
         <run_address>0x6840</run_address>
         <size>0x22</size>
         <input_file_ref idref="fl-8"/>
      </object_component>
      <object_component id="oc-7f">
         <name>EPwm3RegsFile</name>
         <uninitialized>true</uninitialized>
         <run_address>0x6880</run_address>
         <size>0x22</size>
         <input_file_ref idref="fl-8"/>
      </object_component>
      <object_component id="oc-80">
         <name>EPwm4RegsFile</name>
         <uninitialized>true</uninitialized>
         <run_address>0x68c0</run_address>
         <size>0x22</size>
         <input_file_ref idref="fl-8"/>
      </object_component>
      <object_component id="oc-81">
         <name>EPwm5RegsFile</name>
         <uninitialized>true</uninitialized>
         <run_address>0x6900</run_address>
         <size>0x22</size>
         <input_file_ref idref="fl-8"/>
      </object_component>
      <object_component id="oc-82">
         <name>EPwm6RegsFile</name>
         <uninitialized>true</uninitialized>
         <run_address>0x6940</run_address>
         <size>0x22</size>
         <input_file_ref idref="fl-8"/>
      </object_component>
      <object_component id="oc-75">
         <name>ECap1RegsFile</name>
         <uninitialized>true</uninitialized>
         <run_address>0x6a00</run_address>
         <size>0x20</size>
         <input_file_ref idref="fl-8"/>
      </object_component>
      <object_component id="oc-76">
         <name>ECap2RegsFile</name>
         <uninitialized>true</uninitialized>
         <run_address>0x6a20</run_address>
         <size>0x20</size>
         <input_file_ref idref="fl-8"/>
      </object_component>
      <object_component id="oc-77">
         <name>ECap3RegsFile</name>
         <uninitialized>true</uninitialized>
         <run_address>0x6a40</run_address>
         <size>0x20</size>
         <input_file_ref idref="fl-8"/>
      </object_component>
      <object_component id="oc-78">
         <name>ECap4RegsFile</name>
         <uninitialized>true</uninitialized>
         <run_address>0x6a60</run_address>
         <size>0x20</size>
         <input_file_ref idref="fl-8"/>
      </object_component>
      <object_component id="oc-79">
         <name>ECap5RegsFile</name>
         <uninitialized>true</uninitialized>
         <run_address>0x6a80</run_address>
         <size>0x20</size>
         <input_file_ref idref="fl-8"/>
      </object_component>
      <object_component id="oc-7a">
         <name>ECap6RegsFile</name>
         <uninitialized>true</uninitialized>
         <run_address>0x6aa0</run_address>
         <size>0x20</size>
         <input_file_ref idref="fl-8"/>
      </object_component>
      <object_component id="oc-8f">
         <name>EQep1RegsFile</name>
         <uninitialized>true</uninitialized>
         <run_address>0x6b00</run_address>
         <size>0x40</size>
         <input_file_ref idref="fl-8"/>
      </object_component>
      <object_component id="oc-90">
         <name>EQep2RegsFile</name>
         <uninitialized>true</uninitialized>
         <run_address>0x6b40</run_address>
         <size>0x40</size>
         <input_file_ref idref="fl-8"/>
      </object_component>
      <object_component id="oc-86">
         <name>GpioCtrlRegsFile</name>
         <uninitialized>true</uninitialized>
         <run_address>0x6f80</run_address>
         <size>0x2e</size>
         <input_file_ref idref="fl-8"/>
      </object_component>
      <object_component id="oc-7b">
         <name>GpioDataRegsFile</name>
         <uninitialized>true</uninitialized>
         <run_address>0x6fc0</run_address>
         <size>0x20</size>
         <input_file_ref idref="fl-8"/>
      </object_component>
      <object_component id="oc-6a">
         <name>GpioIntRegsFile</name>
         <uninitialized>true</uninitialized>
         <run_address>0x6fe0</run_address>
         <size>0xa</size>
         <input_file_ref idref="fl-8"/>
      </object_component>
      <object_component id="oc-7c">
         <name>SysCtrlRegsFile</name>
         <uninitialized>true</uninitialized>
         <run_address>0x7010</run_address>
         <size>0x20</size>
         <input_file_ref idref="fl-8"/>
      </object_component>
      <object_component id="oc-70">
         <name>SpiaRegsFile</name>
         <uninitialized>true</uninitialized>
         <run_address>0x7040</run_address>
         <size>0x10</size>
         <input_file_ref idref="fl-8"/>
      </object_component>
      <object_component id="oc-6d">
         <name>SciaRegsFile</name>
         <uninitialized>true</uninitialized>
         <run_address>0x7050</run_address>
         <size>0x10</size>
         <input_file_ref idref="fl-8"/>
      </object_component>
      <object_component id="oc-71">
         <name>XIntruptRegsFile</name>
         <uninitialized>true</uninitialized>
         <run_address>0x7070</run_address>
         <size>0x10</size>
         <input_file_ref idref="fl-8"/>
      </object_component>
      <object_component id="oc-73">
         <name>AdcRegsFile</name>
         <uninitialized>true</uninitialized>
         <run_address>0x7100</run_address>
         <size>0x1e</size>
         <input_file_ref idref="fl-8"/>
      </object_component>
      <object_component id="oc-6e">
         <name>ScibRegsFile</name>
         <uninitialized>true</uninitialized>
         <run_address>0x7750</run_address>
         <size>0x10</size>
         <input_file_ref idref="fl-8"/>
      </object_component>
      <object_component id="oc-6f">
         <name>ScicRegsFile</name>
         <uninitialized>true</uninitialized>
         <run_address>0x7770</run_address>
         <size>0x10</size>
         <input_file_ref idref="fl-8"/>
      </object_component>
      <object_component id="oc-83">
         <name>I2caRegsFile</name>
         <uninitialized>true</uninitialized>
         <run_address>0x7900</run_address>
         <size>0x22</size>
         <input_file_ref idref="fl-8"/>
      </object_component>
      <object_component id="oc-68">
         <name>CsmPwlFile</name>
         <uninitialized>true</uninitialized>
         <run_address>0x33fff8</run_address>
         <size>0x8</size>
         <input_file_ref idref="fl-8"/>
      </object_component>
      <object_component id="oc-64">
         <name>PartIdRegsFile</name>
         <uninitialized>true</uninitialized>
         <run_address>0x380090</run_address>
         <size>0x1</size>
         <input_file_ref idref="fl-8"/>
      </object_component>
      <object_component id="oc-44">
         <name>.debug_info</name>
         <load_address>0x0</load_address>
         <run_address>0x0</run_address>
         <size>0x1c2d</size>
         <input_file_ref idref="fl-2"/>
      </object_component>
      <object_component id="oc-49">
         <name>.debug_info</name>
         <load_address>0x1c2d</load_address>
         <run_address>0x1c2d</run_address>
         <size>0x432</size>
         <input_file_ref idref="fl-3"/>
      </object_component>
      <object_component id="oc-4e">
         <name>.debug_info</name>
         <load_address>0x205f</load_address>
         <run_address>0x205f</run_address>
         <size>0x384</size>
         <input_file_ref idref="fl-4"/>
      </object_component>
      <object_component id="oc-53">
         <name>.debug_info</name>
         <load_address>0x23e3</load_address>
         <run_address>0x23e3</run_address>
         <size>0x3b6</size>
         <input_file_ref idref="fl-5"/>
      </object_component>
      <object_component id="oc-5b">
         <name>.debug_info</name>
         <load_address>0x2799</load_address>
         <run_address>0x2799</run_address>
         <size>0x103</size>
         <input_file_ref idref="fl-6"/>
      </object_component>
      <object_component id="oc-5e">
         <name>.debug_info</name>
         <load_address>0x289c</load_address>
         <run_address>0x289c</run_address>
         <size>0x37e</size>
         <input_file_ref idref="fl-7"/>
      </object_component>
      <object_component id="oc-63">
         <name>.debug_info</name>
         <load_address>0x2c1a</load_address>
         <run_address>0x2c1a</run_address>
         <size>0x13393</size>
         <input_file_ref idref="fl-8"/>
      </object_component>
      <object_component id="oc-99">
         <name>.debug_info</name>
         <load_address>0x15fad</load_address>
         <run_address>0x15fad</run_address>
         <size>0xd5</size>
         <input_file_ref idref="fl-9"/>
      </object_component>
      <object_component id="oc-9c">
         <name>.debug_info</name>
         <load_address>0x16082</load_address>
         <run_address>0x16082</run_address>
         <size>0x112d</size>
         <input_file_ref idref="fl-a"/>
      </object_component>
      <object_component id="oc-a1">
         <name>.debug_info</name>
         <load_address>0x171af</load_address>
         <run_address>0x171af</run_address>
         <size>0x536</size>
         <input_file_ref idref="fl-b"/>
      </object_component>
      <object_component id="oc-a6">
         <name>.debug_info</name>
         <load_address>0x176e5</load_address>
         <run_address>0x176e5</run_address>
         <size>0x4a4</size>
         <input_file_ref idref="fl-c"/>
      </object_component>
      <object_component id="oc-ab">
         <name>.debug_info</name>
         <load_address>0x17b89</load_address>
         <run_address>0x17b89</run_address>
         <size>0x2216</size>
         <input_file_ref idref="fl-d"/>
      </object_component>
      <object_component id="oc-b0">
         <name>.debug_info</name>
         <load_address>0x19d9f</load_address>
         <run_address>0x19d9f</run_address>
         <size>0x46e</size>
         <input_file_ref idref="fl-e"/>
      </object_component>
      <object_component id="oc-b5">
         <name>.debug_info</name>
         <load_address>0x1a20d</load_address>
         <run_address>0x1a20d</run_address>
         <size>0x3ce</size>
         <input_file_ref idref="fl-f"/>
      </object_component>
      <object_component id="oc-ba">
         <name>.debug_info</name>
         <load_address>0x1a5db</load_address>
         <run_address>0x1a5db</run_address>
         <size>0x5457</size>
         <input_file_ref idref="fl-10"/>
      </object_component>
      <object_component id="oc-c0">
         <name>.debug_info</name>
         <load_address>0x1fa32</load_address>
         <run_address>0x1fa32</run_address>
         <size>0x484</size>
         <input_file_ref idref="fl-11"/>
      </object_component>
      <object_component id="oc-c5">
         <name>.debug_info</name>
         <load_address>0x1feb6</load_address>
         <run_address>0x1feb6</run_address>
         <size>0x3a6</size>
         <input_file_ref idref="fl-12"/>
      </object_component>
      <object_component id="oc-ca">
         <name>.debug_info</name>
         <load_address>0x2025c</load_address>
         <run_address>0x2025c</run_address>
         <size>0x3fe</size>
         <input_file_ref idref="fl-13"/>
      </object_component>
      <object_component id="oc-cf">
         <name>.debug_info</name>
         <load_address>0x2065a</load_address>
         <run_address>0x2065a</run_address>
         <size>0x3d6</size>
         <input_file_ref idref="fl-14"/>
      </object_component>
      <object_component id="oc-d4">
         <name>.debug_info</name>
         <load_address>0x20a30</load_address>
         <run_address>0x20a30</run_address>
         <size>0x376</size>
         <input_file_ref idref="fl-15"/>
      </object_component>
      <object_component id="oc-d9">
         <name>.debug_info</name>
         <load_address>0x20da6</load_address>
         <run_address>0x20da6</run_address>
         <size>0x418</size>
         <input_file_ref idref="fl-16"/>
      </object_component>
      <object_component id="oc-de">
         <name>.debug_info</name>
         <load_address>0x211be</load_address>
         <run_address>0x211be</run_address>
         <size>0x3cc</size>
         <input_file_ref idref="fl-17"/>
      </object_component>
      <object_component id="oc-e3">
         <name>.debug_info</name>
         <load_address>0x2158a</load_address>
         <run_address>0x2158a</run_address>
         <size>0x195</size>
         <input_file_ref idref="fl-18"/>
      </object_component>
      <object_component id="oc-e5">
         <name>.debug_info</name>
         <load_address>0x2171f</load_address>
         <run_address>0x2171f</run_address>
         <size>0x3a4</size>
         <input_file_ref idref="fl-19"/>
      </object_component>
      <object_component id="oc-ea">
         <name>.debug_info</name>
         <load_address>0x21ac3</load_address>
         <run_address>0x21ac3</run_address>
         <size>0x3a2</size>
         <input_file_ref idref="fl-1a"/>
      </object_component>
      <object_component id="oc-ef">
         <name>.debug_info</name>
         <load_address>0x21e65</load_address>
         <run_address>0x21e65</run_address>
         <size>0x3314</size>
         <input_file_ref idref="fl-1b"/>
      </object_component>
      <object_component id="oc-f6">
         <name>.debug_info</name>
         <load_address>0x25179</load_address>
         <run_address>0x25179</run_address>
         <size>0x39c</size>
         <input_file_ref idref="fl-1c"/>
      </object_component>
      <object_component id="oc-fb">
         <name>.debug_info</name>
         <load_address>0x25515</load_address>
         <run_address>0x25515</run_address>
         <size>0x18c0</size>
         <input_file_ref idref="fl-1d"/>
      </object_component>
      <object_component id="oc-fd">
         <name>.debug_info</name>
         <load_address>0x26dd5</load_address>
         <run_address>0x26dd5</run_address>
         <size>0x1949</size>
         <input_file_ref idref="fl-1e"/>
      </object_component>
      <object_component id="oc-102">
         <name>.debug_info</name>
         <load_address>0x2871e</load_address>
         <run_address>0x2871e</run_address>
         <size>0x4da</size>
         <input_file_ref idref="fl-1f"/>
      </object_component>
      <object_component id="oc-107">
         <name>.debug_info</name>
         <load_address>0x28bf8</load_address>
         <run_address>0x28bf8</run_address>
         <size>0x8f0</size>
         <input_file_ref idref="fl-20"/>
      </object_component>
      <object_component id="oc-10c">
         <name>.debug_info</name>
         <load_address>0x294e8</load_address>
         <run_address>0x294e8</run_address>
         <size>0x38c</size>
         <input_file_ref idref="fl-21"/>
      </object_component>
      <object_component id="oc-111">
         <name>.debug_info</name>
         <load_address>0x29874</load_address>
         <run_address>0x29874</run_address>
         <size>0x478</size>
         <input_file_ref idref="fl-22"/>
      </object_component>
      <object_component id="oc-116">
         <name>.debug_info</name>
         <load_address>0x29cec</load_address>
         <run_address>0x29cec</run_address>
         <size>0x3e2</size>
         <input_file_ref idref="fl-23"/>
      </object_component>
      <object_component id="oc-11b">
         <name>.debug_info</name>
         <load_address>0x2a0ce</load_address>
         <run_address>0x2a0ce</run_address>
         <size>0x42a</size>
         <input_file_ref idref="fl-24"/>
      </object_component>
      <object_component id="oc-120">
         <name>.debug_info</name>
         <load_address>0x2a4f8</load_address>
         <run_address>0x2a4f8</run_address>
         <size>0x39e</size>
         <input_file_ref idref="fl-25"/>
      </object_component>
      <object_component id="oc-125">
         <name>.debug_info</name>
         <load_address>0x2a896</load_address>
         <run_address>0x2a896</run_address>
         <size>0x3b4</size>
         <input_file_ref idref="fl-26"/>
      </object_component>
      <object_component id="oc-12a">
         <name>.debug_info</name>
         <load_address>0x2ac4a</load_address>
         <run_address>0x2ac4a</run_address>
         <size>0x46e</size>
         <input_file_ref idref="fl-27"/>
      </object_component>
      <object_component id="oc-12f">
         <name>.debug_info</name>
         <load_address>0x2b0b8</load_address>
         <run_address>0x2b0b8</run_address>
         <size>0x46e</size>
         <input_file_ref idref="fl-28"/>
      </object_component>
      <object_component id="oc-134">
         <name>.debug_info</name>
         <load_address>0x2b526</load_address>
         <run_address>0x2b526</run_address>
         <size>0x11fe</size>
         <input_file_ref idref="fl-29"/>
      </object_component>
      <object_component id="oc-139">
         <name>.debug_info</name>
         <load_address>0x2c724</load_address>
         <run_address>0x2c724</run_address>
         <size>0x472</size>
         <input_file_ref idref="fl-2a"/>
      </object_component>
      <object_component id="oc-13e">
         <name>.debug_info</name>
         <load_address>0x2cb96</load_address>
         <run_address>0x2cb96</run_address>
         <size>0x1632</size>
         <input_file_ref idref="fl-2b"/>
      </object_component>
      <object_component id="oc-143">
         <name>.debug_info</name>
         <load_address>0x2e1c8</load_address>
         <run_address>0x2e1c8</run_address>
         <size>0x449</size>
         <input_file_ref idref="fl-2c"/>
      </object_component>
      <object_component id="oc-148">
         <name>.debug_info</name>
         <load_address>0x2e611</load_address>
         <run_address>0x2e611</run_address>
         <size>0x2cf2</size>
         <input_file_ref idref="fl-2d"/>
      </object_component>
      <object_component id="oc-14f">
         <name>.debug_info</name>
         <load_address>0x31303</load_address>
         <run_address>0x31303</run_address>
         <size>0x4dbd</size>
         <input_file_ref idref="fl-2e"/>
      </object_component>
      <object_component id="oc-157">
         <name>.debug_info</name>
         <load_address>0x360c0</load_address>
         <run_address>0x360c0</run_address>
         <size>0x8ce</size>
         <input_file_ref idref="fl-2f"/>
      </object_component>
      <object_component id="oc-15c">
         <name>.debug_info</name>
         <load_address>0x3698e</load_address>
         <run_address>0x3698e</run_address>
         <size>0x4db</size>
         <input_file_ref idref="fl-40"/>
      </object_component>
      <object_component id="oc-162">
         <name>.debug_info</name>
         <load_address>0x36e69</load_address>
         <run_address>0x36e69</run_address>
         <size>0x3db</size>
         <input_file_ref idref="fl-41"/>
      </object_component>
      <object_component id="oc-167">
         <name>.debug_info</name>
         <load_address>0x37244</load_address>
         <run_address>0x37244</run_address>
         <size>0x434</size>
         <input_file_ref idref="fl-42"/>
      </object_component>
      <object_component id="oc-16d">
         <name>.debug_info</name>
         <load_address>0x37678</load_address>
         <run_address>0x37678</run_address>
         <size>0x3cf</size>
         <input_file_ref idref="fl-43"/>
      </object_component>
      <object_component id="oc-172">
         <name>.debug_info</name>
         <load_address>0x37a47</load_address>
         <run_address>0x37a47</run_address>
         <size>0x3e1</size>
         <input_file_ref idref="fl-44"/>
      </object_component>
      <object_component id="oc-179">
         <name>.debug_info</name>
         <load_address>0x37e28</load_address>
         <run_address>0x37e28</run_address>
         <size>0x173</size>
         <input_file_ref idref="fl-45"/>
      </object_component>
      <object_component id="oc-17e">
         <name>.debug_info</name>
         <load_address>0x37f9b</load_address>
         <run_address>0x37f9b</run_address>
         <size>0x114</size>
         <input_file_ref idref="fl-46"/>
      </object_component>
      <object_component id="oc-182">
         <name>.debug_info</name>
         <load_address>0x380af</load_address>
         <run_address>0x380af</run_address>
         <size>0x561</size>
         <input_file_ref idref="fl-47"/>
      </object_component>
      <object_component id="oc-187">
         <name>.debug_info</name>
         <load_address>0x38610</load_address>
         <run_address>0x38610</run_address>
         <size>0x43a</size>
         <input_file_ref idref="fl-48"/>
      </object_component>
      <object_component id="oc-18c">
         <name>.debug_info</name>
         <load_address>0x38a4a</load_address>
         <run_address>0x38a4a</run_address>
         <size>0x3ad</size>
         <input_file_ref idref="fl-49"/>
      </object_component>
      <object_component id="oc-191">
         <name>.debug_info</name>
         <load_address>0x38df7</load_address>
         <run_address>0x38df7</run_address>
         <size>0x3aa</size>
         <input_file_ref idref="fl-4a"/>
      </object_component>
      <object_component id="oc-196">
         <name>.debug_info</name>
         <load_address>0x391a1</load_address>
         <run_address>0x391a1</run_address>
         <size>0x544</size>
         <input_file_ref idref="fl-4b"/>
      </object_component>
      <object_component id="oc-19d">
         <name>.debug_info</name>
         <load_address>0x396e5</load_address>
         <run_address>0x396e5</run_address>
         <size>0x4cc</size>
         <input_file_ref idref="fl-4c"/>
      </object_component>
      <object_component id="oc-1a2">
         <name>.debug_info</name>
         <load_address>0x39bb1</load_address>
         <run_address>0x39bb1</run_address>
         <size>0x467</size>
         <input_file_ref idref="fl-4d"/>
      </object_component>
      <object_component id="oc-1a7">
         <name>.debug_info</name>
         <load_address>0x3a018</load_address>
         <run_address>0x3a018</run_address>
         <size>0x1c6</size>
         <input_file_ref idref="fl-4e"/>
      </object_component>
      <object_component id="oc-223">
         <name>.debug_info</name>
         <load_address>0x3a1de</load_address>
         <run_address>0x3a1de</run_address>
         <size>0xa0</size>
      </object_component>
      <object_component id="oc-45">
         <name>.debug_frame</name>
         <load_address>0x0</load_address>
         <run_address>0x0</run_address>
         <size>0xbc</size>
         <input_file_ref idref="fl-2"/>
      </object_component>
      <object_component id="oc-4a">
         <name>.debug_frame</name>
         <load_address>0xbc</load_address>
         <run_address>0xbc</run_address>
         <size>0x44</size>
         <input_file_ref idref="fl-3"/>
      </object_component>
      <object_component id="oc-4f">
         <name>.debug_frame</name>
         <load_address>0x100</load_address>
         <run_address>0x100</run_address>
         <size>0x28</size>
         <input_file_ref idref="fl-4"/>
      </object_component>
      <object_component id="oc-54">
         <name>.debug_frame</name>
         <load_address>0x128</load_address>
         <run_address>0x128</run_address>
         <size>0x28</size>
         <input_file_ref idref="fl-5"/>
      </object_component>
      <object_component id="oc-5f">
         <name>.debug_frame</name>
         <load_address>0x150</load_address>
         <run_address>0x150</run_address>
         <size>0x28</size>
         <input_file_ref idref="fl-7"/>
      </object_component>
      <object_component id="oc-9d">
         <name>.debug_frame</name>
         <load_address>0x178</load_address>
         <run_address>0x178</run_address>
         <size>0x28</size>
         <input_file_ref idref="fl-a"/>
      </object_component>
      <object_component id="oc-a2">
         <name>.debug_frame</name>
         <load_address>0x1a0</load_address>
         <run_address>0x1a0</run_address>
         <size>0x44</size>
         <input_file_ref idref="fl-b"/>
      </object_component>
      <object_component id="oc-a7">
         <name>.debug_frame</name>
         <load_address>0x1e4</load_address>
         <run_address>0x1e4</run_address>
         <size>0x44</size>
         <input_file_ref idref="fl-c"/>
      </object_component>
      <object_component id="oc-ac">
         <name>.debug_frame</name>
         <load_address>0x228</load_address>
         <run_address>0x228</run_address>
         <size>0x40</size>
         <input_file_ref idref="fl-d"/>
      </object_component>
      <object_component id="oc-b1">
         <name>.debug_frame</name>
         <load_address>0x268</load_address>
         <run_address>0x268</run_address>
         <size>0x44</size>
         <input_file_ref idref="fl-e"/>
      </object_component>
      <object_component id="oc-b6">
         <name>.debug_frame</name>
         <load_address>0x2ac</load_address>
         <run_address>0x2ac</run_address>
         <size>0x28</size>
         <input_file_ref idref="fl-f"/>
      </object_component>
      <object_component id="oc-bc">
         <name>.debug_frame</name>
         <load_address>0x2d4</load_address>
         <run_address>0x2d4</run_address>
         <size>0xa4c</size>
         <input_file_ref idref="fl-10"/>
      </object_component>
      <object_component id="oc-c1">
         <name>.debug_frame</name>
         <load_address>0xd20</load_address>
         <run_address>0xd20</run_address>
         <size>0x44</size>
         <input_file_ref idref="fl-11"/>
      </object_component>
      <object_component id="oc-c6">
         <name>.debug_frame</name>
         <load_address>0xd64</load_address>
         <run_address>0xd64</run_address>
         <size>0x28</size>
         <input_file_ref idref="fl-12"/>
      </object_component>
      <object_component id="oc-cb">
         <name>.debug_frame</name>
         <load_address>0xd8c</load_address>
         <run_address>0xd8c</run_address>
         <size>0x28</size>
         <input_file_ref idref="fl-13"/>
      </object_component>
      <object_component id="oc-d0">
         <name>.debug_frame</name>
         <load_address>0xdb4</load_address>
         <run_address>0xdb4</run_address>
         <size>0x28</size>
         <input_file_ref idref="fl-14"/>
      </object_component>
      <object_component id="oc-d5">
         <name>.debug_frame</name>
         <load_address>0xddc</load_address>
         <run_address>0xddc</run_address>
         <size>0x28</size>
         <input_file_ref idref="fl-15"/>
      </object_component>
      <object_component id="oc-da">
         <name>.debug_frame</name>
         <load_address>0xe04</load_address>
         <run_address>0xe04</run_address>
         <size>0x28</size>
         <input_file_ref idref="fl-16"/>
      </object_component>
      <object_component id="oc-df">
         <name>.debug_frame</name>
         <load_address>0xe2c</load_address>
         <run_address>0xe2c</run_address>
         <size>0x28</size>
         <input_file_ref idref="fl-17"/>
      </object_component>
      <object_component id="oc-e6">
         <name>.debug_frame</name>
         <load_address>0xe54</load_address>
         <run_address>0xe54</run_address>
         <size>0x28</size>
         <input_file_ref idref="fl-19"/>
      </object_component>
      <object_component id="oc-eb">
         <name>.debug_frame</name>
         <load_address>0xe7c</load_address>
         <run_address>0xe7c</run_address>
         <size>0x28</size>
         <input_file_ref idref="fl-1a"/>
      </object_component>
      <object_component id="oc-f2">
         <name>.debug_frame</name>
         <load_address>0xea4</load_address>
         <run_address>0xea4</run_address>
         <size>0x1b8</size>
         <input_file_ref idref="fl-1b"/>
      </object_component>
      <object_component id="oc-f7">
         <name>.debug_frame</name>
         <load_address>0x105c</load_address>
         <run_address>0x105c</run_address>
         <size>0x28</size>
         <input_file_ref idref="fl-1c"/>
      </object_component>
      <object_component id="oc-fe">
         <name>.debug_frame</name>
         <load_address>0x1084</load_address>
         <run_address>0x1084</run_address>
         <size>0x40</size>
         <input_file_ref idref="fl-1e"/>
      </object_component>
      <object_component id="oc-103">
         <name>.debug_frame</name>
         <load_address>0x10c4</load_address>
         <run_address>0x10c4</run_address>
         <size>0x44</size>
         <input_file_ref idref="fl-1f"/>
      </object_component>
      <object_component id="oc-108">
         <name>.debug_frame</name>
         <load_address>0x1108</load_address>
         <run_address>0x1108</run_address>
         <size>0x50</size>
         <input_file_ref idref="fl-20"/>
      </object_component>
      <object_component id="oc-10d">
         <name>.debug_frame</name>
         <load_address>0x1158</load_address>
         <run_address>0x1158</run_address>
         <size>0x28</size>
         <input_file_ref idref="fl-21"/>
      </object_component>
      <object_component id="oc-112">
         <name>.debug_frame</name>
         <load_address>0x1180</load_address>
         <run_address>0x1180</run_address>
         <size>0x44</size>
         <input_file_ref idref="fl-22"/>
      </object_component>
      <object_component id="oc-117">
         <name>.debug_frame</name>
         <load_address>0x11c4</load_address>
         <run_address>0x11c4</run_address>
         <size>0x28</size>
         <input_file_ref idref="fl-23"/>
      </object_component>
      <object_component id="oc-11c">
         <name>.debug_frame</name>
         <load_address>0x11ec</load_address>
         <run_address>0x11ec</run_address>
         <size>0x28</size>
         <input_file_ref idref="fl-24"/>
      </object_component>
      <object_component id="oc-121">
         <name>.debug_frame</name>
         <load_address>0x1214</load_address>
         <run_address>0x1214</run_address>
         <size>0x28</size>
         <input_file_ref idref="fl-25"/>
      </object_component>
      <object_component id="oc-126">
         <name>.debug_frame</name>
         <load_address>0x123c</load_address>
         <run_address>0x123c</run_address>
         <size>0x28</size>
         <input_file_ref idref="fl-26"/>
      </object_component>
      <object_component id="oc-12b">
         <name>.debug_frame</name>
         <load_address>0x1264</load_address>
         <run_address>0x1264</run_address>
         <size>0x44</size>
         <input_file_ref idref="fl-27"/>
      </object_component>
      <object_component id="oc-130">
         <name>.debug_frame</name>
         <load_address>0x12a8</load_address>
         <run_address>0x12a8</run_address>
         <size>0x44</size>
         <input_file_ref idref="fl-28"/>
      </object_component>
      <object_component id="oc-135">
         <name>.debug_frame</name>
         <load_address>0x12ec</load_address>
         <run_address>0x12ec</run_address>
         <size>0x40</size>
         <input_file_ref idref="fl-29"/>
      </object_component>
      <object_component id="oc-13a">
         <name>.debug_frame</name>
         <load_address>0x132c</load_address>
         <run_address>0x132c</run_address>
         <size>0x44</size>
         <input_file_ref idref="fl-2a"/>
      </object_component>
      <object_component id="oc-13f">
         <name>.debug_frame</name>
         <load_address>0x1370</load_address>
         <run_address>0x1370</run_address>
         <size>0x40</size>
         <input_file_ref idref="fl-2b"/>
      </object_component>
      <object_component id="oc-144">
         <name>.debug_frame</name>
         <load_address>0x13b0</load_address>
         <run_address>0x13b0</run_address>
         <size>0x40</size>
         <input_file_ref idref="fl-2c"/>
      </object_component>
      <object_component id="oc-14b">
         <name>.debug_frame</name>
         <load_address>0x13f0</load_address>
         <run_address>0x13f0</run_address>
         <size>0x13c</size>
         <input_file_ref idref="fl-2d"/>
      </object_component>
      <object_component id="oc-153">
         <name>.debug_frame</name>
         <load_address>0x152c</load_address>
         <run_address>0x152c</run_address>
         <size>0xe8</size>
         <input_file_ref idref="fl-2e"/>
      </object_component>
      <object_component id="oc-158">
         <name>.debug_frame</name>
         <load_address>0x1614</load_address>
         <run_address>0x1614</run_address>
         <size>0x148</size>
         <input_file_ref idref="fl-2f"/>
      </object_component>
      <object_component id="oc-15e">
         <name>.debug_frame</name>
         <load_address>0x175c</load_address>
         <run_address>0x175c</run_address>
         <size>0x48</size>
         <input_file_ref idref="fl-40"/>
      </object_component>
      <object_component id="oc-163">
         <name>.debug_frame</name>
         <load_address>0x17a4</load_address>
         <run_address>0x17a4</run_address>
         <size>0x44</size>
         <input_file_ref idref="fl-41"/>
      </object_component>
      <object_component id="oc-169">
         <name>.debug_frame</name>
         <load_address>0x17e8</load_address>
         <run_address>0x17e8</run_address>
         <size>0x44</size>
         <input_file_ref idref="fl-42"/>
      </object_component>
      <object_component id="oc-16e">
         <name>.debug_frame</name>
         <load_address>0x182c</load_address>
         <run_address>0x182c</run_address>
         <size>0x44</size>
         <input_file_ref idref="fl-43"/>
      </object_component>
      <object_component id="oc-173">
         <name>.debug_frame</name>
         <load_address>0x1870</load_address>
         <run_address>0x1870</run_address>
         <size>0x64</size>
         <input_file_ref idref="fl-44"/>
      </object_component>
      <object_component id="oc-183">
         <name>.debug_frame</name>
         <load_address>0x18d4</load_address>
         <run_address>0x18d4</run_address>
         <size>0x60</size>
         <input_file_ref idref="fl-47"/>
      </object_component>
      <object_component id="oc-188">
         <name>.debug_frame</name>
         <load_address>0x1934</load_address>
         <run_address>0x1934</run_address>
         <size>0x40</size>
         <input_file_ref idref="fl-48"/>
      </object_component>
      <object_component id="oc-18d">
         <name>.debug_frame</name>
         <load_address>0x1974</load_address>
         <run_address>0x1974</run_address>
         <size>0x40</size>
         <input_file_ref idref="fl-49"/>
      </object_component>
      <object_component id="oc-192">
         <name>.debug_frame</name>
         <load_address>0x19b4</load_address>
         <run_address>0x19b4</run_address>
         <size>0x40</size>
         <input_file_ref idref="fl-4a"/>
      </object_component>
      <object_component id="oc-199">
         <name>.debug_frame</name>
         <load_address>0x19f4</load_address>
         <run_address>0x19f4</run_address>
         <size>0x60</size>
         <input_file_ref idref="fl-4b"/>
      </object_component>
      <object_component id="oc-19e">
         <name>.debug_frame</name>
         <load_address>0x1a54</load_address>
         <run_address>0x1a54</run_address>
         <size>0x70</size>
         <input_file_ref idref="fl-4c"/>
      </object_component>
      <object_component id="oc-1a3">
         <name>.debug_frame</name>
         <load_address>0x1ac4</load_address>
         <run_address>0x1ac4</run_address>
         <size>0x40</size>
         <input_file_ref idref="fl-4d"/>
      </object_component>
      <object_component id="oc-46">
         <name>.debug_line</name>
         <load_address>0x0</load_address>
         <run_address>0x0</run_address>
         <size>0x116</size>
         <input_file_ref idref="fl-2"/>
      </object_component>
      <object_component id="oc-4b">
         <name>.debug_line</name>
         <load_address>0x116</load_address>
         <run_address>0x116</run_address>
         <size>0x69</size>
         <input_file_ref idref="fl-3"/>
      </object_component>
      <object_component id="oc-50">
         <name>.debug_line</name>
         <load_address>0x17f</load_address>
         <run_address>0x17f</run_address>
         <size>0x50</size>
         <input_file_ref idref="fl-4"/>
      </object_component>
      <object_component id="oc-55">
         <name>.debug_line</name>
         <load_address>0x1cf</load_address>
         <run_address>0x1cf</run_address>
         <size>0x4f</size>
         <input_file_ref idref="fl-5"/>
      </object_component>
      <object_component id="oc-5a">
         <name>.debug_line</name>
         <load_address>0x21e</load_address>
         <run_address>0x21e</run_address>
         <size>0x57</size>
         <input_file_ref idref="fl-6"/>
      </object_component>
      <object_component id="oc-60">
         <name>.debug_line</name>
         <load_address>0x275</load_address>
         <run_address>0x275</run_address>
         <size>0x4b</size>
         <input_file_ref idref="fl-7"/>
      </object_component>
      <object_component id="oc-98">
         <name>.debug_line</name>
         <load_address>0x2c0</load_address>
         <run_address>0x2c0</run_address>
         <size>0x48</size>
         <input_file_ref idref="fl-9"/>
      </object_component>
      <object_component id="oc-9e">
         <name>.debug_line</name>
         <load_address>0x308</load_address>
         <run_address>0x308</run_address>
         <size>0x36</size>
         <input_file_ref idref="fl-a"/>
      </object_component>
      <object_component id="oc-a3">
         <name>.debug_line</name>
         <load_address>0x33e</load_address>
         <run_address>0x33e</run_address>
         <size>0x65</size>
         <input_file_ref idref="fl-b"/>
      </object_component>
      <object_component id="oc-a8">
         <name>.debug_line</name>
         <load_address>0x3a3</load_address>
         <run_address>0x3a3</run_address>
         <size>0x72</size>
         <input_file_ref idref="fl-c"/>
      </object_component>
      <object_component id="oc-ad">
         <name>.debug_line</name>
         <load_address>0x415</load_address>
         <run_address>0x415</run_address>
         <size>0xbe</size>
         <input_file_ref idref="fl-d"/>
      </object_component>
      <object_component id="oc-b2">
         <name>.debug_line</name>
         <load_address>0x4d3</load_address>
         <run_address>0x4d3</run_address>
         <size>0x6c</size>
         <input_file_ref idref="fl-e"/>
      </object_component>
      <object_component id="oc-b7">
         <name>.debug_line</name>
         <load_address>0x53f</load_address>
         <run_address>0x53f</run_address>
         <size>0x51</size>
         <input_file_ref idref="fl-f"/>
      </object_component>
      <object_component id="oc-bd">
         <name>.debug_line</name>
         <load_address>0x590</load_address>
         <run_address>0x590</run_address>
         <size>0x81b</size>
         <input_file_ref idref="fl-10"/>
      </object_component>
      <object_component id="oc-c2">
         <name>.debug_line</name>
         <load_address>0xdab</load_address>
         <run_address>0xdab</run_address>
         <size>0x68</size>
         <input_file_ref idref="fl-11"/>
      </object_component>
      <object_component id="oc-c7">
         <name>.debug_line</name>
         <load_address>0xe13</load_address>
         <run_address>0xe13</run_address>
         <size>0x4e</size>
         <input_file_ref idref="fl-12"/>
      </object_component>
      <object_component id="oc-cc">
         <name>.debug_line</name>
         <load_address>0xe61</load_address>
         <run_address>0xe61</run_address>
         <size>0x52</size>
         <input_file_ref idref="fl-13"/>
      </object_component>
      <object_component id="oc-d1">
         <name>.debug_line</name>
         <load_address>0xeb3</load_address>
         <run_address>0xeb3</run_address>
         <size>0x4d</size>
         <input_file_ref idref="fl-14"/>
      </object_component>
      <object_component id="oc-d6">
         <name>.debug_line</name>
         <load_address>0xf00</load_address>
         <run_address>0xf00</run_address>
         <size>0x4d</size>
         <input_file_ref idref="fl-15"/>
      </object_component>
      <object_component id="oc-db">
         <name>.debug_line</name>
         <load_address>0xf4d</load_address>
         <run_address>0xf4d</run_address>
         <size>0x58</size>
         <input_file_ref idref="fl-16"/>
      </object_component>
      <object_component id="oc-e0">
         <name>.debug_line</name>
         <load_address>0xfa5</load_address>
         <run_address>0xfa5</run_address>
         <size>0x56</size>
         <input_file_ref idref="fl-17"/>
      </object_component>
      <object_component id="oc-e7">
         <name>.debug_line</name>
         <load_address>0xffb</load_address>
         <run_address>0xffb</run_address>
         <size>0x4c</size>
         <input_file_ref idref="fl-19"/>
      </object_component>
      <object_component id="oc-ec">
         <name>.debug_line</name>
         <load_address>0x1047</load_address>
         <run_address>0x1047</run_address>
         <size>0x50</size>
         <input_file_ref idref="fl-1a"/>
      </object_component>
      <object_component id="oc-f3">
         <name>.debug_line</name>
         <load_address>0x1097</load_address>
         <run_address>0x1097</run_address>
         <size>0x38d</size>
         <input_file_ref idref="fl-1b"/>
      </object_component>
      <object_component id="oc-f8">
         <name>.debug_line</name>
         <load_address>0x1424</load_address>
         <run_address>0x1424</run_address>
         <size>0x55</size>
         <input_file_ref idref="fl-1c"/>
      </object_component>
      <object_component id="oc-ff">
         <name>.debug_line</name>
         <load_address>0x1479</load_address>
         <run_address>0x1479</run_address>
         <size>0x67</size>
         <input_file_ref idref="fl-1e"/>
      </object_component>
      <object_component id="oc-104">
         <name>.debug_line</name>
         <load_address>0x14e0</load_address>
         <run_address>0x14e0</run_address>
         <size>0x70</size>
         <input_file_ref idref="fl-1f"/>
      </object_component>
      <object_component id="oc-109">
         <name>.debug_line</name>
         <load_address>0x1550</load_address>
         <run_address>0x1550</run_address>
         <size>0x7b</size>
         <input_file_ref idref="fl-20"/>
      </object_component>
      <object_component id="oc-10e">
         <name>.debug_line</name>
         <load_address>0x15cb</load_address>
         <run_address>0x15cb</run_address>
         <size>0x53</size>
         <input_file_ref idref="fl-21"/>
      </object_component>
      <object_component id="oc-113">
         <name>.debug_line</name>
         <load_address>0x161e</load_address>
         <run_address>0x161e</run_address>
         <size>0x6d</size>
         <input_file_ref idref="fl-22"/>
      </object_component>
      <object_component id="oc-118">
         <name>.debug_line</name>
         <load_address>0x168b</load_address>
         <run_address>0x168b</run_address>
         <size>0x4d</size>
         <input_file_ref idref="fl-23"/>
      </object_component>
      <object_component id="oc-11d">
         <name>.debug_line</name>
         <load_address>0x16d8</load_address>
         <run_address>0x16d8</run_address>
         <size>0x4e</size>
         <input_file_ref idref="fl-24"/>
      </object_component>
      <object_component id="oc-122">
         <name>.debug_line</name>
         <load_address>0x1726</load_address>
         <run_address>0x1726</run_address>
         <size>0x53</size>
         <input_file_ref idref="fl-25"/>
      </object_component>
      <object_component id="oc-127">
         <name>.debug_line</name>
         <load_address>0x1779</load_address>
         <run_address>0x1779</run_address>
         <size>0x57</size>
         <input_file_ref idref="fl-26"/>
      </object_component>
      <object_component id="oc-12c">
         <name>.debug_line</name>
         <load_address>0x17d0</load_address>
         <run_address>0x17d0</run_address>
         <size>0x6c</size>
         <input_file_ref idref="fl-27"/>
      </object_component>
      <object_component id="oc-131">
         <name>.debug_line</name>
         <load_address>0x183c</load_address>
         <run_address>0x183c</run_address>
         <size>0x6c</size>
         <input_file_ref idref="fl-28"/>
      </object_component>
      <object_component id="oc-136">
         <name>.debug_line</name>
         <load_address>0x18a8</load_address>
         <run_address>0x18a8</run_address>
         <size>0x7d</size>
         <input_file_ref idref="fl-29"/>
      </object_component>
      <object_component id="oc-13b">
         <name>.debug_line</name>
         <load_address>0x1925</load_address>
         <run_address>0x1925</run_address>
         <size>0x68</size>
         <input_file_ref idref="fl-2a"/>
      </object_component>
      <object_component id="oc-140">
         <name>.debug_line</name>
         <load_address>0x198d</load_address>
         <run_address>0x198d</run_address>
         <size>0x49</size>
         <input_file_ref idref="fl-2b"/>
      </object_component>
      <object_component id="oc-145">
         <name>.debug_line</name>
         <load_address>0x19d6</load_address>
         <run_address>0x19d6</run_address>
         <size>0x44</size>
         <input_file_ref idref="fl-2c"/>
      </object_component>
      <object_component id="oc-14c">
         <name>.debug_line</name>
         <load_address>0x1a1a</load_address>
         <run_address>0x1a1a</run_address>
         <size>0x385</size>
         <input_file_ref idref="fl-2d"/>
[...]
      </symbol>
      <symbol id="sm-35a">
         <name>_disableEPWMClock</name>
         <value>0xa0d3</value>
         <object_component_ref idref="oc-1d2"/>
      </symbol>
      <symbol id="sm-35c">
         <name>_modVect_init</name>
         <value>0x9f86</value>
         <object_component_ref idref="oc-1d2"/>
      </symbol>
      <symbol id="sm-35e">
         <name>_enableEPWMClock</name>
         <value>0xa0cb</value>
         <object_component_ref idref="oc-1d2"/>
      </symbol>
      <symbol id="sm-360">
         <name>_pwm4_config_interrupt</name>
         <value>0xa06d</value>
         <object_component_ref idref="oc-1d2"/>
      </symbol>
      <symbol id="sm-362">
         <name>_pwm4_init</name>
         <value>0xa010</value>
         <object_component_ref idref="oc-1d2"/>
      </symbol>
      <symbol id="sm-364">
         <name>_pwm1_init</name>
         <value>0xa031</value>
         <object_component_ref idref="oc-1d2"/>
      </symbol>
      <symbol id="sm-366">
         <name>_pwm2_init</name>
         <value>0xa080</value>
         <object_component_ref idref="oc-1d2"/>
      </symbol>
      <symbol id="sm-368">
         <name>_pwm2_init_no_ADC</name>
         <value>0xa0ab</value>
         <object_component_ref idref="oc-1d2"/>
      </symbol>
      <symbol id="sm-36a">
         <name>_pwm1_config_interrupt</name>
         <value>0xa05a</value>
         <object_component_ref idref="oc-1d2"/>
      </symbol>
      <symbol id="sm-36c">
         <name>_InitEPwm</name>
         <value>0x9d20</value>
         <object_component_ref idref="oc-1d2"/>
      </symbol>
      <symbol id="sm-37e">
         <name>_PieVectTableInit</name>
         <value>0xab6c</value>
         <object_component_ref idref="oc-1d0"/>
      </symbol>
      <symbol id="sm-38a">
         <name>_InitPieCtrl</name>
         <value>0xa84e</value>
         <object_component_ref idref="oc-1ca"/>
      </symbol>
      <symbol id="sm-397">
         <name>_RATE_LIMITER_init</name>
         <value>0xa977</value>
         <object_component_ref idref="oc-1b7"/>
      </symbol>
      <symbol id="sm-3a6">
         <name>_SEQ_CORE_init</name>
         <value>0xa61f</value>
         <object_component_ref idref="oc-1b2"/>
      </symbol>
      <symbol id="sm-3bc">
         <name>_SIGNAL_3Ph_init</name>
         <value>0xa9cb</value>
         <object_component_ref idref="oc-1c3"/>
      </symbol>
      <symbol id="sm-3ed">
         <name>_SYM_COS_init</name>
         <value>0xa939</value>
         <object_component_ref idref="oc-1c5"/>
      </symbol>
      <symbol id="sm-3fa">
         <name>_SYM_SIN_init</name>
         <value>0xa958</value>
         <object_component_ref idref="oc-1c6"/>
      </symbol>
      <symbol id="sm-40b">
         <name>_InitSysCtrl</name>
         <value>0xa5ad</value>
         <object_component_ref idref="oc-1c8"/>
      </symbol>
      <symbol id="sm-418">
         <name>_VCO_init</name>
         <value>0xa9b2</value>
         <object_component_ref idref="oc-1c4"/>
      </symbol>
      <symbol id="sm-425">
         <name>_InitWatchdog</name>
         <value>0xaa2a</value>
         <object_component_ref idref="oc-1cb"/>
      </symbol>
      <symbol id="sm-433">
         <name>_main</name>
         <value>0xaa46</value>
         <object_component_ref idref="oc-1bd"/>
      </symbol>
      <symbol id="sm-478">
         <name>_secuencia_comun</name>
         <value>0x8d9e</value>
         <object_component_ref idref="oc-1b0"/>
      </symbol>
      <symbol id="sm-47a">
         <name>_interrupcion</name>
         <value>0x981b</value>
         <object_component_ref idref="oc-1b0"/>
      </symbol>
      <symbol id="sm-47c">
         <name>_secuencia_optima</name>
         <value>0x8f98</value>
         <object_component_ref idref="oc-1b0"/>
      </symbol>
      <symbol id="sm-47e">
         <name>_sec</name>
         <value>0xc30e</value>
         <object_component_ref idref="oc-14a"/>
      </symbol>
      <symbol id="sm-47f">
         <name>_V_ref</name>
         <value>0xc312</value>
         <object_component_ref idref="oc-14a"/>
      </symbol>
      <symbol id="sm-480">
         <name>_t0_min</name>
         <value>0xc314</value>
         <object_component_ref idref="oc-14a"/>
      </symbol>
      <symbol id="sm-481">
         <name>_imprimir_vector</name>
         <value>0x91a5</value>
         <object_component_ref idref="oc-1b0"/>
      </symbol>
      <symbol id="sm-483">
         <name>_frecuencia</name>
         <value>0xc310</value>
         <object_component_ref idref="oc-14a"/>
      </symbol>
      <symbol id="sm-484">
         <name>_modulacion_senoidal_2</name>
         <value>0x95d8</value>
         <object_component_ref idref="oc-1b0"/>
      </symbol>
      <symbol id="sm-486">
         <name>_actualizar_pwm_vector_rotante</name>
         <value>0x8d5f</value>
         <object_component_ref idref="oc-1b0"/>
      </symbol>
      <symbol id="sm-488">
         <name>_modulacion_senoidal</name>
         <value>0x9395</value>
         <object_component_ref idref="oc-1b0"/>
      </symbol>
      <symbol id="sm-4e7">
         <name>_SGN_3Ph_I</name>
         <value>0xc068</value>
         <object_component_ref idref="oc-151"/>
      </symbol>
      <symbol id="sm-4e8">
         <name>_k_5th</name>
         <value>0xc020</value>
         <object_component_ref idref="oc-151"/>
      </symbol>
      <symbol id="sm-4e9">
         <name>_SGN_3Ph_V</name>
         <value>0xc05e</value>
         <object_component_ref idref="oc-151"/>
      </symbol>
      <symbol id="sm-4ea">
         <name>_offet_Va</name>
         <value>0xc014</value>
         <object_component_ref idref="oc-151"/>
      </symbol>
      <symbol id="sm-4eb">
         <name>_ELEVENTH_VCO</name>
         <value>0xc094</value>
         <object_component_ref idref="oc-151"/>
      </symbol>
      <symbol id="sm-4ec">
         <name>_show_phase_a</name>
         <value>0xc003</value>
         <object_component_ref idref="oc-151"/>
      </symbol>
      <symbol id="sm-4ed">
         <name>_pendiente_chilena</name>
         <value>0xc034</value>
         <object_component_ref idref="oc-151"/>
      </symbol>
      <symbol id="sm-4ee">
         <name>_Grid</name>
         <value>0xc100</value>
         <object_component_ref idref="oc-151"/>
      </symbol>
      <symbol id="sm-4ef">
         <name>_EPWM4_INT_ISR</name>
         <value>0x8000</value>
         <object_component_ref idref="oc-152"/>
      </symbol>
      <symbol id="sm-4f1">
         <name>_amplitud_i</name>
         <value>0xc008</value>
         <object_component_ref idref="oc-151"/>
      </symbol>
      <symbol id="sm-4f2">
         <name>_amplitud_v</name>
         <value>0xc006</value>
         <object_component_ref idref="oc-151"/>
      </symbol>
      <symbol id="sm-4f3">
         <name>_k_nsc</name>
         <value>0xc01e</value>
         <object_component_ref idref="oc-151"/>
      </symbol>
      <symbol id="sm-4f4">
         <name>_rampa</name>
         <value>0xc0e6</value>
         <object_component_ref idref="oc-151"/>
      </symbol>
      <symbol id="sm-4f5">
         <name>_dw_aux</name>
         <value>0xc00c</value>
         <object_component_ref idref="oc-151"/>
      </symbol>
      <symbol id="sm-4f6">
         <name>_SGN_5th_V</name>
         <value>0xc0a8</value>
         <object_component_ref idref="oc-151"/>
      </symbol>
      <symbol id="sm-4f7">
         <name>_FIFTH_VCO</name>
         <value>0xc080</value>
         <object_component_ref idref="oc-151"/>
      </symbol>
      <symbol id="sm-4f8">
         <name>_FE_U1</name>
         <value>0xc0d6</value>
         <object_component_ref idref="oc-151"/>
      </symbol>
      <symbol id="sm-4f9">
         <name>_k_7th</name>
         <value>0xc022</value>
         <object_component_ref idref="oc-151"/>
      </symbol>
      <symbol id="sm-4fa">
         <name>_factor_septimo</name>
         <value>0xc01a</value>
         <object_component_ref idref="oc-151"/>
      </symbol>
      <symbol id="sm-4fb">
         <name>_SC_U7</name>
         <value>0xc2c0</value>
         <object_component_ref idref="oc-151"/>
      </symbol>
      <symbol id="sm-4fc">
         <name>_SC_U5</name>
         <value>0xc240</value>
         <object_component_ref idref="oc-151"/>
      </symbol>
      <symbol id="sm-4fd">
         <name>_AUX_VCO</name>
         <value>0xc072</value>
         <object_component_ref idref="oc-151"/>
      </symbol>
      <symbol id="sm-4fe">
         <name>_SGN_11th_V</name>
         <value>0xc0c0</value>
         <object_component_ref idref="oc-151"/>
      </symbol>
      <symbol id="sm-4ff">
         <name>_SGN_NSC_V</name>
         <value>0xc09e</value>
         <object_component_ref idref="oc-151"/>
      </symbol>
      <symbol id="sm-500">
         <name>_VPLL</name>
         <value>0xc326</value>
         <object_component_ref idref="oc-1b9"/>
      </symbol>
      <symbol id="sm-501">
         <name>_Conv</name>
         <value>0xc0ca</value>
         <object_component_ref idref="oc-151"/>
      </symbol>
      <symbol id="sm-502">
         <name>_k_11th</name>
         <value>0xc024</value>
         <object_component_ref idref="oc-151"/>
      </symbol>
      <symbol id="sm-503">
         <name>_amp_aux</name>
         <value>0xc00a</value>
         <object_component_ref idref="oc-151"/>
      </symbol>
      <symbol id="sm-504">
         <name>_theta_error</name>
         <value>0xc040</value>
         <object_component_ref idref="oc-151"/>
      </symbol>
      <symbol id="sm-505">
         <name>_dtheta_aux</name>
         <value>0xc00e</value>
         <object_component_ref idref="oc-151"/>
      </symbol>
      <symbol id="sm-506">
         <name>_U1N_COMP_ENABLE</name>
         <value>0xc026</value>
         <object_component_ref idref="oc-151"/>
      </symbol>
      <symbol id="sm-507">
         <name>_SGN_7th_V</name>
         <value>0xc0b2</value>
         <object_component_ref idref="oc-151"/>
      </symbol>
      <symbol id="sm-508">
         <name>_EPLL_u3</name>
         <value>0xc032</value>
         <object_component_ref idref="oc-151"/>
      </symbol>
      <symbol id="sm-509">
         <name>_EPLL_u2</name>
         <value>0xc030</value>
         <object_component_ref idref="oc-151"/>
      </symbol>
      <symbol id="sm-50a">
         <name>_EPLL_u1</name>
         <value>0xc02e</value>
         <object_component_ref idref="oc-151"/>
      </symbol>
      <symbol id="sm-50b">
         <name>_EPLL_u0</name>
         <value>0xc02c</value>
         <object_component_ref idref="oc-151"/>
      </symbol>
      <symbol id="sm-50c">
         <name>_sim_init</name>
         <value>0xa538</value>
         <object_component_ref idref="oc-1b1"/>
      </symbol>
      <symbol id="sm-50e">
         <name>_dtheta_di</name>
         <value>0xc010</value>
         <object_component_ref idref="oc-151"/>
      </symbol>
      <symbol id="sm-50f">
         <name>_factor_tercero</name>
         <value>0xc016</value>
         <object_component_ref idref="oc-151"/>
      </symbol>
      <symbol id="sm-510">
         <name>_U7_COMP_ENABLE</name>
         <value>0xc02a</value>
         <object_component_ref idref="oc-151"/>
      </symbol>
      <symbol id="sm-511">
         <name>_factor_quinto</name>
         <value>0xc018</value>
         <object_component_ref idref="oc-151"/>
      </symbol>
      <symbol id="sm-512">
         <name>_show_phase</name>
         <value>0xc001</value>
         <object_component_ref idref="oc-151"/>
      </symbol>
      <symbol id="sm-513">
         <name>_NSC_U1</name>
         <value>0xc1c0</value>
         <object_component_ref idref="oc-151"/>
      </symbol>
      <symbol id="sm-514">
         <name>_INT_CC_B</name>
         <value>0xc04e</value>
         <object_component_ref idref="oc-151"/>
      </symbol>
      <symbol id="sm-515">
         <name>_INT_CC_C</name>
         <value>0xc056</value>
         <object_component_ref idref="oc-151"/>
      </symbol>
      <symbol id="sm-516">
         <name>_INT_CC_A</name>
         <value>0xc046</value>
         <object_component_ref idref="oc-151"/>
      </symbol>
      <symbol id="sm-517">
         <name>_time_step</name>
         <value>0xc012</value>
         <object_component_ref idref="oc-151"/>
      </symbol>
      <symbol id="sm-518">
         <name>_PSC_U1</name>
         <value>0xc140</value>
         <object_component_ref idref="oc-151"/>
      </symbol>
      <symbol id="sm-519">
         <name>_show_freq</name>
         <value>0xc002</value>
         <object_component_ref idref="oc-151"/>
      </symbol>
      <symbol id="sm-51a">
         <name>_U5_COMP_ENABLE</name>
         <value>0xc028</value>
         <object_component_ref idref="oc-151"/>
      </symbol>
      <symbol id="sm-51b">
         <name>_SEVENTH_VCO</name>
         <value>0xc08a</value>
         <object_component_ref idref="oc-151"/>
      </symbol>
      <symbol id="sm-51c">
         <name>_factor_NS</name>
         <value>0xc01c</value>
         <object_component_ref idref="oc-151"/>
      </symbol>
      <symbol id="sm-51d">
         <name>_show_phase_error</name>
         <value>0xc000</value>
         <object_component_ref idref="oc-151"/>
      </symbol>
      <symbol id="sm-529">
         <name>_adc_interrupt_test</name>
         <value>0xa803</value>
         <object_component_ref idref="oc-1cc"/>
      </symbol>
      <symbol id="sm-52b">
         <name>_adc_interrupt_test_3</name>
         <value>0xa811</value>
         <object_component_ref idref="oc-1cc"/>
      </symbol>
      <symbol id="sm-52d">
         <name>_adc_interrupt_test_2</name>
         <value>0xa80a</value>
         <object_component_ref idref="oc-1cc"/>
      </symbol>
      <symbol id="sm-52f">
         <name>_adc_interrupt_test_5</name>
         <value>0xa81f</value>
         <object_component_ref idref="oc-1cc"/>
      </symbol>
      <symbol id="sm-531">
         <name>_adc_interrupt_test_4</name>
         <value>0xa818</value>
         <object_component_ref idref="oc-1cc"/>
      </symbol>
      <symbol id="sm-533">
         <name>_adc_interrupt_test_6</name>
         <value>0xa826</value>
         <object_component_ref idref="oc-1cc"/>
      </symbol>
      <symbol id="sm-535">
         <name>_pwm4_interrupt_test</name>
         <value>0xa82d</value>
         <object_component_ref idref="oc-1cc"/>
      </symbol>
      <symbol id="sm-537">
         <name>_pwm_test</name>
         <value>0xa842</value>
         <object_component_ref idref="oc-1cc"/>
      </symbol>
      <symbol id="sm-539">
         <name>_pwm_1_2_3_static_test</name>
         <value>0xa849</value>
         <object_component_ref idref="oc-1cc"/>
      </symbol>
      <symbol id="sm-53b">
         <name>_pll_test</name>
         <value>0xa834</value>
         <object_component_ref idref="oc-1cc"/>
      </symbol>
      <symbol id="sm-53d">
         <name>_pwm_1_2_3_sim_vectorial_test</name>
         <value>0xa84d</value>
         <object_component_ref idref="oc-1cc"/>
      </symbol>
      <symbol id="sm-53f">
         <name>_adc_test</name>
         <value>0xa83b</value>
         <object_component_ref idref="oc-1cc"/>
      </symbol>
      <symbol id="sm-56c">
         <name>_fmodf</name>
         <value>0xa3e1</value>
         <object_component_ref idref="oc-1c0"/>
      </symbol>
      <symbol id="sm-56e">
         <name>_fmod</name>
         <value>0xa3e1</value>
         <object_component_ref idref="oc-1c0"/>
      </symbol>
      <symbol id="sm-57e">
         <name>_sqrtf</name>
         <value>0xa8ce</value>
         <object_component_ref idref="oc-1c2"/>
      </symbol>
      <symbol id="sm-580">
         <name>_sqrt</name>
         <value>0xa8ce</value>
         <object_component_ref idref="oc-1c2"/>
      </symbol>
      <symbol id="sm-596">
         <name>_ceilf</name>
         <value>0xa755</value>
         <object_component_ref idref="oc-1c1"/>
      </symbol>
      <symbol id="sm-598">
         <name>_ceil</name>
         <value>0xa755</value>
         <object_component_ref idref="oc-1c1"/>
      </symbol>
      <symbol id="sm-5a6">
         <name>_cos</name>
         <value>0xa6f2</value>
         <object_component_ref idref="oc-1b8"/>
      </symbol>
      <symbol id="sm-5a7">
         <name>_cosf</name>
         <value>0xa6f2</value>
         <object_component_ref idref="oc-1b8"/>
      </symbol>
      <symbol id="sm-5b5">
         <name>_sin</name>
         <value>0xa68c</value>
         <object_component_ref idref="oc-1bb"/>
      </symbol>
      <symbol id="sm-5b6">
         <name>_sinf</name>
         <value>0xa68c</value>
         <object_component_ref idref="oc-1bb"/>
      </symbol>
      <symbol id="sm-5d2">
         <name>_c_int00</name>
         <value>0xa7ad</value>
         <object_component_ref idref="oc-43"/>
      </symbol>
      <symbol id="sm-5d3">
         <name>__stack</name>
         <value>0x400</value>
         <object_component_ref idref="oc-177"/>
      </symbol>
      <symbol id="sm-5e4">
         <name>FS$$DIV</name>
         <value>0xa4b0</value>
         <object_component_ref idref="oc-17d"/>
      </symbol>
      <symbol id="sm-5f3">
         <name>_copy_in</name>
         <value>0xa8f5</value>
         <object_component_ref idref="oc-1ac"/>
      </symbol>
      <symbol id="sm-605">
         <name>_memcpy</name>
         <value>0xa995</value>
         <object_component_ref idref="oc-1bc"/>
      </symbol>
      <symbol id="sm-612">
         <name>__system_pre_init</name>
         <value>0xaa61</value>
         <object_component_ref idref="oc-1ab"/>
      </symbol>
      <symbol id="sm-620">
         <name>__system_post_cinit</name>
         <value>0xa8cd</value>
         <object_component_ref idref="oc-1ad"/>
      </symbol>
      <symbol id="sm-635">
         <name>C$$EXIT</name>
         <value>0xa8a4</value>
         <object_component_ref idref="oc-1af"/>
      </symbol>
      <symbol id="sm-636">
         <name>_exit</name>
         <value>0xa8a6</value>
         <object_component_ref idref="oc-1af"/>
      </symbol>
      <symbol id="sm-638">
         <name>___TI_cleanup_ptr</name>
         <value>0xc32e</value>
         <object_component_ref idref="oc-198"/>
      </symbol>
      <symbol id="sm-639">
         <name>___TI_enable_exit_profile_output</name>
         <value>0xc32c</value>
         <object_component_ref idref="oc-198"/>
      </symbol>
      <symbol id="sm-63a">
         <name>_abort</name>
         <value>0xa8a4</value>
         <object_component_ref idref="oc-1af"/>
      </symbol>
      <symbol id="sm-63c">
         <name>___TI_dtors_ptr</name>
         <value>0xc330</value>
         <object_component_ref idref="oc-198"/>
      </symbol>
      <symbol id="sm-650">
         <name>__unlock</name>
         <value>0xc334</value>
         <object_component_ref idref="oc-1d3"/>
      </symbol>
      <symbol id="sm-651">
         <name>__lock</name>
         <value>0xc332</value>
         <object_component_ref idref="oc-1be"/>
      </symbol>
      <symbol id="sm-652">
         <name>__register_lock</name>
         <value>0xaa55</value>
         <object_component_ref idref="oc-1cd"/>
      </symbol>
      <symbol id="sm-654">
         <name>__nop</name>
         <value>0xaa59</value>
         <object_component_ref idref="oc-1cd"/>
      </symbol>
      <symbol id="sm-656">
         <name>__register_unlock</name>
         <value>0xaa51</value>
         <object_component_ref idref="oc-1cd"/>
      </symbol>
      <symbol id="sm-666">
         <name>__args_main</name>
         <value>0xaa08</value>
         <object_component_ref idref="oc-1ae"/>
      </symbol>
      <symbol id="sm-671">
         <name>_errno</name>
         <value>0xc336</value>
         <object_component_ref idref="oc-1a9"/>
      </symbol>
   </symbol_table>
   <title>Link successful</title>
</link_info>
